INFO: wheelchair: Starting controller: /tmp/reflexguard-settings/.venv/bin/python -u wheelchair.py
INFO: pedestrian: Starting controller: python3 -u pedestrian.py "--trajectory=8 4.5, 8 -4.5" --speed=0.6
INFO: pedestrian: Starting controller: python3 -u pedestrian.py "--trajectory=24 -4.5, 24 4.5" --speed=0.5
INFO: scenario: Starting controller: /tmp/reflexguard-settings/.venv/bin/python -u scenario.py
REFLEXGUARD_CALIBRATION={"drive_speed":2.0,"dark_threshold":140,"area_floor":0.008,"area_tau_s":0.12,"looming_tau_s":0.15,"expansion_scale":1.0,"stop_on":0.25,"stop_off":0.12,"turn_on":0.35,"turn_off":0.1,"turn_gain":0.3,"max_turn":1.2,"deceleration":2.0,"release_ms":500}
REFLEXGUARD_RANGES={"heading": 0.0, "nearest": [5.712762355804443, 4.4705986976623535, 3.4404611587524414, 4.4705986976623535]}
REFLEXGUARD_DECISION={"t_ms": 32, "left": 0.0, "right": 0.0, "left_area": 0.0015625, "right_area": 0.0015625, "escape": 0.0, "signal": "NONE", "reason": "user", "user_forward": 2.0, "forward": 2.0, "turn": 0.0, "intervened": false}
REFLEXGUARD_DECISION={"t_ms": 544, "left": 0.04676940217741512, "right": 0.0701542912412238, "left_area": 0.0015625, "right_area": 0.0015625, "escape": 0.0, "signal": "NONE", "reason": "user", "user_forward": 2.0, "forward": 2.0, "turn": 0.0, "intervened": false}
REFLEXGUARD_DECISION={"t_ms": 1056, "left": 0.09510943461546585, "right": 0.4787291153960727, "left_area": 0.00234375, "right_area": 0.003515625, "escape": 0.19804479291703497, "signal": "LEFT", "reason": "user", "user_forward": 2.0, "forward": 2.0, "turn": 0.0, "intervened": false}
REFLEXGUARD_DECISION={"t_ms": 1568, "left": 0.16559007991995478, "right": 0.13114514529096913, "left_area": 0.003125, "right_area": 0.00390625, "escape": 0.0, "signal": "NONE", "reason": "user", "user_forward": 2.0, "forward": 2.0, "turn": 0.0, "intervened": false}
REFLEXGUARD_DECISION={"t_ms": 2080, "left": 0.46609257544430427, "right": 0.17712592865144833, "left_area": 0.0048177083333333336, "right_area": 0.004427083333333333, "escape": 0.17860396222200658, "signal": "NONE", "reason": "user", "user_forward": 2.0, "forward": 2.0, "turn": 0.0, "intervened": false}
REFLEXGUARD_DECISION={"t_ms": 2592, "left": 0.2990048516282, "right": 0.5394264015009356, "left_area": 0.0049479166666666664, "right_area": 0.006640625, "escape": 0.29142523307836243, "signal": "STOP", "reason": "avoid_left", "user_forward": 2.0, "forward": 1.5, "turn": 0.4, "intervened": true}
REFLEXGUARD_DECISION={"t_ms": 3104, "left": 0.009846602443684996, "right": 0.9848327373426139, "left_area": 0.0, "right_area": 0.015625, "escape": 0.9766657497578676, "signal": "STOP", "reason": "avoid_left", "user_forward": 2.0, "forward": 1.5, "turn": 0.4, "intervened": true}
REFLEXGUARD_DECISION={"t_ms": 3616, "left": 0.000324260891273241, "right": 0.7336257507100573, "left_area": 0.0, "right_area": 0.022265625, "escape": 0.5901934626308574, "signal": "STOP", "reason": "control_recovering", "user_forward": 2.0, "forward": 1.5, "turn": -0.5191074465958405, "intervened": true}
REFLEXGUARD_DECISION={"t_ms": 4128, "left": 0.12109303206109345, "right": 0.5132352037987542, "left_area": 0.000390625, "right_area": 0.028645833333333332, "escape": 0.25113108276731416, "signal": "STOP", "reason": "control_recovering", "user_forward": 2.0, "forward": 1.5, "turn": -0.33088454797245487, "intervened": true}
REFLEXGUARD_DECISION={"t_ms": 4640, "left": 0.04114381808144536, "right": 0.592675257012919, "left_area": 0.0, "right_area": 0.03528645833333333, "escape": 0.37334654925064464, "signal": "STOP", "reason": "control_recovering", "user_forward": 2.0, "forward": 1.5, "turn": -0.4398150996069038, "intervened": true}
REFLEXGUARD_DECISION={"t_ms": 5152, "left": 0.0013549172110660234, "right": 0.8532456530387403, "left_area": 0.0, "right_area": 0.061328125, "escape": 0.7742240815980621, "signal": "STOP", "reason": "avoid_left", "user_forward": 2.0, "forward": 1.5, "turn": 0.4, "intervened": true}
REFLEXGUARD_DECISION={"t_ms": 5664, "left": 4.46191125288594e-05, "right": 0.9951671964399863, "left_area": 0.0, "right_area": 0.13125, "escape": 0.9925649175999789, "signal": "STOP", "reason": "avoid_passing", "user_forward": 2.0, "forward": 1.5, "turn": 0.0, "intervened": true}
REFLEXGUARD_DECISION={"t_ms": 6176, "left": 1.469362988825452e-06, "right": 0.8015166808158248, "left_area": 0.0, "right_area": 0.24778645833333332, "escape": 0.6946410474089613, "signal": "STOP", "reason": "avoid_passing", "user_forward": 2.0, "forward": 1.5, "turn": 0.0, "intervened": true}
REFLEXGUARD_DECISION={"t_ms": 6688, "left": 4.8387954635664665e-08, "right": 0.07282188805750606, "left_area": 0.0, "right_area": 0.18515625, "escape": 0.0, "signal": "NONE", "reason": "avoid_passing", "user_forward": 2.0, "forward": 2.0, "turn": 0.0, "intervened": false}
REFLEXGUARD_DECISION={"t_ms": 7200, "left": 1.5934756568863587e-09, "right": 0.002398115538915782, "left_area": 0.0, "right_area": 0.008463541666666666, "escape": 0.0, "signal": "NONE", "reason": "control_recovering", "user_forward": 2.0, "forward": 2.0, "turn": -1.0429173875632862, "intervened": true}
REFLEXGUARD_DECISION={"t_ms": 7712, "left": 0.19211320332248394, "right": 0.12412934682437406, "left_area": 0.001171875, "right_area": 0.007942708333333333, "escape": 0.0, "signal": "NONE", "reason": "control_recovering", "user_forward": 2.0, "forward": 2.0, "turn": -0.6846380506284672, "intervened": true}
REFLEXGUARD_DECISION={"t_ms": 8224, "left": 0.970461738016911, "right": 0.004087734105711847, "left_area": 0.012109375, "right_area": 0.00078125, "escape": 0.954556520026017, "signal": "STOP", "reason": "control_recovering", "user_forward": 2.0, "forward": 1.5, "turn": -0.37040011107788195, "intervened": true}
REFLEXGUARD_DECISION={"t_ms": 8736, "left": 0.614160658650821, "right": 0.00013461417905180455, "left_area": 0.015104166666666667, "right_area": 0.0, "escape": 0.40640101330895545, "signal": "STOP", "reason": "control_recovering", "user_forward": 2.0, "forward": 1.5, "turn": -0.1498960587130868, "intervened": true}
REFLEXGUARD_DECISION={"t_ms": 9248, "left": 0.6408386000470253, "right": 4.433012699253261e-06, "left_area": 0.021614583333333333, "right_area": 0.0, "escape": 0.44744400007234664, "signal": "STOP", "reason": "control_recovering", "user_forward": 2.0, "forward": 1.5, "turn": 0.03896799792438671, "intervened": true}
REFLEXGUARD_DECISION={"t_ms": 9760, "left": 0.5716674060390308, "right": 1.4598463349227142e-07, "left_area": 0.028385416666666666, "right_area": 0.0, "escape": 0.3410267785215858, "signal": "STOP", "reason": "control_recovering", "user_forward": 2.0, "forward": 1.5, "turn": 0.12510544170062482, "intervened": true}
REFLEXGUARD_DECISION={"t_ms": 10272, "left": 0.6176092780624691, "right": 4.807455936109257e-09, "left_area": 0.03997395833333333, "right_area": 0.0, "escape": 0.4117065816345679, "signal": "STOP", "reason": "control_recovering", "user_forward": 2.0, "forward": 1.5, "turn": 0.09066784323476632, "intervened": true}
REFLEXGUARD_DECISION={"t_ms": 10784, "left": 0.7686391692147556, "right": 0.297491448757383, "left_area": 0.05911458333333333, "right_area": 0.0009114583333333333, "escape": 0.6440602603303932, "signal": "STOP", "reason": "control_recovering", "user_forward": 2.0, "forward": 1.5, "turn": 0.08288239852629394, "intervened": true}
REFLEXGUARD_DECISION={"t_ms": 11296, "left": 0.9824442889394097, "right": 0.7039505671606268, "left_area": 0.10716145833333333, "right_area": 0.004166666666666667, "escape": 0.9729912137529381, "signal": "STOP", "reason": "control_recovering", "user_forward": 2.0, "forward": 1.5, "turn": 0.07817598027850972, "intervened": true}
REFLEXGUARD_DECISION={"t_ms": 11808, "left": 0.956399535882847, "right": 0.15339617229683616, "left_area": 0.2171875, "right_area": 0.005208333333333333, "escape": 0.9329223628966876, "signal": "STOP", "reason": "risk_monitoring", "user_forward": 2.0, "forward": 1.5, "turn": 0.0, "intervened": true}
REFLEXGUARD_DECISION={"t_ms": 12320, "left": 0.11249022834038759, "right": 0.06243444685436825, "left_area": 0.20729166666666668, "right_area": 0.005859375, "escape": 0.0, "signal": "NONE", "reason": "user", "user_forward": 2.0, "forward": 2.0, "turn": 0.0, "intervened": false}
REFLEXGUARD_DECISION={"t_ms": 12832, "left": 0.003704443427039957, "right": 0.5557806004085151, "left_area": 0.022005208333333335, "right_area": 0.008333333333333333, "escape": 0.3165855390900232, "signal": "STOP", "reason": "risk_monitoring", "user_forward": 2.0, "forward": 1.5, "turn": 0.0, "intervened": true}
REFLEXGUARD_DECISION={"t_ms": 13344, "left": 0.00012199193926973816, "right": 0.5930795816754483, "left_area": 0.00625, "right_area": 0.0109375, "escape": 0.37396858719299736, "signal": "STOP", "reason": "control_recovering", "user_forward": 2.0, "forward": 1.5, "turn": 0.29166669994946814, "intervened": true}
REFLEXGUARD_DECISION={"t_ms": 13856, "left": 4.017346610873473e-06, "right": 0.9478880906908582, "left_area": 0.0, "right_area": 0.022005208333333335, "escape": 0.9198278318320896, "signal": "STOP", "reason": "control_recovering", "user_forward": 2.0, "forward": 1.5, "turn": 0.20659791817524675, "intervened": true}
REFLEXGUARD_DECISION={"t_ms": 14368, "left": 1.3229623111582188e-07, "right": 0.7120265631612906, "left_area": 0.0, "right_area": 0.029036458333333334, "escape": 0.5569639433250626, "signal": "STOP", "reason": "control_recovering", "user_forward": 2.0, "forward": 1.5, "turn": 0.10171112456721701, "intervened": true}
REFLEXGUARD_DECISION={"t_ms": 14880, "left": 4.356679784631655e-09, "right": 0.7098630563257304, "left_area": 0.0, "right_area": 0.03984375, "escape": 0.5536354712703545, "signal": "STOP", "reason": "control_recovering", "user_forward": 2.0, "forward": 1.5, "turn": 0.03538242707213087, "intervened": true}
REFLEXGUARD_DECISION={"t_ms": 15392, "left": 1.4347089547245726e-10, "right": 0.7839263165326964, "left_area": 0.0, "right_area": 0.06015625, "escape": 0.6675789485118406, "signal": "STOP", "reason": "risk_monitoring", "user_forward": 2.0, "forward": 1.5, "turn": 0.0, "intervened": true}
REFLEXGUARD_DECISION={"t_ms": 15904, "left": 4.72467540999437e-12, "right": 0.8835751688107346, "left_area": 0.0, "right_area": 0.09401041666666667, "escape": 0.8208848750934379, "signal": "STOP", "reason": "risk_monitoring", "user_forward": 2.0, "forward": 1.5, "turn": 0.0, "intervened": true}
REFLEXGUARD_DECISION={"t_ms": 16416, "left": 1.5558945008530202e-13, "right": 0.9878553935502772, "left_area": 0.0, "right_area": 0.165625, "escape": 0.9813159900773495, "signal": "STOP", "reason": "risk_monitoring", "user_forward": 2.0, "forward": 1.5, "turn": 0.0, "intervened": true}
REFLEXGUARD_DECISION={"t_ms": 16928, "left": 5.123754517958628e-15, "right": 0.9996000629725763, "left_area": 0.0, "right_area": 0.36744791666666665, "escape": 0.999384712265502, "signal": "STOP", "reason": "risk_monitoring", "user_forward": 2.0, "forward": 1.5, "turn": 0.0, "intervened": true}
REFLEXGUARD_DECISION={"t_ms": 17440, "left": 1.6873162252266014e-16, "right": 0.5234945986386685, "left_area": 0.0, "right_area": 0.46901041666666665, "escape": 0.26691476713641316, "signal": "STOP", "reason": "risk_monitoring", "user_forward": 2.0, "forward": 1.5, "turn": 0.0, "intervened": true}
REFLEXGUARD_DECISION={"t_ms": 17952, "left": 5.5565426367210986e-18, "right": 0.01836417508148395, "left_area": 0.0, "right_area": 0.0048177083333333336, "escape": 0.0, "signal": "NONE", "reason": "user", "user_forward": 2.0, "forward": 2.0, "turn": 0.0, "intervened": false}
REFLEXGUARD_DECISION={"t_ms": 18464, "left": 1.8298387470050562e-19, "right": 0.0006047551745362543, "left_area": 0.0, "right_area": 0.015364583333333333, "escape": 0.0, "signal": "NONE", "reason": "user", "user_forward": 2.0, "forward": 2.0, "turn": 0.0, "intervened": false}
REFLEXGUARD_DECISION={"t_ms": 18976, "left": 6.025887064940915e-21, "right": 0.8818890079533839, "left_area": 0.0, "right_area": 0.028776041666666665, "escape": 0.8182907814667444, "signal": "STOP", "reason": "control_recovering", "user_forward": 2.0, "forward": 1.5, "turn": -0.17767151119800528, "intervened": true}
REFLEXGUARD_DECISION={"t_ms": 19488, "left": 1.9843997171255603e-22, "right": 0.9376936934838442, "left_area": 0.0, "right_area": 0.049479166666666664, "escape": 0.9041441438212988, "signal": "STOP", "reason": "control_recovering", "user_forward": 2.0, "forward": 1.5, "turn": -0.09005306338931537, "intervened": true}
REFLEXGUARD_DECISION={"t_ms": 20000, "left": 6.5348756040229806e-24, "right": 0.9918567472703115, "left_area": 0.0, "right_area": 0.097265625, "escape": 0.9874719188774023, "signal": "STOP", "reason": "risk_monitoring", "user_forward": 2.0, "forward": 1.5, "turn": 0.0, "intervened": true}
REFLEXGUARD_DECISION={"t_ms": 20512, "left": 2.152015987077096e-25, "right": 0.9099826409502326, "left_area": 0.0, "right_area": 0.18841145833333334, "escape": 0.8615117553080502, "signal": "STOP", "reason": "risk_monitoring", "user_forward": 2.0, "forward": 1.5, "turn": 0.0, "intervened": true}
REFLEXGUARD_DECISION={"t_ms": 21024, "left": 7.086856872660862e-27, "right": 0.05736525695750096, "left_area": 0.0, "right_area": 0.0, "escape": 0.0, "signal": "NONE", "reason": "user", "user_forward": 2.0, "forward": 2.0, "turn": 0.0, "intervened": false}
REFLEXGUARD_CONTACT={"t_ms": 21440, "x": 8.13763831192864, "y": 0.09747105206289336, "hazards": ["OBSTACLE"]}
REFLEXGUARD_DECISION={"t_ms": 21536, "left": 2.3337902987326297e-28, "right": 0.0018891094116516793, "left_area": 0.0, "right_area": 0.0, "escape": 0.0, "signal": "NONE", "reason": "avoid_left", "user_forward": 2.0, "forward": 2.0, "turn": 0.4, "intervened": true}
REFLEXGUARD_DECISION={"t_ms": 22048, "left": 7.685462337287955e-30, "right": 6.221072751116325e-05, "left_area": 0.0, "right_area": 0.0, "escape": 0.0, "signal": "NONE", "reason": "avoid_left", "user_forward": 2.0, "forward": 2.0, "turn": 0.4, "intervened": true}
REFLEXGUARD_DECISION={"t_ms": 22560, "left": 2.530918539251267e-31, "right": 2.0486767963770013e-06, "left_area": 0.0, "right_area": 0.0, "escape": 0.0, "signal": "NONE", "reason": "control_recovering", "user_forward": 2.0, "forward": 2.0, "turn": 0.5858104472782009, "intervened": true}
REFLEXGUARD_DECISION={"t_ms": 23072, "left": 8.334630203374537e-33, "right": 6.746548037491442e-08, "left_area": 0.0, "right_area": 0.0, "escape": 0.0, "signal": "NONE", "reason": "avoid_left", "user_forward": 2.0, "forward": 0.65, "turn": 0.4, "intervened": true}
REFLEXGUARD_DECISION={"t_ms": 23584, "left": 2.7446976087801525e-34, "right": 2.2217223577029135e-09, "left_area": 0.0, "right_area": 0.0, "escape": 0.0, "signal": "NONE", "reason": "avoid_left", "user_forward": 2.0, "forward": 0.3, "turn": 0.4, "intervened": true}
REFLEXGUARD_DECISION={"t_ms": 24096, "left": 9.038631324750754e-36, "right": 7.316408639331877e-11, "left_area": 0.0, "right_area": 0.0, "escape": 0.0, "signal": "NONE", "reason": "control_recovering", "user_forward": 2.0, "forward": 2.0, "turn": 0.4961140018873094, "intervened": true}
REFLEXGUARD_DECISION={"t_ms": 24608, "left": 2.976533952717463e-37, "right": 2.4093845566300103e-12, "left_area": 0.0, "right_area": 0.0, "escape": 0.0, "signal": "NONE", "reason": "control_recovering", "user_forward": 2.0, "forward": 2.0, "turn": 0.2880346092645252, "intervened": true}
REFLEXGUARD_DECISION={"t_ms": 25120, "left": 9.802097301412125e-39, "right": 7.934403650610344e-14, "left_area": 0.0, "right_area": 0.0, "escape": 0.0, "signal": "NONE", "reason": "avoid_left", "user_forward": 2.0, "forward": 2.0, "turn": 0.4, "intervened": true}
REFLEXGUARD_DECISION={"t_ms": 25632, "left": 3.227952814669977e-40, "right": 2.612898016532203e-15, "left_area": 0.0, "right_area": 0.0, "escape": 0.0, "signal": "NONE", "reason": "control_recovering", "user_forward": 2.0, "forward": 2.0, "turn": -0.09326744298463949, "intervened": true}
REFLEXGUARD_DECISION={"t_ms": 26144, "left": 1.0630050950662094e-41, "right": 8.604598839980552e-17, "left_area": 0.0, "right_area": 0.0, "escape": 0.0, "signal": "NONE", "reason": "avoid_left", "user_forward": 2.0, "forward": 0.65, "turn": 0.4, "intervened": true}
REFLEXGUARD_DECISION={"t_ms": 26656, "left": 3.5006082709800954e-43, "right": 2.833601645702888e-18, "left_area": 0.0, "right_area": 0.0, "escape": 0.0, "signal": "NONE", "reason": "avoid_left", "user_forward": 2.0, "forward": 0.65, "turn": 0.4, "intervened": true}
REFLEXGUARD_DECISION={"t_ms": 27168, "left": 1.1527939352060207e-44, "right": 9.331403399334152e-20, "left_area": 0.0, "right_area": 0.0, "escape": 0.0, "signal": "NONE", "reason": "control_recovering", "user_forward": 2.0, "forward": 2.0, "turn": -0.9275505214103963, "intervened": true}
REFLEXGUARD_DECISION={"t_ms": 27680, "left": 3.796294112839167e-46, "right": 0.009693137219627892, "left_area": 0.0, "right_area": 0.0, "escape": 0.0, "signal": "NONE", "reason": "avoid_passing", "user_forward": 2.0, "forward": 0.65, "turn": 0.0, "intervened": true}
REFLEXGUARD_DECISION={"t_ms": 28192, "left": 1.250166968357768e-47, "right": 0.10161904373308389, "left_area": 0.0, "right_area": 0.0, "escape": 0.0, "signal": "NONE", "reason": "avoid_passing", "user_forward": 2.0, "forward": 0.65, "turn": 0.0, "intervened": true}
REFLEXGUARD_DECISION={"t_ms": 28704, "left": 4.116955647580159e-49, "right": 0.3956845036935241, "left_area": 0.0, "right_area": 0.001171875, "escape": 0.07028385183619094, "signal": "LEFT", "reason": "avoid_passing", "user_forward": 2.0, "forward": 0.65, "turn": 0.0, "intervened": true}
REFLEXGUARD_DECISION={"t_ms": 29216, "left": 1.3557648084725015e-50, "right": 0.49985647787552834, "left_area": 0.0, "right_area": 0.00234375, "escape": 0.23054842750081286, "signal": "LEFT", "reason": "avoid_passing", "user_forward": 2.0, "forward": 0.65, "turn": 0.0, "intervened": true}
REFLEXGUARD_DECISION={"t_ms": 29728, "left": 4.46470249678999e-52, "right": 0.7158585536927407, "left_area": 0.0, "right_area": 0.005208333333333333, "escape": 0.5628593133734472, "signal": "STOP", "reason": "control_recovering", "user_forward": 2.0, "forward": 1.5, "turn": -1.1303699145177415, "intervened": true}
REFLEXGUARD_DECISION={"t_ms": 30240, "left": 1.470282180233112e-53, "right": 0.3640864006723796, "left_area": 0.0, "right_area": 0.0, "escape": 0.021671385649814762, "signal": "LEFT", "reason": "avoid_left", "user_forward": 2.0, "forward": 0.65, "turn": 0.4, "intervened": true}
REFLEXGUARD_DECISION={"t_ms": 30752, "left": 4.841822475439883e-55, "right": 0.011989818971335425, "left_area": 0.0, "right_area": 0.0, "escape": 0.0, "signal": "NONE", "reason": "avoid_passing", "user_forward": 2.0, "forward": 0.3, "turn": 0.0, "intervened": true}
REFLEXGUARD_DECISION={"t_ms": 31264, "left": 1.594472489624943e-56, "right": 0.0003948396828332856, "left_area": 0.0, "right_area": 0.0, "escape": 0.0, "signal": "NONE", "reason": "avoid_passing", "user_forward": 2.0, "forward": 0.3, "turn": 0.0, "intervened": true}
REFLEXGUARD_DECISION={"t_ms": 31776, "left": 5.250796643344076e-58, "right": 1.3002562883776846e-05, "left_area": 0.0, "right_area": 0.0, "escape": 0.0, "signal": "NONE", "reason": "avoid_passing", "user_forward": 2.0, "forward": 0.3, "turn": 0.0, "intervened": true}
REFLEXGUARD_DECISION={"t_ms": 32288, "left": 1.7291527805687456e-59, "right": 4.2819060215372747e-07, "left_area": 0.0, "right_area": 0.0, "escape": 0.0, "signal": "NONE", "reason": "avoid_passing", "user_forward": 2.0, "forward": 0.3, "turn": 0.0, "intervened": true}
REFLEXGUARD_DECISION={"t_ms": 32800, "left": 5.694315627969937e-61, "right": 1.4100850225576064e-08, "left_area": 0.0, "right_area": 0.0, "escape": 0.0, "signal": "NONE", "reason": "avoid_passing", "user_forward": 2.0, "forward": 0.3, "turn": 0.0, "intervened": true}
REFLEXGUARD_DECISION={"t_ms": 33312, "left": 1.8752091102254996e-62, "right": 4.6435857322422944e-10, "left_area": 0.0, "right_area": 0.0, "escape": 0.0, "signal": "NONE", "reason": "avoid_left", "user_forward": 2.0, "forward": 0.3, "turn": 0.4, "intervened": true}
REFLEXGUARD_DECISION={"t_ms": 33824, "left": 6.17529732598671e-64, "right": 1.529190659267732e-11, "left_area": 0.0, "right_area": 0.0, "escape": 0.0, "signal": "NONE", "reason": "avoid_left", "user_forward": 2.0, "forward": 0.3, "turn": 0.4, "intervened": true}
REFLEXGUARD_DECISION={"t_ms": 34336, "left": 2.033602378337041e-65, "right": 5.035815439252163e-13, "left_area": 0.0, "right_area": 0.0, "escape": 0.0, "signal": "NONE", "reason": "avoid_passing", "user_forward": 2.0, "forward": 0.3, "turn": 0.0, "intervened": true}
REFLEXGUARD_DECISION={"t_ms": 34848, "left": 6.696906100010783e-67, "right": 1.658356790536117e-14, "left_area": 0.0, "right_area": 0.0, "escape": 0.0, "signal": "NONE", "reason": "avoid_left", "user_forward": 2.0, "forward": 0.3, "turn": 0.4, "intervened": true}
REFLEXGUARD_DECISION={"t_ms": 35360, "left": 2.205374648953554e-68, "right": 5.461175608782155e-16, "left_area": 0.0, "right_area": 0.0, "escape": 0.0, "signal": "NONE", "reason": "avoid_left", "user_forward": 2.0, "forward": 0.3, "turn": 0.4, "intervened": true}
REFLEXGUARD_DECISION={"t_ms": 35872, "left": 7.26257359684225e-70, "right": 1.7984331960503778e-17, "left_area": 0.0, "right_area": 0.0, "escape": 0.0, "signal": "NONE", "reason": "avoid_passing", "user_forward": 2.0, "forward": 0.3, "turn": 0.0, "intervened": true}
REFLEXGUARD_DECISION={"t_ms": 36384, "left": 2.391656006138348e-71, "right": 5.922464671260113e-19, "left_area": 0.0, "right_area": 0.0, "escape": 0.0, "signal": "NONE", "reason": "avoid_left", "user_forward": 2.0, "forward": 0.3, "turn": 0.4, "intervened": true}
REFLEXGUARD_DECISION={"t_ms": 36896, "left": 7.876021324155234e-73, "right": 1.9503414338300292e-20, "left_area": 0.0, "right_area": 0.0, "escape": 0.0, "signal": "NONE", "reason": "avoid_right", "user_forward": 2.0, "forward": 0.0, "turn": -0.4, "intervened": true}
REFLEXGUARD_DECISION={"t_ms": 37408, "left": 2.593671988753372e-74, "right": 6.422717432107264e-22, "left_area": 0.0, "right_area": 0.0, "escape": 0.0, "signal": "NONE", "reason": "avoid_left", "user_forward": 2.0, "forward": 0.3, "turn": 1.2, "intervened": true}
REFLEXGUARD_DECISION={"t_ms": 37920, "left": 8.541285134173263e-76, "right": 2.11508090312609e-23, "left_area": 0.0, "right_area": 0.0, "escape": 0.0, "signal": "NONE", "reason": "avoid_right", "user_forward": 2.0, "forward": 0.0, "turn": -0.4, "intervened": true}
REFLEXGUARD_DECISION={"t_ms": 38432, "left": 2.8127516532386866e-77, "right": 6.965225037622307e-25, "left_area": 0.0, "right_area": 0.0, "escape": 0.0, "signal": "NONE", "reason": "avoid_right", "user_forward": 2.0, "forward": 0.0, "turn": -0.4, "intervened": true}
REFLEXGUARD_DECISION={"t_ms": 38944, "left": 9.26274177540702e-79, "right": 2.2937354194355615e-26, "left_area": 0.0, "right_area": 0.0, "escape": 0.0, "signal": "NONE", "reason": "avoid_right", "user_forward": 2.0, "forward": 0.0, "turn": -0.4, "intervened": true}
REFLEXGUARD_DECISION={"t_ms": 39456, "left": 3.0503363174306395e-80, "right": 7.55355662732361e-28, "left_area": 0.0, "right_area": 0.0, "escape": 0.0, "signal": "NONE", "reason": "avoid_left", "user_forward": 2.0, "forward": 0.3, "turn": 1.2, "intervened": true}
REFLEXGUARD_DECISION={"t_ms": 39968, "left": 1.0045137687137413e-81, "right": 2.487480344887585e-29, "left_area": 0.0, "right_area": 0.0, "escape": 0.0, "signal": "NONE", "reason": "avoid_left", "user_forward": 2.0, "forward": 0.3, "turn": 1.2, "intervened": true}
REFLEXGUARD_DECISION={"t_ms": 40480, "left": 3.307989042944042e-83, "right": 8.191582815199531e-31, "left_area": 0.0, "right_area": 0.0, "escape": 0.0, "signal": "NONE", "reason": "avoid_left", "user_forward": 2.0, "forward": 0.3, "turn": 1.2, "intervened": true}
REFLEXGUARD_DECISION={"t_ms": 40992, "left": 0.7391781618638813, "right": 2.697590320911853e-32, "left_area": 0.013151041666666667, "right_area": 0.0, "escape": 0.5987356336367404, "signal": "STOP", "reason": "control_recovering", "user_forward": 2.0, "forward": 1.5, "turn": 1.2, "intervened": true}
REFLEXGUARD_DECISION={"t_ms": 41504, "left": 0.11694734220220367, "right": 8.88350115434933e-34, "left_area": 0.008203125, "right_area": 0.0, "escape": 0.0, "signal": "NONE", "reason": "avoid_left", "user_forward": 2.0, "forward": 0.3, "turn": 1.2, "intervened": true}
REFLEXGUARD_DECISION={"t_ms": 42016, "left": 0.007790212537622165, "right": 0.721305702408361, "left_area": 0.0, "right_area": 0.005338541666666667, "escape": 0.5712395421667092, "signal": "STOP", "reason": "avoid_left", "user_forward": 2.0, "forward": 0.65, "turn": 1.2, "intervened": true}
REFLEXGUARD_DECISION={"t_ms": 42528, "left": 0.0002565414085827543, "right": 0.7232562323632707, "left_area": 0.0, "right_area": 0.013541666666666667, "escape": 0.574240357481955, "signal": "STOP", "reason": "avoid_left", "user_forward": 2.0, "forward": 0.65, "turn": 1.2, "intervened": true}
REFLEXGUARD_DECISION={"t_ms": 43040, "left": 8.448228337774232e-06, "right": 0.6335698323214864, "left_area": 0.0, "right_area": 0.008203125, "escape": 0.43626128049459456, "signal": "STOP", "reason": "avoid_left", "user_forward": 2.0, "forward": 0.65, "turn": 0.8, "intervened": true}
REFLEXGUARD_DECISION={"t_ms": 43552, "left": 2.782106890324819e-07, "right": 0.03384965777191527, "left_area": 0.0, "right_area": 0.0, "escape": 0.0, "signal": "NONE", "reason": "avoid_left", "user_forward": 2.0, "forward": 0.65, "turn": 0.8, "intervened": true}
REFLEXGUARD_DECISION={"t_ms": 44064, "left": 9.161824751569209e-09, "right": 0.0011147114206337071, "left_area": 0.0, "right_area": 0.0, "escape": 0.0, "signal": "NONE", "reason": "avoid_left", "user_forward": 2.0, "forward": 0.3, "turn": 0.4, "intervened": true}
REFLEXGUARD_DECISION={"t_ms": 44576, "left": 3.0171030836513286e-10, "right": 3.670883645748924e-05, "left_area": 0.0, "right_area": 0.0, "escape": 0.0, "signal": "NONE", "reason": "avoid_left", "user_forward": 2.0, "forward": 0.3, "turn": 0.4, "intervened": true}
REFLEXGUARD_DECISION={"t_ms": 45088, "left": 9.935696506112759e-12, "right": 1.2088677384292188e-06, "left_area": 0.0, "right_area": 0.0, "escape": 0.0, "signal": "NONE", "reason": "avoid_left", "user_forward": 2.0, "forward": 0.3, "turn": 0.4, "intervened": true}
REFLEXGUARD_DECISION={"t_ms": 45600, "left": 3.2719486979580325e-13, "right": 3.980952135890515e-08, "left_area": 0.0, "right_area": 0.0, "escape": 0.0, "signal": "NONE", "reason": "avoid_left", "user_forward": 2.0, "forward": 0.3, "turn": 0.4, "intervened": true}
REFLEXGUARD_DECISION={"t_ms": 46112, "left": 1.0774934877975394e-14, "right": 1.31097715692569e-09, "left_area": 0.0, "right_area": 0.0, "escape": 0.0, "signal": "NONE", "reason": "avoid_left", "user_forward": 2.0, "forward": 0.3, "turn": 0.4, "intervened": true}
REFLEXGUARD_DECISION={"t_ms": 46624, "left": 3.5483203540772564e-16, "right": 4.317211177914629e-11, "left_area": 0.0, "right_area": 0.0, "escape": 0.0, "signal": "NONE", "reason": "avoid_left", "user_forward": 2.0, "forward": 0.3, "turn": 0.4, "intervened": true}
REFLEXGUARD_DECISION={"t_ms": 47136, "left": 1.1685061188531939e-17, "right": 1.4217114505960455e-12, "left_area": 0.0, "right_area": 0.0, "escape": 0.0, "signal": "NONE", "reason": "avoid_left", "user_forward": 2.0, "forward": 0.3, "turn": 0.4, "intervened": true}
REFLEXGUARD_DECISION={"t_ms": 47648, "left": 3.8480362919554654e-19, "right": 4.68187300889056e-14, "left_area": 0.0, "right_area": 0.0, "escape": 0.0, "signal": "NONE", "reason": "avoid_left", "user_forward": 2.0, "forward": 0.3, "turn": 0.4, "intervened": true}
REFLEXGUARD_DECISION={"t_ms": 48160, "left": 1.2672063128551493e-20, "right": 1.5417991366805207e-15, "left_area": 0.0, "right_area": 0.0, "escape": 0.0, "signal": "NONE", "reason": "avoid_left", "user_forward": 2.0, "forward": 0.3, "turn": 0.4, "intervened": true}
REFLEXGUARD_DECISION={"t_ms": 48672, "left": 4.1730683327934888e-22, "right": 5.0773367268927697e-17, "left_area": 0.0, "right_area": 0.0, "escape": 0.0, "signal": "NONE", "reason": "avoid_left", "user_forward": 2.0, "forward": 0.3, "turn": 0.4, "intervened": true}
REFLEXGUARD_DECISION={"t_ms": 49184, "left": 1.3742434151016118e-23, "right": 1.6720302680773885e-18, "left_area": 0.0, "right_area": 0.0, "escape": 0.0, "signal": "NONE", "reason": "avoid_left", "user_forward": 2.0, "forward": 0.3, "turn": 0.4, "intervened": true}
REFLEXGUARD_DECISION={"t_ms": 49696, "left": 4.525554851592694e-25, "right": 5.506204074587445e-20, "left_area": 0.0, "right_area": 0.0, "escape": 0.0, "signal": "NONE", "reason": "avoid_left", "user_forward": 2.0, "forward": 0.3, "turn": 0.4, "intervened": true}
REFLEXGUARD_DECISION={"t_ms": 50208, "left": 1.4903216191332326e-26, "right": 1.813261631074738e-21, "left_area": 0.0, "right_area": 0.0, "escape": 0.0, "signal": "NONE", "reason": "avoid_left", "user_forward": 2.0, "forward": 0.3, "turn": 0.4, "intervened": true}
REFLEXGUARD_DECISION={"t_ms": 50720, "left": 4.907814845453117e-28, "right": 5.971296556011082e-23, "left_area": 0.0, "right_area": 0.0, "escape": 0.0, "signal": "NONE", "reason": "avoid_passing", "user_forward": 2.0, "forward": 0.3, "turn": 0.0, "intervened": true}
REFLEXGUARD_DECISION={"t_ms": 51232, "left": 1.6162045995990274e-29, "right": 1.9664223821190065e-24, "left_area": 0.0, "right_area": 0.0, "escape": 0.0, "signal": "NONE", "reason": "avoid_left", "user_forward": 2.0, "forward": 0.3, "turn": 0.4, "intervened": true}
REFLEXGUARD_DECISION={"t_ms": 51744, "left": 5.322363190178351e-31, "right": 6.475673999151838e-26, "left_area": 0.0, "right_area": 0.0, "escape": 0.0, "signal": "NONE", "reason": "avoid_passing", "user_forward": 2.0, "forward": 0.3, "turn": 0.0, "intervened": true}
REFLEXGUARD_DECISION={"t_ms": 52256, "left": 1.7527205364465242e-32, "right": 2.1325201607043813e-27, "left_area": 0.0, "right_area": 0.0, "escape": 0.0, "signal": "NONE", "reason": "avoid_left", "user_forward": 2.0, "forward": 0.3, "turn": 0.4, "intervened": true}
REFLEXGUARD_DECISION={"t_ms": 52768, "left": 5.771927185559933e-34, "right": 7.022654686456227e-29, "left_area": 0.0, "right_area": 0.0, "escape": 0.0, "signal": "NONE", "reason": "avoid_left", "user_forward": 2.0, "forward": 0.3, "turn": 0.4, "intervened": true}
REFLEXGUARD_DECISION={"t_ms": 53280, "left": 1.900767563490134e-35, "right": 2.3126477185995625e-30, "left_area": 0.0, "right_area": 0.0, "escape": 0.0, "signal": "NONE", "reason": "avoid_left", "user_forward": 2.0, "forward": 0.3, "turn": 1.2, "intervened": true}
REFLEXGUARD_DECISION={"t_ms": 53792, "left": 0.8628385245831811, "right": 7.615837185699133e-32, "left_area": 0.017578125, "right_area": 0.0, "escape": 0.7889823455125863, "signal": "STOP", "reason": "control_recovering", "user_forward": 2.0, "forward": 1.5, "turn": 1.2, "intervened": true}
REFLEXGUARD_DECISION={"t_ms": 54304, "left": 0.1301318722839588, "right": 2.5079901090253598e-33, "left_area": 0.005859375, "right_area": 0.0, "escape": 0.0, "signal": "NONE", "reason": "avoid_left", "user_forward": 2.0, "forward": 0.3, "turn": 1.2, "intervened": true}
REFLEXGUARD_DECISION={"t_ms": 54816, "left": 0.01080186581941912, "right": 0.6558462131345876, "left_area": 0.0, "right_area": 0.006380208333333333, "escape": 0.4705326355916732, "signal": "STOP", "reason": "avoid_left", "user_forward": 2.0, "forward": 0.65, "turn": 1.2, "intervened": true}
REFLEXGUARD_DECISION={"t_ms": 55328, "left": 0.0003557189048761859, "right": 0.9756066176988579, "left_area": 0.0, "right_area": 0.0203125, "escape": 0.9624717195367045, "signal": "STOP", "reason": "avoid_left", "user_forward": 2.0, "forward": 0.65, "turn": 1.2, "intervened": true}
REFLEXGUARD_DECISION={"t_ms": 55840, "left": 1.1714266905522208e-05, "right": 0.04697920323117381, "left_area": 0.0, "right_area": 0.0, "escape": 0.0, "signal": "NONE", "reason": "avoid_left", "user_forward": 2.0, "forward": 2.0, "turn": 0.8, "intervened": true}
REFLEXGUARD_DECISION={"t_ms": 56352, "left": 3.857654098580342e-07, "right": 0.0015470837172690956, "left_area": 0.0, "right_area": 0.0, "escape": 0.0, "signal": "NONE", "reason": "avoid_left", "user_forward": 2.0, "forward": 2.0, "turn": 0.8, "intervened": true}
REFLEXGUARD_DECISION={"t_ms": 56864, "left": 1.270373576453037e-08, "right": 5.094739509440931e-05, "left_area": 0.0, "right_area": 0.0, "escape": 0.0, "signal": "NONE", "reason": "avoid_left", "user_forward": 2.0, "forward": 0.65, "turn": 0.4, "intervened": true}
REFLEXGUARD_DECISION={"t_ms": 57376, "left": 4.1834985265889827e-10, "right": 1.677761221278734e-06, "left_area": 0.0, "right_area": 0.0, "escape": 0.0, "signal": "NONE", "reason": "avoid_left", "user_forward": 2.0, "forward": 2.0, "turn": 0.8, "intervened": true}
REFLEXGUARD_DECISION={"t_ms": 57888, "left": 1.3776782079203762e-11, "right": 5.52507681778533e-08, "left_area": 0.0, "right_area": 0.0, "escape": 0.0, "signal": "NONE", "reason": "avoid_left", "user_forward": 2.0, "forward": 0.65, "turn": 0.4, "intervened": true}
REFLEXGUARD_DECISION={"t_ms": 58400, "left": 4.536866052457372e-13, "right": 1.8194766606396234e-09, "left_area": 0.0, "right_area": 0.0, "escape": 0.0, "signal": "NONE", "reason": "avoid_left", "user_forward": 2.0, "forward": 0.65, "turn": 0.4, "intervened": true}
REFLEXGUARD_DECISION={"t_ms": 58912, "left": 0.6120946370255846, "right": 5.991763423009372e-11, "left_area": 0.011328125, "right_area": 0.0, "escape": 0.40322251850089946, "signal": "STOP", "reason": "avoid_left", "user_forward": 2.0, "forward": 0.65, "turn": 0.4, "intervened": true}
REFLEXGUARD_DECISION={"t_ms": 59424, "left": 0.024444798433223065, "right": 1.9731623765205193e-12, "left_area": 0.00703125, "right_area": 0.0, "escape": 0.0, "signal": "NONE", "reason": "avoid_left", "user_forward": 2.0, "forward": 0.65, "turn": 0.4, "intervened": true}
REFLEXGUARD_DECISION={"t_ms": 59936, "left": 0.3413569646711703, "right": 6.497869640788741e-14, "left_area": 0.007421875, "right_area": 0.0, "escape": 0.0, "signal": "NONE", "reason": "control_recovering", "user_forward": 2.0, "forward": 2.0, "turn": 0.36255193131886504, "intervened": true}
REFLEXGUARD_RESULT={"min_pedestrian_travel_m":29.952000000000012,"world":"corridor_demo","drive":"forward","duration_s":60.0,"collision":true,"collision_events":1,"min_clearance_estimate_m":0.0,"displacement_m":44.26621472464295,"yaw_change_rad":-0.04045403370477731,"camera_frames":1874,"camera_pixel_range":191,"camera_width":160,"camera_height":120,"remote_stop_steps":0,"remote_interventions":0,"control_failures":0,"navigation_steps":1573,"recoveries":1,"passed_obstacles":4,"brain_steps":1874,"interventions":1698,"stop_steps":14,"brain_failures":0,"max_looming":0.9997389686704766,"final_forward":2.0}
INFO: wheelchair: Terminating.
INFO: pedestrian: Terminating.
INFO: pedestrian: Terminating.
INFO: scenario: Terminating.
{"min_pedestrian_travel_m":29.952000000000012,"world":"corridor_demo","drive":"forward","duration_s":60.0,"collision":true,"collision_events":1,"min_clearance_estimate_m":0.0,"displacement_m":44.26621472464295,"yaw_change_rad":-0.04045403370477731,"camera_frames":1874,"camera_pixel_range":191,"camera_width":160,"camera_height":120,"remote_stop_steps":0,"remote_interventions":0,"control_failures":0,"navigation_steps":1573,"recoveries":1,"passed_obstacles":4,"brain_steps":1874,"interventions":1698,"stop_steps":14,"brain_failures":0,"max_looming":0.9997389686704766,"final_forward":2.0}
Pipeline check failed; inspect the scenario result.
INFO:     Started server process [183655]
INFO:     Waiting for application startup.
INFO:     Application startup complete.
INFO:     Uvicorn running on https://127.0.0.1:8443 (Press CTRL+C to quit)
INFO:     Shutting down
INFO:     Waiting for application shutdown.
INFO:     Application shutdown complete.
INFO:     Finished server process [183655]

