INFO: wheelchair: Starting controller: /tmp/reflexguard-settings/.venv/bin/python -u wheelchair.py
INFO: pedestrian: Starting controller: python3 -u pedestrian.py "--trajectory=8 4.5, 8 -4.5" --speed=0.6
INFO: pedestrian: Starting controller: python3 -u pedestrian.py "--trajectory=24 -4.5, 24 4.5" --speed=0.5
INFO: scenario: Starting controller: /tmp/reflexguard-settings/.venv/bin/python -u scenario.py
REFLEXGUARD_CALIBRATION={"drive_speed":2.0,"dark_threshold":140,"area_floor":0.008,"area_tau_s":0.12,"looming_tau_s":0.15,"expansion_scale":1.0,"stop_on":0.25,"stop_off":0.12,"turn_on":0.35,"turn_off":0.1,"turn_gain":0.3,"max_turn":1.2,"deceleration":2.0,"release_ms":500}
REFLEXGUARD_RANGES={"heading": 0.0, "nearest": [5.712762355804443, 4.4705986976623535, 3.4404611587524414, 4.470598220825195]}
REFLEXGUARD_DECISION={"t_ms": 32, "left": 0.0, "right": 0.0, "left_area": 0.0015625, "right_area": 0.0015625, "escape": 0.0, "signal": "NONE", "reason": "user", "user_forward": 2.0, "forward": 2.0, "turn": 0.0, "intervened": false}
REFLEXGUARD_DECISION={"t_ms": 544, "left": 0.04676940217741512, "right": 0.0701542912412238, "left_area": 0.0015625, "right_area": 0.0015625, "escape": 0.0, "signal": "NONE", "reason": "user", "user_forward": 2.0, "forward": 2.0, "turn": 0.0, "intervened": false}
REFLEXGUARD_DECISION={"t_ms": 1056, "left": 0.09510943461546585, "right": 0.4787291153960727, "left_area": 0.00234375, "right_area": 0.003515625, "escape": 0.19804479291703497, "signal": "LEFT", "reason": "user", "user_forward": 2.0, "forward": 2.0, "turn": 0.0, "intervened": false}
REFLEXGUARD_DECISION={"t_ms": 1568, "left": 0.16559007991995478, "right": 0.13114514529096913, "left_area": 0.003125, "right_area": 0.00390625, "escape": 0.0, "signal": "NONE", "reason": "user", "user_forward": 2.0, "forward": 2.0, "turn": 0.0, "intervened": false}
REFLEXGUARD_DECISION={"t_ms": 2080, "left": 0.46609257544430427, "right": 0.17712592865144833, "left_area": 0.0048177083333333336, "right_area": 0.004427083333333333, "escape": 0.17860396222200658, "signal": "NONE", "reason": "user", "user_forward": 2.0, "forward": 2.0, "turn": 0.0, "intervened": false}
REFLEXGUARD_DECISION={"t_ms": 2592, "left": 0.2990048516282, "right": 0.5394264015009356, "left_area": 0.0049479166666666664, "right_area": 0.006640625, "escape": 0.29142523307836243, "signal": "STOP", "reason": "avoid_left", "user_forward": 2.0, "forward": 1.5, "turn": 0.4, "intervened": true}
REFLEXGUARD_DECISION={"t_ms": 3104, "left": 0.009846602443684996, "right": 0.9848327373426139, "left_area": 0.0, "right_area": 0.015625, "escape": 0.9766657497578676, "signal": "STOP", "reason": "avoid_left", "user_forward": 2.0, "forward": 1.5, "turn": 0.4, "intervened": true}
REFLEXGUARD_DECISION={"t_ms": 3616, "left": 0.000324260891273241, "right": 0.7336257507100573, "left_area": 0.0, "right_area": 0.022265625, "escape": 0.5901934626308574, "signal": "STOP", "reason": "control_recovering", "user_forward": 2.0, "forward": 1.5, "turn": -0.5191074465958405, "intervened": true}
REFLEXGUARD_DECISION={"t_ms": 4128, "left": 1.067831530831736e-05, "right": 0.658547502377339, "left_area": 0.0, "right_area": 0.029036458333333334, "escape": 0.4746884651959061, "signal": "STOP", "reason": "control_recovering", "user_forward": 2.0, "forward": 1.5, "turn": -0.35018691375393407, "intervened": true}
REFLEXGUARD_DECISION={"t_ms": 4640, "left": 0.12796769837772806, "right": 0.47786867764548724, "left_area": 0.0005208333333333333, "right_area": 0.0359375, "escape": 0.19672104253151887, "signal": "NONE", "reason": "avoid_left", "user_forward": 2.0, "forward": 0.65, "turn": 0.4, "intervened": true}
REFLEXGUARD_DECISION={"t_ms": 5152, "left": 0.00421413580648416, "right": 0.913665462868066, "left_area": 0.0, "right_area": 0.061197916666666664, "escape": 0.86717763518164, "signal": "STOP", "reason": "avoid_left", "user_forward": 2.0, "forward": 1.5, "turn": 0.4, "intervened": true}
REFLEXGUARD_DECISION={"t_ms": 5664, "left": 0.00013877674460528334, "right": 0.9971568960849011, "left_area": 0.0, "right_area": 0.14739583333333334, "escape": 0.9956259939767709, "signal": "STOP", "reason": "avoid_passing", "user_forward": 2.0, "forward": 0.65, "turn": 0.0, "intervened": true}
REFLEXGUARD_DECISION={"t_ms": 6176, "left": 4.570091171149927e-06, "right": 0.6800292041003625, "left_area": 0.0, "right_area": 0.240234375, "escape": 0.5077372370774808, "signal": "STOP", "reason": "avoid_left", "user_forward": 2.0, "forward": 0.65, "turn": 0.4, "intervened": true}
REFLEXGUARD_DECISION={"t_ms": 6688, "left": 1.5049879842639994e-07, "right": 0.035667139285484435, "left_area": 0.0, "right_area": 0.18255208333333334, "escape": 0.0, "signal": "NONE", "reason": "avoid_passing", "user_forward": 2.0, "forward": 2.0, "turn": 0.0, "intervened": false}
REFLEXGUARD_DECISION={"t_ms": 7200, "left": 4.9561130138440946e-09, "right": 0.0011745633521840194, "left_area": 0.0, "right_area": 0.009114583333333334, "escape": 0.0, "signal": "NONE", "reason": "avoid_passing", "user_forward": 2.0, "forward": 2.0, "turn": 0.0, "intervened": false}
REFLEXGUARD_DECISION={"t_ms": 7712, "left": 1.6321097884384192e-10, "right": 0.2117390457208917, "left_area": 0.0, "right_area": 0.011588541666666667, "escape": 0.0, "signal": "NONE", "reason": "avoid_right", "user_forward": 2.0, "forward": 2.0, "turn": -0.4, "intervened": true}
REFLEXGUARD_DECISION={"t_ms": 8224, "left": 5.374740959448785e-12, "right": 0.09516009730620827, "left_area": 0.0, "right_area": 0.010677083333333334, "escape": 0.0, "signal": "NONE", "reason": "control_recovering", "user_forward": 2.0, "forward": 2.0, "turn": -0.9164085322900581, "intervened": true}
REFLEXGUARD_DECISION={"t_ms": 8736, "left": 0.7537590982239232, "right": 0.041657790743653146, "left_area": 0.0046875, "right_area": 0.00625, "escape": 0.6211678434214203, "signal": "STOP", "reason": "control_recovering", "user_forward": 2.0, "forward": 1.5, "turn": -0.5059121183733323, "intervened": true}
REFLEXGUARD_DECISION={"t_ms": 9248, "left": 0.9918909801899186, "right": 0.0013718429714479163, "left_area": 0.014973958333333334, "right_area": 0.0, "escape": 0.9875245849075671, "signal": "STOP", "reason": "control_recovering", "user_forward": 2.0, "forward": 1.5, "turn": -0.2608746541422683, "intervened": true}
REFLEXGUARD_DECISION={"t_ms": 9760, "left": 0.6492442503330993, "right": 4.517649891449842e-05, "left_area": 0.019140625, "right_area": 0.0, "escape": 0.4603757697432297, "signal": "STOP", "reason": "control_recovering", "user_forward": 2.0, "forward": 1.5, "turn": -0.13387338062187415, "intervened": true}
REFLEXGUARD_DECISION={"t_ms": 10272, "left": 0.5356425249413341, "right": 1.487718417230789e-06, "left_area": 0.026302083333333334, "right_area": 0.0, "escape": 0.28560388452512947, "signal": "STOP", "reason": "control_recovering", "user_forward": 2.0, "forward": 1.5, "turn": -0.07862156661032768, "intervened": true}
REFLEXGUARD_DECISION={"t_ms": 10784, "left": 0.6969707757522263, "right": 4.899242177125353e-08, "left_area": 0.03697916666666667, "right_area": 0.0, "escape": 0.5338011934649636, "signal": "STOP", "reason": "control_recovering", "user_forward": 2.0, "forward": 1.5, "turn": 0.0015609826241019809, "intervened": true}
REFLEXGUARD_DECISION={"t_ms": 11296, "left": 0.8539629786813583, "right": 1.613381513068979e-09, "left_area": 0.05846354166666667, "right_area": 0.0, "escape": 0.775327659509782, "signal": "STOP", "reason": "avoid_left", "user_forward": 2.0, "forward": 1.5, "turn": 0.8, "intervened": true}
REFLEXGUARD_DECISION={"t_ms": 11808, "left": 0.7816824654277781, "right": 0.5542959648796038, "left_area": 0.09153645833333333, "right_area": 0.0020833333333333333, "escape": 0.6641268698888894, "signal": "STOP", "reason": "avoid_left", "user_forward": 2.0, "forward": 0.65, "turn": 0.4, "intervened": true}
REFLEXGUARD_DECISION={"t_ms": 12320, "left": 0.9224606158183015, "right": 0.6586288173036238, "left_area": 0.169140625, "right_area": 0.005208333333333333, "escape": 0.8807086397204639, "signal": "STOP", "reason": "control_recovering", "user_forward": 2.0, "forward": 1.5, "turn": -0.030314819906438688, "intervened": true}
REFLEXGUARD_DECISION={"t_ms": 12832, "left": 0.6640473997541435, "right": 0.43752163289821955, "left_area": 0.27369791666666665, "right_area": 0.0067708333333333336, "escape": 0.48314984577560544, "signal": "STOP", "reason": "avoid_left", "user_forward": 2.0, "forward": 0.3, "turn": 0.4, "intervened": true}
REFLEXGUARD_DECISION={"t_ms": 13344, "left": 0.48472620433248914, "right": 0.2836919376584657, "left_area": 0.34479166666666666, "right_area": 0.009375, "escape": 0.20727108358844487, "signal": "STOP", "reason": "avoid_right", "user_forward": 2.0, "forward": 0.3, "turn": -1.2, "intervened": true}
REFLEXGUARD_DECISION={"t_ms": 13856, "left": 0.1112024106156259, "right": 0.1340486686514047, "left_area": 0.37005208333333334, "right_area": 0.010546875, "escape": 0.0, "signal": "NONE", "reason": "avoid_left", "user_forward": 2.0, "forward": 0.3, "turn": 0.8, "intervened": true}
REFLEXGUARD_DECISION={"t_ms": 14368, "left": 0.003756856307632256, "right": 0.8828244564329396, "left_area": 0.24752604166666667, "right_area": 0.07369791666666667, "escape": 0.8197299329737533, "signal": "STOP", "reason": "path_blocked", "user_forward": 2.0, "forward": 0.0, "turn": 0.0, "intervened": true}
REFLEXGUARD_DECISION={"t_ms": 14880, "left": 0.00012371796075504317, "right": 0.7283138671027377, "left_area": 0.230078125, "right_area": 0.09609375, "escape": 0.5820213340042119, "signal": "STOP", "reason": "avoid_left", "user_forward": 2.0, "forward": 0.3, "turn": 0.8, "intervened": true}
REFLEXGUARD_DECISION={"t_ms": 15392, "left": 4.074186649697294e-06, "right": 0.9274180907066389, "left_area": 0.131640625, "right_area": 0.21197916666666666, "escape": 0.8883355241640599, "signal": "STOP", "reason": "avoid_left", "user_forward": 2.0, "forward": 0.3, "turn": 0.8, "intervened": true}
REFLEXGUARD_DECISION={"t_ms": 15904, "left": 1.3416804443969966e-07, "right": 0.997609787260897, "left_area": 0.020572916666666666, "right_area": 0.430859375, "escape": 0.9963227496321492, "signal": "STOP", "reason": "avoid_left", "user_forward": 2.0, "forward": 0.3, "turn": 0.8, "intervened": true}
REFLEXGUARD_DECISION={"t_ms": 16416, "left": 4.4183209304145865e-09, "right": 0.07472979120116038, "left_area": 0.0, "right_area": 0.35104166666666664, "escape": 0.0, "signal": "NONE", "reason": "avoid_left", "user_forward": 2.0, "forward": 0.3, "turn": 0.4, "intervened": true}
REFLEXGUARD_DECISION={"t_ms": 16928, "left": 1.4550081523259706e-10, "right": 0.002460945167446294, "left_area": 0.0, "right_area": 0.27369791666666665, "escape": 0.0, "signal": "NONE", "reason": "path_blocked", "user_forward": 2.0, "forward": 0.0, "turn": 0.0, "intervened": true}
REFLEXGUARD_DECISION={"t_ms": 17440, "left": 4.791523197787229e-12, "right": 8.104199168541541e-05, "left_area": 0.0, "right_area": 0.19114583333333332, "escape": 0.0, "signal": "NONE", "reason": "avoid_left", "user_forward": 2.0, "forward": 0.3, "turn": 0.4, "intervened": true}
REFLEXGUARD_DECISION={"t_ms": 17952, "left": 1.5779083105638595e-13, "right": 2.6688137969178346e-06, "left_area": 0.0, "right_area": 0.0, "escape": 0.0, "signal": "NONE", "reason": "path_blocked", "user_forward": 2.0, "forward": 0.0, "turn": 0.0, "intervened": true}
REFLEXGUARD_DECISION={"t_ms": 18464, "left": 5.196248737137087e-15, "right": 8.78873647413183e-08, "left_area": 0.0, "right_area": 0.0, "escape": 0.0, "signal": "NONE", "reason": "avoid_passing", "user_forward": 2.0, "forward": 0.65, "turn": 0.0, "intervened": true}
REFLEXGUARD_DECISION={"t_ms": 18976, "left": 1.7111894751698247e-16, "right": 2.894240463719892e-09, "left_area": 0.0, "right_area": 0.0, "escape": 0.0, "signal": "NONE", "reason": "path_blocked", "user_forward": 2.0, "forward": 0.0, "turn": 0.0, "intervened": true}
REFLEXGUARD_DECISION={"t_ms": 19488, "left": 5.635160224345375e-18, "right": 9.531094585084823e-11, "left_area": 0.0, "right_area": 0.0, "escape": 0.0, "signal": "NONE", "reason": "avoid_passing", "user_forward": 2.0, "forward": 0.3, "turn": 0.0, "intervened": true}
REFLEXGUARD_DECISION={"t_ms": 20000, "left": 1.855728498499136e-19, "right": 3.1387082424062532e-12, "left_area": 0.0, "right_area": 0.0, "escape": 0.0, "signal": "NONE", "reason": "path_blocked", "user_forward": 2.0, "forward": 0.0, "turn": 0.0, "intervened": true}
REFLEXGUARD_DECISION={"t_ms": 20512, "left": 6.111145243508862e-21, "right": 1.0336157450756509e-13, "left_area": 0.0, "right_area": 0.0, "escape": 0.0, "signal": "NONE", "reason": "avoid_passing", "user_forward": 2.0, "forward": 0.3, "turn": 0.0, "intervened": true}
REFLEXGUARD_DECISION={"t_ms": 21024, "left": 2.012476297985697e-22, "right": 3.4038254783733782e-15, "left_area": 0.0, "right_area": 0.0, "escape": 0.0, "signal": "NONE", "reason": "path_blocked", "user_forward": 2.0, "forward": 0.0, "turn": 0.0, "intervened": true}
REFLEXGUARD_DECISION={"t_ms": 21536, "left": 6.62733528425971e-24, "right": 1.1209221553001568e-16, "left_area": 0.0, "right_area": 0.0, "escape": 0.0, "signal": "NONE", "reason": "avoid_passing", "user_forward": 2.0, "forward": 0.3, "turn": 0.0, "intervened": true}
REFLEXGUARD_DECISION={"t_ms": 22048, "left": 2.1824641121962605e-25, "right": 3.691336369111348e-18, "left_area": 0.0, "right_area": 0.0, "escape": 0.0, "signal": "NONE", "reason": "avoid_right", "user_forward": 2.0, "forward": 0.3, "turn": -0.4, "intervened": true}
REFLEXGUARD_DECISION={"t_ms": 22560, "left": 7.187126343731785e-27, "right": 1.2156030751551555e-19, "left_area": 0.0, "right_area": 0.0, "escape": 0.0, "signal": "NONE", "reason": "avoid_right", "user_forward": 2.0, "forward": 0.3, "turn": -0.4, "intervened": true}
REFLEXGUARD_DECISION={"t_ms": 23072, "left": 2.3668102853147085e-28, "right": 4.0031324392212194e-21, "left_area": 0.0, "right_area": 0.0, "escape": 0.0, "signal": "NONE", "reason": "avoid_right", "user_forward": 2.0, "forward": 0.3, "turn": -0.4, "intervened": true}
REFLEXGUARD_DECISION={"t_ms": 23584, "left": 7.794201268713e-30, "right": 1.3182814072677333e-22, "left_area": 0.0, "right_area": 0.0, "escape": 0.0, "signal": "NONE", "reason": "avoid_passing", "user_forward": 2.0, "forward": 0.3, "turn": 0.0, "intervened": true}
REFLEXGUARD_DECISION={"t_ms": 24096, "left": 2.566727624691288e-31, "right": 4.34126498469255e-24, "left_area": 0.0, "right_area": 0.0, "escape": 0.0, "signal": "NONE", "reason": "avoid_right", "user_forward": 2.0, "forward": 0.3, "turn": -0.4, "intervened": true}
REFLEXGUARD_DECISION={"t_ms": 24608, "left": 8.452553984971994e-33, "right": 1.4296326689745993e-25, "left_area": 0.0, "right_area": 0.0, "escape": 0.0, "signal": "NONE", "reason": "avoid_right", "user_forward": 2.0, "forward": 0.65, "turn": -0.4, "intervened": true}
REFLEXGUARD_DECISION={"t_ms": 25120, "left": 2.7835313798618983e-34, "right": 4.707958568311586e-27, "left_area": 0.0, "right_area": 0.0, "escape": 0.0, "signal": "NONE", "reason": "avoid_right", "user_forward": 2.0, "forward": 2.0, "turn": -0.8, "intervened": true}
REFLEXGUARD_DECISION={"t_ms": 25632, "left": 9.16651577316315e-36, "right": 0.044117532007223355, "left_area": 0.0, "right_area": 0.0, "escape": 0.0, "signal": "NONE", "reason": "control_recovering", "user_forward": 2.0, "forward": 2.0, "turn": -1.2, "intervened": true}
REFLEXGUARD_DECISION={"t_ms": 26144, "left": 3.018647895531095e-37, "right": 0.5479290377803245, "left_area": 0.0, "right_area": 0.031901041666666664, "escape": 0.3045062119697301, "signal": "STOP", "reason": "control_recovering", "user_forward": 2.0, "forward": 1.5, "turn": -0.8670100819768228, "intervened": true}
REFLEXGUARD_DECISION={"t_ms": 26656, "left": 9.940783764178138e-39, "right": 0.018043986152714558, "left_area": 0.0, "right_area": 0.023567708333333333, "escape": 0.0, "signal": "NONE", "reason": "control_recovering", "user_forward": 2.0, "forward": 2.0, "turn": -0.45863230580354475, "intervened": true}
REFLEXGUARD_DECISION={"t_ms": 27168, "left": 3.2736239954465327e-40, "right": 0.2964928275127867, "left_area": 0.0, "right_area": 0.027734375, "escape": 0.0, "signal": "NONE", "reason": "avoid_passing", "user_forward": 2.0, "forward": 2.0, "turn": 0.0, "intervened": false}
REFLEXGUARD_DECISION={"t_ms": 27680, "left": 1.0780451841414063e-41, "right": 0.4828346124458965, "left_area": 0.0, "right_area": 0.03606770833333333, "escape": 0.20436094222445617, "signal": "STOP", "reason": "avoid_passing", "user_forward": 2.0, "forward": 2.0, "turn": 0.0, "intervened": false}
REFLEXGUARD_DECISION={"t_ms": 28192, "left": 0.13508178950722544, "right": 0.7543965282029931, "left_area": 0.0, "right_area": 0.05221354166666667, "escape": 0.6221485049276817, "signal": "STOP", "reason": "avoid_passing", "user_forward": 2.0, "forward": 1.5, "turn": 0.0, "intervened": true}
REFLEXGUARD_DECISION={"t_ms": 28704, "left": 0.23971459447911578, "right": 0.9015915504547926, "left_area": 0.001171875, "right_area": 0.083203125, "escape": 0.8486023853150655, "signal": "STOP", "reason": "avoid_passing", "user_forward": 2.0, "forward": 1.5, "turn": 0.0, "intervened": true}
REFLEXGUARD_DECISION={"t_ms": 29216, "left": 0.4986742701557292, "right": 0.9763342827846293, "left_area": 0.002734375, "right_area": 0.15234375, "escape": 0.9635912042840451, "signal": "STOP", "reason": "avoid_left", "user_forward": 2.0, "forward": 1.5, "turn": 0.4, "intervened": true}
REFLEXGUARD_DECISION={"t_ms": 29728, "left": 0.2634150913911992, "right": 0.05779252675332827, "left_area": 0.004427083333333333, "right_area": 0.082421875, "escape": 0.0, "signal": "NONE", "reason": "avoid_passing", "user_forward": 2.0, "forward": 2.0, "turn": 0.0, "intervened": false}
REFLEXGUARD_DECISION={"t_ms": 30240, "left": 0.7371353991743732, "right": 0.0019031799385772331, "left_area": 0.010546875, "right_area": 0.0, "escape": 0.5955929218067281, "signal": "STOP", "reason": "control_recovering", "user_forward": 2.0, "forward": 1.5, "turn": -0.2972164999683064, "intervened": true}
REFLEXGUARD_DECISION={"t_ms": 30752, "left": 0.8709331740416514, "right": 6.267408750032281e-05, "left_area": 0.018619791666666666, "right_area": 0.0, "escape": 0.8014356523717714, "signal": "STOP", "reason": "control_recovering", "user_forward": 2.0, "forward": 1.5, "turn": -0.2411584928977972, "intervened": true}
REFLEXGUARD_DECISION={"t_ms": 31264, "left": 0.17711473171964143, "right": 2.0639358183517935e-06, "left_area": 0.0016927083333333334, "right_area": 0.0, "escape": 0.0, "signal": "NONE", "reason": "control_recovering", "user_forward": 2.0, "forward": 2.0, "turn": -0.12047553212624912, "intervened": true}
REFLEXGUARD_DECISION={"t_ms": 31776, "left": 0.005832608871282789, "right": 6.79679789873853e-08, "left_area": 0.0, "right_area": 0.0, "escape": 0.0, "signal": "NONE", "reason": "control_recovering", "user_forward": 2.0, "forward": 2.0, "turn": 0.08736249136944685, "intervened": true}
REFLEXGUARD_DECISION={"t_ms": 32288, "left": 0.00019207507989350424, "right": 2.238270263325718e-09, "left_area": 0.0, "right_area": 0.0, "escape": 0.0, "signal": "NONE", "reason": "control_recovering", "user_forward": 2.0, "forward": 2.0, "turn": 0.17492549483757636, "intervened": true}
REFLEXGUARD_DECISION={"t_ms": 32800, "left": 6.325271783222117e-06, "right": 7.370902955078297e-11, "left_area": 0.0, "right_area": 0.0, "escape": 0.0, "signal": "NONE", "reason": "control_recovering", "user_forward": 2.0, "forward": 2.0, "turn": 0.19105094297566041, "intervened": true}
REFLEXGUARD_DECISION={"t_ms": 33312, "left": 2.0829908363858999e-07, "right": 2.4273302140223145e-12, "left_area": 0.0, "right_area": 0.0, "escape": 0.0, "signal": "NONE", "reason": "control_recovering", "user_forward": 2.0, "forward": 2.0, "turn": 0.16827493617348713, "intervened": true}
REFLEXGUARD_DECISION={"t_ms": 33824, "left": 6.8595484481417874e-09, "right": 7.993500937149469e-14, "left_area": 0.0, "right_area": 0.0, "escape": 0.0, "signal": "NONE", "reason": "user", "user_forward": 2.0, "forward": 2.0, "turn": 0.0, "intervened": false}
REFLEXGUARD_DECISION={"t_ms": 34336, "left": 2.2589348013668932e-10, "right": 2.6323594895779603e-15, "left_area": 0.0, "right_area": 0.0, "escape": 0.0, "signal": "NONE", "reason": "user", "user_forward": 2.0, "forward": 2.0, "turn": 0.0, "intervened": false}
REFLEXGUARD_DECISION={"t_ms": 34848, "left": 7.438953854475366e-12, "right": 8.668687896397718e-17, "left_area": 0.0, "right_area": 0.0, "escape": 0.0, "signal": "NONE", "reason": "control_recovering", "user_forward": 2.0, "forward": 2.0, "turn": 0.25862380679055386, "intervened": true}
REFLEXGUARD_DECISION={"t_ms": 35360, "left": 2.449740223379999e-13, "right": 2.8547069707868925e-18, "left_area": 0.0, "right_area": 0.0, "escape": 0.0, "signal": "NONE", "reason": "avoid_left", "user_forward": 2.0, "forward": 2.0, "turn": 0.4, "intervened": true}
REFLEXGUARD_DECISION={"t_ms": 35872, "left": 8.067299891147298e-15, "right": 9.400905865402934e-20, "left_area": 0.0, "right_area": 0.0, "escape": 0.0, "signal": "NONE", "reason": "avoid_left", "user_forward": 2.0, "forward": 0.65, "turn": 0.4, "intervened": true}
REFLEXGUARD_DECISION={"t_ms": 36384, "left": 2.6566624049594144e-16, "right": 3.0958354743431503e-21, "left_area": 0.0, "right_area": 0.0, "escape": 0.0, "signal": "NONE", "reason": "avoid_left", "user_forward": 2.0, "forward": 0.65, "turn": 0.4, "intervened": true}
REFLEXGUARD_DECISION={"t_ms": 36896, "left": 8.748720425863578e-18, "right": 1.0194972081864028e-22, "left_area": 0.0, "right_area": 0.0, "escape": 0.0, "signal": "NONE", "reason": "control_recovering", "user_forward": 2.0, "forward": 2.0, "turn": -0.711097220548456, "intervened": true}
REFLEXGUARD_DECISION={"t_ms": 37408, "left": 2.881062680265237e-19, "right": 3.3573313766630186e-24, "left_area": 0.0, "right_area": 0.0, "escape": 0.0, "signal": "NONE", "reason": "control_recovering", "user_forward": 2.0, "forward": 2.0, "turn": -0.9121213299944079, "intervened": true}
REFLEXGUARD_DECISION={"t_ms": 37920, "left": 9.487698501690059e-21, "right": 0.37352434050160427, "left_area": 0.0, "right_area": 0.001171875, "escape": 0.036191293079391215, "signal": "LEFT", "reason": "avoid_passing", "user_forward": 2.0, "forward": 0.65, "turn": 0.0, "intervened": true}
REFLEXGUARD_DECISION={"t_ms": 38432, "left": 3.124417371255689e-22, "right": 0.5150874935556821, "left_area": 0.0, "right_area": 0.002994791666666667, "escape": 0.253980759316434, "signal": "STOP", "reason": "control_recovering", "user_forward": 2.0, "forward": 1.5, "turn": -0.8874231161648302, "intervened": true}
REFLEXGUARD_DECISION={"t_ms": 38944, "left": 1.0289095830843901e-23, "right": 0.1857294926677473, "left_area": 0.0, "right_area": 0.00234375, "escape": 0.0, "signal": "NONE", "reason": "avoid_passing", "user_forward": 2.0, "forward": 0.65, "turn": 0.0, "intervened": true}
REFLEXGUARD_DECISION={"t_ms": 39456, "left": 3.388327500360249e-25, "right": 0.7146265873462984, "left_area": 0.0, "right_area": 0.007161458333333333, "escape": 0.5609639805327667, "signal": "STOP", "reason": "avoid_left", "user_forward": 2.0, "forward": 0.65, "turn": 0.4, "intervened": true}
REFLEXGUARD_DECISION={"t_ms": 39968, "left": 1.1158184779736762e-26, "right": 0.2282868747699291, "left_area": 0.0, "right_area": 0.0010416666666666667, "escape": 0.0, "signal": "NONE", "reason": "avoid_left", "user_forward": 2.0, "forward": 0.65, "turn": 0.4, "intervened": true}
REFLEXGUARD_DECISION={"t_ms": 40480, "left": 3.674529323553041e-28, "right": 0.007517771322874391, "left_area": 0.0, "right_area": 0.0, "escape": 0.0, "signal": "NONE", "reason": "avoid_left", "user_forward": 2.0, "forward": 0.65, "turn": 0.4, "intervened": true}
REFLEXGUARD_DECISION={"t_ms": 40992, "left": 1.2100683055698336e-29, "right": 0.0002475695798104517, "left_area": 0.0, "right_area": 0.0, "escape": 0.0, "signal": "NONE", "reason": "avoid_passing", "user_forward": 2.0, "forward": 0.3, "turn": 0.0, "intervened": true}
REFLEXGUARD_DECISION={"t_ms": 41504, "left": 3.98490575312322e-31, "right": 8.152774833817288e-06, "left_area": 0.0, "right_area": 0.0, "escape": 0.0, "signal": "NONE", "reason": "avoid_passing", "user_forward": 2.0, "forward": 0.3, "turn": 0.0, "intervened": true}
REFLEXGUARD_DECISION={"t_ms": 42016, "left": 1.312279132358294e-32, "right": 2.6848103689401027e-07, "left_area": 0.0, "right_area": 0.0, "escape": 0.0, "signal": "NONE", "reason": "avoid_passing", "user_forward": 2.0, "forward": 0.3, "turn": 0.0, "intervened": true}
REFLEXGUARD_DECISION={"t_ms": 42528, "left": 4.3214987452923785e-34, "right": 8.841415179613475e-09, "left_area": 0.0, "right_area": 0.0, "escape": 0.0, "signal": "NONE", "reason": "avoid_left", "user_forward": 2.0, "forward": 0.65, "turn": 0.4, "intervened": true}
REFLEXGUARD_DECISION={"t_ms": 43040, "left": 1.4231233999737668e-35, "right": 2.9115882180222444e-10, "left_area": 0.0, "right_area": 0.0, "escape": 0.0, "signal": "NONE", "reason": "avoid_left", "user_forward": 2.0, "forward": 0.3, "turn": 0.4, "intervened": true}
REFLEXGUARD_DECISION={"t_ms": 43552, "left": 4.68652273417673e-37, "right": 9.588222902226106e-12, "left_area": 0.0, "right_area": 0.0, "escape": 0.0, "signal": "NONE", "reason": "avoid_left", "user_forward": 2.0, "forward": 0.3, "turn": 0.4, "intervened": true}
REFLEXGUARD_DECISION={"t_ms": 44064, "left": 1.5433303491714208e-38, "right": 3.157521309288073e-13, "left_area": 0.0, "right_area": 0.0, "escape": 0.0, "signal": "NONE", "reason": "avoid_passing", "user_forward": 2.0, "forward": 0.3, "turn": 0.0, "intervened": true}
REFLEXGUARD_DECISION={"t_ms": 44576, "left": 5.082379200475586e-40, "right": 1.0398111224858504e-14, "left_area": 0.0, "right_area": 0.0, "escape": 0.0, "signal": "NONE", "reason": "avoid_passing", "user_forward": 2.0, "forward": 0.3, "turn": 0.0, "intervened": true}
REFLEXGUARD_DECISION={"t_ms": 45088, "left": 1.6736908174775883e-41, "right": 3.424227628376843e-16, "left_area": 0.0, "right_area": 0.0, "escape": 0.0, "signal": "NONE", "reason": "avoid_left", "user_forward": 2.0, "forward": 0.3, "turn": 0.4, "intervened": true}
REFLEXGUARD_DECISION={"t_ms": 45600, "left": 5.5116724707331364e-43, "right": 1.1276408375886411e-17, "left_area": 0.0, "right_area": 0.0, "escape": 0.0, "signal": "NONE", "reason": "avoid_passing", "user_forward": 2.0, "forward": 0.3, "turn": 0.0, "intervened": true}
REFLEXGUARD_DECISION={"t_ms": 46112, "left": 1.8150624420835897e-44, "right": 3.713461827303711e-19, "left_area": 0.0, "right_area": 0.0, "escape": 0.0, "signal": "NONE", "reason": "avoid_passing", "user_forward": 2.0, "forward": 0.3, "turn": 0.0, "intervened": true}
REFLEXGUARD_DECISION={"t_ms": 46624, "left": 5.97722685111627e-46, "right": 1.2228892643095538e-20, "left_area": 0.0, "right_area": 0.0, "escape": 0.0, "signal": "NONE", "reason": "avoid_left", "user_forward": 2.0, "forward": 0.3, "turn": 0.4, "intervened": true}
REFLEXGUARD_DECISION={"t_ms": 47136, "left": 1.9683753022123273e-47, "right": 4.0271267682570776e-22, "left_area": 0.0, "right_area": 0.0, "escape": 0.0, "signal": "NONE", "reason": "avoid_left", "user_forward": 2.0, "forward": 0.3, "turn": 0.4, "intervened": true}
REFLEXGUARD_DECISION={"t_ms": 47648, "left": 6.482105208431048e-49, "right": 1.3261830388844952e-23, "left_area": 0.0, "right_area": 0.0, "escape": 0.0, "signal": "NONE", "reason": "avoid_right", "user_forward": 2.0, "forward": 0.0, "turn": -0.4, "intervened": true}
REFLEXGUARD_DECISION={"t_ms": 48160, "left": 2.1346380380786004e-50, "right": 4.367286042465702e-25, "left_area": 0.0, "right_area": 0.0, "escape": 0.0, "signal": "NONE", "reason": "avoid_right", "user_forward": 2.0, "forward": 0.0, "turn": -0.4, "intervened": true}
REFLEXGUARD_DECISION={"t_ms": 48672, "left": 7.029629120621712e-52, "right": 1.4382017276256937e-26, "left_area": 0.0, "right_area": 0.0, "escape": 0.0, "signal": "NONE", "reason": "avoid_right", "user_forward": 2.0, "forward": 0.0, "turn": -0.4, "intervened": true}
REFLEXGUARD_DECISION={"t_ms": 49184, "left": 2.314944486699586e-53, "right": 4.736177546496886e-28, "left_area": 0.0, "right_area": 0.0, "escape": 0.0, "signal": "NONE", "reason": "avoid_right", "user_forward": 2.0, "forward": 0.0, "turn": -0.4, "intervened": true}
REFLEXGUARD_DECISION={"t_ms": 49696, "left": 7.623400729321629e-55, "right": 1.559682297765898e-29, "left_area": 0.0, "right_area": 0.0, "escape": 0.0, "signal": "NONE", "reason": "path_blocked", "user_forward": 2.0, "forward": 0.0, "turn": 0.0, "intervened": true}
REFLEXGUARD_DECISION={"t_ms": 50208, "left": 2.5104808782122373e-56, "right": 5.136228205303641e-31, "left_area": 0.0, "right_area": 0.0, "escape": 0.0, "signal": "NONE", "reason": "path_blocked", "user_forward": 2.0, "forward": 0.0, "turn": 0.0, "intervened": true}
REFLEXGUARD_DECISION={"t_ms": 50720, "left": 8.26732643822348e-58, "right": 1.6914239659413207e-32, "left_area": 0.0, "right_area": 0.0, "escape": 0.0, "signal": "NONE", "reason": "path_blocked", "user_forward": 2.0, "forward": 0.0, "turn": 0.0, "intervened": true}
REFLEXGUARD_DECISION={"t_ms": 51232, "left": 2.722533640041958e-59, "right": 5.570069938883363e-34, "left_area": 0.0, "right_area": 0.0, "escape": 0.0, "signal": "NONE", "reason": "path_blocked", "user_forward": 2.0, "forward": 0.0, "turn": 0.0, "intervened": true}
REFLEXGUARD_DECISION={"t_ms": 51744, "left": 8.965642613179402e-61, "right": 1.834293456211348e-35, "left_area": 0.0, "right_area": 0.0, "escape": 0.0, "signal": "NONE", "reason": "path_blocked", "user_forward": 2.0, "forward": 0.0, "turn": 0.0, "intervened": true}
REFLEXGUARD_DECISION={"t_ms": 52256, "left": 2.9524978602659085e-62, "right": 6.04055697759207e-37, "left_area": 0.0, "right_area": 0.0, "escape": 0.0, "signal": "NONE", "reason": "path_blocked", "user_forward": 2.0, "forward": 0.0, "turn": 0.0, "intervened": true}
REFLEXGUARD_DECISION={"t_ms": 52768, "left": 9.72294345311123e-64, "right": 1.9892307022073383e-38, "left_area": 0.0, "right_area": 0.0, "escape": 0.0, "signal": "NONE", "reason": "path_blocked", "user_forward": 2.0, "forward": 0.0, "turn": 0.0, "intervened": true}
REFLEXGUARD_DECISION={"t_ms": 53280, "left": 3.2018864658511354e-65, "right": 6.550784640031128e-40, "left_area": 0.0, "right_area": 0.0, "escape": 0.0, "signal": "NONE", "reason": "path_blocked", "user_forward": 2.0, "forward": 0.0, "turn": 0.0, "intervened": true}
REFLEXGUARD_DECISION={"t_ms": 53792, "left": 1.0544211215092616e-66, "right": 2.157255030924761e-41, "left_area": 0.0, "right_area": 0.0, "escape": 0.0, "signal": "NONE", "reason": "path_blocked", "user_forward": 2.0, "forward": 0.0, "turn": 0.0, "intervened": true}
REFLEXGUARD_DECISION={"t_ms": 54304, "left": 3.47234017615083e-68, "right": 7.1041096970455135e-43, "left_area": 0.0, "right_area": 0.0, "escape": 0.0, "signal": "NONE", "reason": "path_blocked", "user_forward": 2.0, "forward": 0.0, "turn": 0.0, "intervened": true}
REFLEXGUARD_DECISION={"t_ms": 54816, "left": 1.1434848992452844e-69, "right": 2.339471868841652e-44, "left_area": 0.0, "right_area": 0.0, "escape": 0.0, "signal": "NONE", "reason": "path_blocked", "user_forward": 2.0, "forward": 0.0, "turn": 0.0, "intervened": true}
REFLEXGUARD_DECISION={"t_ms": 55328, "left": 3.765638297142467e-71, "right": 7.704172455807715e-46, "left_area": 0.0, "right_area": 0.0, "escape": 0.0, "signal": "NONE", "reason": "path_blocked", "user_forward": 2.0, "forward": 0.0, "turn": 0.0, "intervened": true}
REFLEXGUARD_DECISION={"t_ms": 55840, "left": 1.2400716261548381e-72, "right": 2.5370800144826913e-47, "left_area": 0.0, "right_area": 0.0, "escape": 0.0, "signal": "NONE", "reason": "path_blocked", "user_forward": 2.0, "forward": 0.0, "turn": 0.0, "intervened": true}
REFLEXGUARD_DECISION={"t_ms": 56352, "left": 4.083710427422726e-74, "right": 8.354920709277727e-49, "left_area": 0.0, "right_area": 0.0, "escape": 0.0, "signal": "NONE", "reason": "path_blocked", "user_forward": 2.0, "forward": 0.0, "turn": 0.0, "intervened": true}
REFLEXGUARD_DECISION={"t_ms": 56864, "left": 1.3448167431063225e-75, "right": 2.751379525274885e-50, "left_area": 0.0, "right_area": 0.0, "escape": 0.0, "signal": "NONE", "reason": "path_blocked", "user_forward": 2.0, "forward": 0.0, "turn": 0.0, "intervened": true}
REFLEXGUARD_DECISION={"t_ms": 57376, "left": 4.4286491529725836e-77, "right": 9.060635708601805e-52, "left_area": 0.0, "right_area": 0.0, "escape": 0.0, "signal": "NONE", "reason": "path_blocked", "user_forward": 2.0, "forward": 0.0, "turn": 0.0, "intervened": true}
REFLEXGUARD_DECISION={"t_ms": 57888, "left": 1.458409364745258e-78, "right": 2.9837802705821975e-53, "left_area": 0.0, "right_area": 0.0, "escape": 0.0, "signal": "NONE", "reason": "path_blocked", "user_forward": 2.0, "forward": 0.0, "turn": 0.0, "intervened": true}
REFLEXGUARD_DECISION={"t_ms": 58400, "left": 4.802723814210969e-80, "right": 9.825960329321566e-55, "left_area": 0.0, "right_area": 0.0, "escape": 0.0, "signal": "NONE", "reason": "path_blocked", "user_forward": 2.0, "forward": 0.0, "turn": 0.0, "intervened": true}
REFLEXGUARD_DECISION={"t_ms": 58912, "left": 1.5815968131566508e-81, "right": 3.2358112071892733e-56, "left_area": 0.0, "right_area": 0.0, "escape": 0.0, "signal": "NONE", "reason": "path_blocked", "user_forward": 2.0, "forward": 0.0, "turn": 0.0, "intervened": true}
REFLEXGUARD_DECISION={"t_ms": 59424, "left": 5.2083954359100144e-83, "right": 1.0655929616697973e-57, "left_area": 0.0, "right_area": 0.0, "escape": 0.0, "signal": "NONE", "reason": "path_blocked", "user_forward": 2.0, "forward": 0.0, "turn": 0.0, "intervened": true}
REFLEXGUARD_DECISION={"t_ms": 59936, "left": 1.715189534472171e-84, "right": 3.509130438257337e-59, "left_area": 0.0, "right_area": 0.0, "escape": 0.0, "signal": "NONE", "reason": "path_blocked", "user_forward": 2.0, "forward": 0.0, "turn": 0.0, "intervened": true}
REFLEXGUARD_RESULT={"min_pedestrian_travel_m":29.952000000000012,"world":"corridor_demo","drive":"forward","duration_s":60.0,"collision":false,"collision_events":0,"min_clearance_estimate_m":0.0,"displacement_m":43.02245907797788,"yaw_change_rad":0.9985157793079512,"camera_frames":1874,"camera_pixel_range":190,"camera_width":160,"camera_height":120,"remote_stop_steps":0,"remote_interventions":0,"control_failures":0,"navigation_steps":1319,"recoveries":1,"passed_obstacles":4,"brain_steps":1874,"interventions":1718,"stop_steps":442,"brain_failures":0,"max_looming":0.9996632575722193,"final_forward":0.0}
INFO: wheelchair: Terminating.
INFO: pedestrian: Terminating.
INFO: pedestrian: Terminating.
INFO: scenario: Terminating.
{"min_pedestrian_travel_m":29.952000000000012,"world":"corridor_demo","drive":"forward","duration_s":60.0,"collision":false,"collision_events":0,"min_clearance_estimate_m":0.0,"displacement_m":43.02245907797788,"yaw_change_rad":0.9985157793079512,"camera_frames":1874,"camera_pixel_range":190,"camera_width":160,"camera_height":120,"remote_stop_steps":0,"remote_interventions":0,"control_failures":0,"navigation_steps":1319,"recoveries":1,"passed_obstacles":4,"brain_steps":1874,"interventions":1718,"stop_steps":442,"brain_failures":0,"max_looming":0.9996632575722193,"final_forward":0.0}
Pipeline check failed; inspect the scenario result.
INFO:     Started server process [184100]
INFO:     Waiting for application startup.
INFO:     Application startup complete.
INFO:     Uvicorn running on https://127.0.0.1:8443 (Press CTRL+C to quit)
INFO:     Shutting down
INFO:     Waiting for application shutdown.
INFO:     Application shutdown complete.
INFO:     Finished server process [184100]

