INFO: wheelchair: Starting controller: /tmp/reflexguard-settings/.venv/bin/python -u wheelchair.py
INFO: pedestrian: Starting controller: python3 -u pedestrian.py "--trajectory=8 4.5, 8 -4.5" --speed=0.6
INFO: pedestrian: Starting controller: python3 -u pedestrian.py "--trajectory=24 -4.5, 24 4.5" --speed=0.5
INFO: scenario: Starting controller: /tmp/reflexguard-settings/.venv/bin/python -u scenario.py
REFLEXGUARD_CALIBRATION={"drive_speed":2.0,"dark_threshold":140,"area_floor":0.008,"area_tau_s":0.12,"looming_tau_s":0.15,"expansion_scale":1.0,"stop_on":0.25,"stop_off":0.12,"turn_on":0.35,"turn_off":0.1,"turn_gain":0.3,"max_turn":1.2,"deceleration":2.0,"release_ms":500}
REFLEXGUARD_RANGES={"heading": 0.0, "nearest": [5.712762355804443, 4.4705986976623535, 3.4404611587524414, 4.470598220825195]}
REFLEXGUARD_DECISION={"t_ms": 32, "left": 0.0, "right": 0.0, "left_area": 0.0015625, "right_area": 0.0015625, "escape": 0.0, "signal": "NONE", "reason": "user", "user_forward": 2.0, "forward": 2.0, "turn": 0.0, "intervened": false}
REFLEXGUARD_DECISION={"t_ms": 544, "left": 0.04676940217741512, "right": 0.0701542912412238, "left_area": 0.0015625, "right_area": 0.0015625, "escape": 0.0, "signal": "NONE", "reason": "user", "user_forward": 2.0, "forward": 2.0, "turn": 0.0, "intervened": false}
REFLEXGUARD_DECISION={"t_ms": 1056, "left": 0.09510943461546585, "right": 0.4787291153960727, "left_area": 0.00234375, "right_area": 0.003515625, "escape": 0.19804479291703497, "signal": "LEFT", "reason": "user", "user_forward": 2.0, "forward": 2.0, "turn": 0.0, "intervened": false}
REFLEXGUARD_DECISION={"t_ms": 1568, "left": 0.16559007991995478, "right": 0.13114514529096913, "left_area": 0.003125, "right_area": 0.00390625, "escape": 0.0, "signal": "NONE", "reason": "user", "user_forward": 2.0, "forward": 2.0, "turn": 0.0, "intervened": false}
REFLEXGUARD_DECISION={"t_ms": 2080, "left": 0.46609257544430427, "right": 0.17712592865144833, "left_area": 0.0048177083333333336, "right_area": 0.004427083333333333, "escape": 0.17860396222200658, "signal": "NONE", "reason": "user", "user_forward": 2.0, "forward": 2.0, "turn": 0.0, "intervened": false}
REFLEXGUARD_DECISION={"t_ms": 2592, "left": 0.2990048516282, "right": 0.5394264015009356, "left_area": 0.0049479166666666664, "right_area": 0.006640625, "escape": 0.29142523307836243, "signal": "STOP", "reason": "avoid_left", "user_forward": 2.0, "forward": 1.5, "turn": 0.4, "intervened": true}
REFLEXGUARD_DECISION={"t_ms": 3104, "left": 0.009846602443684996, "right": 0.9848327373426139, "left_area": 0.0, "right_area": 0.015625, "escape": 0.9766657497578676, "signal": "STOP", "reason": "avoid_left", "user_forward": 2.0, "forward": 1.5, "turn": 0.4, "intervened": true}
REFLEXGUARD_DECISION={"t_ms": 3616, "left": 0.000324260891273241, "right": 0.7336257507100573, "left_area": 0.0, "right_area": 0.022265625, "escape": 0.5901934626308574, "signal": "STOP", "reason": "control_recovering", "user_forward": 2.0, "forward": 1.5, "turn": -0.5191074465958405, "intervened": true}
REFLEXGUARD_DECISION={"t_ms": 4128, "left": 0.12109303206109345, "right": 0.5132352037987542, "left_area": 0.000390625, "right_area": 0.028645833333333332, "escape": 0.25113108276731416, "signal": "STOP", "reason": "control_recovering", "user_forward": 2.0, "forward": 1.5, "turn": -0.33088454797245487, "intervened": true}
REFLEXGUARD_DECISION={"t_ms": 4640, "left": 0.04114381808144536, "right": 0.592675257012919, "left_area": 0.0, "right_area": 0.03528645833333333, "escape": 0.37334654925064464, "signal": "STOP", "reason": "control_recovering", "user_forward": 2.0, "forward": 1.5, "turn": -0.4398150996069038, "intervened": true}
REFLEXGUARD_DECISION={"t_ms": 5152, "left": 0.0013549172110660234, "right": 0.8532456530387403, "left_area": 0.0, "right_area": 0.061328125, "escape": 0.7742240815980621, "signal": "STOP", "reason": "avoid_left", "user_forward": 2.0, "forward": 1.5, "turn": 0.4, "intervened": true}
REFLEXGUARD_DECISION={"t_ms": 5664, "left": 4.46191125288594e-05, "right": 0.9951671964399863, "left_area": 0.0, "right_area": 0.13125, "escape": 0.9925649175999789, "signal": "STOP", "reason": "avoid_passing", "user_forward": 2.0, "forward": 1.5, "turn": 0.0, "intervened": true}
REFLEXGUARD_DECISION={"t_ms": 6176, "left": 1.469362988825452e-06, "right": 0.8015166808158248, "left_area": 0.0, "right_area": 0.24778645833333332, "escape": 0.6946410474089613, "signal": "STOP", "reason": "avoid_passing", "user_forward": 2.0, "forward": 1.5, "turn": 0.0, "intervened": true}
REFLEXGUARD_DECISION={"t_ms": 6688, "left": 4.8387954635664665e-08, "right": 0.07282188805750606, "left_area": 0.0, "right_area": 0.18515625, "escape": 0.0, "signal": "NONE", "reason": "avoid_passing", "user_forward": 2.0, "forward": 2.0, "turn": 0.0, "intervened": false}
REFLEXGUARD_DECISION={"t_ms": 7200, "left": 1.5934756568863587e-09, "right": 0.002398115538915782, "left_area": 0.0, "right_area": 0.008463541666666666, "escape": 0.0, "signal": "NONE", "reason": "control_recovering", "user_forward": 2.0, "forward": 2.0, "turn": -1.0429173875632862, "intervened": true}
REFLEXGUARD_DECISION={"t_ms": 7712, "left": 0.19211320332248394, "right": 0.12412934682437406, "left_area": 0.001171875, "right_area": 0.007942708333333333, "escape": 0.0, "signal": "NONE", "reason": "control_recovering", "user_forward": 2.0, "forward": 2.0, "turn": -0.6846380506284672, "intervened": true}
REFLEXGUARD_DECISION={"t_ms": 8224, "left": 0.970461738016911, "right": 0.004087734105711847, "left_area": 0.012109375, "right_area": 0.00078125, "escape": 0.954556520026017, "signal": "STOP", "reason": "control_recovering", "user_forward": 2.0, "forward": 1.5, "turn": -0.37040011107788195, "intervened": true}
REFLEXGUARD_DECISION={"t_ms": 8736, "left": 0.614160658650821, "right": 0.00013461417905180455, "left_area": 0.015104166666666667, "right_area": 0.0, "escape": 0.40640101330895545, "signal": "STOP", "reason": "control_recovering", "user_forward": 2.0, "forward": 1.5, "turn": -0.1498960587130868, "intervened": true}
REFLEXGUARD_DECISION={"t_ms": 9248, "left": 0.6408386000470253, "right": 4.433012699253261e-06, "left_area": 0.021614583333333333, "right_area": 0.0, "escape": 0.44744400007234664, "signal": "STOP", "reason": "control_recovering", "user_forward": 2.0, "forward": 1.5, "turn": 0.03896799792438671, "intervened": true}
REFLEXGUARD_DECISION={"t_ms": 9760, "left": 0.5716674060390308, "right": 1.4598463349227142e-07, "left_area": 0.028385416666666666, "right_area": 0.0, "escape": 0.3410267785215858, "signal": "STOP", "reason": "control_recovering", "user_forward": 2.0, "forward": 1.5, "turn": 0.12510544170062482, "intervened": true}
REFLEXGUARD_DECISION={"t_ms": 10272, "left": 0.6176092780624691, "right": 4.807455936109257e-09, "left_area": 0.03997395833333333, "right_area": 0.0, "escape": 0.4117065816345679, "signal": "STOP", "reason": "control_recovering", "user_forward": 2.0, "forward": 1.5, "turn": 0.09066784323476632, "intervened": true}
REFLEXGUARD_DECISION={"t_ms": 10784, "left": 0.7686391692147556, "right": 0.297491448757383, "left_area": 0.05911458333333333, "right_area": 0.0009114583333333333, "escape": 0.6440602603303932, "signal": "STOP", "reason": "control_recovering", "user_forward": 2.0, "forward": 1.5, "turn": 0.08288239852629394, "intervened": true}
REFLEXGUARD_DECISION={"t_ms": 11296, "left": 0.9824442889394097, "right": 0.7039505671606268, "left_area": 0.10716145833333333, "right_area": 0.004166666666666667, "escape": 0.9729912137529381, "signal": "STOP", "reason": "control_recovering", "user_forward": 2.0, "forward": 1.5, "turn": 0.07817598027850972, "intervened": true}
REFLEXGUARD_DECISION={"t_ms": 11808, "left": 0.956399535882847, "right": 0.15339617229683616, "left_area": 0.2171875, "right_area": 0.005208333333333333, "escape": 0.9329223628966876, "signal": "STOP", "reason": "risk_monitoring", "user_forward": 2.0, "forward": 1.5, "turn": 0.0, "intervened": true}
REFLEXGUARD_DECISION={"t_ms": 12320, "left": 0.11249022834038759, "right": 0.06243444685436825, "left_area": 0.20729166666666668, "right_area": 0.005859375, "escape": 0.0, "signal": "NONE", "reason": "user", "user_forward": 2.0, "forward": 2.0, "turn": 0.0, "intervened": false}
REFLEXGUARD_DECISION={"t_ms": 12832, "left": 0.003704443427039957, "right": 0.5557806004085151, "left_area": 0.022005208333333335, "right_area": 0.008333333333333333, "escape": 0.3165855390900232, "signal": "STOP", "reason": "risk_monitoring", "user_forward": 2.0, "forward": 1.5, "turn": 0.0, "intervened": true}
REFLEXGUARD_DECISION={"t_ms": 13344, "left": 0.00012199193926973816, "right": 0.5930795816754483, "left_area": 0.00625, "right_area": 0.0109375, "escape": 0.37396858719299736, "signal": "STOP", "reason": "control_recovering", "user_forward": 2.0, "forward": 1.5, "turn": 0.29166669994946814, "intervened": true}
REFLEXGUARD_DECISION={"t_ms": 13856, "left": 4.017346610873473e-06, "right": 0.9478880906908582, "left_area": 0.0, "right_area": 0.022005208333333335, "escape": 0.9198278318320896, "signal": "STOP", "reason": "control_recovering", "user_forward": 2.0, "forward": 1.5, "turn": 0.20659791817524675, "intervened": true}
REFLEXGUARD_DECISION={"t_ms": 14368, "left": 1.3229623111582188e-07, "right": 0.7120265631612906, "left_area": 0.0, "right_area": 0.029036458333333334, "escape": 0.5569639433250626, "signal": "STOP", "reason": "control_recovering", "user_forward": 2.0, "forward": 1.5, "turn": 0.10171112456721701, "intervened": true}
REFLEXGUARD_DECISION={"t_ms": 14880, "left": 4.356679784631655e-09, "right": 0.7098630563257304, "left_area": 0.0, "right_area": 0.03984375, "escape": 0.5536354712703545, "signal": "STOP", "reason": "control_recovering", "user_forward": 2.0, "forward": 1.5, "turn": 0.03538242707213087, "intervened": true}
REFLEXGUARD_DECISION={"t_ms": 15392, "left": 1.4347089547245726e-10, "right": 0.7839263165326964, "left_area": 0.0, "right_area": 0.06015625, "escape": 0.6675789485118406, "signal": "STOP", "reason": "risk_monitoring", "user_forward": 2.0, "forward": 1.5, "turn": 0.0, "intervened": true}
REFLEXGUARD_DECISION={"t_ms": 15904, "left": 4.72467540999437e-12, "right": 0.8835751688107346, "left_area": 0.0, "right_area": 0.09401041666666667, "escape": 0.8208848750934379, "signal": "STOP", "reason": "risk_monitoring", "user_forward": 2.0, "forward": 1.5, "turn": 0.0, "intervened": true}
REFLEXGUARD_DECISION={"t_ms": 16416, "left": 1.5558945008530202e-13, "right": 0.9878553935502772, "left_area": 0.0, "right_area": 0.165625, "escape": 0.9813159900773495, "signal": "STOP", "reason": "risk_monitoring", "user_forward": 2.0, "forward": 1.5, "turn": 0.0, "intervened": true}
REFLEXGUARD_DECISION={"t_ms": 16928, "left": 5.123754517958628e-15, "right": 0.9996000629725763, "left_area": 0.0, "right_area": 0.36744791666666665, "escape": 0.999384712265502, "signal": "STOP", "reason": "risk_monitoring", "user_forward": 2.0, "forward": 1.5, "turn": 0.0, "intervened": true}
REFLEXGUARD_DECISION={"t_ms": 17440, "left": 1.6873162252266014e-16, "right": 0.5234945986386685, "left_area": 0.0, "right_area": 0.46901041666666665, "escape": 0.26691476713641316, "signal": "STOP", "reason": "risk_monitoring", "user_forward": 2.0, "forward": 1.5, "turn": 0.0, "intervened": true}
REFLEXGUARD_DECISION={"t_ms": 17952, "left": 5.5565426367210986e-18, "right": 0.01836417508148395, "left_area": 0.0, "right_area": 0.0048177083333333336, "escape": 0.0, "signal": "NONE", "reason": "user", "user_forward": 2.0, "forward": 2.0, "turn": 0.0, "intervened": false}
REFLEXGUARD_DECISION={"t_ms": 18464, "left": 1.8298387470050562e-19, "right": 0.0006047551745362543, "left_area": 0.0, "right_area": 0.015364583333333333, "escape": 0.0, "signal": "NONE", "reason": "user", "user_forward": 2.0, "forward": 2.0, "turn": 0.0, "intervened": false}
REFLEXGUARD_DECISION={"t_ms": 18976, "left": 6.025887064940915e-21, "right": 0.8818890079533839, "left_area": 0.0, "right_area": 0.028776041666666665, "escape": 0.8182907814667444, "signal": "STOP", "reason": "control_recovering", "user_forward": 2.0, "forward": 1.5, "turn": -0.17767151119800528, "intervened": true}
REFLEXGUARD_DECISION={"t_ms": 19488, "left": 1.9843997171255603e-22, "right": 0.9376936934838442, "left_area": 0.0, "right_area": 0.049479166666666664, "escape": 0.9041441438212988, "signal": "STOP", "reason": "control_recovering", "user_forward": 2.0, "forward": 1.5, "turn": -0.09005306338931537, "intervened": true}
REFLEXGUARD_DECISION={"t_ms": 20000, "left": 6.5348756040229806e-24, "right": 0.9918567472703115, "left_area": 0.0, "right_area": 0.097265625, "escape": 0.9874719188774023, "signal": "STOP", "reason": "risk_monitoring", "user_forward": 2.0, "forward": 1.5, "turn": 0.0, "intervened": true}
REFLEXGUARD_DECISION={"t_ms": 20512, "left": 2.152015987077096e-25, "right": 0.9099826409502326, "left_area": 0.0, "right_area": 0.18841145833333334, "escape": 0.8615117553080502, "signal": "STOP", "reason": "risk_monitoring", "user_forward": 2.0, "forward": 1.5, "turn": 0.0, "intervened": true}
REFLEXGUARD_DECISION={"t_ms": 21024, "left": 7.086856872660862e-27, "right": 0.05736525695750096, "left_area": 0.0, "right_area": 0.0, "escape": 0.0, "signal": "NONE", "reason": "user", "user_forward": 2.0, "forward": 2.0, "turn": 0.0, "intervened": false}
REFLEXGUARD_CONTACT={"t_ms": 21472, "x": 8.114567329670862, "y": 0.10045771174568689, "hazards": ["OBSTACLE"]}
REFLEXGUARD_DECISION={"t_ms": 21536, "left": 2.3337902987326297e-28, "right": 0.0018891094116516793, "left_area": 0.0, "right_area": 0.0, "escape": 0.0, "signal": "NONE", "reason": "avoid_passing", "user_forward": 2.0, "forward": 0.3, "turn": 0.0, "intervened": true}
REFLEXGUARD_DECISION={"t_ms": 22048, "left": 7.685462337287955e-30, "right": 6.221072751116325e-05, "left_area": 0.0, "right_area": 0.0, "escape": 0.0, "signal": "NONE", "reason": "path_blocked", "user_forward": 2.0, "forward": 0.0, "turn": 0.0, "intervened": true}
REFLEXGUARD_DECISION={"t_ms": 22560, "left": 2.530918539251267e-31, "right": 2.0486767963770013e-06, "left_area": 0.0, "right_area": 0.0, "escape": 0.0, "signal": "NONE", "reason": "path_blocked", "user_forward": 2.0, "forward": 0.0, "turn": 0.0, "intervened": true}
REFLEXGUARD_DECISION={"t_ms": 23072, "left": 8.334630203374537e-33, "right": 6.746548037491442e-08, "left_area": 0.0, "right_area": 0.0, "escape": 0.0, "signal": "NONE", "reason": "avoid_left", "user_forward": 2.0, "forward": 2.0, "turn": 0.42872553955767023, "intervened": true}
REFLEXGUARD_DECISION={"t_ms": 23584, "left": 2.7446976087801525e-34, "right": 2.2217223577029135e-09, "left_area": 0.0, "right_area": 0.0, "escape": 0.0, "signal": "NONE", "reason": "avoid_left", "user_forward": 2.0, "forward": 0.3, "turn": 0.4, "intervened": true}
REFLEXGUARD_DECISION={"t_ms": 24096, "left": 9.038631324750754e-36, "right": 7.316408639331877e-11, "left_area": 0.0, "right_area": 0.0, "escape": 0.0, "signal": "NONE", "reason": "avoid_left", "user_forward": 2.0, "forward": 0.65, "turn": 0.4, "intervened": true}
REFLEXGUARD_DECISION={"t_ms": 24608, "left": 2.976533952717463e-37, "right": 2.4093845566300103e-12, "left_area": 0.0, "right_area": 0.0, "escape": 0.0, "signal": "NONE", "reason": "avoid_left", "user_forward": 2.0, "forward": 2.0, "turn": 0.4, "intervened": true}
REFLEXGUARD_DECISION={"t_ms": 25120, "left": 9.802097301412125e-39, "right": 7.934403650610344e-14, "left_area": 0.0, "right_area": 0.0, "escape": 0.0, "signal": "NONE", "reason": "avoid_passing", "user_forward": 2.0, "forward": 2.0, "turn": 0.0, "intervened": false}
REFLEXGUARD_DECISION={"t_ms": 25632, "left": 3.227952814669977e-40, "right": 2.612898016532203e-15, "left_area": 0.0, "right_area": 0.0, "escape": 0.0, "signal": "NONE", "reason": "avoid_left", "user_forward": 2.0, "forward": 0.65, "turn": 0.4, "intervened": true}
REFLEXGUARD_DECISION={"t_ms": 26144, "left": 1.0630050950662094e-41, "right": 8.604598839980552e-17, "left_area": 0.0, "right_area": 0.0, "escape": 0.0, "signal": "NONE", "reason": "avoid_left", "user_forward": 2.0, "forward": 0.65, "turn": 0.4, "intervened": true}
REFLEXGUARD_DECISION={"t_ms": 26656, "left": 3.5006082709800954e-43, "right": 2.833601645702888e-18, "left_area": 0.0, "right_area": 0.0, "escape": 0.0, "signal": "NONE", "reason": "control_recovering", "user_forward": 2.0, "forward": 2.0, "turn": -0.6189305055317065, "intervened": true}
REFLEXGUARD_DECISION={"t_ms": 27168, "left": 1.1527939352060207e-44, "right": 9.331403399334152e-20, "left_area": 0.0, "right_area": 0.0, "escape": 0.0, "signal": "NONE", "reason": "control_recovering", "user_forward": 2.0, "forward": 2.0, "turn": -0.6480721747693512, "intervened": true}
REFLEXGUARD_DECISION={"t_ms": 27680, "left": 3.796294112839167e-46, "right": 3.0729474459881435e-21, "left_area": 0.0, "right_area": 0.0, "escape": 0.0, "signal": "NONE", "reason": "avoid_left", "user_forward": 2.0, "forward": 0.65, "turn": 0.4, "intervened": true}
REFLEXGUARD_DECISION={"t_ms": 28192, "left": 1.250166968357768e-47, "right": 1.011959895172774e-22, "left_area": 0.0, "right_area": 0.0, "escape": 0.0, "signal": "NONE", "reason": "avoid_passing", "user_forward": 2.0, "forward": 0.65, "turn": 0.0, "intervened": true}
REFLEXGUARD_DECISION={"t_ms": 28704, "left": 4.116955647580159e-49, "right": 0.3658848383113976, "left_area": 0.0, "right_area": 0.001171875, "escape": 0.0244382127867656, "signal": "LEFT", "reason": "control_recovering", "user_forward": 2.0, "forward": 2.0, "turn": -1.0131520965301792, "intervened": true}
REFLEXGUARD_DECISION={"t_ms": 29216, "left": 1.3557648084725015e-50, "right": 0.4994797882845248, "left_area": 0.0, "right_area": 0.002734375, "escape": 0.22996890505311507, "signal": "LEFT", "reason": "avoid_passing", "user_forward": 2.0, "forward": 0.65, "turn": 0.0, "intervened": true}
REFLEXGUARD_DECISION={"t_ms": 29728, "left": 4.46470249678999e-52, "right": 0.7204207443577927, "left_area": 0.0, "right_area": 0.005598958333333333, "escape": 0.569878068242758, "signal": "STOP", "reason": "control_recovering", "user_forward": 2.0, "forward": 1.5, "turn": -1.2, "intervened": true}
REFLEXGUARD_DECISION={"t_ms": 30240, "left": 1.470282180233112e-53, "right": 0.1851423558544045, "left_area": 0.0, "right_area": 0.0, "escape": 0.0, "signal": "NONE", "reason": "avoid_left", "user_forward": 2.0, "forward": 0.65, "turn": 0.4, "intervened": true}
REFLEXGUARD_DECISION={"t_ms": 30752, "left": 4.841822475439883e-55, "right": 0.006096968539669145, "left_area": 0.0, "right_area": 0.0, "escape": 0.0, "signal": "NONE", "reason": "avoid_passing", "user_forward": 2.0, "forward": 0.3, "turn": 0.0, "intervened": true}
REFLEXGUARD_DECISION={"t_ms": 31264, "left": 1.594472489624943e-56, "right": 0.00020078077327128797, "left_area": 0.0, "right_area": 0.0, "escape": 0.0, "signal": "NONE", "reason": "avoid_passing", "user_forward": 2.0, "forward": 0.3, "turn": 0.0, "intervened": true}
REFLEXGUARD_DECISION={"t_ms": 31776, "left": 5.250796643344076e-58, "right": 6.611961116926468e-06, "left_area": 0.0, "right_area": 0.0, "escape": 0.0, "signal": "NONE", "reason": "avoid_passing", "user_forward": 2.0, "forward": 0.3, "turn": 0.0, "intervened": true}
REFLEXGUARD_DECISION={"t_ms": 32288, "left": 1.7291527805687456e-59, "right": 2.177401207269844e-07, "left_area": 0.0, "right_area": 0.0, "escape": 0.0, "signal": "NONE", "reason": "avoid_passing", "user_forward": 2.0, "forward": 0.3, "turn": 0.0, "intervened": true}
REFLEXGUARD_DECISION={"t_ms": 32800, "left": 5.694315627969937e-61, "right": 7.170453566768758e-09, "left_area": 0.0, "right_area": 0.0, "escape": 0.0, "signal": "NONE", "reason": "avoid_passing", "user_forward": 2.0, "forward": 0.3, "turn": 0.0, "intervened": true}
REFLEXGUARD_DECISION={"t_ms": 33312, "left": 1.8752091102254996e-62, "right": 2.3613197320513357e-10, "left_area": 0.0, "right_area": 0.0, "escape": 0.0, "signal": "NONE", "reason": "avoid_passing", "user_forward": 2.0, "forward": 0.3, "turn": 0.0, "intervened": true}
REFLEXGUARD_DECISION={"t_ms": 33824, "left": 6.17529732598671e-64, "right": 7.776120192474299e-12, "left_area": 0.0, "right_area": 0.0, "escape": 0.0, "signal": "NONE", "reason": "avoid_left", "user_forward": 2.0, "forward": 0.3, "turn": 0.4, "intervened": true}
REFLEXGUARD_DECISION={"t_ms": 34336, "left": 2.033602378337041e-65, "right": 2.5607733009233986e-13, "left_area": 0.0, "right_area": 0.0, "escape": 0.0, "signal": "NONE", "reason": "avoid_left", "user_forward": 2.0, "forward": 0.3, "turn": 0.4, "intervened": true}
REFLEXGUARD_DECISION={"t_ms": 34848, "left": 6.696906100010783e-67, "right": 8.432945654657578e-15, "left_area": 0.0, "right_area": 0.0, "escape": 0.0, "signal": "NONE", "reason": "avoid_left", "user_forward": 2.0, "forward": 0.3, "turn": 0.4, "intervened": true}
REFLEXGUARD_DECISION={"t_ms": 35360, "left": 2.205374648953554e-68, "right": 2.7770741122911836e-16, "left_area": 0.0, "right_area": 0.0, "escape": 0.0, "signal": "NONE", "reason": "avoid_left", "user_forward": 2.0, "forward": 0.3, "turn": 0.4, "intervened": true}
REFLEXGUARD_DECISION={"t_ms": 35872, "left": 7.26257359684225e-70, "right": 9.145251186219129e-18, "left_area": 0.0, "right_area": 0.0, "escape": 0.0, "signal": "NONE", "reason": "avoid_left", "user_forward": 2.0, "forward": 0.3, "turn": 1.2, "intervened": true}
REFLEXGUARD_DECISION={"t_ms": 36384, "left": 2.391656006138348e-71, "right": 3.011645202008674e-19, "left_area": 0.0, "right_area": 0.0, "escape": 0.0, "signal": "NONE", "reason": "avoid_right", "user_forward": 2.0, "forward": 0.0, "turn": -0.4, "intervened": true}
REFLEXGUARD_DECISION={"t_ms": 36896, "left": 7.876021324155234e-73, "right": 9.917723021593273e-21, "left_area": 0.0, "right_area": 0.0, "escape": 0.0, "signal": "NONE", "reason": "avoid_right", "user_forward": 2.0, "forward": 0.0, "turn": -0.4, "intervened": true}
REFLEXGUARD_DECISION={"t_ms": 37408, "left": 2.593671988753372e-74, "right": 3.2660298054843e-22, "left_area": 0.0, "right_area": 0.0, "escape": 0.0, "signal": "NONE", "reason": "avoid_left", "user_forward": 2.0, "forward": 0.3, "turn": 1.2, "intervened": true}
REFLEXGUARD_DECISION={"t_ms": 37920, "left": 8.541285134173263e-76, "right": 1.0755443227328787e-23, "left_area": 0.0, "right_area": 0.0, "escape": 0.0, "signal": "NONE", "reason": "avoid_left", "user_forward": 2.0, "forward": 0.3, "turn": 0.4, "intervened": true}
REFLEXGUARD_DECISION={"t_ms": 38432, "left": 2.8127516532386866e-77, "right": 3.5419015105754456e-25, "left_area": 0.0, "right_area": 0.0, "escape": 0.0, "signal": "NONE", "reason": "avoid_right", "user_forward": 2.0, "forward": 0.0, "turn": -0.4, "intervened": true}
REFLEXGUARD_DECISION={"t_ms": 38944, "left": 9.26274177540702e-79, "right": 1.1663923136835992e-26, "left_area": 0.0, "right_area": 0.0, "escape": 0.0, "signal": "NONE", "reason": "avoid_right", "user_forward": 2.0, "forward": 0.0, "turn": -0.4, "intervened": true}
REFLEXGUARD_DECISION={"t_ms": 39456, "left": 3.0503363174306395e-80, "right": 3.841075268067369e-28, "left_area": 0.0, "right_area": 0.0, "escape": 0.0, "signal": "NONE", "reason": "avoid_right", "user_forward": 2.0, "forward": 0.0, "turn": -0.4, "intervened": true}
REFLEXGUARD_DECISION={"t_ms": 39968, "left": 1.0045137687137413e-81, "right": 1.264913960926616e-29, "left_area": 0.0, "right_area": 0.0, "escape": 0.0, "signal": "NONE", "reason": "avoid_right", "user_forward": 2.0, "forward": 0.0, "turn": -0.4, "intervened": true}
REFLEXGUARD_DECISION={"t_ms": 40480, "left": 3.307989042944042e-83, "right": 4.165519332174141e-31, "left_area": 0.0, "right_area": 0.0, "escape": 0.0, "signal": "NONE", "reason": "avoid_left", "user_forward": 2.0, "forward": 0.3, "turn": 1.2, "intervened": true}
REFLEXGUARD_DECISION={"t_ms": 40992, "left": 1.0893620226081971e-84, "right": 1.3717574351069366e-32, "left_area": 0.0, "right_area": 0.0, "escape": 0.0, "signal": "NONE", "reason": "avoid_left", "user_forward": 2.0, "forward": 0.3, "turn": 1.2, "intervened": true}
REFLEXGUARD_DECISION={"t_ms": 41504, "left": 3.587404918502618e-86, "right": 4.517368209617749e-34, "left_area": 0.0, "right_area": 0.0, "escape": 0.0, "signal": "NONE", "reason": "avoid_left", "user_forward": 2.0, "forward": 0.3, "turn": 1.2, "intervened": true}
REFLEXGUARD_DECISION={"t_ms": 42016, "left": 0.5655072205591303, "right": 1.4876256558925993e-35, "left_area": 0.011067708333333334, "right_area": 0.0, "escape": 0.3315495700909697, "signal": "STOP", "reason": "control_recovering", "user_forward": 2.0, "forward": 1.5, "turn": 1.2, "intervened": true}
REFLEXGUARD_DECISION={"t_ms": 42528, "left": 0.43596815542400846, "right": 0.06861611436691432, "left_area": 0.00859375, "right_area": 0.000390625, "escape": 0.13225870065232073, "signal": "RIGHT", "reason": "avoid_left", "user_forward": 2.0, "forward": 0.3, "turn": 1.2, "intervened": true}
REFLEXGUARD_DECISION={"t_ms": 43040, "left": 0.046564424400188695, "right": 0.7472099985122337, "left_area": 0.001171875, "right_area": 0.006119791666666667, "escape": 0.6110923054034365, "signal": "STOP", "reason": "avoid_left", "user_forward": 2.0, "forward": 0.65, "turn": 1.2, "intervened": true}
REFLEXGUARD_DECISION={"t_ms": 43552, "left": 0.0037857307181224046, "right": 0.8194570472816655, "left_area": 0.0, "right_area": 0.014583333333333334, "escape": 0.7222416112025623, "signal": "STOP", "reason": "avoid_left", "user_forward": 2.0, "forward": 0.65, "turn": 1.2, "intervened": true}
REFLEXGUARD_DECISION={"t_ms": 44064, "left": 0.00012466883108154146, "right": 0.38058251671833765, "left_area": 0.0, "right_area": 0.00625, "escape": 0.047050025720519494, "signal": "LEFT", "reason": "avoid_left", "user_forward": 2.0, "forward": 0.65, "turn": 0.8, "intervened": true}
REFLEXGUARD_DECISION={"t_ms": 44576, "left": 4.105499994713406e-06, "right": 0.05690655067704649, "left_area": 0.0, "right_area": 0.0, "escape": 0.0, "signal": "NONE", "reason": "avoid_left", "user_forward": 2.0, "forward": 2.0, "turn": 0.4, "intervened": true}
REFLEXGUARD_DECISION={"t_ms": 45088, "left": 1.3519923192002523e-07, "right": 0.001874003642104926, "left_area": 0.0, "right_area": 0.0, "escape": 0.0, "signal": "NONE", "reason": "avoid_left", "user_forward": 2.0, "forward": 0.3, "turn": 0.4, "intervened": true}
REFLEXGUARD_DECISION={"t_ms": 45600, "left": 4.452279219413509e-09, "right": 6.171327569216148e-05, "left_area": 0.0, "right_area": 0.0, "escape": 0.0, "signal": "NONE", "reason": "avoid_left", "user_forward": 2.0, "forward": 0.3, "turn": 0.4, "intervened": true}
REFLEXGUARD_DECISION={"t_ms": 46112, "left": 1.4661910401493405e-10, "right": 2.0322950879534568e-06, "left_area": 0.0, "right_area": 0.0, "escape": 0.0, "signal": "NONE", "reason": "avoid_left", "user_forward": 2.0, "forward": 0.3, "turn": 0.4, "intervened": true}
REFLEXGUARD_DECISION={"t_ms": 46624, "left": 4.8283498412244304e-12, "right": 6.692601029837003e-08, "left_area": 0.0, "right_area": 0.0, "escape": 0.0, "signal": "NONE", "reason": "avoid_left", "user_forward": 2.0, "forward": 0.3, "turn": 0.8, "intervened": true}
REFLEXGUARD_DECISION={"t_ms": 47136, "left": 1.5900357832549176e-13, "right": 2.2039569356869454e-09, "left_area": 0.0, "right_area": 0.0, "escape": 0.0, "signal": "NONE", "reason": "avoid_left", "user_forward": 2.0, "forward": 0.3, "turn": 0.4, "intervened": true}
REFLEXGUARD_DECISION={"t_ms": 47648, "left": 5.236186016276616e-15, "right": 7.257904890351566e-11, "left_area": 0.0, "right_area": 0.0, "escape": 0.0, "signal": "NONE", "reason": "avoid_left", "user_forward": 2.0, "forward": 0.3, "turn": 0.4, "intervened": true}
REFLEXGUARD_DECISION={"t_ms": 48160, "left": 1.7243413189686145e-16, "right": 2.39011854290022e-12, "left_area": 0.0, "right_area": 0.0, "escape": 0.0, "signal": "NONE", "reason": "avoid_left", "user_forward": 2.0, "forward": 0.3, "turn": 0.4, "intervened": true}
REFLEXGUARD_DECISION={"t_ms": 48672, "left": 5.6784708852202566e-18, "right": 7.870958266082703e-14, "left_area": 0.0, "right_area": 0.0, "escape": 0.0, "signal": "NONE", "reason": "avoid_left", "user_forward": 2.0, "forward": 0.3, "turn": 0.4, "intervened": true}
REFLEXGUARD_DECISION={"t_ms": 49184, "left": 1.8699912389491976e-19, "right": 2.592004660624145e-15, "left_area": 0.0, "right_area": 0.0, "escape": 0.0, "signal": "NONE", "reason": "avoid_left", "user_forward": 2.0, "forward": 0.3, "turn": 0.4, "intervened": true}
REFLEXGUARD_DECISION={"t_ms": 49696, "left": 6.158114225518508e-21, "right": 8.535794414827986e-17, "left_area": 0.0, "right_area": 0.0, "escape": 0.0, "signal": "NONE", "reason": "avoid_left", "user_forward": 2.0, "forward": 0.3, "turn": 0.4, "intervened": true}
REFLEXGUARD_DECISION={"t_ms": 50208, "left": 2.0279437691827426e-22, "right": 2.8109434909219753e-18, "left_area": 0.0, "right_area": 0.0, "escape": 0.0, "signal": "NONE", "reason": "avoid_left", "user_forward": 2.0, "forward": 0.3, "turn": 0.4, "intervened": true}
REFLEXGUARD_DECISION={"t_ms": 50720, "left": 6.678271594776784e-24, "right": 9.256787271528784e-20, "left_area": 0.0, "right_area": 0.0, "escape": 0.0, "signal": "NONE", "reason": "avoid_left", "user_forward": 2.0, "forward": 0.3, "turn": 0.4, "intervened": true}
REFLEXGUARD_DECISION={"t_ms": 51232, "left": 2.199238074119574e-25, "right": 3.048375425086615e-21, "left_area": 0.0, "right_area": 0.0, "escape": 0.0, "signal": "NONE", "reason": "avoid_left", "user_forward": 2.0, "forward": 0.3, "turn": 0.4, "intervened": true}
REFLEXGUARD_DECISION={"t_ms": 51744, "left": 7.24236509105143e-27, "right": 1.0038680224242965e-22, "left_area": 0.0, "right_area": 0.0, "escape": 0.0, "signal": "NONE", "reason": "avoid_passing", "user_forward": 2.0, "forward": 0.3, "turn": 0.0, "intervened": true}
REFLEXGUARD_DECISION={"t_ms": 52256, "left": 2.3850010933026684e-28, "right": 3.305862519927101e-24, "left_area": 0.0, "right_area": 0.0, "escape": 0.0, "signal": "NONE", "reason": "avoid_left", "user_forward": 2.0, "forward": 0.3, "turn": 0.4, "intervened": true}
REFLEXGUARD_DECISION={"t_ms": 52768, "left": 7.85410586671918e-30, "right": 1.0886617320737416e-25, "left_area": 0.0, "right_area": 0.0, "escape": 0.0, "signal": "NONE", "reason": "avoid_left", "user_forward": 2.0, "forward": 0.3, "turn": 0.4, "intervened": true}
REFLEXGUARD_DECISION={"t_ms": 53280, "left": 2.586454955465476e-31, "right": 3.585098774488463e-27, "left_area": 0.0, "right_area": 0.0, "escape": 0.0, "signal": "NONE", "reason": "avoid_left", "user_forward": 2.0, "forward": 0.3, "turn": 1.2, "intervened": true}
REFLEXGUARD_DECISION={"t_ms": 53792, "left": 0.8891890549907467, "right": 1.18061771110074e-28, "left_area": 0.015234375, "right_area": 0.0, "escape": 0.8295216230626873, "signal": "STOP", "reason": "control_recovering", "user_forward": 2.0, "forward": 1.5, "turn": 1.2, "intervened": true}
REFLEXGUARD_DECISION={"t_ms": 54304, "left": 0.07139559952205925, "right": 3.887921274815173e-30, "left_area": 0.005859375, "right_area": 0.0, "escape": 0.0, "signal": "NONE", "reason": "avoid_left", "user_forward": 2.0, "forward": 0.3, "turn": 1.2, "intervened": true}
REFLEXGUARD_DECISION={"t_ms": 54816, "left": 0.04242615342902064, "right": 0.752788168356402, "left_area": 0.0, "right_area": 0.007421875, "escape": 0.6196741051636955, "signal": "STOP", "reason": "avoid_left", "user_forward": 2.0, "forward": 0.65, "turn": 1.2, "intervened": true}
REFLEXGUARD_DECISION={"t_ms": 55328, "left": 0.0013971461123641166, "right": 0.7836768059798623, "left_area": 0.0, "right_area": 0.016536458333333334, "escape": 0.6671950861228652, "signal": "STOP", "reason": "avoid_left", "user_forward": 2.0, "forward": 0.65, "turn": 1.2, "intervened": true}
REFLEXGUARD_DECISION={"t_ms": 55840, "left": 4.600976288269706e-05, "right": 0.02869044328678464, "left_area": 0.0, "right_area": 0.0, "escape": 0.0, "signal": "NONE", "reason": "avoid_left", "user_forward": 2.0, "forward": 2.0, "turn": 0.8, "intervened": true}
REFLEXGUARD_DECISION={"t_ms": 56352, "left": 1.5151588382835603e-06, "right": 0.0009448120571947791, "left_area": 0.0, "right_area": 0.0, "escape": 0.0, "signal": "NONE", "reason": "avoid_left", "user_forward": 2.0, "forward": 0.65, "turn": 0.4, "intervened": true}
REFLEXGUARD_DECISION={"t_ms": 56864, "left": 4.989606903825486e-08, "right": 3.111383865692349e-05, "left_area": 0.0, "right_area": 0.0, "escape": 0.0, "signal": "NONE", "reason": "avoid_left", "user_forward": 2.0, "forward": 0.65, "turn": 0.4, "intervened": true}
REFLEXGUARD_DECISION={"t_ms": 57376, "left": 1.6431397438770483e-09, "right": 1.0246174872528032e-06, "left_area": 0.0, "right_area": 0.0, "escape": 0.0, "signal": "NONE", "reason": "avoid_left", "user_forward": 2.0, "forward": 0.65, "turn": 0.4, "intervened": true}
REFLEXGUARD_DECISION={"t_ms": 57888, "left": 5.411063977481546e-11, "right": 3.3741930938201224e-08, "left_area": 0.0, "right_area": 0.0, "escape": 0.0, "signal": "NONE", "reason": "avoid_left", "user_forward": 2.0, "forward": 0.65, "turn": 0.4, "intervened": true}
REFLEXGUARD_DECISION={"t_ms": 58400, "left": 1.7819308112718463e-12, "right": 1.1111638417288065e-09, "left_area": 0.0, "right_area": 0.0, "escape": 0.0, "signal": "NONE", "reason": "avoid_left", "user_forward": 2.0, "forward": 0.65, "turn": 0.4, "intervened": true}
REFLEXGUARD_DECISION={"t_ms": 58912, "left": 0.6519539621906076, "right": 3.659201026244945e-11, "left_area": 0.011458333333333333, "right_area": 0.0, "escape": 0.4645445572163195, "signal": "STOP", "reason": "avoid_left", "user_forward": 2.0, "forward": 0.65, "turn": 0.4, "intervened": true}
REFLEXGUARD_DECISION={"t_ms": 59424, "left": 0.19957483523385083, "right": 1.20502050621442e-12, "left_area": 0.007552083333333333, "right_area": 0.0, "escape": 0.0, "signal": "NONE", "reason": "avoid_left", "user_forward": 2.0, "forward": 0.65, "turn": 0.4, "intervened": true}
REFLEXGUARD_DECISION={"t_ms": 59936, "left": 0.014156433462896006, "right": 3.968282720688261e-14, "left_area": 0.006510416666666667, "right_area": 0.0, "escape": 0.0, "signal": "NONE", "reason": "avoid_left", "user_forward": 2.0, "forward": 0.65, "turn": 0.4, "intervened": true}
REFLEXGUARD_RESULT={"min_pedestrian_travel_m":29.952000000000012,"world":"corridor_demo","drive":"forward","duration_s":60.0,"collision":true,"collision_events":1,"min_clearance_estimate_m":0.0,"displacement_m":43.842637951203535,"yaw_change_rad":-0.17518405363315034,"camera_frames":1874,"camera_pixel_range":191,"camera_width":160,"camera_height":120,"remote_stop_steps":0,"remote_interventions":0,"control_failures":0,"navigation_steps":1548,"recoveries":1,"passed_obstacles":4,"brain_steps":1874,"interventions":1677,"stop_steps":40,"brain_failures":0,"max_looming":0.9997389686704766,"final_forward":0.65}
INFO: wheelchair: Terminating.
INFO: pedestrian: Terminating.
INFO: pedestrian: Terminating.
INFO: scenario: Terminating.
{"min_pedestrian_travel_m":29.952000000000012,"world":"corridor_demo","drive":"forward","duration_s":60.0,"collision":true,"collision_events":1,"min_clearance_estimate_m":0.0,"displacement_m":43.842637951203535,"yaw_change_rad":-0.17518405363315034,"camera_frames":1874,"camera_pixel_range":191,"camera_width":160,"camera_height":120,"remote_stop_steps":0,"remote_interventions":0,"control_failures":0,"navigation_steps":1548,"recoveries":1,"passed_obstacles":4,"brain_steps":1874,"interventions":1677,"stop_steps":40,"brain_failures":0,"max_looming":0.9997389686704766,"final_forward":0.65}
Pipeline check failed; inspect the scenario result.
INFO:     Started server process [183871]
INFO:     Waiting for application startup.
INFO:     Application startup complete.
INFO:     Uvicorn running on https://127.0.0.1:8443 (Press CTRL+C to quit)
INFO:     Shutting down
INFO:     Waiting for application shutdown.
INFO:     Application shutdown complete.
INFO:     Finished server process [183871]

