WARNING: DEF PERSON_B Pedestrian: 'name' field value should be unique: 'pedestrian' already used by a sibling Solid node.
INFO: wheelchair: Starting controller: /tmp/reflexguard-settings/.venv/bin/python -u wheelchair.py
INFO: pedestrian: Starting controller: python3 -u pedestrian.py "--trajectory=8 4.5, 8 -4.5" --speed=0.6
INFO: pedestrian: Starting controller: python3 -u pedestrian.py "--trajectory=24 -4.5, 24 4.5" --speed=0.5
INFO: scenario: Starting controller: /tmp/reflexguard-settings/.venv/bin/python -u scenario.py
INFO: pedestrian: refusing connection attempt from another extern controller.
WARNING: 'pedestrian' controller exited with status: 1.
WARNING: 'pedestrian' controller exited with status: 1.
REFLEXGUARD_CALIBRATION={"drive_speed":2.0,"dark_threshold":140,"area_floor":0.008,"area_tau_s":0.12,"looming_tau_s":0.15,"expansion_scale":1.0,"stop_on":0.25,"stop_off":0.12,"turn_on":0.35,"turn_off":0.1,"turn_gain":0.3,"max_turn":1.2,"deceleration":2.0,"release_ms":500}
REFLEXGUARD_RANGES={"heading": 0.0, "nearest": [5.712762355804443, 4.4705986976623535, 3.4404611587524414, 4.4705986976623535]}
REFLEXGUARD_DECISION={"t_ms": 32, "left": 0.0, "right": 0.0, "left_area": 0.0015625, "right_area": 0.0015625, "escape": 0.0, "signal": "NONE", "reason": "user", "user_forward": 2.0, "forward": 2.0, "turn": 0.0, "intervened": false}
REFLEXGUARD_DECISION={"t_ms": 544, "left": 0.04676940217741512, "right": 0.0701542912412238, "left_area": 0.0015625, "right_area": 0.0015625, "escape": 0.0, "signal": "NONE", "reason": "user", "user_forward": 2.0, "forward": 2.0, "turn": 0.0, "intervened": false}
REFLEXGUARD_DECISION={"t_ms": 1056, "left": 0.09510943461546585, "right": 0.4787291153960727, "left_area": 0.00234375, "right_area": 0.003515625, "escape": 0.19804479291703497, "signal": "LEFT", "reason": "user", "user_forward": 2.0, "forward": 2.0, "turn": 0.0, "intervened": false}
REFLEXGUARD_DECISION={"t_ms": 1568, "left": 0.16559007991995478, "right": 0.13114514529096913, "left_area": 0.003125, "right_area": 0.00390625, "escape": 0.0, "signal": "NONE", "reason": "user", "user_forward": 2.0, "forward": 2.0, "turn": 0.0, "intervened": false}
REFLEXGUARD_DECISION={"t_ms": 1760, "left": 0.5378287730933236, "right": 0.13859880923730494, "left_area": 0.0048177083333333336, "right_area": 0.004427083333333333, "escape": 0.2889673432204978, "signal": "STOP", "reason": "risk_monitoring", "user_forward": 2.0, "forward": 1.5, "turn": 0.0, "intervened": true}
REFLEXGUARD_DECISION={"t_ms": 1792, "left": 0.43450476468358645, "right": 0.11197214802531741, "left_area": 0.003125, "right_area": 0.0037760416666666667, "escape": 0.13000733028244071, "signal": "STOP", "reason": "user", "user_forward": 2.0, "forward": 2.0, "turn": 0.0, "intervened": false}
REFLEXGUARD_DECISION={"t_ms": 1888, "left": 0.5338710522846348, "right": 0.19922876804622502, "left_area": 0.0048177083333333336, "right_area": 0.004427083333333333, "escape": 0.2828785419763613, "signal": "STOP", "reason": "risk_monitoring", "user_forward": 2.0, "forward": 1.5, "turn": 0.0, "intervened": true}
REFLEXGUARD_DECISION={"t_ms": 1920, "left": 0.4313073742971033, "right": 0.16095429123332716, "left_area": 0.003125, "right_area": 0.0037760416666666667, "escape": 0.12508826814938973, "signal": "STOP", "reason": "user", "user_forward": 2.0, "forward": 2.0, "turn": 0.0, "intervened": false}
REFLEXGUARD_DECISION={"t_ms": 1984, "left": 0.529119988421214, "right": 0.21017040466213496, "left_area": 0.0048177083333333336, "right_area": 0.004427083333333333, "escape": 0.27556921295571385, "signal": "STOP", "reason": "risk_monitoring", "user_forward": 2.0, "forward": 1.5, "turn": 0.0, "intervened": true}
REFLEXGUARD_DECISION={"t_ms": 2016, "left": 0.4274690525314246, "right": 0.1861052519770082, "left_area": 0.0036458333333333334, "right_area": 0.004296875, "escape": 0.11918315774065324, "signal": "NONE", "reason": "user", "user_forward": 2.0, "forward": 2.0, "turn": 0.0, "intervened": false}
REFLEXGUARD_DECISION={"t_ms": 2400, "left": 0.5254912123425742, "right": 0.4573687356661079, "left_area": 0.005989583333333334, "right_area": 0.005598958333333333, "escape": 0.26998648052703733, "signal": "STOP", "reason": "risk_monitoring", "user_forward": 2.0, "forward": 1.5, "turn": 0.0, "intervened": true}
REFLEXGUARD_DECISION={"t_ms": 2432, "left": 0.42453741224920194, "right": 0.369502162781738, "left_area": 0.004557291666666667, "right_area": 0.0049479166666666664, "escape": 0.11467294192184917, "signal": "NONE", "reason": "user", "user_forward": 2.0, "forward": 2.0, "turn": 0.0, "intervened": false}
REFLEXGUARD_DECISION={"t_ms": 2496, "left": 0.47550728131174147, "right": 0.3872220812747479, "left_area": 0.005989583333333334, "right_area": 0.005598958333333333, "escape": 0.1930881250949869, "signal": "NONE", "reason": "avoid_left", "user_forward": 2.0, "forward": 2.0, "turn": 0.4, "intervened": true}
REFLEXGUARD_DECISION={"t_ms": 3008, "left": 0.018673893260566003, "right": 0.9712355763788713, "left_area": 0.0, "right_area": 0.014583333333333334, "escape": 0.9557470405828788, "signal": "STOP", "reason": "avoid_left", "user_forward": 2.0, "forward": 1.5, "turn": 0.4, "intervened": true}
REFLEXGUARD_DECISION={"t_ms": 3456, "left": 0.0009421976559567805, "right": 0.8789654601486651, "left_area": 0.0, "right_area": 0.0203125, "escape": 0.8137930156133308, "signal": "STOP", "reason": "control_recovering", "user_forward": 2.0, "forward": 1.5, "turn": -0.5274487859400478, "intervened": true}
REFLEXGUARD_DECISION={"t_ms": 3968, "left": 3.102774316556717e-05, "right": 0.4534084197474122, "left_area": 0.0, "right_area": 0.025390625, "escape": 0.15908987653448034, "signal": "STOP", "reason": "avoid_left", "user_forward": 2.0, "forward": 0.65, "turn": 0.4, "intervened": true}
REFLEXGUARD_DECISION={"t_ms": 4032, "left": 2.025122080541323e-05, "right": 0.5194240764404314, "left_area": 0.0, "right_area": 0.02734375, "escape": 0.26065242529297145, "signal": "STOP", "reason": "control_recovering", "user_forward": 2.0, "forward": 1.5, "turn": -0.34506864187745584, "intervened": true}
REFLEXGUARD_DECISION={"t_ms": 4064, "left": 1.6360693906357046e-05, "right": 0.47786908237197223, "left_area": 0.0, "right_area": 0.026171875, "escape": 0.1967216651876496, "signal": "STOP", "reason": "avoid_left", "user_forward": 2.0, "forward": 0.65, "turn": 0.4, "intervened": true}
REFLEXGUARD_DECISION={"t_ms": 4128, "left": 0.12109303206109345, "right": 0.5132352037987542, "left_area": 0.000390625, "right_area": 0.028645833333333332, "escape": 0.25113108276731416, "signal": "STOP", "reason": "control_recovering", "user_forward": 2.0, "forward": 1.5, "turn": -0.33088454797245487, "intervened": true}
REFLEXGUARD_DECISION={"t_ms": 4160, "left": 0.1339707254368552, "right": 0.45174459383522414, "left_area": 0.000390625, "right_area": 0.026953125, "escape": 0.1565301443618833, "signal": "STOP", "reason": "avoid_left", "user_forward": 2.0, "forward": 0.65, "turn": 0.4, "intervened": true}
REFLEXGUARD_DECISION={"t_ms": 4576, "left": 0.06303816607148273, "right": 0.5713259380886062, "left_area": 0.0, "right_area": 0.03515625, "escape": 0.34050144321324033, "signal": "STOP", "reason": "control_recovering", "user_forward": 2.0, "forward": 1.5, "turn": -0.40037568806879165, "intervened": true}
REFLEXGUARD_DECISION={"t_ms": 4960, "left": 0.0048731490661775975, "right": 0.7837087473535559, "left_area": 0.0, "right_area": 0.046484375, "escape": 0.6672442266977783, "signal": "STOP", "reason": "avoid_left", "user_forward": 2.0, "forward": 1.5, "turn": 0.4, "intervened": true}
REFLEXGUARD_DECISION={"t_ms": 5344, "left": 0.0003767175237023678, "right": 0.95919681754112, "left_area": 0.0, "right_area": 0.08216145833333334, "escape": 0.9372258731401846, "signal": "STOP", "reason": "avoid_passing", "user_forward": 2.0, "forward": 1.5, "turn": 0.0, "intervened": true}
REFLEXGUARD_DECISION={"t_ms": 5856, "left": 1.240577759614136e-05, "right": 0.9986563003445532, "left_area": 0.0, "right_area": 0.193359375, "escape": 0.9979327697608511, "signal": "STOP", "reason": "avoid_passing", "user_forward": 2.0, "forward": 1.5, "turn": 0.0, "intervened": true}
REFLEXGUARD_DECISION={"t_ms": 6368, "left": 4.0853771879886564e-07, "right": 0.5412871684618461, "left_area": 0.0, "right_area": 0.263671875, "escape": 0.2942879514797633, "signal": "STOP", "reason": "avoid_passing", "user_forward": 2.0, "forward": 1.5, "turn": 0.0, "intervened": true}
REFLEXGUARD_DECISION={"t_ms": 6880, "left": 1.3453656281351826e-08, "right": 0.02024720116941368, "left_area": 0.0, "right_area": 0.07565104166666667, "escape": 0.0, "signal": "NONE", "reason": "avoid_passing", "user_forward": 2.0, "forward": 2.0, "turn": 0.0, "intervened": false}
REFLEXGUARD_DECISION={"t_ms": 7136, "left": 2.4414307610155214e-09, "right": 0.003674253208623601, "left_area": 0.0, "right_area": 0.008463541666666666, "escape": 0.0, "signal": "NONE", "reason": "control_recovering", "user_forward": 2.0, "forward": 2.0, "turn": -1.053033516677767, "intervened": true}
REFLEXGUARD_DECISION={"t_ms": 7648, "left": 8.039935795889906e-11, "right": 0.15955466849895975, "left_area": 0.0, "right_area": 0.0109375, "escape": 0.0, "signal": "NONE", "reason": "control_recovering", "user_forward": 2.0, "forward": 2.0, "turn": -0.7400462330285378, "intervened": true}
REFLEXGUARD_DECISION={"t_ms": 8160, "left": 0.9547431922660418, "right": 0.005254334102567565, "left_area": 0.00859375, "right_area": 0.0015625, "escape": 0.9303741419477566, "signal": "STOP", "reason": "control_recovering", "user_forward": 2.0, "forward": 1.5, "turn": -0.40416965970788093, "intervened": true}
REFLEXGUARD_DECISION={"t_ms": 8672, "left": 0.6783073963452039, "right": 0.00017303177099819227, "left_area": 0.014973958333333334, "right_area": 0.0, "escape": 0.5050883020695445, "signal": "STOP", "reason": "control_recovering", "user_forward": 2.0, "forward": 1.5, "turn": -0.18061225303147962, "intervened": true}
REFLEXGUARD_DECISION={"t_ms": 9184, "left": 0.6127845356303617, "right": 5.698151885724299e-06, "left_area": 0.019921875, "right_area": 0.0, "escape": 0.4042839009697873, "signal": "STOP", "reason": "control_recovering", "user_forward": 2.0, "forward": 1.5, "turn": 0.02378832083278762, "intervened": true}
REFLEXGUARD_DECISION={"t_ms": 9696, "left": 0.7746786241739018, "right": 1.8764724377191173e-07, "left_area": 0.029427083333333333, "right_area": 0.0, "escape": 0.6533517294983104, "signal": "STOP", "reason": "control_recovering", "user_forward": 2.0, "forward": 1.5, "turn": 0.12979721753694015, "intervened": true}
REFLEXGUARD_DECISION={"t_ms": 9792, "left": 0.6537822518579318, "right": 9.894497003348819e-08, "left_area": 0.0296875, "right_area": 0.0, "escape": 0.4673573105506644, "signal": "STOP", "reason": "avoid_left", "user_forward": 2.0, "forward": 1.5, "turn": 0.8, "intervened": true}
REFLEXGUARD_DECISION={"t_ms": 9856, "left": 0.5648210279508072, "right": 6.45795095389606e-08, "left_area": 0.03046875, "right_area": 0.0, "escape": 0.3304938891550881, "signal": "STOP", "reason": "control_recovering", "user_forward": 2.0, "forward": 1.5, "turn": 0.12155232606725587, "intervened": true}
REFLEXGUARD_DECISION={"t_ms": 9952, "left": 0.5630452906418512, "right": 3.405228612830971e-08, "left_area": 0.03372395833333333, "right_area": 0.0, "escape": 0.32776198560284797, "signal": "STOP", "reason": "avoid_left", "user_forward": 2.0, "forward": 1.5, "turn": 0.8, "intervened": true}
REFLEXGUARD_DECISION={"t_ms": 9984, "left": 0.6469900595405609, "right": 2.751039236153324e-08, "left_area": 0.034765625, "right_area": 0.0, "escape": 0.45690778390855524, "signal": "STOP", "reason": "control_recovering", "user_forward": 2.0, "forward": 1.5, "turn": 0.12391905161072599, "intervened": true}
REFLEXGUARD_DECISION={"t_ms": 10016, "left": 0.627963317934151, "right": 2.222528276174431e-08, "left_area": 0.033854166666666664, "right_area": 0.0, "escape": 0.4276358737448478, "signal": "STOP", "reason": "avoid_left", "user_forward": 2.0, "forward": 1.5, "turn": 0.8, "intervened": true}
REFLEXGUARD_DECISION={"t_ms": 10080, "left": 0.6109330989230898, "right": 1.4506021474688231e-08, "left_area": 0.035416666666666666, "right_area": 0.0, "escape": 0.4014355368047535, "signal": "STOP", "reason": "control_recovering", "user_forward": 2.0, "forward": 1.5, "turn": 0.09871666639015005, "intervened": true}
REFLEXGUARD_DECISION={"t_ms": 10272, "left": 0.5836217037518439, "right": 4.033215051138379e-09, "left_area": 0.03997395833333333, "right_area": 0.0, "escape": 0.3594180057720675, "signal": "STOP", "reason": "avoid_left", "user_forward": 2.0, "forward": 1.5, "turn": 0.8, "intervened": true}
REFLEXGUARD_DECISION={"t_ms": 10336, "left": 0.6667305337751326, "right": 2.632403140649959e-09, "left_area": 0.041666666666666664, "right_area": 0.0, "escape": 0.48727774426943476, "signal": "STOP", "reason": "control_recovering", "user_forward": 2.0, "forward": 1.5, "turn": 0.08410562768104751, "intervened": true}
REFLEXGUARD_DECISION={"t_ms": 10528, "left": 0.7635806383448854, "right": 7.319062629308245e-10, "left_area": 0.048828125, "right_area": 0.0, "escape": 0.6362779051459776, "signal": "STOP", "reason": "avoid_left", "user_forward": 2.0, "forward": 1.5, "turn": 0.8, "intervened": true}
REFLEXGUARD_DECISION={"t_ms": 10560, "left": 0.7845447541688079, "right": 5.912974062658025e-10, "left_area": 0.05091145833333333, "right_area": 0.0, "escape": 0.6685303910289352, "signal": "STOP", "reason": "control_recovering", "user_forward": 2.0, "forward": 1.5, "turn": 0.08485370037597233, "intervened": true}
REFLEXGUARD_DECISION={"t_ms": 10720, "left": 0.7905426368872339, "right": 0.27798419210313546, "left_area": 0.057942708333333336, "right_area": 0.0009114583333333333, "escape": 0.6777579029034368, "signal": "STOP", "reason": "avoid_left", "user_forward": 2.0, "forward": 1.5, "turn": 0.8, "intervened": true}
REFLEXGUARD_DECISION={"t_ms": 10752, "left": 0.7970069052560256, "right": 0.3059414190545805, "left_area": 0.058854166666666666, "right_area": 0.0009114583333333333, "escape": 0.6877029311631163, "signal": "STOP", "reason": "control_recovering", "user_forward": 2.0, "forward": 1.5, "turn": 0.08149658656922179, "intervened": true}
REFLEXGUARD_DECISION={"t_ms": 11008, "left": 0.9309116887687083, "right": 0.5527700074420889, "left_area": 0.077734375, "right_area": 0.002734375, "escape": 0.8937102904133974, "signal": "STOP", "reason": "avoid_passing", "user_forward": 2.0, "forward": 1.5, "turn": 0.0, "intervened": true}
REFLEXGUARD_DECISION={"t_ms": 11520, "left": 0.9977248357995007, "right": 0.14003337413565492, "left_area": 0.18059895833333334, "right_area": 0.003125, "escape": 0.9964997473838472, "signal": "STOP", "reason": "avoid_passing", "user_forward": 2.0, "forward": 1.5, "turn": 0.0, "intervened": true}
REFLEXGUARD_DECISION={"t_ms": 12032, "left": 0.43033470054217976, "right": 0.12443068709239986, "left_area": 0.21927083333333333, "right_area": 0.003515625, "escape": 0.12359184698796889, "signal": "STOP", "reason": "control_recovering", "user_forward": 2.0, "forward": 2.0, "turn": 0.20028616326173354, "intervened": true}
REFLEXGUARD_DECISION={"t_ms": 12544, "left": 0.014171458057911458, "right": 0.8776786976922841, "left_area": 0.1765625, "right_area": 0.009114583333333334, "escape": 0.8118133810650525, "signal": "STOP", "reason": "control_recovering", "user_forward": 2.0, "forward": 1.5, "turn": 0.1746020969971368, "intervened": true}
REFLEXGUARD_DECISION={"t_ms": 12704, "left": 0.00487716095603459, "right": 0.9579026605964907, "left_area": 0.15572916666666667, "right_area": 0.01171875, "escape": 0.9352348624561395, "signal": "STOP", "reason": "control_recovered", "user_forward": 2.0, "forward": 1.5, "turn": 0.1494303165295487, "intervened": true}
REFLEXGUARD_DECISION={"t_ms": 12736, "left": 0.003940193941907366, "right": 0.9659901153184436, "left_area": 0.15, "right_area": 0.01171875, "escape": 0.9476771004899132, "signal": "STOP", "reason": "risk_monitoring", "user_forward": 2.0, "forward": 1.5, "turn": 0.0, "intervened": true}
REFLEXGUARD_DECISION={"t_ms": 13120, "left": 0.00030459566997541104, "right": 0.5118493211816939, "left_area": 0.0, "right_area": 0.014322916666666666, "escape": 0.24899895566414448, "signal": "STOP", "reason": "user", "user_forward": 2.0, "forward": 2.0, "turn": 0.0, "intervened": false}
REFLEXGUARD_DECISION={"t_ms": 13408, "left": 4.465584585315372e-05, "right": 0.5254930829495817, "left_area": 0.0, "right_area": 0.0171875, "escape": 0.2699893583839719, "signal": "STOP", "reason": "risk_monitoring", "user_forward": 2.0, "forward": 1.5, "turn": 0.0, "intervened": true}
REFLEXGUARD_DECISION={"t_ms": 13440, "left": 3.607686826157262e-05, "right": 0.42988869397394647, "left_area": 0.0, "right_area": 0.015755208333333333, "escape": 0.12290568303684075, "signal": "STOP", "reason": "user", "user_forward": 2.0, "forward": 2.0, "turn": 0.0, "intervened": false}
REFLEXGUARD_DECISION={"t_ms": 13600, "left": 1.2415990830464826e-05, "right": 0.5264154601717097, "left_area": 0.0, "right_area": 0.01875, "escape": 0.2714084002641688, "signal": "STOP", "reason": "risk_monitoring", "user_forward": 2.0, "forward": 1.5, "turn": 0.0, "intervened": true}
REFLEXGUARD_DECISION={"t_ms": 13728, "left": 5.289120059006008e-06, "right": 0.6599963033720253, "left_area": 0.0, "right_area": 0.0203125, "escape": 0.4769173898031159, "signal": "STOP", "reason": "control_recovering", "user_forward": 2.0, "forward": 1.5, "turn": 0.20150390466602255, "intervened": true}
REFLEXGUARD_DECISION={"t_ms": 14240, "left": 0.3277110902466168, "right": 0.5405279487694259, "left_area": 0.001171875, "right_area": 0.025520833333333333, "escape": 0.29311992118373215, "signal": "STOP", "reason": "control_recovering", "user_forward": 2.0, "forward": 1.5, "turn": 0.11921104628393897, "intervened": true}
REFLEXGUARD_DECISION={"t_ms": 14752, "left": 0.14595750647957373, "right": 0.7140201776770053, "left_area": 0.0, "right_area": 0.0375, "escape": 0.5600310425800082, "signal": "STOP", "reason": "control_recovering", "user_forward": 2.0, "forward": 1.5, "turn": 0.055574665582154625, "intervened": true}
REFLEXGUARD_DECISION={"t_ms": 14912, "left": 0.4010598418932657, "right": 0.7362820916903905, "left_area": 0.0015625, "right_area": 0.04205729166666667, "escape": 0.5942801410621392, "signal": "STOP", "reason": "risk_monitoring", "user_forward": 2.0, "forward": 1.5, "turn": 0.0, "intervened": true}
REFLEXGUARD_DECISION={"t_ms": 15424, "left": 0.4275908890534903, "right": 0.7680992891025322, "left_area": 0.00234375, "right_area": 0.059895833333333336, "escape": 0.6432296755423573, "signal": "STOP", "reason": "risk_monitoring", "user_forward": 2.0, "forward": 1.5, "turn": 0.0, "intervened": true}
REFLEXGUARD_DECISION={"t_ms": 15936, "left": 0.2749743789338748, "right": 0.8822815055381422, "left_area": 0.00234375, "right_area": 0.094140625, "escape": 0.8188946239048341, "signal": "STOP", "reason": "risk_monitoring", "user_forward": 2.0, "forward": 1.5, "turn": 0.0, "intervened": true}
REFLEXGUARD_DECISION={"t_ms": 16448, "left": 0.5041327539224697, "right": 0.9904853463011281, "left_area": 0.0049479166666666664, "right_area": 0.17578125, "escape": 0.9853620712325047, "signal": "STOP", "reason": "risk_monitoring", "user_forward": 2.0, "forward": 1.5, "turn": 0.0, "intervened": true}
REFLEXGUARD_DECISION={"t_ms": 16512, "left": 0.32903790844365033, "right": 0.9937899655829069, "left_area": 0.003515625, "right_area": 0.19205729166666666, "escape": 0.9904461008967799, "signal": "STOP", "reason": "avoid_left", "user_forward": 2.0, "forward": 1.5, "turn": 0.4, "intervened": true}
REFLEXGUARD_DECISION={"t_ms": 17024, "left": 0.2408888858900462, "right": 0.45879534733728905, "left_area": 0.003515625, "right_area": 0.31341145833333334, "escape": 0.16737745744198318, "signal": "STOP", "reason": "avoid_passing", "user_forward": 2.0, "forward": 2.0, "turn": 0.0, "intervened": false}
REFLEXGUARD_DECISION={"t_ms": 17184, "left": 0.5298811563575885, "right": 0.1578961561823602, "left_area": 0.0067708333333333336, "right_area": 0.25442708333333336, "escape": 0.27674024055013613, "signal": "STOP", "reason": "avoid_left", "user_forward": 2.0, "forward": 1.5, "turn": 0.4, "intervened": true}
REFLEXGUARD_DECISION={"t_ms": 17216, "left": 0.5065185160408567, "right": 0.12756221983414537, "left_area": 0.005989583333333334, "right_area": 0.23841145833333333, "escape": 0.24079771698593347, "signal": "STOP", "reason": "avoid_passing", "user_forward": 2.0, "forward": 2.0, "turn": 0.0, "intervened": false}
REFLEXGUARD_DECISION={"t_ms": 17376, "left": 0.5163104579867441, "right": 0.043901021016879344, "left_area": 0.006510416666666667, "right_area": 0.11822916666666666, "escape": 0.25586224305652944, "signal": "STOP", "reason": "avoid_left", "user_forward": 2.0, "forward": 1.5, "turn": 0.4, "intervened": true}
REFLEXGUARD_DECISION={"t_ms": 17408, "left": 0.4171204020211054, "right": 0.035467055242502675, "left_area": 0.005338541666666667, "right_area": 0.08802083333333334, "escape": 0.10326215695554679, "signal": "RIGHT", "reason": "avoid_passing", "user_forward": 2.0, "forward": 2.0, "turn": 0.0, "intervened": false}
REFLEXGUARD_DECISION={"t_ms": 17504, "left": 0.5672633515688735, "right": 0.018701509532487948, "left_area": 0.007552083333333333, "right_area": 0.0, "escape": 0.3342513101059593, "signal": "STOP", "reason": "avoid_left", "user_forward": 2.0, "forward": 1.5, "turn": 0.4, "intervened": true}
REFLEXGUARD_DECISION={"t_ms": 17536, "left": 0.48853009823253113, "right": 0.015108702630217083, "left_area": 0.006510416666666667, "right_area": 0.0, "escape": 0.2131232280500479, "signal": "STOP", "reason": "avoid_passing", "user_forward": 2.0, "forward": 2.0, "turn": 0.0, "intervened": false}
REFLEXGUARD_DECISION={"t_ms": 17632, "left": 0.44971142298502875, "right": 0.007966704434032749, "left_area": 0.008203125, "right_area": 0.0, "escape": 0.15340218920773657, "signal": "RIGHT", "reason": "control_recovering", "user_forward": 2.0, "forward": 2.0, "turn": -0.5280793778847053, "intervened": true}
REFLEXGUARD_DECISION={"t_ms": 17792, "left": 0.3814583781474464, "right": 0.002741771499809843, "left_area": 0.006640625, "right_area": 0.0, "escape": 0.04839750484222523, "signal": "RIGHT", "reason": "avoid_passing", "user_forward": 2.0, "forward": 2.0, "turn": 0.0, "intervened": false}
REFLEXGUARD_DECISION={"t_ms": 17824, "left": 0.3669427548841699, "right": 0.002215040994346958, "left_area": 0.007161458333333333, "right_area": 0.0, "escape": 0.02606577674487678, "signal": "RIGHT", "reason": "control_recovering", "user_forward": 2.0, "forward": 2.0, "turn": -0.5154981080421107, "intervened": true}
REFLEXGUARD_DECISION={"t_ms": 18336, "left": 0.7993388389262136, "right": 7.294406077035764e-05, "left_area": 0.013541666666666667, "right_area": 0.0, "escape": 0.691290521424944, "signal": "STOP", "reason": "control_recovering", "user_forward": 2.0, "forward": 1.5, "turn": -0.33179539732015834, "intervened": true}
REFLEXGUARD_DECISION={"t_ms": 18848, "left": 0.7624810656806504, "right": 2.4021388386260216e-06, "left_area": 0.026432291666666666, "right_area": 0.0, "escape": 0.6345862548933083, "signal": "STOP", "reason": "control_recovering", "user_forward": 2.0, "forward": 1.5, "turn": -0.15998141715150765, "intervened": true}
REFLEXGUARD_DECISION={"t_ms": 19360, "left": 0.025109451849063383, "right": 7.910542598117107e-08, "left_area": 0.0, "right_area": 0.0, "escape": 0.0, "signal": "NONE", "reason": "control_recovering", "user_forward": 2.0, "forward": 2.0, "turn": -0.04529323282186088, "intervened": true}
REFLEXGUARD_DECISION={"t_ms": 19872, "left": 0.0008268855458038328, "right": 2.6050402745420852e-09, "left_area": 0.0, "right_area": 0.0, "escape": 0.0, "signal": "NONE", "reason": "control_recovering", "user_forward": 2.0, "forward": 2.0, "turn": 0.022410762565383206, "intervened": true}
REFLEXGUARD_DECISION={"t_ms": 20000, "left": 0.000352247113140744, "right": 1.1097278468337296e-09, "left_area": 0.0, "right_area": 0.0, "escape": 0.0, "signal": "NONE", "reason": "control_recovered", "user_forward": 2.0, "forward": 2.0, "turn": 0.0326059706046329, "intervened": true}
REFLEXGUARD_DECISION={"t_ms": 20032, "left": 0.00028457579189266247, "right": 8.965344754205721e-10, "left_area": 0.0, "right_area": 0.0, "escape": 0.0, "signal": "NONE", "reason": "control_recovering", "user_forward": 2.0, "forward": 2.0, "turn": 0.03480665333991138, "intervened": true}
REFLEXGUARD_DECISION={"t_ms": 20256, "left": 6.392217249468153e-05, "right": 2.0138196226781825e-10, "left_area": 0.0, "right_area": 0.0, "escape": 0.0, "signal": "NONE", "reason": "user", "user_forward": 2.0, "forward": 2.0, "turn": 0.0, "intervened": false}
REFLEXGUARD_DECISION={"t_ms": 20768, "left": 2.1050368128288347e-06, "right": 6.631759019904019e-12, "left_area": 0.0, "right_area": 0.0, "escape": 0.0, "signal": "NONE", "reason": "user", "user_forward": 2.0, "forward": 2.0, "turn": 0.0, "intervened": false}
REFLEXGUARD_DECISION={"t_ms": 21280, "left": 6.932148596378297e-08, "right": 2.183920903481362e-13, "left_area": 0.0, "right_area": 0.0, "escape": 0.0, "signal": "NONE", "reason": "user", "user_forward": 2.0, "forward": 2.0, "turn": 0.0, "intervened": false}
REFLEXGUARD_DECISION={"t_ms": 21792, "left": 2.2828429350692324e-09, "right": 7.191923739008051e-15, "left_area": 0.0, "right_area": 0.0, "escape": 0.0, "signal": "NONE", "reason": "user", "user_forward": 2.0, "forward": 2.0, "turn": 0.0, "intervened": false}
REFLEXGUARD_DECISION={"t_ms": 22272, "left": 9.305370936986427e-11, "right": 2.931586624463004e-16, "left_area": 0.0, "right_area": 0.0, "escape": 0.0, "signal": "NONE", "reason": "control_recovering", "user_forward": 2.0, "forward": 2.0, "turn": 0.25281167930696663, "intervened": true}
REFLEXGUARD_DECISION={"t_ms": 22464, "left": 2.587240215035316e-11, "right": 8.150904311103856e-17, "left_area": 0.0, "right_area": 0.0, "escape": 0.0, "signal": "NONE", "reason": "avoid_left", "user_forward": 2.0, "forward": 2.0, "turn": 0.4, "intervened": true}
REFLEXGUARD_DECISION={"t_ms": 22976, "left": 8.5201045016636e-13, "right": 2.684194382496379e-18, "left_area": 0.0, "right_area": 0.0, "escape": 0.0, "signal": "NONE", "reason": "avoid_left", "user_forward": 2.0, "forward": 2.0, "turn": 0.4, "intervened": true}
REFLEXGUARD_DECISION={"t_ms": 23488, "left": 2.8057766069579063e-14, "right": 8.839386659477758e-20, "left_area": 0.0, "right_area": 0.0, "escape": 0.0, "signal": "NONE", "reason": "avoid_left", "user_forward": 2.0, "forward": 0.65, "turn": 0.4, "intervened": true}
REFLEXGUARD_DECISION={"t_ms": 24000, "left": 9.239772078634824e-16, "right": 2.910920201058083e-21, "left_area": 0.0, "right_area": 0.0, "escape": 0.0, "signal": "NONE", "reason": "avoid_left", "user_forward": 2.0, "forward": 0.65, "turn": 0.4, "intervened": true}
REFLEXGUARD_DECISION={"t_ms": 24192, "left": 2.569001285546425e-16, "right": 8.093443945368585e-22, "left_area": 0.0, "right_area": 0.0, "escape": 0.0, "signal": "NONE", "reason": "avoid_passing", "user_forward": 2.0, "forward": 0.65, "turn": 0.0, "intervened": true}
REFLEXGUARD_DECISION={"t_ms": 24224, "left": 2.0754622193753308e-16, "right": 6.538586503537568e-22, "left_area": 0.0, "right_area": 0.0, "escape": 0.0, "signal": "NONE", "reason": "control_recovering", "user_forward": 2.0, "forward": 2.0, "turn": -0.7074262266384694, "intervened": true}
REFLEXGUARD_DECISION={"t_ms": 24288, "left": 1.3546149152254825e-16, "right": 4.267611676809936e-22, "left_area": 0.0, "right_area": 0.0, "escape": 0.0, "signal": "NONE", "reason": "avoid_passing", "user_forward": 2.0, "forward": 0.65, "turn": 0.0, "intervened": true}
REFLEXGUARD_DECISION={"t_ms": 24320, "left": 1.0943755046641837e-16, "right": 3.4477471272654854e-22, "left_area": 0.0, "right_area": 0.0, "escape": 0.0, "signal": "NONE", "reason": "control_recovering", "user_forward": 2.0, "forward": 2.0, "turn": -0.7667026964289327, "intervened": true}
REFLEXGUARD_DECISION={"t_ms": 24832, "left": 3.6039149397932545e-18, "right": 1.1353861017196435e-23, "left_area": 0.0, "right_area": 0.0, "escape": 0.0, "signal": "NONE", "reason": "avoid_passing", "user_forward": 2.0, "forward": 0.65, "turn": 0.0, "intervened": true}
REFLEXGUARD_DECISION={"t_ms": 25344, "left": 1.1868141088602426e-19, "right": 3.7389679474566195e-25, "left_area": 0.0, "right_area": 0.0, "escape": 0.0, "signal": "NONE", "reason": "avoid_passing", "user_forward": 2.0, "forward": 0.65, "turn": 0.0, "intervened": true}
REFLEXGUARD_DECISION={"t_ms": 25856, "left": 3.9083267849560694e-21, "right": 1.2312887475841205e-26, "left_area": 0.0, "right_area": 0.0, "escape": 0.0, "signal": "NONE", "reason": "avoid_passing", "user_forward": 2.0, "forward": 0.65, "turn": 0.0, "intervened": true}
REFLEXGUARD_DECISION={"t_ms": 26144, "left": 5.729879169550876e-22, "right": 0.5288915364678711, "left_area": 0.0, "right_area": 0.0048177083333333336, "escape": 0.27521774841210944, "signal": "STOP", "reason": "control_recovering", "user_forward": 2.0, "forward": 1.5, "turn": -0.9244308503813283, "intervened": true}
REFLEXGUARD_DECISION={"t_ms": 26432, "left": 8.400401784218273e-23, "right": 0.8688366915423484, "left_area": 0.0, "right_area": 0.009375, "escape": 0.7982102946805361, "signal": "STOP", "reason": "avoid_left", "user_forward": 2.0, "forward": 0.65, "turn": 0.4, "intervened": true}
REFLEXGUARD_DECISION={"t_ms": 26944, "left": 2.7663570101288056e-24, "right": 0.08448062231419448, "left_area": 0.0, "right_area": 0.0, "escape": 0.0, "signal": "NONE", "reason": "avoid_left", "user_forward": 2.0, "forward": 0.65, "turn": 0.4, "intervened": true}
REFLEXGUARD_DECISION={"t_ms": 27456, "left": 9.109958433019083e-26, "right": 0.00278205218943184, "left_area": 0.0, "right_area": 0.0, "escape": 0.0, "signal": "NONE", "reason": "avoid_left", "user_forward": 2.0, "forward": 0.65, "turn": 0.4, "intervened": true}
REFLEXGUARD_DECISION={"t_ms": 27968, "left": 3.000022858491114e-27, "right": 9.161644614710714e-05, "left_area": 0.0, "right_area": 0.0, "escape": 0.0, "signal": "NONE", "reason": "avoid_left", "user_forward": 2.0, "forward": 0.65, "turn": 0.4, "intervened": true}
REFLEXGUARD_DECISION={"t_ms": 28064, "left": 1.581889325238335e-27, "right": 4.8308657971117544e-05, "left_area": 0.0, "right_area": 0.0, "escape": 0.0, "signal": "NONE", "reason": "avoid_passing", "user_forward": 2.0, "forward": 0.3, "turn": 0.0, "intervened": true}
REFLEXGUARD_DECISION={"t_ms": 28576, "left": 5.209358714653697e-29, "right": 1.5908643188874803e-06, "left_area": 0.0, "right_area": 0.0, "escape": 0.0, "signal": "NONE", "reason": "avoid_passing", "user_forward": 2.0, "forward": 0.3, "turn": 0.0, "intervened": true}
REFLEXGUARD_DECISION={"t_ms": 29088, "left": 1.71550675416877e-30, "right": 5.238914487383307e-08, "left_area": 0.0, "right_area": 0.0, "escape": 0.0, "signal": "NONE", "reason": "avoid_passing", "user_forward": 2.0, "forward": 0.3, "turn": 0.0, "intervened": true}
REFLEXGUARD_DECISION={"t_ms": 29536, "left": 8.655647860904872e-32, "right": 2.643312179680391e-09, "left_area": 0.0, "right_area": 0.0, "escape": 0.0, "signal": "NONE", "reason": "avoid_left", "user_forward": 2.0, "forward": 0.65, "turn": 0.4, "intervened": true}
REFLEXGUARD_DECISION={"t_ms": 30048, "left": 2.85041272456813e-33, "right": 8.704756470048026e-11, "left_area": 0.0, "right_area": 0.0, "escape": 0.0, "signal": "NONE", "reason": "avoid_left", "user_forward": 2.0, "forward": 0.65, "turn": 0.4, "intervened": true}
REFLEXGUARD_DECISION={"t_ms": 30560, "left": 9.386764377369815e-35, "right": 2.866584801648545e-12, "left_area": 0.0, "right_area": 0.0, "escape": 0.0, "signal": "NONE", "reason": "avoid_passing", "user_forward": 2.0, "forward": 0.3, "turn": 0.0, "intervened": true}
REFLEXGUARD_DECISION={"t_ms": 30624, "left": 6.126563477083898e-35, "right": 1.8709656537330443e-12, "left_area": 0.0, "right_area": 0.0, "escape": 0.0, "signal": "NONE", "reason": "avoid_left", "user_forward": 2.0, "forward": 0.3, "turn": 0.4, "intervened": true}
REFLEXGUARD_DECISION={"t_ms": 30656, "left": 4.949569742464267e-35, "right": 1.511528448786223e-12, "left_area": 0.0, "right_area": 0.0, "escape": 0.0, "signal": "NONE", "reason": "avoid_passing", "user_forward": 2.0, "forward": 0.3, "turn": 0.0, "intervened": true}
REFLEXGUARD_DECISION={"t_ms": 30720, "left": 3.2304905068851767e-35, "right": 9.865460148581839e-13, "left_area": 0.0, "right_area": 0.0, "escape": 0.0, "signal": "NONE", "reason": "avoid_left", "user_forward": 2.0, "forward": 0.3, "turn": 0.4, "intervened": true}
REFLEXGUARD_DECISION={"t_ms": 30784, "left": 2.1084800211097514e-35, "right": 6.438999148273491e-13, "left_area": 0.0, "right_area": 0.0, "escape": 0.0, "signal": "NONE", "reason": "avoid_passing", "user_forward": 2.0, "forward": 0.3, "turn": 0.0, "intervened": true}
REFLEXGUARD_DECISION={"t_ms": 30848, "left": 1.376165009599576e-35, "right": 4.2026128945872553e-13, "left_area": 0.0, "right_area": 0.0, "escape": 0.0, "signal": "NONE", "reason": "avoid_left", "user_forward": 2.0, "forward": 0.3, "turn": 0.4, "intervened": true}
REFLEXGUARD_DECISION={"t_ms": 30880, "left": 1.111785541377299e-35, "right": 3.3952354693042537e-13, "left_area": 0.0, "right_area": 0.0, "escape": 0.0, "signal": "NONE", "reason": "avoid_passing", "user_forward": 2.0, "forward": 0.3, "turn": 0.0, "intervened": true}
REFLEXGUARD_DECISION={"t_ms": 30912, "left": 8.981968596740252e-36, "right": 2.7429659074402616e-13, "left_area": 0.0, "right_area": 0.0, "escape": 0.0, "signal": "NONE", "reason": "avoid_left", "user_forward": 2.0, "forward": 0.3, "turn": 0.4, "intervened": true}
REFLEXGUARD_DECISION={"t_ms": 30976, "left": 5.8623609312884905e-36, "right": 1.7902819408063775e-13, "left_area": 0.0, "right_area": 0.0, "escape": 0.0, "signal": "NONE", "reason": "avoid_passing", "user_forward": 2.0, "forward": 0.3, "turn": 0.0, "intervened": true}
REFLEXGUARD_DECISION={"t_ms": 31072, "left": 3.091178506074372e-36, "right": 9.440021042882885e-14, "left_area": 0.0, "right_area": 0.0, "escape": 0.0, "signal": "NONE", "reason": "avoid_left", "user_forward": 2.0, "forward": 0.3, "turn": 0.4, "intervened": true}
REFLEXGUARD_DECISION={"t_ms": 31136, "left": 2.0175537144747797e-36, "right": 6.16132309485275e-14, "left_area": 0.0, "right_area": 0.0, "escape": 0.0, "signal": "NONE", "reason": "avoid_passing", "user_forward": 2.0, "forward": 0.3, "turn": 0.0, "intervened": true}
REFLEXGUARD_DECISION={"t_ms": 31232, "left": 1.0638407887424633e-36, "right": 3.2488189899973245e-14, "left_area": 0.0, "right_area": 0.0, "escape": 0.0, "signal": "NONE", "reason": "avoid_left", "user_forward": 2.0, "forward": 0.3, "turn": 0.4, "intervened": true}
REFLEXGUARD_DECISION={"t_ms": 31264, "left": 8.59462927047856e-37, "right": 2.624677966984504e-14, "left_area": 0.0, "right_area": 0.0, "escape": 0.0, "signal": "NONE", "reason": "avoid_passing", "user_forward": 2.0, "forward": 0.3, "turn": 0.0, "intervened": true}
REFLEXGUARD_DECISION={"t_ms": 31296, "left": 6.943487510408745e-37, "right": 2.1204426751948963e-14, "left_area": 0.0, "right_area": 0.0, "escape": 0.0, "signal": "NONE", "reason": "avoid_left", "user_forward": 2.0, "forward": 0.3, "turn": 0.4, "intervened": true}
REFLEXGUARD_DECISION={"t_ms": 31360, "left": 4.531882901781978e-37, "right": 1.3839728075436396e-14, "left_area": 0.0, "right_area": 0.0, "escape": 0.0, "signal": "NONE", "reason": "avoid_passing", "user_forward": 2.0, "forward": 0.3, "turn": 0.0, "intervened": true}
REFLEXGUARD_DECISION={"t_ms": 31488, "left": 1.9305485231245173e-37, "right": 5.895621571769382e-15, "left_area": 0.0, "right_area": 0.0, "escape": 0.0, "signal": "NONE", "reason": "avoid_left", "user_forward": 2.0, "forward": 0.3, "turn": 0.4, "intervened": true}
REFLEXGUARD_DECISION={"t_ms": 31552, "left": 1.2600324879814492e-37, "right": 3.847960633100616e-15, "left_area": 0.0, "right_area": 0.0, "escape": 0.0, "signal": "NONE", "reason": "avoid_passing", "user_forward": 2.0, "forward": 0.3, "turn": 0.0, "intervened": true}
REFLEXGUARD_DECISION={"t_ms": 31680, "left": 5.367644997634416e-38, "right": 1.6392027063083761e-15, "left_area": 0.0, "right_area": 0.0, "escape": 0.0, "signal": "NONE", "reason": "avoid_left", "user_forward": 2.0, "forward": 0.3, "turn": 0.4, "intervened": true}
REFLEXGUARD_DECISION={"t_ms": 31744, "left": 3.503360314416839e-38, "right": 1.0698765866774588e-15, "left_area": 0.0, "right_area": 0.0, "escape": 0.0, "signal": "NONE", "reason": "avoid_passing", "user_forward": 2.0, "forward": 0.3, "turn": 0.0, "intervened": true}
REFLEXGUARD_DECISION={"t_ms": 31872, "left": 1.4924055249333645e-38, "right": 4.557594953575509e-16, "left_area": 0.0, "right_area": 0.0, "escape": 0.0, "signal": "NONE", "reason": "avoid_left", "user_forward": 2.0, "forward": 0.3, "turn": 0.4, "intervened": true}
REFLEXGUARD_DECISION={"t_ms": 31904, "left": 1.2056947189605568e-38, "right": 3.682020787836891e-16, "left_area": 0.0, "right_area": 0.0, "escape": 0.0, "signal": "NONE", "reason": "avoid_passing", "user_forward": 2.0, "forward": 0.3, "turn": 0.0, "intervened": true}
REFLEXGUARD_DECISION={"t_ms": 31936, "left": 9.740648443353112e-39, "right": 2.9746559797787846e-16, "left_area": 0.0, "right_area": 0.0, "escape": 0.0, "signal": "NONE", "reason": "avoid_left", "user_forward": 2.0, "forward": 0.3, "turn": 0.4, "intervened": true}
REFLEXGUARD_DECISION={"t_ms": 31968, "left": 7.869341268973521e-39, "right": 2.403185290877196e-16, "left_area": 0.0, "right_area": 0.0, "escape": 0.0, "signal": "NONE", "reason": "avoid_passing", "user_forward": 2.0, "forward": 0.3, "turn": 0.0, "intervened": true}
REFLEXGUARD_DECISION={"t_ms": 32000, "left": 6.357536910166142e-39, "right": 1.94150166659541e-16, "left_area": 0.0, "right_area": 0.0, "escape": 0.0, "signal": "NONE", "reason": "avoid_left", "user_forward": 2.0, "forward": 0.3, "turn": 0.4, "intervened": true}
REFLEXGUARD_DECISION={"t_ms": 32032, "left": 5.1361701294468103e-39, "right": 1.568513562271705e-16, "left_area": 0.0, "right_area": 0.0, "escape": 0.0, "signal": "NONE", "reason": "avoid_passing", "user_forward": 2.0, "forward": 0.3, "turn": 0.0, "intervened": true}
REFLEXGUARD_DECISION={"t_ms": 32064, "left": 4.149444033339048e-39, "right": 1.2671813974512353e-16, "left_area": 0.0, "right_area": 0.0, "escape": 0.0, "signal": "NONE", "reason": "avoid_left", "user_forward": 2.0, "forward": 0.3, "turn": 0.4, "intervened": true}
REFLEXGUARD_DECISION={"t_ms": 32096, "left": 3.352281048304658e-39, "right": 1.0237391200627124e-16, "left_area": 0.0, "right_area": 0.0, "escape": 0.0, "signal": "NONE", "reason": "avoid_passing", "user_forward": 2.0, "forward": 0.3, "turn": 0.0, "intervened": true}
REFLEXGUARD_DECISION={"t_ms": 32128, "left": 2.708263597853507e-39, "right": 8.270653183946445e-17, "left_area": 0.0, "right_area": 0.0, "escape": 0.0, "signal": "NONE", "reason": "avoid_left", "user_forward": 2.0, "forward": 0.3, "turn": 0.4, "intervened": true}
REFLEXGUARD_DECISION={"t_ms": 32160, "left": 2.187970402770311e-39, "right": 6.681751507643197e-17, "left_area": 0.0, "right_area": 0.0, "escape": 0.0, "signal": "NONE", "reason": "avoid_passing", "user_forward": 2.0, "forward": 0.3, "turn": 0.0, "intervened": true}
REFLEXGUARD_DECISION={"t_ms": 32224, "left": 1.4280468774597237e-39, "right": 4.361052765782479e-17, "left_area": 0.0, "right_area": 0.0, "escape": 0.0, "signal": "NONE", "reason": "avoid_left", "user_forward": 2.0, "forward": 0.3, "turn": 0.4, "intervened": true}
REFLEXGUARD_DECISION={"t_ms": 32256, "left": 1.1537002174112024e-39, "right": 3.523236949318475e-17, "left_area": 0.0, "right_area": 0.0, "escape": 0.0, "signal": "NONE", "reason": "avoid_passing", "user_forward": 2.0, "forward": 0.3, "turn": 0.0, "intervened": true}
REFLEXGUARD_DECISION={"t_ms": 32288, "left": 9.320591730310307e-40, "right": 2.846376613105649e-17, "left_area": 0.0, "right_area": 0.0, "escape": 0.0, "signal": "NONE", "reason": "avoid_left", "user_forward": 2.0, "forward": 0.3, "turn": 0.4, "intervened": true}
REFLEXGUARD_DECISION={"t_ms": 32320, "left": 7.52998299662844e-40, "right": 2.299550084249084e-17, "left_area": 0.0, "right_area": 0.0, "escape": 0.0, "signal": "NONE", "reason": "avoid_passing", "user_forward": 2.0, "forward": 0.3, "turn": 0.0, "intervened": true}
REFLEXGUARD_DECISION={"t_ms": 32352, "left": 6.08337384257745e-40, "right": 1.857776151484174e-17, "left_area": 0.0, "right_area": 0.0, "escape": 0.0, "signal": "NONE", "reason": "avoid_left", "user_forward": 2.0, "forward": 0.3, "turn": 0.4, "intervened": true}
REFLEXGUARD_DECISION={"t_ms": 32384, "left": 4.914677406990914e-40, "right": 1.50087282406392e-17, "left_area": 0.0, "right_area": 0.0, "escape": 0.0, "signal": "NONE", "reason": "avoid_passing", "user_forward": 2.0, "forward": 0.3, "turn": 0.0, "intervened": true}
REFLEXGUARD_DECISION={"t_ms": 32448, "left": 3.2077169398127387e-40, "right": 9.795912902454557e-18, "left_area": 0.0, "right_area": 0.0, "escape": 0.0, "signal": "NONE", "reason": "avoid_left", "user_forward": 2.0, "forward": 0.3, "turn": 0.4, "intervened": true}
REFLEXGUARD_DECISION={"t_ms": 32480, "left": 2.5914721633218436e-40, "right": 7.913988695810003e-18, "left_area": 0.0, "right_area": 0.0, "escape": 0.0, "signal": "NONE", "reason": "avoid_passing", "user_forward": 2.0, "forward": 0.3, "turn": 0.0, "intervened": true}
REFLEXGUARD_DECISION={"t_ms": 32512, "left": 2.093616144841025e-40, "right": 6.393606976815304e-18, "left_area": 0.0, "right_area": 0.0, "escape": 0.0, "signal": "NONE", "reason": "avoid_left", "user_forward": 2.0, "forward": 0.3, "turn": 0.4, "intervened": true}
REFLEXGUARD_DECISION={"t_ms": 32544, "left": 1.691404840837809e-40, "right": 5.165310660049839e-18, "left_area": 0.0, "right_area": 0.0, "escape": 0.0, "signal": "NONE", "reason": "avoid_passing", "user_forward": 2.0, "forward": 0.3, "turn": 0.0, "intervened": true}
REFLEXGUARD_DECISION={"t_ms": 32608, "left": 1.1039479320288862e-40, "right": 3.371300521183489e-18, "left_area": 0.0, "right_area": 0.0, "escape": 0.0, "signal": "NONE", "reason": "avoid_left", "user_forward": 2.0, "forward": 0.3, "turn": 0.4, "intervened": true}
REFLEXGUARD_DECISION={"t_ms": 32640, "left": 8.918649585635149e-41, "right": 2.723629178873079e-18, "left_area": 0.0, "right_area": 0.0, "escape": 0.0, "signal": "NONE", "reason": "avoid_passing", "user_forward": 2.0, "forward": 0.3, "turn": 0.0, "intervened": true}
REFLEXGUARD_DECISION={"t_ms": 32672, "left": 7.205259244896044e-41, "right": 2.2003840528001078e-18, "left_area": 0.0, "right_area": 0.0, "escape": 0.0, "signal": "NONE", "reason": "avoid_left", "user_forward": 2.0, "forward": 0.3, "turn": 0.4, "intervened": true}
REFLEXGUARD_DECISION={"t_ms": 32704, "left": 5.82103381096822e-41, "right": 1.777661223992435e-18, "left_area": 0.0, "right_area": 0.0, "escape": 0.0, "signal": "NONE", "reason": "avoid_passing", "user_forward": 2.0, "forward": 0.3, "turn": 0.0, "intervened": true}
REFLEXGUARD_DECISION={"t_ms": 32768, "left": 3.799278613099821e-41, "right": 1.1602458410266362e-18, "left_area": 0.0, "right_area": 0.0, "escape": 0.0, "signal": "NONE", "reason": "avoid_left", "user_forward": 2.0, "forward": 0.3, "turn": 0.4, "intervened": true}
REFLEXGUARD_DECISION={"t_ms": 32800, "left": 3.0693870286219777e-41, "right": 9.373472959263037e-19, "left_area": 0.0, "right_area": 0.0, "escape": 0.0, "signal": "NONE", "reason": "avoid_passing", "user_forward": 2.0, "forward": 0.3, "turn": 0.0, "intervened": true}
REFLEXGUARD_DECISION={"t_ms": 32832, "left": 2.4797172544779956e-41, "right": 7.572705043294206e-19, "left_area": 0.0, "right_area": 0.0, "escape": 0.0, "signal": "NONE", "reason": "avoid_left", "user_forward": 2.0, "forward": 0.3, "turn": 0.4, "intervened": true}
REFLEXGUARD_DECISION={"t_ms": 32864, "left": 2.0033308295163162e-41, "right": 6.117888420008005e-19, "left_area": 0.0, "right_area": 0.0, "escape": 0.0, "signal": "NONE", "reason": "avoid_passing", "user_forward": 2.0, "forward": 0.3, "turn": 0.0, "intervened": true}
REFLEXGUARD_DECISION={"t_ms": 32928, "left": 1.3075361220550754e-41, "right": 3.9930299988416205e-19, "left_area": 0.0, "right_area": 0.0, "escape": 0.0, "signal": "NONE", "reason": "avoid_left", "user_forward": 2.0, "forward": 0.3, "turn": 0.4, "intervened": true}
REFLEXGUARD_DECISION={"t_ms": 32960, "left": 1.0563411692558297e-41, "right": 3.2259162150109173e-19, "left_area": 0.0, "right_area": 0.0, "escape": 0.0, "signal": "NONE", "reason": "avoid_passing", "user_forward": 2.0, "forward": 0.3, "turn": 0.0, "intervened": true}
REFLEXGUARD_DECISION={"t_ms": 33024, "left": 6.894538913222682e-42, "right": 2.1054944673658094e-19, "left_area": 0.0, "right_area": 0.0, "escape": 0.0, "signal": "NONE", "reason": "avoid_left", "user_forward": 2.0, "forward": 0.3, "turn": 0.4, "intervened": true}
REFLEXGUARD_DECISION={"t_ms": 33056, "left": 5.570006957533747e-42, "right": 1.7010011807728827e-19, "left_area": 0.0, "right_area": 0.0, "escape": 0.0, "signal": "NONE", "reason": "avoid_passing", "user_forward": 2.0, "forward": 0.3, "turn": 0.0, "intervened": true}
REFLEXGUARD_DECISION={"t_ms": 33120, "left": 3.635438136212313e-42, "right": 1.1102112815065452e-19, "left_area": 0.0, "right_area": 0.0, "escape": 0.0, "signal": "NONE", "reason": "avoid_left", "user_forward": 2.0, "forward": 0.3, "turn": 0.4, "intervened": true}
REFLEXGUARD_DECISION={"t_ms": 33152, "left": 2.937022470574615e-42, "right": 8.969250359098213e-20, "left_area": 0.0, "right_area": 0.0, "escape": 0.0, "signal": "NONE", "reason": "avoid_passing", "user_forward": 2.0, "forward": 0.3, "turn": 0.0, "intervened": true}
REFLEXGUARD_DECISION={"t_ms": 33184, "left": 2.3727816756765305e-42, "right": 7.246138941681178e-20, "left_area": 0.0, "right_area": 0.0, "escape": 0.0, "signal": "NONE", "reason": "avoid_left", "user_forward": 2.0, "forward": 0.3, "turn": 0.4, "intervened": true}
REFLEXGUARD_DECISION={"t_ms": 33216, "left": 1.916938987301933e-42, "right": 5.854059978255256e-20, "left_area": 0.0, "right_area": 0.0, "escape": 0.0, "signal": "NONE", "reason": "avoid_passing", "user_forward": 2.0, "forward": 0.3, "turn": 0.0, "intervened": true}
REFLEXGUARD_DECISION={"t_ms": 33280, "left": 1.2511498014924044e-42, "right": 3.820834167511799e-20, "left_area": 0.0, "right_area": 0.0, "escape": 0.0, "signal": "NONE", "reason": "avoid_left", "user_forward": 2.0, "forward": 0.3, "turn": 0.4, "intervened": true}
REFLEXGUARD_DECISION={"t_ms": 33312, "left": 1.010787405357063e-42, "right": 3.08680147642761e-20, "left_area": 0.0, "right_area": 0.0, "escape": 0.0, "signal": "NONE", "reason": "avoid_passing", "user_forward": 2.0, "forward": 0.3, "turn": 0.0, "intervened": true}
REFLEXGUARD_DECISION={"t_ms": 33376, "left": 6.597218116699089e-43, "right": 2.0146969100537998e-20, "left_area": 0.0, "right_area": 0.0, "escape": 0.0, "signal": "NONE", "reason": "avoid_left", "user_forward": 2.0, "forward": 0.3, "turn": 0.4, "intervened": true}
REFLEXGUARD_DECISION={"t_ms": 33408, "left": 5.329805411629092e-43, "right": 1.6276470330451754e-20, "left_area": 0.0, "right_area": 0.0, "escape": 0.0, "signal": "NONE", "reason": "avoid_passing", "user_forward": 2.0, "forward": 0.3, "turn": 0.0, "intervened": true}
REFLEXGUARD_DECISION={"t_ms": 33472, "left": 3.478663132694978e-43, "right": 1.0623344174143078e-20, "left_area": 0.0, "right_area": 0.0, "escape": 0.0, "signal": "NONE", "reason": "avoid_left", "user_forward": 2.0, "forward": 0.3, "turn": 0.4, "intervened": true}
REFLEXGUARD_DECISION={"t_ms": 33504, "left": 2.810366015175662e-43, "right": 8.582459495408665e-21, "left_area": 0.0, "right_area": 0.0, "escape": 0.0, "signal": "NONE", "reason": "avoid_passing", "user_forward": 2.0, "forward": 0.3, "turn": 0.0, "intervened": true}
REFLEXGUARD_DECISION={"t_ms": 33600, "left": 1.4818847085901777e-43, "right": 4.5254658715853145e-21, "left_area": 0.0, "right_area": 0.0, "escape": 0.0, "signal": "NONE", "reason": "avoid_left", "user_forward": 2.0, "forward": 0.3, "turn": 0.4, "intervened": true}
REFLEXGUARD_DECISION={"t_ms": 34112, "left": 4.88003104745853e-45, "right": 1.4902923169077558e-22, "left_area": 0.0, "right_area": 0.0, "escape": 0.0, "signal": "NONE", "reason": "avoid_left", "user_forward": 2.0, "forward": 0.3, "turn": 0.4, "intervened": true}
REFLEXGUARD_DECISION={"t_ms": 34624, "left": 1.6070550486222244e-46, "right": 4.9077183495723935e-24, "left_area": 0.0, "right_area": 0.0, "escape": 0.0, "signal": "NONE", "reason": "avoid_left", "user_forward": 2.0, "forward": 0.3, "turn": 0.4, "intervened": true}
REFLEXGUARD_DECISION={"t_ms": 34848, "left": 3.609809862717538e-47, "right": 1.1023847700123683e-24, "left_area": 0.0, "right_area": 0.0, "escape": 0.0, "signal": "NONE", "reason": "avoid_right", "user_forward": 2.0, "forward": 0.0, "turn": -0.4, "intervened": true}
REFLEXGUARD_DECISION={"t_ms": 35360, "left": 1.1887553804535124e-48, "right": 3.6302904488594465e-26, "left_area": 0.0, "right_area": 0.0, "escape": 0.0, "signal": "NONE", "reason": "avoid_right", "user_forward": 2.0, "forward": 0.0, "turn": -0.4, "intervened": true}
REFLEXGUARD_DECISION={"t_ms": 35872, "left": 3.914719634272746e-50, "right": 1.1954998927400146e-27, "left_area": 0.0, "right_area": 0.0, "escape": 0.0, "signal": "NONE", "reason": "avoid_right", "user_forward": 2.0, "forward": 0.0, "turn": -0.4, "intervened": true}
REFLEXGUARD_DECISION={"t_ms": 36384, "left": 1.289165968621233e-51, "right": 3.936930153868032e-29, "left_area": 0.0, "right_area": 0.0, "escape": 0.0, "signal": "NONE", "reason": "avoid_right", "user_forward": 2.0, "forward": 0.0, "turn": -0.4, "intervened": true}
REFLEXGUARD_DECISION={"t_ms": 36736, "left": 1.2335718444215031e-52, "right": 3.767153577952145e-30, "left_area": 0.0, "right_area": 0.0, "escape": 0.0, "signal": "NONE", "reason": "avoid_left", "user_forward": 2.0, "forward": 0.3, "turn": 0.8, "intervened": true}
REFLEXGUARD_DECISION={"t_ms": 37248, "left": 4.06230583604223e-54, "right": 1.2405706270119215e-31, "left_area": 0.0, "right_area": 0.0, "escape": 0.0, "signal": "NONE", "reason": "avoid_left", "user_forward": 2.0, "forward": 0.3, "turn": 1.2, "intervened": true}
REFLEXGUARD_DECISION={"t_ms": 37760, "left": 1.3377679443779542e-55, "right": 4.085353699440554e-33, "left_area": 0.0, "right_area": 0.0, "escape": 0.0, "signal": "NONE", "reason": "avoid_left", "user_forward": 2.0, "forward": 0.3, "turn": 1.2, "intervened": true}
REFLEXGUARD_DECISION={"t_ms": 38272, "left": 0.5335709297569337, "right": 1.345357893063531e-34, "left_area": 0.0067708333333333336, "right_area": 0.0, "escape": 0.2824168150106672, "signal": "STOP", "reason": "avoid_left", "user_forward": 2.0, "forward": 0.3, "turn": 1.2, "intervened": true}
REFLEXGUARD_DECISION={"t_ms": 38528, "left": 0.769372393843645, "right": 2.4414167242053983e-35, "left_area": 0.017708333333333333, "right_area": 0.0, "escape": 0.6451882982209923, "signal": "STOP", "reason": "control_recovering", "user_forward": 2.0, "forward": 1.5, "turn": 1.2, "intervened": true}
REFLEXGUARD_DECISION={"t_ms": 38720, "left": 0.36186951037443527, "right": 6.788049152793494e-36, "left_area": 0.011328125, "right_area": 0.0, "escape": 0.018260785191438905, "signal": "RIGHT", "reason": "avoid_left", "user_forward": 2.0, "forward": 0.3, "turn": 1.2, "intervened": true}
REFLEXGUARD_DECISION={"t_ms": 39232, "left": 0.011916814010692637, "right": 0.4031043813280417, "left_area": 0.00546875, "right_area": 0.002734375, "escape": 0.08169904819698728, "signal": "LEFT", "reason": "avoid_left", "user_forward": 2.0, "forward": 0.3, "turn": 1.2, "intervened": true}
REFLEXGUARD_DECISION={"t_ms": 39744, "left": 0.00039243553848595483, "right": 0.9344601480557593, "left_area": 0.0, "right_area": 0.016666666666666666, "escape": 0.899169458547322, "signal": "STOP", "reason": "avoid_left", "user_forward": 2.0, "forward": 0.65, "turn": 1.2, "intervened": true}
REFLEXGUARD_DECISION={"t_ms": 40256, "left": 1.2923391413894367e-05, "right": 0.5031646087110528, "left_area": 0.0, "right_area": 0.014322916666666666, "escape": 0.23563785955546593, "signal": "STOP", "reason": "avoid_left", "user_forward": 2.0, "forward": 2.0, "turn": 0.8, "intervened": true}
REFLEXGUARD_DECISION={"t_ms": 40768, "left": 4.2558338697119837e-07, "right": 0.016569837709090825, "left_area": 0.0, "right_area": 0.0, "escape": 0.0, "signal": "NONE", "reason": "avoid_left", "user_forward": 2.0, "forward": 2.0, "turn": 0.8, "intervened": true}
REFLEXGUARD_DECISION={"t_ms": 41280, "left": 0.34934174442035626, "right": 0.0005456654084017201, "left_area": 0.007161458333333333, "right_area": 0.0, "escape": 0.0, "signal": "NONE", "reason": "avoid_left", "user_forward": 2.0, "forward": 0.65, "turn": 1.2, "intervened": true}
REFLEXGUARD_DECISION={"t_ms": 41792, "left": 0.32420504421085794, "right": 1.7969442015890043e-05, "left_area": 0.007161458333333333, "right_area": 0.0, "escape": 0.0, "signal": "NONE", "reason": "avoid_left", "user_forward": 2.0, "forward": 0.65, "turn": 0.4, "intervened": true}
REFLEXGUARD_DECISION={"t_ms": 42304, "left": 0.1810118561524542, "right": 5.91756122691058e-07, "left_area": 0.005078125, "right_area": 0.0, "escape": 0.0, "signal": "NONE", "reason": "avoid_left", "user_forward": 2.0, "forward": 2.0, "turn": 0.8, "intervened": true}
REFLEXGUARD_DECISION={"t_ms": 42656, "left": 0.053589422032160314, "right": 5.662371715384599e-08, "left_area": 0.00390625, "right_area": 0.0, "escape": 0.0, "signal": "NONE", "reason": "control_recovering", "user_forward": 2.0, "forward": 2.0, "turn": 1.0687031451259692, "intervened": true}
REFLEXGUARD_DECISION={"t_ms": 42784, "left": 0.12608241871333747, "right": 2.4121283778580018e-08, "left_area": 0.004296875, "right_area": 0.0, "escape": 0.0, "signal": "NONE", "reason": "avoid_left", "user_forward": 2.0, "forward": 0.65, "turn": 0.4, "intervened": true}
REFLEXGUARD_DECISION={"t_ms": 42848, "left": 0.12158796361663966, "right": 1.574350545908056e-08, "left_area": 0.004296875, "right_area": 0.0, "escape": 0.0, "signal": "NONE", "reason": "control_recovering", "user_forward": 2.0, "forward": 2.0, "turn": 1.0598052170461634, "intervened": true}
REFLEXGUARD_DECISION={"t_ms": 42880, "left": 0.09822931044716973, "right": 1.2718970194637724e-08, "left_area": 0.00390625, "right_area": 0.0, "escape": 0.0, "signal": "NONE", "reason": "avoid_left", "user_forward": 2.0, "forward": 0.65, "turn": 0.4, "intervened": true}
REFLEXGUARD_DECISION={"t_ms": 42976, "left": 0.19251982400272177, "right": 6.706616625261811e-09, "left_area": 0.003515625, "right_area": 0.0, "escape": 0.0, "signal": "NONE", "reason": "control_recovering", "user_forward": 2.0, "forward": 2.0, "turn": 1.071248221930298, "intervened": true}
REFLEXGUARD_DECISION={"t_ms": 43008, "left": 0.18473312745876272, "right": 5.418187022278868e-09, "left_area": 0.004296875, "right_area": 0.0, "escape": 0.0, "signal": "NONE", "reason": "avoid_left", "user_forward": 2.0, "forward": 0.65, "turn": 0.4, "intervened": true}
REFLEXGUARD_DECISION={"t_ms": 43520, "left": 0.18361602538967914, "right": 1.7842765187052156e-10, "left_area": 0.0033854166666666668, "right_area": 0.0, "escape": 0.0, "signal": "NONE", "reason": "avoid_left", "user_forward": 2.0, "forward": 0.65, "turn": 0.4, "intervened": true}
REFLEXGUARD_DECISION={"t_ms": 44032, "left": 0.4283699948162114, "right": 0.06861611437269649, "left_area": 0.00390625, "right_area": 0.000390625, "escape": 0.12056922279417143, "signal": "RIGHT", "reason": "avoid_left", "user_forward": 2.0, "forward": 0.65, "turn": 0.4, "intervened": true}
REFLEXGUARD_DECISION={"t_ms": 44544, "left": 0.01410675784954663, "right": 0.5880451896296931, "left_area": 0.0, "right_area": 0.004296875, "escape": 0.3662233686610663, "signal": "STOP", "reason": "avoid_left", "user_forward": 2.0, "forward": 0.3, "turn": 0.4, "intervened": true}
REFLEXGUARD_DECISION={"t_ms": 45056, "left": 0.00046455311864484117, "right": 0.20029585662714003, "left_area": 0.0, "right_area": 0.00390625, "escape": 0.0, "signal": "NONE", "reason": "avoid_left", "user_forward": 2.0, "forward": 0.3, "turn": 0.4, "intervened": true}
REFLEXGUARD_DECISION={"t_ms": 45472, "left": 2.9012958499495637e-05, "right": 0.5461812694213407, "left_area": 0.0, "right_area": 0.00625, "escape": 0.3018173375712934, "signal": "STOP", "reason": "control_recovering", "user_forward": 2.0, "forward": 1.5, "turn": 0.5275388184390783, "intervened": true}
REFLEXGUARD_DECISION={"t_ms": 45504, "left": 2.3439186105817704e-05, "right": 0.4412526361867272, "left_area": 0.0, "right_area": 0.005078125, "escape": 0.14038867105650343, "signal": "STOP", "reason": "avoid_left", "user_forward": 2.0, "forward": 0.65, "turn": 0.4, "intervened": true}
REFLEXGUARD_DECISION={"t_ms": 46016, "left": 7.718816130599698e-07, "right": 0.3073311464595592, "left_area": 0.0, "right_area": 0.008072916666666667, "escape": 0.0, "signal": "NONE", "reason": "avoid_left", "user_forward": 2.0, "forward": 0.65, "turn": 0.4, "intervened": true}
REFLEXGUARD_DECISION={"t_ms": 46304, "left": 1.1316321841499661e-07, "right": 0.5232685502126746, "left_area": 0.0, "right_area": 0.011979166666666667, "escape": 0.2665670003271917, "signal": "STOP", "reason": "avoid_passing", "user_forward": 2.0, "forward": 1.5, "turn": 0.0, "intervened": true}
REFLEXGUARD_DECISION={"t_ms": 46336, "left": 9.142307003294797e-08, "right": 0.42274175286086424, "left_area": 0.0, "right_area": 0.009114583333333334, "escape": 0.11191038901671424, "signal": "LEFT", "reason": "avoid_left", "user_forward": 2.0, "forward": 0.65, "turn": 0.4, "intervened": true}
REFLEXGUARD_DECISION={"t_ms": 46368, "left": 7.385949119613999e-08, "right": 0.5336406838327941, "left_area": 0.0, "right_area": 0.012630208333333334, "escape": 0.28252412897352935, "signal": "STOP", "reason": "avoid_passing", "user_forward": 2.0, "forward": 1.5, "turn": 0.0, "intervened": true}
REFLEXGUARD_DECISION={"t_ms": 46400, "left": 5.967010775055653e-08, "right": 0.46420878369191027, "left_area": 0.0, "right_area": 0.010546875, "escape": 0.17570582106447735, "signal": "STOP", "reason": "avoid_left", "user_forward": 2.0, "forward": 0.65, "turn": 0.4, "intervened": true}
REFLEXGUARD_DECISION={"t_ms": 46912, "left": 1.9650110210324203e-09, "right": 0.5529433934482427, "left_area": 0.0, "right_area": 0.008072916666666667, "escape": 0.31222060530498885, "signal": "STOP", "reason": "avoid_left", "user_forward": 2.0, "forward": 0.65, "turn": 0.4, "intervened": true}
REFLEXGUARD_DECISION={"t_ms": 47136, "left": 4.413860104016224e-10, "right": 0.12420361809666808, "left_area": 0.0, "right_area": 0.0, "escape": 0.0, "signal": "NONE", "reason": "control_recovering", "user_forward": 2.0, "forward": 2.0, "turn": -0.3412523321325683, "intervened": true}
REFLEXGUARD_DECISION={"t_ms": 47648, "left": 1.4535391465932611e-11, "right": 0.004090179951280184, "left_area": 0.0, "right_area": 0.0, "escape": 0.0, "signal": "NONE", "reason": "control_recovering", "user_forward": 2.0, "forward": 2.0, "turn": -0.5365498335743195, "intervened": true}
REFLEXGUARD_DECISION={"t_ms": 48160, "left": 4.78668557881258e-13, "right": 0.00013469472379487113, "left_area": 0.0, "right_area": 0.0, "escape": 0.0, "signal": "NONE", "reason": "control_recovering", "user_forward": 2.0, "forward": 2.0, "turn": -0.3565355318064653, "intervened": true}
REFLEXGUARD_DECISION={"t_ms": 48672, "left": 1.576315222339438e-14, "right": 4.435665138033392e-06, "left_area": 0.0, "right_area": 0.0, "escape": 0.0, "signal": "NONE", "reason": "control_recovering", "user_forward": 2.0, "forward": 2.0, "turn": -0.20427166151162218, "intervened": true}
REFLEXGUARD_DECISION={"t_ms": 49184, "left": 5.19100249905159e-16, "right": 1.4607198160730012e-07, "left_area": 0.0, "right_area": 0.0, "escape": 0.0, "signal": "NONE", "reason": "control_recovering", "user_forward": 2.0, "forward": 2.0, "turn": -0.09097517843794986, "intervened": true}
REFLEXGUARD_DECISION={"t_ms": 49536, "left": 4.967145179918329e-17, "right": 1.3977275863272683e-08, "left_area": 0.0, "right_area": 0.0, "escape": 0.0, "signal": "NONE", "reason": "avoid_left", "user_forward": 2.0, "forward": 2.0, "turn": 0.4, "intervened": true}
REFLEXGUARD_DECISION={"t_ms": 50048, "left": 1.6357428182315533e-18, "right": 4.6028911545052646e-10, "left_area": 0.0, "right_area": 0.0, "escape": 0.0, "signal": "NONE", "reason": "avoid_left", "user_forward": 2.0, "forward": 0.65, "turn": 0.4, "intervened": true}
REFLEXGUARD_DECISION={"t_ms": 50560, "left": 5.386704979378315e-20, "right": 1.5157894276018178e-11, "left_area": 0.0, "right_area": 0.0, "escape": 0.0, "signal": "NONE", "reason": "avoid_left", "user_forward": 2.0, "forward": 0.65, "turn": 0.4, "intervened": true}
REFLEXGUARD_DECISION={"t_ms": 50592, "left": 4.35184783071944e-20, "right": 1.2245862651824196e-11, "left_area": 0.0, "right_area": 0.0, "escape": 0.0, "signal": "NONE", "reason": "control_recovering", "user_forward": 2.0, "forward": 2.0, "turn": -0.4488749036552573, "intervened": true}
REFLEXGUARD_DECISION={"t_ms": 50624, "left": 3.515800403816289e-20, "right": 9.893270750977686e-12, "left_area": 0.0, "right_area": 0.0, "escape": 0.0, "signal": "NONE", "reason": "avoid_left", "user_forward": 2.0, "forward": 0.65, "turn": 0.4, "intervened": true}
REFLEXGUARD_DECISION={"t_ms": 50656, "left": 2.8403687261811514e-20, "right": 7.992642816189876e-12, "left_area": 0.0, "right_area": 0.0, "escape": 0.0, "signal": "NONE", "reason": "control_recovering", "user_forward": 2.0, "forward": 2.0, "turn": -0.4876044073360392, "intervened": true}
REFLEXGUARD_DECISION={"t_ms": 51168, "left": 9.353688238797799e-22, "right": 2.6320768996503505e-13, "left_area": 0.0, "right_area": 0.0, "escape": 0.0, "signal": "NONE", "reason": "avoid_left", "user_forward": 2.0, "forward": 0.65, "turn": 0.4, "intervened": true}
REFLEXGUARD_DECISION={"t_ms": 51680, "left": 3.0802861213817034e-23, "right": 8.667757292544095e-15, "left_area": 0.0, "right_area": 0.0, "escape": 0.0, "signal": "NONE", "reason": "avoid_left", "user_forward": 2.0, "forward": 0.65, "turn": 0.4, "intervened": true}
REFLEXGUARD_DECISION={"t_ms": 51744, "left": 2.0104444611097613e-23, "right": 5.657281159070487e-15, "left_area": 0.0, "right_area": 0.0, "escape": 0.0, "signal": "NONE", "reason": "control_recovering", "user_forward": 2.0, "forward": 2.0, "turn": -0.6707857098092982, "intervened": true}
REFLEXGUARD_DECISION={"t_ms": 51776, "left": 1.6242115356895183e-23, "right": 4.570442753802387e-15, "left_area": 0.0, "right_area": 0.0, "escape": 0.0, "signal": "NONE", "reason": "avoid_passing", "user_forward": 2.0, "forward": 0.65, "turn": 0.0, "intervened": true}
REFLEXGUARD_DECISION={"t_ms": 51808, "left": 1.3121790547801047e-23, "right": 3.69240035600721e-15, "left_area": 0.0, "right_area": 0.0, "escape": 0.0, "signal": "NONE", "reason": "control_recovering", "user_forward": 2.0, "forward": 2.0, "turn": -0.7053409064170217, "intervened": true}
REFLEXGUARD_DECISION={"t_ms": 51840, "left": 1.0600921333024864e-23, "right": 2.9830414958593442e-15, "left_area": 0.0, "right_area": 0.0, "escape": 0.0, "signal": "NONE", "reason": "avoid_passing", "user_forward": 2.0, "forward": 0.65, "turn": 0.0, "intervened": true}
REFLEXGUARD_DECISION={"t_ms": 51872, "left": 8.564344378124087e-24, "right": 2.4099598386024468e-15, "left_area": 0.0, "right_area": 0.0, "escape": 0.0, "signal": "NONE", "reason": "control_recovering", "user_forward": 2.0, "forward": 2.0, "turn": -0.7367597052602749, "intervened": true}
REFLEXGUARD_DECISION={"t_ms": 51936, "left": 5.589785506780348e-24, "right": 1.5729351813726751e-15, "left_area": 0.0, "right_area": 0.0, "escape": 0.0, "signal": "NONE", "reason": "avoid_passing", "user_forward": 2.0, "forward": 0.65, "turn": 0.0, "intervened": true}
REFLEXGUARD_DECISION={"t_ms": 51968, "left": 4.515913907480506e-24, "right": 1.2707535651430782e-15, "left_area": 0.0, "right_area": 0.0, "escape": 0.0, "signal": "NONE", "reason": "control_recovering", "user_forward": 2.0, "forward": 2.0, "turn": -0.7858416007971565, "intervened": true}
REFLEXGUARD_DECISION={"t_ms": 52032, "left": 2.9474515497509104e-24, "right": 8.293968046485902e-16, "left_area": 0.0, "right_area": 0.0, "escape": 0.0, "signal": "NONE", "reason": "avoid_passing", "user_forward": 2.0, "forward": 0.65, "turn": 0.0, "intervened": true}
REFLEXGUARD_DECISION={"t_ms": 52064, "left": 2.3812071910451112e-24, "right": 6.700587277256398e-16, "left_area": 0.0, "right_area": 0.0, "escape": 0.0, "signal": "NONE", "reason": "control_recovering", "user_forward": 2.0, "forward": 2.0, "turn": -0.8363045768458686, "intervened": true}
REFLEXGUARD_DECISION={"t_ms": 52128, "left": 1.5541688724175977e-24, "right": 4.3733465161671387e-16, "left_area": 0.0, "right_area": 0.0, "escape": 0.0, "signal": "NONE", "reason": "avoid_passing", "user_forward": 2.0, "forward": 0.65, "turn": 0.0, "intervened": true}
REFLEXGUARD_DECISION={"t_ms": 52160, "left": 1.2555925119149155e-24, "right": 3.5331689079365364e-16, "left_area": 0.0, "right_area": 0.0, "escape": 0.0, "signal": "NONE", "reason": "control_recovering", "user_forward": 2.0, "forward": 2.0, "turn": -0.8883595258563688, "intervened": true}
REFLEXGUARD_DECISION={"t_ms": 52192, "left": 1.0143766124491044e-24, "right": 2.8544005113388495e-16, "left_area": 0.0, "right_area": 0.0, "escape": 0.0, "signal": "NONE", "reason": "avoid_passing", "user_forward": 2.0, "forward": 0.65, "turn": 0.0, "intervened": true}
REFLEXGUARD_DECISION={"t_ms": 52224, "left": 8.195014721093267e-25, "right": 2.306032485689992e-16, "left_area": 0.0, "right_area": 0.0, "escape": 0.0, "signal": "NONE", "reason": "control_recovering", "user_forward": 2.0, "forward": 2.0, "turn": -0.9197398980965941, "intervened": true}
REFLEXGUARD_DECISION={"t_ms": 52256, "left": 6.620644192179162e-25, "right": 1.863013198019387e-16, "left_area": 0.0, "right_area": 0.0, "escape": 0.0, "signal": "NONE", "reason": "avoid_passing", "user_forward": 2.0, "forward": 0.65, "turn": 0.0, "intervened": true}
REFLEXGUARD_DECISION={"t_ms": 52288, "left": 5.348731028708643e-25, "right": 1.5051037648135793e-16, "left_area": 0.0, "right_area": 0.0, "escape": 0.0, "signal": "NONE", "reason": "control_recovering", "user_forward": 2.0, "forward": 2.0, "turn": -0.9486502054487047, "intervened": true}
REFLEXGUARD_DECISION={"t_ms": 52320, "left": 4.321169177353736e-25, "right": 1.2159534593014926e-16, "left_area": 0.0, "right_area": 0.0, "escape": 0.0, "signal": "NONE", "reason": "avoid_passing", "user_forward": 2.0, "forward": 0.65, "turn": 0.0, "intervened": true}
REFLEXGUARD_DECISION={"t_ms": 52352, "left": 3.4910155248206807e-25, "right": 9.823527452078346e-17, "left_area": 0.0, "right_area": 0.0, "escape": 0.0, "signal": "NONE", "reason": "control_recovering", "user_forward": 2.0, "forward": 2.0, "turn": -0.9755555052919378, "intervened": true}
REFLEXGUARD_DECISION={"t_ms": 52384, "left": 2.8203453496820486e-25, "right": 7.936298125848707e-17, "left_area": 0.0, "right_area": 0.0, "escape": 0.0, "signal": "NONE", "reason": "avoid_passing", "user_forward": 2.0, "forward": 0.65, "turn": 0.0, "intervened": true}
REFLEXGUARD_DECISION={"t_ms": 52416, "left": 2.2785197702269573e-25, "right": 6.411630470786144e-17, "left_area": 0.0, "right_area": 0.0, "escape": 0.0, "signal": "NONE", "reason": "control_recovering", "user_forward": 2.0, "forward": 2.0, "turn": -1.0010185615373093, "intervened": true}
REFLEXGUARD_DECISION={"t_ms": 52448, "left": 1.840786038454612e-25, "right": 5.179871602859823e-17, "left_area": 0.0, "right_area": 0.0, "escape": 0.0, "signal": "NONE", "reason": "avoid_passing", "user_forward": 2.0, "forward": 0.65, "turn": 0.0, "intervened": true}
REFLEXGUARD_DECISION={"t_ms": 52480, "left": 1.487146736072387e-25, "right": 4.184749876707068e-17, "left_area": 0.0, "right_area": 0.0, "escape": 0.0, "signal": "NONE", "reason": "control_recovering", "user_forward": 2.0, "forward": 2.0, "turn": -1.0253736894727306, "intervened": true}
REFLEXGUARD_DECISION={"t_ms": 52512, "left": 1.2014462128729823e-25, "right": 3.380804173009099e-17, "left_area": 0.0, "right_area": 0.0, "escape": 0.0, "signal": "NONE", "reason": "avoid_passing", "user_forward": 2.0, "forward": 0.65, "turn": 0.0, "intervened": true}
REFLEXGUARD_DECISION={"t_ms": 52576, "left": 7.841612073713167e-26, "right": 2.2065869065027185e-17, "left_area": 0.0, "right_area": 0.0, "escape": 0.0, "signal": "NONE", "reason": "control_recovering", "user_forward": 2.0, "forward": 2.0, "turn": -1.0573260535980666, "intervened": true}
REFLEXGUARD_DECISION={"t_ms": 52608, "left": 6.335134859431354e-26, "right": 1.782672427600822e-17, "left_area": 0.0, "right_area": 0.0, "escape": 0.0, "signal": "NONE", "reason": "avoid_passing", "user_forward": 2.0, "forward": 0.65, "turn": 0.0, "intervened": true}
REFLEXGUARD_DECISION={"t_ms": 52640, "left": 5.1180718084385e-26, "right": 1.440197517153305e-17, "left_area": 0.0, "right_area": 0.0, "escape": 0.0, "signal": "NONE", "reason": "control_recovering", "user_forward": 2.0, "forward": 2.0, "turn": -1.076777142492399, "intervened": true}
REFLEXGUARD_DECISION={"t_ms": 52672, "left": 4.134822638753453e-26, "right": 1.1635165587914702e-17, "left_area": 0.0, "right_area": 0.0, "escape": 0.0, "signal": "NONE", "reason": "avoid_passing", "user_forward": 2.0, "forward": 0.65, "turn": 0.0, "intervened": true}
REFLEXGUARD_DECISION={"t_ms": 52736, "left": 2.6987204902979256e-26, "right": 7.594052399205464e-18, "left_area": 0.0, "right_area": 0.0, "escape": 0.0, "signal": "NONE", "reason": "control_recovering", "user_forward": 2.0, "forward": 2.0, "turn": -1.1023216711627826, "intervened": true}
REFLEXGUARD_DECISION={"t_ms": 52768, "left": 2.1802606521763824e-26, "right": 6.135134666993806e-18, "left_area": 0.0, "right_area": 0.0, "escape": 0.0, "signal": "NONE", "reason": "avoid_passing", "user_forward": 2.0, "forward": 0.65, "turn": 0.0, "intervened": true}
REFLEXGUARD_DECISION={"t_ms": 52800, "left": 1.761403794323219e-26, "right": 4.9564942936247475e-18, "left_area": 0.0, "right_area": 0.0, "escape": 0.0, "signal": "NONE", "reason": "control_recovering", "user_forward": 2.0, "forward": 2.0, "turn": -1.1180216922083865, "intervened": true}
REFLEXGUARD_DECISION={"t_ms": 52832, "left": 1.4230148691438376e-26, "right": 4.0042862978869775e-18, "left_area": 0.0, "right_area": 0.0, "escape": 0.0, "signal": "NONE", "reason": "avoid_passing", "user_forward": 2.0, "forward": 0.65, "turn": 0.0, "intervened": true}
REFLEXGUARD_DECISION={"t_ms": 52896, "left": 9.287748764273134e-27, "right": 2.613521890840931e-18, "left_area": 0.0, "right_area": 0.0, "escape": 0.0, "signal": "NONE", "reason": "control_recovering", "user_forward": 2.0, "forward": 2.0, "turn": -1.138700369469504, "intervened": true}
REFLEXGUARD_DECISION={"t_ms": 52928, "left": 7.503449598001556e-27, "right": 2.1114298285751895e-18, "left_area": 0.0, "right_area": 0.0, "escape": 0.0, "signal": "NONE", "reason": "avoid_passing", "user_forward": 2.0, "forward": 0.65, "turn": 0.0, "intervened": true}
REFLEXGUARD_DECISION={"t_ms": 52960, "left": 6.061937860154417e-27, "right": 1.7057962807277642e-18, "left_area": 0.0, "right_area": 0.0, "escape": 0.0, "signal": "NONE", "reason": "control_recovering", "user_forward": 2.0, "forward": 2.0, "turn": -1.1514351899050488, "intervened": true}
REFLEXGUARD_DECISION={"t_ms": 52992, "left": 4.8973595598164095e-27, "right": 1.3780902931110863e-18, "left_area": 0.0, "right_area": 0.0, "escape": 0.0, "signal": "NONE", "reason": "avoid_passing", "user_forward": 2.0, "forward": 0.65, "turn": 0.0, "intervened": true}
REFLEXGUARD_DECISION={"t_ms": 53056, "left": 3.1964139086791536e-27, "right": 8.994534557885595e-19, "left_area": 0.0, "right_area": 0.0, "escape": 0.0, "signal": "NONE", "reason": "control_recovering", "user_forward": 2.0, "forward": 2.0, "turn": -1.1684833984268983, "intervened": true}
REFLEXGUARD_DECISION={"t_ms": 53088, "left": 2.582340593705992e-27, "right": 7.2665657120474e-19, "left_area": 0.0, "right_area": 0.0, "escape": 0.0, "signal": "NONE", "reason": "avoid_passing", "user_forward": 2.0, "forward": 0.65, "turn": 0.0, "intervened": true}
REFLEXGUARD_DECISION={"t_ms": 53120, "left": 2.0862388703149575e-27, "right": 5.870562496333962e-19, "left_area": 0.0, "right_area": 0.0, "escape": 0.0, "signal": "NONE", "reason": "control_recovering", "user_forward": 2.0, "forward": 2.0, "turn": -1.1798026497840624, "intervened": true}
REFLEXGUARD_DECISION={"t_ms": 53152, "left": 1.6854448381523467e-27, "right": 4.742749930166465e-19, "left_area": 0.0, "right_area": 0.0, "escape": 0.0, "signal": "NONE", "reason": "avoid_passing", "user_forward": 2.0, "forward": 0.65, "turn": 0.0, "intervened": true}
REFLEXGUARD_DECISION={"t_ms": 53504, "left": 1.6127615437242072e-28, "right": 4.538223100352668e-20, "left_area": 0.0, "right_area": 0.0, "escape": 0.0, "signal": "NONE", "reason": "avoid_left", "user_forward": 2.0, "forward": 0.65, "turn": 0.4, "intervened": true}
REFLEXGUARD_DECISION={"t_ms": 54016, "left": 5.311024778040172e-30, "right": 1.4944934313469106e-21, "left_area": 0.0, "right_area": 0.0, "escape": 0.0, "signal": "NONE", "reason": "avoid_left", "user_forward": 2.0, "forward": 0.65, "turn": 0.4, "intervened": true}
REFLEXGUARD_DECISION={"t_ms": 54496, "left": 2.1648907533663064e-31, "right": 6.091884609289122e-23, "left_area": 0.0, "right_area": 0.0, "escape": 0.0, "signal": "NONE", "reason": "avoid_passing", "user_forward": 2.0, "forward": 0.3, "turn": 0.0, "intervened": true}
REFLEXGUARD_DECISION={"t_ms": 55008, "left": 7.129255082761763e-33, "right": 2.006133531072643e-24, "left_area": 0.0, "right_area": 0.0, "escape": 0.0, "signal": "NONE", "reason": "avoid_passing", "user_forward": 2.0, "forward": 0.3, "turn": 0.0, "intervened": true}
REFLEXGUARD_DECISION={"t_ms": 55520, "left": 2.347752557770035e-34, "right": 6.606447762252722e-26, "left_area": 0.0, "right_area": 0.0, "escape": 0.0, "signal": "NONE", "reason": "avoid_passing", "user_forward": 2.0, "forward": 0.3, "turn": 0.0, "intervened": true}
REFLEXGUARD_DECISION={"t_ms": 56032, "left": 7.731441796553728e-36, "right": 2.175585590857341e-27, "left_area": 0.0, "right_area": 0.0, "escape": 0.0, "signal": "NONE", "reason": "avoid_passing", "user_forward": 2.0, "forward": 0.3, "turn": 0.0, "intervened": true}
REFLEXGUARD_DECISION={"t_ms": 56544, "left": 2.546060148275345e-37, "right": 7.164474515624005e-29, "left_area": 0.0, "right_area": 0.0, "escape": 0.0, "signal": "NONE", "reason": "avoid_passing", "user_forward": 2.0, "forward": 0.3, "turn": 0.0, "intervened": true}
REFLEXGUARD_DECISION={"t_ms": 57056, "left": 8.384493409140575e-39, "right": 2.3593507559864903e-30, "left_area": 0.0, "right_area": 0.0, "escape": 0.0, "signal": "NONE", "reason": "avoid_passing", "user_forward": 2.0, "forward": 0.3, "turn": 0.0, "intervened": true}
REFLEXGUARD_DECISION={"t_ms": 57568, "left": 2.7611181839337733e-40, "right": 7.769636108879638e-32, "left_area": 0.0, "right_area": 0.0, "escape": 0.0, "signal": "NONE", "reason": "avoid_passing", "user_forward": 2.0, "forward": 0.3, "turn": 0.0, "intervened": true}
REFLEXGUARD_DECISION={"t_ms": 57632, "left": 1.802129588166014e-40, "right": 5.071094458241015e-32, "left_area": 0.0, "right_area": 0.0, "escape": 0.0, "signal": "NONE", "reason": "avoid_left", "user_forward": 2.0, "forward": 0.3, "turn": 0.4, "intervened": true}
REFLEXGUARD_DECISION={"t_ms": 57760, "left": 7.676938460931723e-41, "right": 2.1602486492165544e-32, "left_area": 0.0, "right_area": 0.0, "escape": 0.0, "signal": "NONE", "reason": "avoid_passing", "user_forward": 2.0, "forward": 0.3, "turn": 0.0, "intervened": true}
REFLEXGUARD_DECISION={"t_ms": 57792, "left": 6.202097221895399e-41, "right": 1.7452363613558524e-32, "left_area": 0.0, "right_area": 0.0, "escape": 0.0, "signal": "NONE", "reason": "avoid_left", "user_forward": 2.0, "forward": 0.3, "turn": 0.4, "intervened": true}
REFLEXGUARD_DECISION={"t_ms": 57856, "left": 4.0479914902939993e-41, "right": 1.1390827467811181e-32, "left_area": 0.0, "right_area": 0.0, "escape": 0.0, "signal": "NONE", "reason": "avoid_passing", "user_forward": 2.0, "forward": 0.3, "turn": 0.0, "intervened": true}
REFLEXGUARD_DECISION={"t_ms": 57888, "left": 3.2703188782838823e-41, "right": 9.202499115073973e-33, "left_area": 0.0, "right_area": 0.0, "escape": 0.0, "signal": "NONE", "reason": "avoid_left", "user_forward": 2.0, "forward": 0.3, "turn": 0.4, "intervened": true}
REFLEXGUARD_DECISION={"t_ms": 57920, "left": 2.6420474428623837e-41, "right": 7.43457753198769e-33, "left_area": 0.0, "right_area": 0.0, "escape": 0.0, "signal": "NONE", "reason": "avoid_passing", "user_forward": 2.0, "forward": 0.3, "turn": 0.0, "intervened": true}
REFLEXGUARD_DECISION={"t_ms": 57952, "left": 2.1344752454227557e-41, "right": 6.006297027358298e-33, "left_area": 0.0, "right_area": 0.0, "escape": 0.0, "signal": "NONE", "reason": "avoid_left", "user_forward": 2.0, "forward": 0.3, "turn": 0.4, "intervened": true}
REFLEXGUARD_DECISION={"t_ms": 58048, "left": 1.1254926262188459e-41, "right": 3.167074919078314e-33, "left_area": 0.0, "right_area": 0.0, "escape": 0.0, "signal": "NONE", "reason": "avoid_passing", "user_forward": 2.0, "forward": 0.3, "turn": 0.0, "intervened": true}
REFLEXGUARD_DECISION={"t_ms": 58112, "left": 7.345877386827219e-42, "right": 2.067089867003828e-33, "left_area": 0.0, "right_area": 0.0, "escape": 0.0, "signal": "NONE", "reason": "avoid_left", "user_forward": 2.0, "forward": 0.3, "turn": 0.4, "intervened": true}
REFLEXGUARD_DECISION={"t_ms": 58208, "left": 3.87342549402314e-42, "right": 1.0899608266872713e-33, "left_area": 0.0, "right_area": 0.0, "escape": 0.0, "signal": "NONE", "reason": "avoid_passing", "user_forward": 2.0, "forward": 0.3, "turn": 0.0, "intervened": true}
REFLEXGUARD_DECISION={"t_ms": 58272, "left": 2.528111520525588e-42, "right": 7.113968055204891e-34, "left_area": 0.0, "right_area": 0.0, "escape": 0.0, "signal": "NONE", "reason": "avoid_left", "user_forward": 2.0, "forward": 0.3, "turn": 0.4, "intervened": true}
REFLEXGUARD_DECISION={"t_ms": 58368, "left": 1.3330540519090946e-42, "right": 3.7511414603937992e-34, "left_area": 0.0, "right_area": 0.0, "escape": 0.0, "signal": "NONE", "reason": "avoid_passing", "user_forward": 2.0, "forward": 0.3, "turn": 0.0, "intervened": true}
REFLEXGUARD_DECISION={"t_ms": 58432, "left": 8.700591534069568e-43, "right": 2.4482990458383366e-34, "left_area": 0.0, "right_area": 0.0, "escape": 0.0, "signal": "NONE", "reason": "avoid_left", "user_forward": 2.0, "forward": 0.3, "turn": 0.4, "intervened": true}
REFLEXGUARD_DECISION={"t_ms": 58496, "left": 5.678711447169833e-43, "right": 1.5979584564170595e-34, "left_area": 0.0, "right_area": 0.0, "escape": 0.0, "signal": "NONE", "reason": "avoid_passing", "user_forward": 2.0, "forward": 0.3, "turn": 0.0, "intervened": true}
REFLEXGUARD_DECISION={"t_ms": 58528, "left": 4.587756000607969e-43, "right": 1.2909695386623794e-34, "left_area": 0.0, "right_area": 0.0, "escape": 0.0, "signal": "NONE", "reason": "avoid_left", "user_forward": 2.0, "forward": 0.3, "turn": 0.4, "intervened": true}
REFLEXGUARD_DECISION={"t_ms": 58592, "left": 2.9943415244191897e-43, "right": 8.425913880042394e-35, "left_area": 0.0, "right_area": 0.0, "escape": 0.0, "signal": "NONE", "reason": "avoid_passing", "user_forward": 2.0, "forward": 0.3, "turn": 0.0, "intervened": true}
REFLEXGUARD_DECISION={"t_ms": 58624, "left": 2.419088982478618e-43, "right": 6.807184574070222e-35, "left_area": 0.0, "right_area": 0.0, "escape": 0.0, "signal": "NONE", "reason": "avoid_left", "user_forward": 2.0, "forward": 0.3, "turn": 0.4, "intervened": true}
REFLEXGUARD_DECISION={"t_ms": 58656, "left": 1.9543500490594646e-43, "right": 5.499434540295401e-35, "left_area": 0.0, "right_area": 0.0, "escape": 0.0, "signal": "NONE", "reason": "avoid_passing", "user_forward": 2.0, "forward": 0.3, "turn": 0.0, "intervened": true}
REFLEXGUARD_DECISION={"t_ms": 58688, "left": 1.578893600823752e-43, "right": 4.4429205545855234e-35, "left_area": 0.0, "right_area": 0.0, "escape": 0.0, "signal": "NONE", "reason": "avoid_left", "user_forward": 2.0, "forward": 0.3, "turn": 0.4, "intervened": true}
REFLEXGUARD_DECISION={"t_ms": 58784, "left": 8.325386340844136e-44, "right": 2.3427183490580864e-35, "left_area": 0.0, "right_area": 0.0, "escape": 0.0, "signal": "NONE", "reason": "avoid_passing", "user_forward": 2.0, "forward": 0.3, "turn": 0.0, "intervened": true}
REFLEXGUARD_DECISION={"t_ms": 58880, "left": 4.389913144758591e-44, "right": 1.2352976371249672e-35, "left_area": 0.0, "right_area": 0.0, "escape": 0.0, "signal": "NONE", "reason": "avoid_left", "user_forward": 2.0, "forward": 0.3, "turn": 0.4, "intervened": true}
REFLEXGUARD_DECISION={"t_ms": 58944, "left": 2.8652132363190884e-44, "right": 8.062553913874276e-36, "left_area": 0.0, "right_area": 0.0, "escape": 0.0, "signal": "NONE", "reason": "avoid_passing", "user_forward": 2.0, "forward": 0.3, "turn": 0.0, "intervened": true}
REFLEXGUARD_DECISION={"t_ms": 58976, "left": 2.3147679434381997e-44, "right": 6.513630854942742e-36, "left_area": 0.0, "right_area": 0.0, "escape": 0.0, "signal": "NONE", "reason": "avoid_left", "user_forward": 2.0, "forward": 0.3, "turn": 0.4, "intervened": true}
REFLEXGUARD_DECISION={"t_ms": 59008, "left": 1.8700704589975564e-44, "right": 5.2622763664813256e-36, "left_area": 0.0, "right_area": 0.0, "escape": 0.0, "signal": "NONE", "reason": "avoid_passing", "user_forward": 2.0, "forward": 0.3, "turn": 0.0, "intervened": true}
REFLEXGUARD_DECISION={"t_ms": 59040, "left": 1.51080523277892e-44, "right": 4.251323597224535e-36, "left_area": 0.0, "right_area": 0.0, "escape": 0.0, "signal": "NONE", "reason": "avoid_left", "user_forward": 2.0, "forward": 0.3, "turn": 0.4, "intervened": true}
REFLEXGUARD_DECISION={"t_ms": 59104, "left": 9.860739854561178e-45, "right": 2.7747584612663838e-36, "left_area": 0.0, "right_area": 0.0, "escape": 0.0, "signal": "NONE", "reason": "avoid_passing", "user_forward": 2.0, "forward": 0.3, "turn": 0.0, "intervened": true}
REFLEXGUARD_DECISION={"t_ms": 59136, "left": 7.96636153448919e-45, "right": 2.241690724971938e-36, "left_area": 0.0, "right_area": 0.0, "escape": 0.0, "signal": "NONE", "reason": "avoid_left", "user_forward": 2.0, "forward": 0.3, "turn": 0.4, "intervened": true}
REFLEXGUARD_DECISION={"t_ms": 59168, "left": 6.435918301691489e-45, "right": 1.811032339056911e-36, "left_area": 0.0, "right_area": 0.0, "escape": 0.0, "signal": "NONE", "reason": "avoid_passing", "user_forward": 2.0, "forward": 0.3, "turn": 0.0, "intervened": true}
REFLEXGUARD_DECISION={"t_ms": 59200, "left": 5.1994934207694623e-45, "right": 1.463109115175111e-36, "left_area": 0.0, "right_area": 0.0, "escape": 0.0, "signal": "NONE", "reason": "avoid_left", "user_forward": 2.0, "forward": 0.3, "turn": 0.4, "intervened": true}
REFLEXGUARD_DECISION={"t_ms": 59264, "left": 3.3936109622419256e-45, "right": 9.549436320816708e-37, "left_area": 0.0, "right_area": 0.0, "escape": 0.0, "signal": "NONE", "reason": "avoid_passing", "user_forward": 2.0, "forward": 0.3, "turn": 0.0, "intervened": true}
REFLEXGUARD_DECISION={"t_ms": 59328, "left": 2.2149456554835397e-45, "right": 6.232736376221614e-37, "left_area": 0.0, "right_area": 0.0, "escape": 0.0, "signal": "NONE", "reason": "avoid_left", "user_forward": 2.0, "forward": 0.3, "turn": 0.4, "intervened": true}
REFLEXGUARD_DECISION={"t_ms": 59392, "left": 1.445653114434885e-45, "right": 4.067989086517493e-37, "left_area": 0.0, "right_area": 0.0, "escape": 0.0, "signal": "NONE", "reason": "avoid_passing", "user_forward": 2.0, "forward": 0.3, "turn": 0.0, "intervened": true}
REFLEXGUARD_DECISION={"t_ms": 59456, "left": 9.435504307301115e-46, "right": 2.6550994954895597e-37, "left_area": 0.0, "right_area": 0.0, "escape": 0.0, "signal": "NONE", "reason": "avoid_left", "user_forward": 2.0, "forward": 0.3, "turn": 0.4, "intervened": true}
REFLEXGUARD_DECISION={"t_ms": 59520, "left": 6.15837510701174e-46, "right": 1.732933196481081e-37, "left_area": 0.0, "right_area": 0.0, "escape": 0.0, "signal": "NONE", "reason": "avoid_passing", "user_forward": 2.0, "forward": 0.3, "turn": 0.0, "intervened": true}
REFLEXGUARD_DECISION={"t_ms": 59584, "left": 4.019454893292281e-46, "right": 1.131052703888379e-37, "left_area": 0.0, "right_area": 0.0, "escape": 0.0, "signal": "NONE", "reason": "avoid_left", "user_forward": 2.0, "forward": 0.3, "turn": 0.4, "intervened": true}
REFLEXGUARD_DECISION={"t_ms": 59648, "left": 2.623422146016488e-46, "right": 7.382166961605547e-38, "left_area": 0.0, "right_area": 0.0, "escape": 0.0, "signal": "NONE", "reason": "avoid_passing", "user_forward": 2.0, "forward": 0.3, "turn": 0.0, "intervened": true}
REFLEXGUARD_DECISION={"t_ms": 59744, "left": 1.3833106226612507e-46, "right": 3.8925607118754957e-38, "left_area": 0.0, "right_area": 0.0, "escape": 0.0, "signal": "NONE", "reason": "avoid_left", "user_forward": 2.0, "forward": 0.3, "turn": 0.4, "intervened": true}
REFLEXGUARD_DECISION={"t_ms": 59808, "left": 9.028606660981614e-47, "right": 2.5406007151092847e-38, "left_area": 0.0, "right_area": 0.0, "escape": 0.0, "signal": "NONE", "reason": "avoid_passing", "user_forward": 2.0, "forward": 0.3, "turn": 0.0, "intervened": true}
REFLEXGUARD_DECISION={"t_ms": 59872, "left": 5.892800713255521e-47, "right": 1.658202009263937e-38, "left_area": 0.0, "right_area": 0.0, "escape": 0.0, "signal": "NONE", "reason": "avoid_left", "user_forward": 2.0, "forward": 0.3, "turn": 0.4, "intervened": true}
REFLEXGUARD_DECISION={"t_ms": 59904, "left": 4.76071589200021e-47, "right": 1.3396395095954774e-38, "left_area": 0.0, "right_area": 0.0, "escape": 0.0, "signal": "NONE", "reason": "avoid_passing", "user_forward": 2.0, "forward": 0.3, "turn": 0.0, "intervened": true}
REFLEXGUARD_DECISION={"t_ms": 59936, "left": 3.8461195121296126e-47, "right": 1.0822770721800265e-38, "left_area": 0.0, "right_area": 0.0, "escape": 0.0, "signal": "NONE", "reason": "avoid_left", "user_forward": 2.0, "forward": 0.3, "turn": 0.4, "intervened": true}
REFLEXGUARD_DECISION={"t_ms": 59968, "left": 3.1072291724951094e-47, "right": 8.743573570178352e-39, "left_area": 0.0, "right_area": 0.0, "escape": 0.0, "signal": "NONE", "reason": "avoid_passing", "user_forward": 2.0, "forward": 0.3, "turn": 0.0, "intervened": true}
REFLEXGUARD_DECISION={"t_ms": 60000, "left": 2.5102894228730554e-47, "right": 7.063817643584402e-39, "left_area": 0.0, "right_area": 0.0, "escape": 0.0, "signal": "NONE", "reason": "avoid_left", "user_forward": 2.0, "forward": 0.3, "turn": 0.4, "intervened": true}
REFLEXGUARD_RESULT={"world":"corridor_demo","drive":"forward","duration_s":60.0,"collision":false,"collision_events":0,"min_clearance_estimate_m":0.048077212708534156,"displacement_m":54.76780679020184,"yaw_change_rad":1.1197310889476615,"camera_frames":1874,"camera_pixel_range":191,"camera_width":160,"camera_height":120,"remote_stop_steps":0,"remote_interventions":0,"control_failures":0,"navigation_steps":1651,"recoveries":2,"passed_obstacles":7,"brain_steps":1874,"interventions":1684,"stop_steps":0,"brain_failures":0,"max_looming":0.9995375606751683,"final_forward":0.3}
INFO: wheelchair: Terminating.
INFO: scenario: Terminating.
{"world":"corridor_demo","drive":"forward","duration_s":60.0,"collision":false,"collision_events":0,"min_clearance_estimate_m":0.048077212708534156,"displacement_m":54.76780679020184,"yaw_change_rad":1.1197310889476615,"camera_frames":1874,"camera_pixel_range":191,"camera_width":160,"camera_height":120,"remote_stop_steps":0,"remote_interventions":0,"control_failures":0,"navigation_steps":1651,"recoveries":2,"passed_obstacles":7,"brain_steps":1874,"interventions":1684,"stop_steps":0,"brain_failures":0,"max_looming":0.9995375606751683,"final_forward":0.3}
INFO:     Started server process [176740]
INFO:     Waiting for application startup.
INFO:     Application startup complete.
INFO:     Uvicorn running on https://127.0.0.1:8443 (Press CTRL+C to quit)
INFO:     Shutting down
INFO:     Waiting for application shutdown.
INFO:     Application shutdown complete.
INFO:     Finished server process [176740]

