INFO: wheelchair: Starting controller: /tmp/reflexguard-settings/.venv/bin/python -u wheelchair.py
INFO: pedestrian: Starting controller: python3 -u pedestrian.py "--trajectory=8 4.5, 8 -4.5" --speed=0.6
INFO: pedestrian: Starting controller: python3 -u pedestrian.py "--trajectory=24 -4.5, 24 4.5" --speed=0.5
INFO: scenario: Starting controller: /tmp/reflexguard-settings/.venv/bin/python -u scenario.py
REFLEXGUARD_CALIBRATION={"drive_speed":3.0,"dark_threshold":140,"area_floor":0.008,"area_tau_s":0.12,"looming_tau_s":0.15,"expansion_scale":1.0,"stop_on":0.25,"stop_off":0.12,"turn_on":0.35,"turn_off":0.1,"turn_gain":0.3,"max_turn":1.2,"deceleration":2.0,"release_ms":500}
REFLEXGUARD_RANGES={"heading": 0.0, "nearest": [5.712762355804443, 4.4705986976623535, 3.4404611587524414, 4.470598220825195]}
REFLEXGUARD_DECISION={"t_ms": 32, "left": 0.0, "right": 0.0, "left_area": 0.0015625, "right_area": 0.0015625, "escape": 0.0, "signal": "NONE", "reason": "user", "user_forward": 3.0, "forward": 3.0, "turn": 0.0, "intervened": false}
REFLEXGUARD_DECISION={"t_ms": 544, "left": 0.08949062858833007, "right": 0.08949062858833007, "left_area": 0.001953125, "right_area": 0.001953125, "escape": 0.0, "signal": "NONE", "reason": "user", "user_forward": 3.0, "forward": 3.0, "turn": 0.0, "intervened": false}
REFLEXGUARD_DECISION={"t_ms": 1056, "left": 0.5700956653354392, "right": 0.4014054638552187, "left_area": 0.00390625, "right_area": 0.003515625, "escape": 0.3386087159006757, "signal": "STOP", "reason": "risk_monitoring", "user_forward": 3.0, "forward": 2.25, "turn": 0.0, "intervened": true}
REFLEXGUARD_DECISION={"t_ms": 1568, "left": 0.5524945488477546, "right": 0.18984705288756595, "left_area": 0.0048177083333333336, "right_area": 0.004036458333333334, "escape": 0.31153007515039177, "signal": "STOP", "reason": "avoid_left", "user_forward": 3.0, "forward": 0.65, "turn": 0.4, "intervened": true}
REFLEXGUARD_DECISION={"t_ms": 2080, "left": 0.12732279637123012, "right": 0.6471188314703004, "left_area": 0.0018229166666666667, "right_area": 0.00703125, "escape": 0.45710589456969286, "signal": "STOP", "reason": "avoid_passing", "user_forward": 3.0, "forward": 2.25, "turn": 0.0, "intervened": true}
REFLEXGUARD_DECISION={"t_ms": 2592, "left": 0.004192898379604492, "right": 0.7410114722094148, "left_area": 0.0, "right_area": 0.012109375, "escape": 0.6015561110914074, "signal": "STOP", "reason": "avoid_right", "user_forward": 3.0, "forward": 2.25, "turn": -0.23927253934763076, "intervened": true}
REFLEXGUARD_DECISION={"t_ms": 3104, "left": 0.00013807736966781265, "right": 0.6867567646550028, "left_area": 0.0, "right_area": 0.016015625, "escape": 0.5180873302384659, "signal": "STOP", "reason": "avoid_left", "user_forward": 3.0, "forward": 0.65, "turn": 0.4, "intervened": true}
REFLEXGUARD_DECISION={"t_ms": 3616, "left": 4.547059882758282e-06, "right": 0.4382770916667581, "left_area": 0.0, "right_area": 0.022005208333333335, "escape": 0.13581091025655095, "signal": "LEFT", "reason": "avoid_passing", "user_forward": 3.0, "forward": 3.0, "turn": 0.0, "intervened": false}
REFLEXGUARD_DECISION={"t_ms": 4128, "left": 1.4974034939347127e-07, "right": 0.6104869035885517, "left_area": 0.0, "right_area": 0.029947916666666668, "escape": 0.40074908244392576, "signal": "STOP", "reason": "avoid_left", "user_forward": 3.0, "forward": 0.65, "turn": 0.4, "intervened": true}
REFLEXGUARD_DECISION={"t_ms": 4640, "left": 4.9311363418590796e-09, "right": 0.9265793478161237, "left_area": 0.0, "right_area": 0.052734375, "escape": 0.8870451504863441, "signal": "STOP", "reason": "avoid_left", "user_forward": 3.0, "forward": 0.65, "turn": 0.4, "intervened": true}
REFLEXGUARD_DECISION={"t_ms": 5152, "left": 1.6238846590445806e-10, "right": 0.8213748711287222, "left_area": 0.0, "right_area": 0.07786458333333333, "escape": 0.7251921094288034, "signal": "STOP", "reason": "avoid_left", "user_forward": 3.0, "forward": 0.65, "turn": 0.4, "intervened": true}
REFLEXGUARD_DECISION={"t_ms": 5664, "left": 5.347654583174965e-12, "right": 0.9291789142931834, "left_area": 0.0, "right_area": 0.126953125, "escape": 0.8910444835279745, "signal": "STOP", "reason": "avoid_passing", "user_forward": 3.0, "forward": 2.25, "turn": 0.0, "intervened": true}
REFLEXGUARD_DECISION={"t_ms": 6176, "left": 1.7610493073921652e-13, "right": 0.7932860990259027, "left_area": 0.0, "right_area": 0.228515625, "escape": 0.6819786138860042, "signal": "STOP", "reason": "avoid_left", "user_forward": 3.0, "forward": 0.3, "turn": 0.4, "intervened": true}
REFLEXGUARD_DECISION={"t_ms": 6688, "left": 5.799354866381723e-15, "right": 0.04967622752174655, "left_area": 0.0, "right_area": 0.18697916666666667, "escape": 0.0, "signal": "NONE", "reason": "avoid_passing", "user_forward": 3.0, "forward": 3.0, "turn": 0.0, "intervened": false}
REFLEXGUARD_DECISION={"t_ms": 7200, "left": 1.9097998406432917e-16, "right": 0.001635900088728022, "left_area": 0.0, "right_area": 0.008984375, "escape": 0.0, "signal": "NONE", "reason": "avoid_right", "user_forward": 3.0, "forward": 3.0, "turn": -0.4, "intervened": true}
REFLEXGUARD_DECISION={"t_ms": 7712, "left": 6.28920891264023e-18, "right": 0.16043972180142616, "left_area": 0.0, "right_area": 0.01171875, "escape": 0.0, "signal": "NONE", "reason": "control_recovering", "user_forward": 3.0, "forward": 3.0, "turn": -1.1105967949616873, "intervened": true}
REFLEXGUARD_DECISION={"t_ms": 8224, "left": 2.0711148836157608e-19, "right": 0.23001774800323738, "left_area": 0.0, "right_area": 0.012239583333333333, "escape": 0.0, "signal": "NONE", "reason": "avoid_passing", "user_forward": 3.0, "forward": 3.0, "turn": 0.0, "intervened": false}
REFLEXGUARD_DECISION={"t_ms": 8736, "left": 6.820439455451277e-21, "right": 0.36946023833844815, "left_area": 0.0, "right_area": 0.016145833333333335, "escape": 0.029938828212997193, "signal": "LEFT", "reason": "avoid_right", "user_forward": 3.0, "forward": 3.0, "turn": -0.4, "intervened": true}
REFLEXGUARD_DECISION={"t_ms": 9248, "left": 0.9475455893597475, "right": 0.02486171940783557, "left_area": 0.016145833333333335, "right_area": 0.009375, "escape": 0.9193009067073039, "signal": "STOP", "reason": "control_recovering", "user_forward": 3.0, "forward": 2.25, "turn": -0.3514664751170913, "intervened": true}
REFLEXGUARD_DECISION={"t_ms": 9760, "left": 0.9982726108784529, "right": 0.0008187274077405513, "left_area": 0.046484375, "right_area": 0.0, "escape": 0.9973424782745429, "signal": "STOP", "reason": "avoid_left", "user_forward": 3.0, "forward": 0.65, "turn": 0.8, "intervened": true}
REFLEXGUARD_DECISION={"t_ms": 10272, "left": 0.5655604946931206, "right": 0.15848711331949125, "left_area": 0.061848958333333336, "right_area": 0.0009114583333333333, "escape": 0.3316315302971087, "signal": "STOP", "reason": "avoid_left", "user_forward": 3.0, "forward": 0.65, "turn": 0.4, "intervened": true}
REFLEXGUARD_DECISION={"t_ms": 10784, "left": 0.02078450363745505, "right": 0.9694042470527737, "left_area": 0.03528645833333333, "right_area": 0.04192708333333333, "escape": 0.9529296108504212, "signal": "STOP", "reason": "avoid_left", "user_forward": 3.0, "forward": 0.65, "turn": 0.4, "intervened": true}
REFLEXGUARD_DECISION={"t_ms": 11296, "left": 0.0006844596105812578, "right": 0.9989924437209095, "left_area": 0.0, "right_area": 0.11315104166666666, "escape": 0.9984499134167838, "signal": "STOP", "reason": "avoid_left", "user_forward": 3.0, "forward": 0.65, "turn": 0.4, "intervened": true}
REFLEXGUARD_DECISION={"t_ms": 11808, "left": 2.2540108086719294e-05, "right": 0.9999668199159116, "left_area": 0.0, "right_area": 0.22174479166666666, "escape": 0.9999489537167872, "signal": "STOP", "reason": "avoid_left", "user_forward": 3.0, "forward": 0.65, "turn": 0.4, "intervened": true}
REFLEXGUARD_DECISION={"t_ms": 12320, "left": 7.422738532804527e-07, "right": 0.23073856349919164, "left_area": 0.0, "right_area": 0.26705729166666664, "escape": 0.0, "signal": "NONE", "reason": "avoid_passing", "user_forward": 3.0, "forward": 0.65, "turn": 0.0, "intervened": true}
REFLEXGUARD_DECISION={"t_ms": 12832, "left": 2.4444003158460665e-08, "right": 0.007598508488513189, "left_area": 0.0, "right_area": 0.2109375, "escape": 0.0, "signal": "NONE", "reason": "avoid_passing", "user_forward": 3.0, "forward": 0.65, "turn": 0.0, "intervened": true}
REFLEXGUARD_DECISION={"t_ms": 13344, "left": 8.049714910072127e-10, "right": 0.0002502283553057194, "left_area": 0.0, "right_area": 0.1625, "escape": 0.0, "signal": "NONE", "reason": "avoid_passing", "user_forward": 3.0, "forward": 0.65, "turn": 0.0, "intervened": true}
REFLEXGUARD_DECISION={"t_ms": 13856, "left": 2.650871451512202e-11, "right": 8.240331624773531e-06, "left_area": 0.0, "right_area": 0.12890625, "escape": 0.0, "signal": "NONE", "reason": "avoid_passing", "user_forward": 3.0, "forward": 0.65, "turn": 0.0, "intervened": true}
REFLEXGUARD_DECISION={"t_ms": 14368, "left": 8.729650094377623e-13, "right": 2.7136439115096055e-07, "left_area": 0.0, "right_area": 0.08645833333333333, "escape": 0.0, "signal": "NONE", "reason": "avoid_passing", "user_forward": 3.0, "forward": 0.65, "turn": 0.0, "intervened": true}
REFLEXGUARD_DECISION={"t_ms": 14880, "left": 2.874782582414351e-14, "right": 8.936367629106834e-09, "left_area": 0.0, "right_area": 0.024869791666666665, "escape": 0.0, "signal": "NONE", "reason": "avoid_passing", "user_forward": 3.0, "forward": 0.65, "turn": 0.0, "intervened": true}
REFLEXGUARD_DECISION={"t_ms": 15392, "left": 9.46701735671586e-16, "right": 0.009240785747277314, "left_area": 0.0, "right_area": 0.023307291666666667, "escape": 0.0, "signal": "NONE", "reason": "path_blocked", "user_forward": 3.0, "forward": 0.0, "turn": 0.0, "intervened": true}
REFLEXGUARD_DECISION={"t_ms": 15904, "left": 3.1176068124459484e-17, "right": 0.0010458095742462206, "left_area": 0.0, "right_area": 0.019270833333333334, "escape": 0.0, "signal": "NONE", "reason": "avoid_passing", "user_forward": 3.0, "forward": 0.65, "turn": 0.0, "intervened": true}
REFLEXGUARD_DECISION={"t_ms": 16416, "left": 1.0266667811815551e-18, "right": 3.443981277670613e-05, "left_area": 0.0, "right_area": 0.0125, "escape": 0.0, "signal": "NONE", "reason": "avoid_passing", "user_forward": 3.0, "forward": 0.65, "turn": 0.0, "intervened": true}
REFLEXGUARD_DECISION={"t_ms": 16928, "left": 3.380941674151445e-20, "right": 1.1341459605105126e-06, "left_area": 0.0, "right_area": 0.00390625, "escape": 0.0, "signal": "NONE", "reason": "avoid_passing", "user_forward": 3.0, "forward": 0.65, "turn": 0.0, "intervened": true}
REFLEXGUARD_DECISION={"t_ms": 17440, "left": 1.1133862333461982e-21, "right": 3.734884007883786e-08, "left_area": 0.0, "right_area": 0.0, "escape": 0.0, "signal": "NONE", "reason": "control_recovering", "user_forward": 3.0, "forward": 3.0, "turn": -1.2, "intervened": true}
REFLEXGUARD_DECISION={"t_ms": 17952, "left": 3.6665196388398494e-23, "right": 0.9336184116287244, "left_area": 0.0, "right_area": 0.0359375, "escape": 0.8978744794288067, "signal": "STOP", "reason": "control_recovering", "user_forward": 3.0, "forward": 2.25, "turn": -0.9450958750665153, "intervened": true}
REFLEXGUARD_DECISION={"t_ms": 18464, "left": 1.2074306165610895e-24, "right": 0.2691539817579449, "left_area": 0.0, "right_area": 0.04830729166666667, "escape": 0.0, "signal": "NONE", "reason": "avoid_passing", "user_forward": 3.0, "forward": 3.0, "turn": 0.0, "intervened": false}
REFLEXGUARD_DECISION={"t_ms": 18976, "left": 3.976219514455933e-26, "right": 0.5637808472171909, "left_area": 0.0, "right_area": 0.07252604166666667, "escape": 0.3288936111033706, "signal": "STOP", "reason": "avoid_passing", "user_forward": 3.0, "forward": 2.25, "turn": 0.0, "intervened": true}
REFLEXGUARD_DECISION={"t_ms": 19488, "left": 1.309418645699901e-27, "right": 0.022204488298911803, "left_area": 0.0, "right_area": 0.051041666666666666, "escape": 0.0, "signal": "NONE", "reason": "control_recovering", "user_forward": 3.0, "forward": 3.0, "turn": -0.3595371032603356, "intervened": true}
REFLEXGUARD_DECISION={"t_ms": 20000, "left": 4.312078806195308e-29, "right": 0.000731221475351537, "left_area": 0.0, "right_area": 0.0, "escape": 0.0, "signal": "NONE", "reason": "avoid_passing", "user_forward": 3.0, "forward": 3.0, "turn": 0.0, "intervened": false}
REFLEXGUARD_DECISION={"t_ms": 20512, "left": 1.4200212966190053e-30, "right": 0.676895168687492, "left_area": 0.0, "right_area": 0.005859375, "escape": 0.5029156441346031, "signal": "STOP", "reason": "avoid_left", "user_forward": 3.0, "forward": 0.65, "turn": 0.4, "intervened": true}
REFLEXGUARD_DECISION={"t_ms": 21024, "left": 4.676307121183418e-32, "right": 0.9717092999679168, "left_area": 0.0, "right_area": 0.0171875, "escape": 0.9564758461044873, "signal": "STOP", "reason": "avoid_passing", "user_forward": 3.0, "forward": 2.25, "turn": 0.0, "intervened": true}
REFLEXGUARD_DECISION={"t_ms": 21536, "left": 1.5399662204853495e-33, "right": 0.9990683519864224, "left_area": 0.0, "right_area": 0.05130208333333333, "escape": 0.9985666953637268, "signal": "STOP", "reason": "avoid_passing", "user_forward": 3.0, "forward": 2.25, "turn": 0.0, "intervened": true}
REFLEXGUARD_DECISION={"t_ms": 22048, "left": 5.071300705407443e-35, "right": 0.999969319669707, "left_area": 0.0, "right_area": 0.217578125, "escape": 0.999952799491857, "signal": "STOP", "reason": "control_recovering", "user_forward": 3.0, "forward": 2.25, "turn": -0.20249378702283577, "intervened": true}
REFLEXGUARD_DECISION={"t_ms": 22560, "left": 1.6700425309693143e-36, "right": 0.07175725591737736, "left_area": 0.0, "right_area": 0.0, "escape": 0.0, "signal": "NONE", "reason": "path_blocked", "user_forward": 3.0, "forward": 0.0, "turn": 0.0, "intervened": true}
REFLEXGUARD_CONTACT={"t_ms": 23008, "x": 7.867964592626344, "y": 1.1522602187289994, "hazards": ["OBSTACLE"]}
REFLEXGUARD_DECISION={"t_ms": 23072, "left": 5.499658208539056e-38, "right": 0.0023630558755841245, "left_area": 0.0, "right_area": 0.0, "escape": 0.0, "signal": "NONE", "reason": "path_blocked", "user_forward": 3.0, "forward": 0.0, "turn": 0.0, "intervened": true}
REFLEXGUARD_DECISION={"t_ms": 23584, "left": 1.8111059957973467e-39, "right": 7.781837529520655e-05, "left_area": 0.0, "right_area": 0.0, "escape": 0.0, "signal": "NONE", "reason": "path_blocked", "user_forward": 3.0, "forward": 0.0, "turn": 0.0, "intervened": true}
REFLEXGUARD_DECISION={"t_ms": 24096, "left": 5.964197780364307e-41, "right": 2.5626560912736375e-06, "left_area": 0.0, "right_area": 0.0, "escape": 0.0, "signal": "NONE", "reason": "path_blocked", "user_forward": 3.0, "forward": 0.0, "turn": 0.0, "intervened": true}
REFLEXGUARD_DECISION={"t_ms": 24608, "left": 1.9640846668194022e-42, "right": 0.043153063906186326, "left_area": 0.0, "right_area": 0.0, "escape": 0.0, "signal": "NONE", "reason": "path_blocked", "user_forward": 3.0, "forward": 0.0, "turn": 0.0, "intervened": true}
REFLEXGUARD_DECISION={"t_ms": 25120, "left": 6.467975611297467e-44, "right": 0.0014210841803982098, "left_area": 0.0, "right_area": 0.0, "escape": 0.0, "signal": "NONE", "reason": "path_blocked", "user_forward": 3.0, "forward": 0.0, "turn": 0.0, "intervened": true}
REFLEXGUARD_DECISION={"t_ms": 25632, "left": 2.1299849856312498e-45, "right": 4.679807329946146e-05, "left_area": 0.0, "right_area": 0.0, "escape": 0.0, "signal": "NONE", "reason": "path_blocked", "user_forward": 3.0, "forward": 0.0, "turn": 0.0, "intervened": true}
REFLEXGUARD_DECISION={"t_ms": 26144, "left": 7.01430603895625e-47, "right": 1.5411188828575087e-06, "left_area": 0.0, "right_area": 0.0, "escape": 0.0, "signal": "NONE", "reason": "avoid_left", "user_forward": 3.0, "forward": 0.65, "turn": 0.4, "intervened": true}
REFLEXGUARD_DECISION={"t_ms": 26656, "left": 2.3098984049202996e-48, "right": 5.0750965662667684e-08, "left_area": 0.0, "right_area": 0.0, "escape": 0.0, "signal": "NONE", "reason": "control_recovering", "user_forward": 3.0, "forward": 3.0, "turn": 0.21528872175368374, "intervened": true}
REFLEXGUARD_DECISION={"t_ms": 27168, "left": 7.606783353078938e-50, "right": 1.6712925552618906e-09, "left_area": 0.0, "right_area": 0.0, "escape": 0.0, "signal": "NONE", "reason": "avoid_left", "user_forward": 3.0, "forward": 0.65, "turn": 0.4, "intervened": true}
REFLEXGUARD_DECISION={"t_ms": 27680, "left": 2.5050085690965857e-51, "right": 5.503774694337504e-11, "left_area": 0.0, "right_area": 0.0, "escape": 0.0, "signal": "NONE", "reason": "avoid_left", "user_forward": 3.0, "forward": 0.65, "turn": 0.4, "intervened": true}
REFLEXGUARD_DECISION={"t_ms": 28192, "left": 8.249305442237175e-53, "right": 1.8124616058786436e-12, "left_area": 0.0, "right_area": 0.0, "escape": 0.0, "signal": "NONE", "reason": "avoid_left", "user_forward": 3.0, "forward": 0.65, "turn": 0.4, "intervened": true}
REFLEXGUARD_DECISION={"t_ms": 28704, "left": 2.71659910145002e-54, "right": 5.968661973325224e-14, "left_area": 0.0, "right_area": 0.0, "escape": 0.0, "signal": "NONE", "reason": "control_recovered", "user_forward": 3.0, "forward": 3.0, "turn": 0.1022040672478852, "intervened": true}
REFLEXGUARD_DECISION={"t_ms": 29216, "left": 8.946099437915416e-56, "right": 1.9655547812031222e-15, "left_area": 0.0, "right_area": 0.0, "escape": 0.0, "signal": "NONE", "reason": "user", "user_forward": 3.0, "forward": 3.0, "turn": 0.0, "intervened": false}
REFLEXGUARD_DECISION={"t_ms": 29728, "left": 2.946062049065394e-57, "right": 6.472816881198076e-17, "left_area": 0.0, "right_area": 0.0, "escape": 0.0, "signal": "NONE", "reason": "avoid_right", "user_forward": 3.0, "forward": 3.0, "turn": -0.13133065720081877, "intervened": true}
REFLEXGUARD_DECISION={"t_ms": 30240, "left": 9.701749524668592e-59, "right": 2.1315792761510965e-18, "left_area": 0.0, "right_area": 0.0, "escape": 0.0, "signal": "NONE", "reason": "avoid_right", "user_forward": 3.0, "forward": 3.0, "turn": -0.4, "intervened": true}
REFLEXGUARD_DECISION={"t_ms": 30752, "left": 3.194907041053906e-60, "right": 0.33911719101330134, "left_area": 0.0, "right_area": 0.001171875, "escape": 0.0, "signal": "NONE", "reason": "avoid_passing", "user_forward": 3.0, "forward": 3.0, "turn": 0.0, "intervened": false}
REFLEXGUARD_DECISION={"t_ms": 31264, "left": 1.0521227099320017e-61, "right": 0.6127579902665061, "left_area": 0.0, "right_area": 0.00390625, "escape": 0.404243061948471, "signal": "STOP", "reason": "avoid_passing", "user_forward": 3.0, "forward": 2.25, "turn": 0.0, "intervened": true}
REFLEXGUARD_DECISION={"t_ms": 31776, "left": 3.464771220352955e-63, "right": 0.7466384105508007, "left_area": 0.0, "right_area": 0.008072916666666667, "escape": 0.6102129393089242, "signal": "STOP", "reason": "avoid_passing", "user_forward": 3.0, "forward": 2.25, "turn": 0.0, "intervened": true}
REFLEXGUARD_DECISION={"t_ms": 32288, "left": 1.1409923477615991e-64, "right": 0.9916564870696195, "left_area": 0.0, "right_area": 0.033463541666666666, "escape": 0.9871638262609531, "signal": "STOP", "reason": "avoid_passing", "user_forward": 3.0, "forward": 2.25, "turn": 0.0, "intervened": true}
REFLEXGUARD_DECISION={"t_ms": 32800, "left": 3.7574300144351386e-66, "right": 0.3315065817512395, "left_area": 0.0, "right_area": 0.0046875, "escape": 0.0, "signal": "NONE", "reason": "avoid_right", "user_forward": 3.0, "forward": 0.65, "turn": -0.4, "intervened": true}
REFLEXGUARD_DECISION={"t_ms": 33312, "left": 1.2373685363513011e-67, "right": 0.010916924926784557, "left_area": 0.0, "right_area": 0.0, "escape": 0.0, "signal": "NONE", "reason": "avoid_right", "user_forward": 3.0, "forward": 0.65, "turn": -0.4, "intervened": true}
REFLEXGUARD_DECISION={"t_ms": 33824, "left": 4.0748088157866354e-69, "right": 0.0003595079446913706, "left_area": 0.0, "right_area": 0.0, "escape": 0.0, "signal": "NONE", "reason": "avoid_right", "user_forward": 3.0, "forward": 0.65, "turn": -0.4, "intervened": true}
REFLEXGUARD_DECISION={"t_ms": 34336, "left": 1.3418853314448937e-70, "right": 0.5002770621743388, "left_area": 0.0, "right_area": 0.005078125, "escape": 0.23119548026821352, "signal": "STOP", "reason": "avoid_passing", "user_forward": 3.0, "forward": 0.65, "turn": 0.0, "intervened": true}
REFLEXGUARD_DECISION={"t_ms": 34848, "left": 4.418995649000425e-72, "right": 0.016474747202599588, "left_area": 0.0, "right_area": 0.0, "escape": 0.0, "signal": "NONE", "reason": "avoid_passing", "user_forward": 3.0, "forward": 0.65, "turn": 0.0, "intervened": true}
REFLEXGUARD_DECISION={"t_ms": 35360, "left": 1.455230345565978e-73, "right": 0.0005425339595021814, "left_area": 0.0, "right_area": 0.0, "escape": 0.0, "signal": "NONE", "reason": "avoid_passing", "user_forward": 3.0, "forward": 0.65, "turn": 0.0, "intervened": true}
REFLEXGUARD_DECISION={"t_ms": 35872, "left": 4.792254907820732e-75, "right": 1.7866319500591153e-05, "left_area": 0.0, "right_area": 0.0, "escape": 0.0, "signal": "NONE", "reason": "control_recovering", "user_forward": 3.0, "forward": 3.0, "turn": 1.2, "intervened": true}
REFLEXGUARD_DECISION={"t_ms": 36384, "left": 1.5781492717979247e-76, "right": 5.883601697303894e-07, "left_area": 0.0, "right_area": 0.0, "escape": 0.0, "signal": "NONE", "reason": "avoid_passing", "user_forward": 3.0, "forward": 0.65, "turn": 0.0, "intervened": true}
REFLEXGUARD_DECISION={"t_ms": 36896, "left": 5.197042252514262e-78, "right": 1.9375433721182415e-08, "left_area": 0.0, "right_area": 0.0, "escape": 0.0, "signal": "NONE", "reason": "avoid_passing", "user_forward": 3.0, "forward": 0.65, "turn": 0.0, "intervened": true}
REFLEXGUARD_DECISION={"t_ms": 37408, "left": 1.711450789673902e-79, "right": 6.380571819740272e-10, "left_area": 0.0, "right_area": 0.0, "escape": 0.0, "signal": "NONE", "reason": "avoid_passing", "user_forward": 3.0, "forward": 0.65, "turn": 0.0, "intervened": true}
REFLEXGUARD_DECISION={"t_ms": 37920, "left": 5.636020765577536e-81, "right": 2.1012018276708383e-11, "left_area": 0.0, "right_area": 0.0, "escape": 0.0, "signal": "NONE", "reason": "avoid_passing", "user_forward": 3.0, "forward": 0.65, "turn": 0.0, "intervened": true}
REFLEXGUARD_DECISION={"t_ms": 38432, "left": 1.8560118854526696e-82, "right": 6.919519512260567e-13, "left_area": 0.0, "right_area": 0.0, "escape": 0.0, "signal": "NONE", "reason": "avoid_right", "user_forward": 3.0, "forward": 0.65, "turn": -0.4, "intervened": true}
REFLEXGUARD_DECISION={"t_ms": 38944, "left": 6.1120784720681915e-84, "right": 2.278684020260392e-14, "left_area": 0.0, "right_area": 0.0, "escape": 0.0, "signal": "NONE", "reason": "avoid_right", "user_forward": 3.0, "forward": 0.65, "turn": -0.4, "intervened": true}
REFLEXGUARD_DECISION={"t_ms": 39456, "left": 2.0127836217820433e-85, "right": 7.503990493833781e-16, "left_area": 0.0, "right_area": 0.0, "escape": 0.0, "signal": "NONE", "reason": "avoid_passing", "user_forward": 3.0, "forward": 0.3, "turn": 0.0, "intervened": true}
REFLEXGUARD_DECISION={"t_ms": 39968, "left": 6.628347339825907e-87, "right": 2.4711575993372274e-17, "left_area": 0.0, "right_area": 0.0, "escape": 0.0, "signal": "NONE", "reason": "avoid_passing", "user_forward": 3.0, "forward": 0.3, "turn": 0.0, "intervened": true}
REFLEXGUARD_DECISION={"t_ms": 40480, "left": 2.1827973947084678e-88, "right": 8.137829979635628e-19, "left_area": 0.0, "right_area": 0.0, "escape": 0.0, "signal": "NONE", "reason": "avoid_passing", "user_forward": 3.0, "forward": 0.3, "turn": 0.0, "intervened": true}
REFLEXGUARD_DECISION={"t_ms": 40992, "left": 7.188223884584808e-90, "right": 2.679888842185458e-20, "left_area": 0.0, "right_area": 0.0, "escape": 0.0, "signal": "NONE", "reason": "avoid_passing", "user_forward": 3.0, "forward": 0.3, "turn": 0.0, "intervened": true}
REFLEXGUARD_DECISION={"t_ms": 41504, "left": 2.3671717191973542e-91, "right": 8.825207978591464e-22, "left_area": 0.0, "right_area": 0.0, "escape": 0.0, "signal": "NONE", "reason": "avoid_right", "user_forward": 3.0, "forward": 0.3, "turn": -0.4, "intervened": true}
REFLEXGUARD_DECISION={"t_ms": 42016, "left": 7.795391515537666e-93, "right": 2.906250984719186e-23, "left_area": 0.0, "right_area": 0.0, "escape": 0.0, "signal": "NONE", "reason": "avoid_passing", "user_forward": 3.0, "forward": 0.3, "turn": 0.0, "intervened": true}
REFLEXGUARD_DECISION={"t_ms": 42528, "left": 2.567119587805885e-94, "right": 9.570646727726519e-25, "left_area": 0.0, "right_area": 0.0, "escape": 0.0, "signal": "NONE", "reason": "avoid_passing", "user_forward": 3.0, "forward": 0.3, "turn": 0.0, "intervened": true}
REFLEXGUARD_DECISION={"t_ms": 43040, "left": 8.453844768362634e-96, "right": 3.151733255955967e-26, "left_area": 0.0, "right_area": 0.0, "escape": 0.0, "signal": "NONE", "reason": "avoid_right", "user_forward": 3.0, "forward": 0.3, "turn": -0.4, "intervened": true}
REFLEXGUARD_DECISION={"t_ms": 43552, "left": 2.783956450920757e-97, "right": 1.0379050443813062e-27, "left_area": 0.0, "right_area": 0.0, "escape": 0.0, "signal": "NONE", "reason": "path_blocked", "user_forward": 3.0, "forward": 0.0, "turn": 0.0, "intervened": true}
REFLEXGUARD_DECISION={"t_ms": 44064, "left": 9.167915585140818e-99, "right": 3.4179506756050537e-29, "left_area": 0.0, "right_area": 0.0, "escape": 0.0, "signal": "NONE", "reason": "path_blocked", "user_forward": 3.0, "forward": 0.0, "turn": 0.0, "intervened": true}
REFLEXGUARD_DECISION={"t_ms": 44576, "left": 3.0191088710625927e-100, "right": 1.1255737588049682e-30, "left_area": 0.0, "right_area": 0.0, "escape": 0.0, "signal": "NONE", "reason": "path_blocked", "user_forward": 3.0, "forward": 0.0, "turn": 0.0, "intervened": true}
REFLEXGUARD_DECISION={"t_ms": 45088, "left": 9.942301814059342e-102, "right": 3.70665467922843e-32, "left_area": 0.0, "right_area": 0.0, "escape": 0.0, "signal": "NONE", "reason": "path_blocked", "user_forward": 3.0, "forward": 0.0, "turn": 0.0, "intervened": true}
REFLEXGUARD_DECISION={"t_ms": 45600, "left": 3.2741239081933825e-103, "right": 1.2206475856040874e-33, "left_area": 0.0, "right_area": 0.0, "escape": 0.0, "signal": "NONE", "reason": "path_blocked", "user_forward": 3.0, "forward": 0.0, "turn": 0.0, "intervened": true}
REFLEXGUARD_DECISION={"t_ms": 46112, "left": 1.0782098116398549e-104, "right": 4.019744640877201e-35, "left_area": 0.0, "right_area": 0.0, "escape": 0.0, "signal": "NONE", "reason": "path_blocked", "user_forward": 3.0, "forward": 0.0, "turn": 0.0, "intervened": true}
REFLEXGUARD_DECISION={"t_ms": 46624, "left": 3.550679297772586e-106, "right": 1.3237520123274859e-36, "left_area": 0.0, "right_area": 0.0, "escape": 0.0, "signal": "NONE", "reason": "path_blocked", "user_forward": 3.0, "forward": 0.0, "turn": 0.0, "intervened": true}
REFLEXGUARD_DECISION={"t_ms": 47136, "left": 1.169282948413934e-107, "right": 4.3592803690103845e-38, "left_area": 0.0, "right_area": 0.0, "escape": 0.0, "signal": "NONE", "reason": "path_blocked", "user_forward": 3.0, "forward": 0.0, "turn": 0.0, "intervened": true}
REFLEXGUARD_DECISION={"t_ms": 47648, "left": 3.8505944885229975e-109, "right": 1.4355653595741652e-39, "left_area": 0.0, "right_area": 0.0, "escape": 0.0, "signal": "NONE", "reason": "path_blocked", "user_forward": 3.0, "forward": 0.0, "turn": 0.0, "intervened": true}
REFLEXGUARD_DECISION={"t_ms": 48160, "left": 1.2680487588701929e-110, "right": 4.727495657906357e-41, "left_area": 0.0, "right_area": 0.0, "escape": 0.0, "signal": "NONE", "reason": "path_blocked", "user_forward": 3.0, "forward": 0.0, "turn": 0.0, "intervened": true}
REFLEXGUARD_DECISION={"t_ms": 48672, "left": 4.175842612523473e-112, "right": 1.556823243642e-42, "left_area": 0.0, "right_area": 0.0, "escape": 0.0, "signal": "NONE", "reason": "path_blocked", "user_forward": 3.0, "forward": 0.0, "turn": 0.0, "intervened": true}
REFLEXGUARD_DECISION={"t_ms": 49184, "left": 1.3751570199953108e-113, "right": 5.126812983721215e-44, "left_area": 0.0, "right_area": 0.0, "escape": 0.0, "signal": "NONE", "reason": "path_blocked", "user_forward": 3.0, "forward": 0.0, "turn": 0.0, "intervened": true}
REFLEXGUARD_DECISION={"t_ms": 49696, "left": 4.528563466379334e-115, "right": 1.688323416122931e-45, "left_area": 0.0, "right_area": 0.0, "escape": 0.0, "signal": "NONE", "reason": "path_blocked", "user_forward": 3.0, "forward": 0.0, "turn": 0.0, "intervened": true}
REFLEXGUARD_DECISION={"t_ms": 50208, "left": 1.4913123934818397e-116, "right": 5.559859441878959e-47, "left_area": 0.0, "right_area": 0.0, "escape": 0.0, "signal": "NONE", "reason": "path_blocked", "user_forward": 3.0, "forward": 0.0, "turn": 0.0, "intervened": true}
REFLEXGUARD_DECISION={"t_ms": 50720, "left": 4.911077588873167e-118, "right": 1.8309310122841908e-48, "left_area": 0.0, "right_area": 0.0, "escape": 0.0, "signal": "NONE", "reason": "path_blocked", "user_forward": 3.0, "forward": 0.0, "turn": 0.0, "intervened": true}
REFLEXGUARD_DECISION={"t_ms": 51232, "left": 1.6172790616740753e-119, "right": 6.0294840306450205e-50, "left_area": 0.0, "right_area": 0.0, "escape": 0.0, "signal": "NONE", "reason": "path_blocked", "user_forward": 3.0, "forward": 0.0, "turn": 0.0, "intervened": true}
REFLEXGUARD_DECISION={"t_ms": 51744, "left": 5.325901527712408e-121, "right": 1.985584242764493e-51, "left_area": 0.0, "right_area": 0.0, "escape": 0.0, "signal": "NONE", "reason": "path_blocked", "user_forward": 3.0, "forward": 0.0, "turn": 0.0, "intervened": true}
REFLEXGUARD_DECISION={"t_ms": 52256, "left": 1.7538857550983188e-122, "right": 6.5387763945912325e-53, "left_area": 0.0, "right_area": 0.0, "escape": 0.0, "signal": "NONE", "reason": "path_blocked", "user_forward": 3.0, "forward": 0.0, "turn": 0.0, "intervened": true}
REFLEXGUARD_DECISION={"t_ms": 52768, "left": 5.775764395813114e-124, "right": 2.1533005660306636e-54, "left_area": 0.0, "right_area": 0.0, "escape": 0.0, "signal": "NONE", "reason": "path_blocked", "user_forward": 3.0, "forward": 0.0, "turn": 0.0, "intervened": true}
REFLEXGUARD_DECISION={"t_ms": 53280, "left": 1.9020312046534855e-125, "right": 7.091087151264852e-56, "left_area": 0.0, "right_area": 0.0, "escape": 0.0, "signal": "NONE", "reason": "path_blocked", "user_forward": 3.0, "forward": 0.0, "turn": 0.0, "intervened": true}
REFLEXGUARD_DECISION={"t_ms": 53792, "left": 6.263625826043212e-127, "right": 2.3351833822031047e-57, "left_area": 0.0, "right_area": 0.0, "escape": 0.0, "signal": "NONE", "reason": "path_blocked", "user_forward": 3.0, "forward": 0.0, "turn": 0.0, "intervened": true}
REFLEXGUARD_DECISION={"t_ms": 54304, "left": 2.0626900543318395e-128, "right": 7.690049934790118e-59, "left_area": 0.0, "right_area": 0.0, "escape": 0.0, "signal": "NONE", "reason": "path_blocked", "user_forward": 3.0, "forward": 0.0, "turn": 0.0, "intervened": true}
REFLEXGUARD_DECISION={"t_ms": 54816, "left": 6.792695442548828e-130, "right": 2.532429292288532e-60, "left_area": 0.0, "right_area": 0.0, "escape": 0.0, "signal": "NONE", "reason": "path_blocked", "user_forward": 3.0, "forward": 0.0, "turn": 0.0, "intervened": true}
REFLEXGUARD_DECISION={"t_ms": 55328, "left": 2.2369192733694459e-131, "right": 8.33960530142647e-62, "left_area": 0.0, "right_area": 0.0, "escape": 0.0, "signal": "NONE", "reason": "path_blocked", "user_forward": 3.0, "forward": 0.0, "turn": 0.0, "intervened": true}
REFLEXGUARD_DECISION={"t_ms": 55840, "left": 7.36645397676494e-133, "right": 2.746335970578263e-63, "left_area": 0.0, "right_area": 0.0, "escape": 0.0, "signal": "NONE", "reason": "path_blocked", "user_forward": 3.0, "forward": 0.0, "turn": 0.0, "intervened": true}
REFLEXGUARD_DECISION={"t_ms": 56352, "left": 2.425865110011671e-134, "right": 9.044026654357306e-65, "left_area": 0.0, "right_area": 0.0, "escape": 0.0, "signal": "NONE", "reason": "path_blocked", "user_forward": 3.0, "forward": 0.0, "turn": 0.0, "intervened": true}
REFLEXGUARD_DECISION={"t_ms": 56864, "left": 7.988676167031893e-136, "right": 2.978310702004277e-66, "left_area": 0.0, "right_area": 0.0, "escape": 0.0, "signal": "NONE", "reason": "path_blocked", "user_forward": 3.0, "forward": 0.0, "turn": 0.0, "intervened": true}
REFLEXGUARD_DECISION={"t_ms": 57376, "left": 2.6307706326423203e-137, "right": 9.80794835826759e-68, "left_area": 0.0, "right_area": 0.0, "escape": 0.0, "signal": "NONE", "reason": "path_blocked", "user_forward": 3.0, "forward": 0.0, "turn": 0.0, "intervened": true}
REFLEXGUARD_DECISION={"t_ms": 57888, "left": 8.663455592473568e-139, "right": 3.229879640620038e-69, "left_area": 0.0, "right_area": 0.0, "escape": 0.0, "signal": "NONE", "reason": "path_blocked", "user_forward": 3.0, "forward": 0.0, "turn": 0.0, "intervened": true}
REFLEXGUARD_DECISION={"t_ms": 58400, "left": 2.8529839078892467e-140, "right": 1.0636396228675175e-70, "left_area": 0.0, "right_area": 0.0, "escape": 0.0, "signal": "NONE", "reason": "path_blocked", "user_forward": 3.0, "forward": 0.0, "turn": 0.0, "intervened": true}
REFLEXGUARD_DECISION={"t_ms": 58912, "left": 9.395231604518473e-142, "right": 3.5026978501173334e-72, "left_area": 0.0, "right_area": 0.0, "escape": 0.0, "signal": "NONE", "reason": "path_blocked", "user_forward": 3.0, "forward": 0.0, "turn": 0.0, "intervened": true}
REFLEXGUARD_DECISION={"t_ms": 59424, "left": 3.0939668695099225e-143, "right": 1.1534820596604221e-73, "left_area": 0.0, "right_area": 0.0, "escape": 0.0, "signal": "NONE", "reason": "path_blocked", "user_forward": 3.0, "forward": 0.0, "turn": 0.0, "intervened": true}
REFLEXGUARD_DECISION={"t_ms": 59936, "left": 1.0188818533245352e-144, "right": 3.798560192435326e-75, "left_area": 0.0, "right_area": 0.0, "escape": 0.0, "signal": "NONE", "reason": "path_blocked", "user_forward": 3.0, "forward": 0.0, "turn": 0.0, "intervened": true}
REFLEXGUARD_RESULT={"min_pedestrian_travel_m":29.952000000000012,"world":"corridor_demo","drive":"forward","duration_s":60.0,"collision":true,"collision_events":1,"min_clearance_estimate_m":0.0,"displacement_m":54.69459844239962,"yaw_change_rad":-1.045493443718193,"camera_frames":1874,"camera_pixel_range":191,"camera_width":160,"camera_height":120,"remote_stop_steps":0,"remote_interventions":0,"control_failures":0,"navigation_steps":1193,"recoveries":1,"passed_obstacles":7,"brain_steps":1874,"interventions":1722,"stop_steps":620,"brain_failures":0,"max_looming":0.9999907746989912,"final_forward":0.0}
INFO: wheelchair: Terminating.
INFO: pedestrian: Terminating.
INFO: pedestrian: Terminating.
INFO: scenario: Terminating.
{"min_pedestrian_travel_m":29.952000000000012,"world":"corridor_demo","drive":"forward","duration_s":60.0,"collision":true,"collision_events":1,"min_clearance_estimate_m":0.0,"displacement_m":54.69459844239962,"yaw_change_rad":-1.045493443718193,"camera_frames":1874,"camera_pixel_range":191,"camera_width":160,"camera_height":120,"remote_stop_steps":0,"remote_interventions":0,"control_failures":0,"navigation_steps":1193,"recoveries":1,"passed_obstacles":7,"brain_steps":1874,"interventions":1722,"stop_steps":620,"brain_failures":0,"max_looming":0.9999907746989912,"final_forward":0.0}
Pipeline check failed; inspect the scenario result.
INFO:     Started server process [186298]
INFO:     Waiting for application startup.
INFO:     Application startup complete.
INFO:     Uvicorn running on https://127.0.0.1:8443 (Press CTRL+C to quit)
INFO:     Shutting down
INFO:     Waiting for application shutdown.
INFO:     Application shutdown complete.
INFO:     Finished server process [186298]

