INFO: wheelchair: Starting controller: /tmp/reflexguard-settings/.venv/bin/python -u wheelchair.py
INFO: pedestrian: Starting controller: python3 -u pedestrian.py "--trajectory=8 4.5, 8 -4.5" --speed=0.6
INFO: pedestrian: Starting controller: python3 -u pedestrian.py "--trajectory=24 -4.5, 24 4.5" --speed=0.5
INFO: scenario: Starting controller: /tmp/reflexguard-settings/.venv/bin/python -u scenario.py
REFLEXGUARD_CALIBRATION={"drive_speed":3.0,"dark_threshold":140,"area_floor":0.008,"area_tau_s":0.12,"looming_tau_s":0.15,"expansion_scale":1.0,"stop_on":0.25,"stop_off":0.12,"turn_on":0.35,"turn_off":0.1,"turn_gain":0.3,"max_turn":1.2,"deceleration":2.0,"release_ms":500}
REFLEXGUARD_RANGES={"heading": 0.0, "nearest": [5.712762355804443, 4.4705986976623535, 3.4404611587524414, 4.470598220825195]}
REFLEXGUARD_DECISION={"t_ms": 32, "left": 0.0, "right": 0.0, "left_area": 0.0015625, "right_area": 0.0015625, "escape": 0.0, "signal": "NONE", "reason": "risk_monitoring", "user_forward": 3.0, "forward": 2.0, "turn": 0.0, "intervened": true}
REFLEXGUARD_DECISION={"t_ms": 544, "left": 0.04676940217741512, "right": 0.0701542912412238, "left_area": 0.0015625, "right_area": 0.0015625, "escape": 0.0, "signal": "NONE", "reason": "risk_monitoring", "user_forward": 3.0, "forward": 2.0, "turn": 0.0, "intervened": true}
REFLEXGUARD_DECISION={"t_ms": 1056, "left": 0.09510943461546585, "right": 0.4787291153960727, "left_area": 0.00234375, "right_area": 0.003515625, "escape": 0.19804479291703497, "signal": "LEFT", "reason": "risk_monitoring", "user_forward": 3.0, "forward": 2.0, "turn": 0.0, "intervened": true}
REFLEXGUARD_DECISION={"t_ms": 1568, "left": 0.16559007991995478, "right": 0.13114514529096913, "left_area": 0.003125, "right_area": 0.00390625, "escape": 0.0, "signal": "NONE", "reason": "risk_monitoring", "user_forward": 3.0, "forward": 2.0, "turn": 0.0, "intervened": true}
REFLEXGUARD_DECISION={"t_ms": 2080, "left": 0.46609257544430427, "right": 0.17712592865144833, "left_area": 0.0048177083333333336, "right_area": 0.004427083333333333, "escape": 0.17860396222200658, "signal": "NONE", "reason": "risk_monitoring", "user_forward": 3.0, "forward": 2.0, "turn": 0.0, "intervened": true}
REFLEXGUARD_DECISION={"t_ms": 2592, "left": 0.25073138701298797, "right": 0.5870318618896462, "left_area": 0.004296875, "right_area": 0.007682291666666666, "escape": 0.36466440290714797, "signal": "STOP", "reason": "avoid_left", "user_forward": 3.0, "forward": 1.5, "turn": 0.4, "intervened": true}
REFLEXGUARD_DECISION={"t_ms": 3104, "left": 0.00825689708587247, "right": 0.876542267813365, "left_area": 0.0, "right_area": 0.014583333333333334, "escape": 0.8100650274051769, "signal": "STOP", "reason": "avoid_left", "user_forward": 3.0, "forward": 1.5, "turn": 0.4, "intervened": true}
REFLEXGUARD_DECISION={"t_ms": 3616, "left": 0.000271909912432135, "right": 0.7737587025890493, "left_area": 0.0, "right_area": 0.022526041666666666, "escape": 0.6519364655216143, "signal": "STOP", "reason": "control_recovering", "user_forward": 3.0, "forward": 1.5, "turn": -0.5314578977985673, "intervened": true}
REFLEXGUARD_DECISION={"t_ms": 4128, "left": 8.95433232483349e-06, "right": 0.6802136838161706, "left_area": 0.0, "right_area": 0.030078125, "escape": 0.5080210520248779, "signal": "STOP", "reason": "control_recovering", "user_forward": 3.0, "forward": 1.5, "turn": -0.3613772241285095, "intervened": true}
REFLEXGUARD_DECISION={"t_ms": 4640, "left": 0.04716750668270306, "right": 0.9135429686432027, "left_area": 0.0, "right_area": 0.04934895833333333, "escape": 0.8669891825280042, "signal": "STOP", "reason": "avoid_left", "user_forward": 3.0, "forward": 1.5, "turn": 0.4, "intervened": true}
REFLEXGUARD_DECISION={"t_ms": 5152, "left": 0.0015532847846293262, "right": 0.9971528621973996, "left_area": 0.0, "right_area": 0.10390625, "escape": 0.9956197879959994, "signal": "STOP", "reason": "avoid_passing", "user_forward": 3.0, "forward": 1.5, "turn": 0.0, "intervened": true}
REFLEXGUARD_DECISION={"t_ms": 5664, "left": 5.115160397159043e-05, "right": 0.9999062402034885, "left_area": 0.0, "right_area": 0.20533854166666668, "escape": 0.9998557541592131, "signal": "STOP", "reason": "avoid_passing", "user_forward": 3.0, "forward": 1.5, "turn": 0.0, "intervened": true}
REFLEXGUARD_DECISION={"t_ms": 6176, "left": 1.6844860741301994e-06, "right": 0.16286287020424806, "left_area": 0.0, "right_area": 0.21432291666666667, "escape": 0.0, "signal": "NONE", "reason": "avoid_left", "user_forward": 3.0, "forward": 0.65, "turn": 0.4, "intervened": true}
REFLEXGUARD_DECISION={"t_ms": 6688, "left": 5.547222596410687e-08, "right": 0.005363277308064443, "left_area": 0.0, "right_area": 0.08463541666666667, "escape": 0.0, "signal": "NONE", "reason": "avoid_passing", "user_forward": 3.0, "forward": 2.0, "turn": 0.0, "intervened": true}
REFLEXGUARD_DECISION={"t_ms": 7200, "left": 1.8267695415658795e-09, "right": 0.0001766194065419872, "left_area": 0.0, "right_area": 0.0109375, "escape": 0.0, "signal": "NONE", "reason": "control_recovering", "user_forward": 3.0, "forward": 2.0, "turn": -1.2, "intervened": true}
REFLEXGUARD_DECISION={"t_ms": 7712, "left": 6.015779788884018e-11, "right": 0.13807113471308427, "left_area": 0.0, "right_area": 0.009765625, "escape": 0.0, "signal": "NONE", "reason": "control_recovering", "user_forward": 3.0, "forward": 2.0, "turn": -1.1099119697470572, "intervened": true}
REFLEXGUARD_DECISION={"t_ms": 8224, "left": 0.43688780242858105, "right": 0.13338138172307246, "left_area": 0.002734375, "right_area": 0.00859375, "escape": 0.13367354219781702, "signal": "NONE", "reason": "control_recovering", "user_forward": 3.0, "forward": 2.0, "turn": -0.5623979718079071, "intervened": true}
REFLEXGUARD_DECISION={"t_ms": 8736, "left": 0.9814560134710782, "right": 0.00439241514665985, "left_area": 0.013802083333333333, "right_area": 0.0, "escape": 0.971470789955505, "signal": "STOP", "reason": "control_recovering", "user_forward": 3.0, "forward": 1.5, "turn": -0.3108478385284851, "intervened": true}
REFLEXGUARD_DECISION={"t_ms": 9248, "left": 0.5642675312821315, "right": 0.00014464770548459153, "left_area": 0.0171875, "right_area": 0.0, "escape": 0.3296423558186638, "signal": "STOP", "reason": "control_recovering", "user_forward": 3.0, "forward": 1.5, "turn": -0.1547400635148204, "intervened": true}
REFLEXGUARD_DECISION={"t_ms": 9760, "left": 0.7021572153629574, "right": 4.763429230469641e-06, "left_area": 0.025, "right_area": 0.0, "escape": 0.5417803313276268, "signal": "STOP", "reason": "control_recovering", "user_forward": 3.0, "forward": 1.5, "turn": -0.08403137516875289, "intervened": true}
REFLEXGUARD_DECISION={"t_ms": 10272, "left": 0.7503177768819936, "right": 1.5686566169630437e-07, "left_area": 0.03697916666666667, "right_area": 0.0, "escape": 0.6158735028953748, "signal": "STOP", "reason": "avoid_left", "user_forward": 3.0, "forward": 1.5, "turn": 0.8, "intervened": true}
REFLEXGUARD_DECISION={"t_ms": 10784, "left": 0.8260246810852571, "right": 5.165781756978753e-09, "left_area": 0.055989583333333336, "right_area": 0.0, "escape": 0.7323456632080878, "signal": "STOP", "reason": "avoid_left", "user_forward": 3.0, "forward": 1.5, "turn": 0.8, "intervened": true}
REFLEXGUARD_DECISION={"t_ms": 11296, "left": 0.9810959624449541, "right": 1.7011563188633255e-10, "left_area": 0.097265625, "right_area": 0.0, "escape": 0.9709168652999294, "signal": "STOP", "reason": "avoid_left", "user_forward": 3.0, "forward": 0.65, "turn": 0.4, "intervened": true}
REFLEXGUARD_DECISION={"t_ms": 11808, "left": 0.99877888615185, "right": 5.602119790095739e-12, "left_area": 0.18776041666666668, "right_area": 0.0, "escape": 0.9981213633105384, "signal": "STOP", "reason": "control_recovering", "user_forward": 3.0, "forward": 1.5, "turn": 0.11015695926122544, "intervened": true}
REFLEXGUARD_DECISION={"t_ms": 12320, "left": 0.4405447320608975, "right": 1.8448478716848457e-13, "left_area": 0.23776041666666667, "right_area": 0.0, "escape": 0.1392995877859962, "signal": "STOP", "reason": "avoid_left", "user_forward": 3.0, "forward": 0.3, "turn": 0.4, "intervened": true}
REFLEXGUARD_DECISION={"t_ms": 12832, "left": 0.1495460815352292, "right": 0.661430955515385, "left_area": 0.25859375, "right_area": 0.0026041666666666665, "escape": 0.47912454694674617, "signal": "STOP", "reason": "avoid_left", "user_forward": 3.0, "forward": 0.3, "turn": 0.8, "intervened": true}
REFLEXGUARD_DECISION={"t_ms": 13344, "left": 0.183482615605014, "right": 0.9271753081323725, "left_area": 0.2811197916666667, "right_area": 0.009375, "escape": 0.8879620125113423, "signal": "STOP", "reason": "avoid_left", "user_forward": 3.0, "forward": 0.3, "turn": 1.2, "intervened": true}
REFLEXGUARD_DECISION={"t_ms": 13856, "left": 0.024713477323477288, "right": 0.18074491867940887, "left_area": 0.27877604166666664, "right_area": 0.010546875, "escape": 0.0, "signal": "NONE", "reason": "avoid_passing", "user_forward": 3.0, "forward": 0.65, "turn": 0.0, "intervened": true}
REFLEXGUARD_DECISION={"t_ms": 14368, "left": 0.006940206851081009, "right": 0.2615151374054284, "left_area": 0.23997395833333332, "right_area": 0.01171875, "escape": 0.0, "signal": "NONE", "reason": "path_blocked", "user_forward": 3.0, "forward": 0.0, "turn": 0.0, "intervened": true}
REFLEXGUARD_DECISION={"t_ms": 14880, "left": 0.00022854966187809005, "right": 0.0356688155811261, "left_area": 0.228125, "right_area": 0.009375, "escape": 0.0, "signal": "NONE", "reason": "avoid_passing", "user_forward": 3.0, "forward": 0.65, "turn": 0.0, "intervened": true}
REFLEXGUARD_DECISION={"t_ms": 15392, "left": 7.5264252298839115e-06, "right": 0.05593173484395535, "left_area": 0.20625, "right_area": 0.008203125, "escape": 0.0, "signal": "NONE", "reason": "path_blocked", "user_forward": 3.0, "forward": 0.0, "turn": 0.0, "intervened": true}
REFLEXGUARD_DECISION={"t_ms": 15904, "left": 2.4785456375450267e-07, "right": 0.009676486105394967, "left_area": 0.19427083333333334, "right_area": 0.0078125, "escape": 0.0, "signal": "NONE", "reason": "avoid_passing", "user_forward": 3.0, "forward": 0.65, "turn": 0.0, "intervened": true}
REFLEXGUARD_DECISION={"t_ms": 16416, "left": 8.162159710298798e-09, "right": 0.029189399158272258, "left_area": 0.17213541666666668, "right_area": 0.006510416666666667, "escape": 0.0, "signal": "NONE", "reason": "path_blocked", "user_forward": 3.0, "forward": 0.0, "turn": 0.0, "intervened": true}
REFLEXGUARD_DECISION={"t_ms": 16928, "left": 2.6879009257385395e-10, "right": 0.1616090296114978, "left_area": 0.15143229166666666, "right_area": 0.00703125, "escape": 0.0, "signal": "NONE", "reason": "avoid_passing", "user_forward": 3.0, "forward": 0.65, "turn": 0.0, "intervened": true}
REFLEXGUARD_DECISION={"t_ms": 17440, "left": 8.851592768357646e-12, "right": 0.16766140325641649, "left_area": 0.04921875, "right_area": 0.006510416666666667, "escape": 0.0, "signal": "NONE", "reason": "avoid_passing", "user_forward": 3.0, "forward": 0.65, "turn": 0.0, "intervened": true}
REFLEXGUARD_DECISION={"t_ms": 17952, "left": 2.914939824849138e-13, "right": 0.08116248371149662, "left_area": 0.008463541666666666, "right_area": 0.007161458333333333, "escape": 0.0, "signal": "NONE", "reason": "avoid_passing", "user_forward": 3.0, "forward": 0.65, "turn": 0.0, "intervened": true}
REFLEXGUARD_DECISION={"t_ms": 18464, "left": 9.599260161251257e-15, "right": 0.003819291298105855, "left_area": 0.00859375, "right_area": 0.007161458333333333, "escape": 0.0, "signal": "NONE", "reason": "control_recovering", "user_forward": 3.0, "forward": 2.0, "turn": 0.2612316102983284, "intervened": true}
REFLEXGUARD_DECISION={"t_ms": 18976, "left": 0.09565755026465309, "right": 0.7842859340914838, "left_area": 0.0067708333333333336, "right_area": 0.0125, "escape": 0.6681322062945906, "signal": "STOP", "reason": "control_recovering", "user_forward": 3.0, "forward": 1.5, "turn": 0.2763141922495577, "intervened": true}
REFLEXGUARD_DECISION={"t_ms": 19488, "left": 0.0031501223577604974, "right": 0.9837016133923662, "left_area": 0.0, "right_area": 0.02734375, "escape": 0.9749255590651787, "signal": "STOP", "reason": "control_recovering", "user_forward": 3.0, "forward": 1.5, "turn": 0.17907433821907534, "intervened": true}
REFLEXGUARD_DECISION={"t_ms": 20000, "left": 0.00010373745555273078, "right": 0.7399153893511219, "left_area": 0.0, "right_area": 0.0375, "escape": 0.5998698297709568, "signal": "STOP", "reason": "avoid_left", "user_forward": 3.0, "forward": 1.5, "turn": 0.4, "intervened": true}
REFLEXGUARD_DECISION={"t_ms": 20512, "left": 3.416203709688721e-06, "right": 0.9740352438843397, "left_area": 0.0, "right_area": 0.069921875, "escape": 0.9600542213605227, "signal": "STOP", "reason": "avoid_left", "user_forward": 3.0, "forward": 1.5, "turn": 0.4, "intervened": true}
REFLEXGUARD_DECISION={"t_ms": 21024, "left": 1.1249984611545413e-07, "right": 0.7900305287660379, "left_area": 0.0, "right_area": 0.1375, "escape": 0.6769700442554428, "signal": "STOP", "reason": "control_recovering", "user_forward": 3.0, "forward": 1.5, "turn": -0.6384483770893441, "intervened": true}
REFLEXGUARD_DECISION={"t_ms": 21536, "left": 3.7047601523604926e-09, "right": 0.027694086716788063, "left_area": 0.0, "right_area": 0.06783854166666667, "escape": 0.0, "signal": "NONE", "reason": "avoid_passing", "user_forward": 3.0, "forward": 2.0, "turn": 0.0, "intervened": true}
REFLEXGUARD_DECISION={"t_ms": 22048, "left": 1.2200236942930982e-10, "right": 0.0009120007934862249, "left_area": 0.0, "right_area": 0.004296875, "escape": 0.0, "signal": "NONE", "reason": "avoid_passing", "user_forward": 3.0, "forward": 2.0, "turn": 0.0, "intervened": true}
REFLEXGUARD_DECISION={"t_ms": 22560, "left": 4.017690089028317e-12, "right": 0.22755952893559167, "left_area": 0.0, "right_area": 0.005598958333333333, "escape": 0.0, "signal": "NONE", "reason": "avoid_passing", "user_forward": 3.0, "forward": 2.0, "turn": 0.0, "intervened": true}
REFLEXGUARD_DECISION={"t_ms": 23072, "left": 1.3230754227957197e-13, "right": 0.8243056828576973, "left_area": 0.0, "right_area": 0.011458333333333333, "escape": 0.7297010505503037, "signal": "STOP", "reason": "avoid_passing", "user_forward": 3.0, "forward": 1.5, "turn": 0.0, "intervened": true}
REFLEXGUARD_DECISION={"t_ms": 23584, "left": 4.357052275352176e-15, "right": 0.23365998039263142, "left_area": 0.0, "right_area": 0.014322916666666666, "escape": 0.0, "signal": "NONE", "reason": "avoid_passing", "user_forward": 3.0, "forward": 0.65, "turn": 0.0, "intervened": true}
REFLEXGUARD_DECISION={"t_ms": 24096, "left": 1.4348316205615632e-16, "right": 0.9131776198104938, "left_area": 0.0, "right_area": 0.025651041666666666, "escape": 0.8664271074007598, "signal": "STOP", "reason": "control_recovering", "user_forward": 3.0, "forward": 1.5, "turn": -1.1683957158481042, "intervened": true}
REFLEXGUARD_DECISION={"t_ms": 24608, "left": 4.725079363884649e-18, "right": 0.5443465446064336, "left_area": 0.0, "right_area": 0.032942708333333334, "escape": 0.29899468400989787, "signal": "STOP", "reason": "control_recovering", "user_forward": 3.0, "forward": 1.5, "turn": -0.824790805811335, "intervened": true}
REFLEXGUARD_DECISION={"t_ms": 25120, "left": 1.556027527903969e-19, "right": 0.9188981545037701, "left_area": 0.0, "right_area": 0.054036458333333336, "escape": 0.8752279300058001, "signal": "STOP", "reason": "avoid_passing", "user_forward": 3.0, "forward": 0.65, "turn": 0.0, "intervened": true}
REFLEXGUARD_DECISION={"t_ms": 25632, "left": 5.124192592617892e-21, "right": 0.41219921611489463, "left_area": 0.0, "right_area": 0.066796875, "escape": 0.09569110171522253, "signal": "LEFT", "reason": "avoid_passing", "user_forward": 3.0, "forward": 0.3, "turn": 0.0, "intervened": true}
REFLEXGUARD_DECISION={"t_ms": 26144, "left": 1.6874604886720592e-22, "right": 0.8605424736884996, "left_area": 0.0, "right_area": 0.109375, "escape": 0.7854499595207686, "signal": "STOP", "reason": "avoid_right", "user_forward": 3.0, "forward": 0.3, "turn": -0.4, "intervened": true}
REFLEXGUARD_DECISION={"t_ms": 26656, "left": 5.5570177142279815e-24, "right": 0.05151412817311547, "left_area": 0.0, "right_area": 0.10013020833333333, "escape": 0.0, "signal": "NONE", "reason": "avoid_right", "user_forward": 3.0, "forward": 0.3, "turn": -0.8, "intervened": true}
REFLEXGUARD_DECISION={"t_ms": 27168, "left": 0.9629670547550032, "right": 0.0016964244479364889, "left_area": 0.1171875, "right_area": 0.037369791666666666, "escape": 0.9430262380846204, "signal": "STOP", "reason": "avoid_left", "user_forward": 3.0, "forward": 0.3, "turn": 0.4, "intervened": true}
REFLEXGUARD_DECISION={"t_ms": 27680, "left": 0.9649745662676764, "right": 5.5865371493533975e-05, "left_area": 0.21471354166666667, "right_area": 0.0, "escape": 0.9461147173348868, "signal": "STOP", "reason": "avoid_passing", "user_forward": 3.0, "forward": 0.3, "turn": 0.0, "intervened": true}
REFLEXGUARD_DECISION={"t_ms": 28192, "left": 0.7223948190626384, "right": 1.8397163138663986e-06, "left_area": 0.31223958333333335, "right_area": 0.0, "escape": 0.5729151062502129, "signal": "STOP", "reason": "control_recovering", "user_forward": 3.0, "forward": 1.5, "turn": -0.7453179183398013, "intervened": true}
REFLEXGUARD_DECISION={"t_ms": 28704, "left": 0.04131345658270234, "right": 6.058415123754987e-08, "left_area": 0.0, "right_area": 0.0, "escape": 0.0, "signal": "NONE", "reason": "control_recovering", "user_forward": 3.0, "forward": 2.0, "turn": -0.6202863170579747, "intervened": true}
REFLEXGUARD_DECISION={"t_ms": 29216, "left": 0.0013605036183497988, "right": 1.9951116123226724e-09, "left_area": 0.0, "right_area": 0.0, "escape": 0.0, "signal": "NONE", "reason": "control_recovering", "user_forward": 3.0, "forward": 2.0, "turn": -0.33204956558603294, "intervened": true}
REFLEXGUARD_DECISION={"t_ms": 29728, "left": 4.480307988361068e-05, "right": 6.570151210037405e-11, "left_area": 0.0, "right_area": 0.0, "escape": 0.0, "signal": "NONE", "reason": "control_recovering", "user_forward": 3.0, "forward": 2.0, "turn": -0.16536338818163057, "intervened": true}
REFLEXGUARD_DECISION={"t_ms": 30240, "left": 1.4754212631142737e-06, "right": 2.163632683812705e-12, "left_area": 0.0, "right_area": 0.0, "escape": 0.0, "signal": "NONE", "reason": "control_recovering", "user_forward": 3.0, "forward": 2.0, "turn": -0.08224088196050024, "intervened": true}
REFLEXGUARD_DECISION={"t_ms": 30752, "left": 4.8587461159027016e-08, "right": 7.125112102915998e-14, "left_area": 0.0, "right_area": 0.0, "escape": 0.0, "signal": "NONE", "reason": "avoid_left", "user_forward": 3.0, "forward": 0.65, "turn": 0.4, "intervened": true}
REFLEXGUARD_DECISION={"t_ms": 31264, "left": 1.6000456553655593e-09, "right": 2.3463882228687347e-15, "left_area": 0.0, "right_area": 0.0, "escape": 0.0, "signal": "NONE", "reason": "avoid_left", "user_forward": 3.0, "forward": 0.65, "turn": 0.4, "intervened": true}
REFLEXGUARD_DECISION={"t_ms": 31776, "left": 5.269149772767155e-11, "right": 7.726948871673079e-17, "left_area": 0.0, "right_area": 0.0, "escape": 0.0, "signal": "NONE", "reason": "avoid_passing", "user_forward": 3.0, "forward": 2.0, "turn": 0.0, "intervened": true}
REFLEXGUARD_DECISION={"t_ms": 32288, "left": 1.7351966948411225e-12, "right": 2.544580572112343e-18, "left_area": 0.0, "right_area": 0.0, "escape": 0.0, "signal": "NONE", "reason": "avoid_passing", "user_forward": 3.0, "forward": 2.0, "turn": 0.0, "intervened": true}
REFLEXGUARD_DECISION={"t_ms": 32800, "left": 5.71421899098219e-14, "right": 0.018382849397503457, "left_area": 0.0, "right_area": 0.0, "escape": 0.0, "signal": "NONE", "reason": "control_recovering", "user_forward": 3.0, "forward": 2.0, "turn": -0.07148718930744348, "intervened": true}
REFLEXGUARD_DECISION={"t_ms": 33312, "left": 1.8817635357408976e-15, "right": 0.1019052067859563, "left_area": 0.0, "right_area": 0.0, "escape": 0.0, "signal": "NONE", "reason": "control_recovering", "user_forward": 3.0, "forward": 2.0, "turn": 0.04077348262510644, "intervened": true}
REFLEXGUARD_DECISION={"t_ms": 33824, "left": 6.19688186615234e-17, "right": 0.33998856334250627, "left_area": 0.0, "right_area": 0.001171875, "escape": 0.0, "signal": "NONE", "reason": "control_recovering", "user_forward": 3.0, "forward": 2.0, "turn": 0.08942108464501558, "intervened": true}
REFLEXGUARD_DECISION={"t_ms": 34336, "left": 2.040710436443234e-18, "right": 0.07538902475272327, "left_area": 0.0, "right_area": 0.0, "escape": 0.0, "signal": "NONE", "reason": "risk_monitoring", "user_forward": 3.0, "forward": 2.0, "turn": 0.0, "intervened": true}
REFLEXGUARD_DECISION={"t_ms": 34848, "left": 6.720313821302652e-20, "right": 0.3736093709538311, "left_area": 0.0, "right_area": 0.0, "escape": 0.03632210915974022, "signal": "LEFT", "reason": "risk_monitoring", "user_forward": 3.0, "forward": 2.0, "turn": 0.0, "intervened": true}
REFLEXGUARD_DECISION={"t_ms": 35360, "left": 2.213083103328743e-21, "right": 0.9120934463219542, "left_area": 0.0, "right_area": 0.009244791666666667, "escape": 0.8647591481876219, "signal": "STOP", "reason": "risk_monitoring", "user_forward": 3.0, "forward": 1.5, "turn": 0.0, "intervened": true}
REFLEXGUARD_DECISION={"t_ms": 35872, "left": 7.287958497881297e-23, "right": 0.959985736505476, "left_area": 0.0, "right_area": 0.019791666666666666, "escape": 0.9384395946238093, "signal": "STOP", "reason": "control_recovering", "user_forward": 3.0, "forward": 1.5, "turn": 0.30410541065095853, "intervened": true}
REFLEXGUARD_DECISION={"t_ms": 36384, "left": 2.4000155704478457e-24, "right": 0.22330494446394297, "left_area": 0.0, "right_area": 0.00078125, "escape": 0.0, "signal": "NONE", "reason": "control_recovering", "user_forward": 3.0, "forward": 2.0, "turn": 0.17448493787663968, "intervened": true}
REFLEXGUARD_DECISION={"t_ms": 36896, "left": 7.903550411362284e-26, "right": 0.007353710148421645, "left_area": 0.0, "right_area": 0.0, "escape": 0.0, "signal": "NONE", "reason": "control_recovering", "user_forward": 3.0, "forward": 2.0, "turn": 0.08270282917380432, "intervened": true}
REFLEXGUARD_DECISION={"t_ms": 37408, "left": 2.602737660293124e-27, "right": 0.00024216684084991822, "left_area": 0.0, "right_area": 0.0, "escape": 0.0, "signal": "NONE", "reason": "avoid_left", "user_forward": 3.0, "forward": 2.0, "turn": 0.4, "intervened": true}
REFLEXGUARD_DECISION={"t_ms": 37920, "left": 8.57113952049873e-29, "right": 7.9748559058745e-06, "left_area": 0.0, "right_area": 0.0, "escape": 0.0, "signal": "NONE", "reason": "avoid_left", "user_forward": 3.0, "forward": 0.65, "turn": 0.4, "intervened": true}
REFLEXGUARD_DECISION={"t_ms": 38432, "left": 2.8225830747606552e-30, "right": 2.6262194483874925e-07, "left_area": 0.0, "right_area": 0.0, "escape": 0.0, "signal": "NONE", "reason": "avoid_left", "user_forward": 3.0, "forward": 0.65, "turn": 0.4, "intervened": true}
REFLEXGUARD_DECISION={"t_ms": 38944, "left": 9.295117871866984e-32, "right": 8.648467975462936e-09, "left_area": 0.0, "right_area": 0.0, "escape": 0.0, "signal": "NONE", "reason": "control_recovering", "user_forward": 3.0, "forward": 2.0, "turn": -0.7962895845345579, "intervened": true}
REFLEXGUARD_DECISION={"t_ms": 39456, "left": 3.0609981695304863e-33, "right": 2.8480482988020264e-10, "left_area": 0.0, "right_area": 0.0, "escape": 0.0, "signal": "NONE", "reason": "avoid_left", "user_forward": 3.0, "forward": 0.65, "turn": 0.4, "intervened": true}
REFLEXGUARD_DECISION={"t_ms": 39968, "left": 1.0080248494995171e-34, "right": 9.378978028620075e-12, "left_area": 0.0, "right_area": 0.0, "escape": 0.0, "signal": "NONE", "reason": "control_recovering", "user_forward": 3.0, "forward": 2.0, "turn": -0.7566889249789527, "intervened": true}
REFLEXGUARD_DECISION={"t_ms": 40480, "left": 3.3195514695926195e-36, "right": 3.0886143643820537e-13, "left_area": 0.0, "right_area": 0.0, "escape": 0.0, "signal": "NONE", "reason": "control_recovering", "user_forward": 3.0, "forward": 2.0, "turn": -0.873538124724663, "intervened": true}
REFLEXGUARD_DECISION={"t_ms": 40992, "left": 1.0931696738176297e-37, "right": 1.0171192066723183e-14, "left_area": 0.0, "right_area": 0.0, "escape": 0.0, "signal": "NONE", "reason": "avoid_passing", "user_forward": 3.0, "forward": 0.65, "turn": 0.0, "intervened": true}
REFLEXGUARD_DECISION={"t_ms": 41504, "left": 3.5999439885208244e-39, "right": 3.349500321283093e-16, "left_area": 0.0, "right_area": 0.0, "escape": 0.0, "signal": "NONE", "reason": "avoid_passing", "user_forward": 3.0, "forward": 0.65, "turn": 0.0, "intervened": true}
REFLEXGUARD_DECISION={"t_ms": 42016, "left": 1.1855064251123051e-40, "right": 1.103032203961711e-17, "left_area": 0.0, "right_area": 0.0, "escape": 0.0, "signal": "NONE", "reason": "avoid_left", "user_forward": 3.0, "forward": 0.65, "turn": 0.4, "intervened": true}
REFLEXGUARD_DECISION={"t_ms": 42528, "left": 3.904020419384442e-42, "right": 3.6324225295507815e-19, "left_area": 0.0, "right_area": 0.0, "escape": 0.0, "signal": "NONE", "reason": "avoid_left", "user_forward": 3.0, "forward": 0.65, "turn": 0.4, "intervened": true}
REFLEXGUARD_DECISION={"t_ms": 43040, "left": 1.2856425838035281e-43, "right": 1.1962020134859193e-20, "left_area": 0.0, "right_area": 0.0, "escape": 0.0, "signal": "NONE", "reason": "avoid_passing", "user_forward": 3.0, "forward": 0.3, "turn": 0.0, "intervened": true}
REFLEXGUARD_DECISION={"t_ms": 43552, "left": 4.233781270922824e-45, "right": 3.9392423249966073e-22, "left_area": 0.0, "right_area": 0.0, "escape": 0.0, "signal": "NONE", "reason": "avoid_passing", "user_forward": 3.0, "forward": 0.3, "turn": 0.0, "intervened": true}
REFLEXGUARD_DECISION={"t_ms": 44064, "left": 1.3942369423535033e-46, "right": 1.2972415963273525e-23, "left_area": 0.0, "right_area": 0.0, "escape": 0.0, "signal": "NONE", "reason": "avoid_passing", "user_forward": 3.0, "forward": 0.3, "turn": 0.0, "intervened": true}
REFLEXGUARD_DECISION={"t_ms": 44576, "left": 4.5913960288258836e-48, "right": 4.271978264864395e-25, "left_area": 0.0, "right_area": 0.0, "escape": 0.0, "signal": "NONE", "reason": "avoid_passing", "user_forward": 3.0, "forward": 0.3, "turn": 0.0, "intervened": true}
REFLEXGUARD_DECISION={"t_ms": 45088, "left": 1.5120039394403816e-49, "right": 1.406815688545694e-26, "left_area": 0.0, "right_area": 0.0, "escape": 0.0, "signal": "NONE", "reason": "avoid_passing", "user_forward": 3.0, "forward": 0.3, "turn": 0.0, "intervened": true}
REFLEXGUARD_DECISION={"t_ms": 45600, "left": 4.979217428708391e-51, "right": 4.632819407851363e-28, "left_area": 0.0, "right_area": 0.0, "escape": 0.0, "signal": "NONE", "reason": "avoid_passing", "user_forward": 3.0, "forward": 0.3, "turn": 0.0, "intervened": true}
REFLEXGUARD_DECISION={"t_ms": 46112, "left": 1.6397183602265983e-52, "right": 1.5256451744543593e-29, "left_area": 0.0, "right_area": 0.0, "escape": 0.0, "signal": "NONE", "reason": "avoid_left", "user_forward": 3.0, "forward": 0.3, "turn": 0.4, "intervened": true}
REFLEXGUARD_DECISION={"t_ms": 46624, "left": 5.39979693467945e-54, "right": 5.024139715852593e-31, "left_area": 0.0, "right_area": 0.0, "escape": 0.0, "signal": "NONE", "reason": "avoid_left", "user_forward": 3.0, "forward": 0.3, "turn": 0.4, "intervened": true}
REFLEXGUARD_DECISION={"t_ms": 47136, "left": 1.778220433644723e-55, "right": 1.6545118292944527e-32, "left_area": 0.0, "right_area": 0.0, "escape": 0.0, "signal": "NONE", "reason": "avoid_passing", "user_forward": 3.0, "forward": 0.3, "turn": 0.0, "intervened": true}
REFLEXGUARD_DECISION={"t_ms": 47648, "left": 5.855901525340119e-57, "right": 5.448513672177488e-34, "left_area": 0.0, "right_area": 0.0, "escape": 0.0, "signal": "NONE", "reason": "avoid_passing", "user_forward": 3.0, "forward": 0.3, "turn": 0.0, "intervened": true}
REFLEXGUARD_DECISION={"t_ms": 48160, "left": 1.9284213602356988e-58, "right": 1.7942634625081162e-35, "left_area": 0.0, "right_area": 0.0, "escape": 0.0, "signal": "NONE", "reason": "avoid_left", "user_forward": 3.0, "forward": 0.3, "turn": 0.4, "intervened": true}
REFLEXGUARD_DECISION={"t_ms": 48672, "left": 6.350531897643738e-60, "right": 5.908733218989967e-37, "left_area": 0.0, "right_area": 0.0, "escape": 0.0, "signal": "NONE", "reason": "avoid_passing", "user_forward": 3.0, "forward": 0.3, "turn": 0.0, "intervened": true}
REFLEXGUARD_DECISION={"t_ms": 49184, "left": 2.09130930690694e-61, "right": 1.9458194954486843e-38, "left_area": 0.0, "right_area": 0.0, "escape": 0.0, "signal": "NONE", "reason": "avoid_passing", "user_forward": 3.0, "forward": 0.3, "turn": 0.0, "intervened": true}
REFLEXGUARD_DECISION={"t_ms": 49696, "left": 6.886942208381522e-63, "right": 6.407826125403212e-40, "left_area": 0.0, "right_area": 0.0, "escape": 0.0, "signal": "NONE", "reason": "avoid_right", "user_forward": 3.0, "forward": 0.0, "turn": -0.4, "intervened": true}
REFLEXGUARD_DECISION={"t_ms": 50208, "left": 2.2679559080495933e-64, "right": 2.1101770102232388e-41, "left_area": 0.0, "right_area": 0.0, "escape": 0.0, "signal": "NONE", "reason": "avoid_right", "user_forward": 3.0, "forward": 0.0, "turn": -0.4, "intervened": true}
REFLEXGUARD_DECISION={"t_ms": 50720, "left": 7.468661483171995e-66, "right": 6.949075907072137e-43, "left_area": 0.0, "right_area": 0.0, "escape": 0.0, "signal": "NONE", "reason": "avoid_left", "user_forward": 3.0, "forward": 0.3, "turn": 1.2, "intervened": true}
REFLEXGUARD_DECISION={"t_ms": 51232, "left": 2.4595233157856057e-67, "right": 2.2884173094626693e-44, "left_area": 0.0, "right_area": 0.0, "escape": 0.0, "signal": "NONE", "reason": "avoid_left", "user_forward": 3.0, "forward": 0.3, "turn": 0.4, "intervened": true}
REFLEXGUARD_DECISION={"t_ms": 51744, "left": 8.099516833803343e-69, "right": 7.536043428333786e-46, "left_area": 0.0, "right_area": 0.0, "escape": 0.0, "signal": "NONE", "reason": "avoid_right", "user_forward": 3.0, "forward": 0.0, "turn": -0.4, "intervened": true}
REFLEXGUARD_DECISION={"t_ms": 52256, "left": 2.667271845727939e-70, "right": 2.4817130301757717e-47, "left_area": 0.0, "right_area": 0.0, "escape": 0.0, "signal": "NONE", "reason": "avoid_right", "user_forward": 3.0, "forward": 0.0, "turn": -0.4, "intervened": true}
REFLEXGUARD_DECISION={"t_ms": 52768, "left": 8.783658636674751e-72, "right": 8.172590329015576e-49, "left_area": 0.0, "right_area": 0.0, "escape": 0.0, "signal": "NONE", "reason": "avoid_left", "user_forward": 3.0, "forward": 0.3, "turn": 0.8, "intervened": true}
REFLEXGUARD_DECISION={"t_ms": 53280, "left": 2.8925682685551234e-73, "right": 2.6913358584891783e-50, "left_area": 0.0, "right_area": 0.0, "escape": 0.0, "signal": "NONE", "reason": "avoid_left", "user_forward": 3.0, "forward": 0.3, "turn": 1.2, "intervened": true}
REFLEXGUARD_DECISION={"t_ms": 53792, "left": 9.525587837984878e-75, "right": 8.862904430035425e-52, "left_area": 0.0, "right_area": 0.0, "escape": 0.0, "signal": "NONE", "reason": "avoid_left", "user_forward": 3.0, "forward": 0.3, "turn": 1.2, "intervened": true}
REFLEXGUARD_DECISION={"t_ms": 54304, "left": 0.17416732283659103, "right": 2.9186648960281536e-53, "left_area": 0.0140625, "right_area": 0.0, "escape": 0.0, "signal": "NONE", "reason": "avoid_left", "user_forward": 3.0, "forward": 0.3, "turn": 1.2, "intervened": true}
REFLEXGUARD_DECISION={"t_ms": 54816, "left": 0.11061873741501474, "right": 0.1921132032700088, "left_area": 0.008333333333333333, "right_area": 0.0016927083333333334, "escape": 0.0, "signal": "NONE", "reason": "avoid_left", "user_forward": 3.0, "forward": 0.3, "turn": 1.2, "intervened": true}
REFLEXGUARD_DECISION={"t_ms": 55328, "left": 0.0036428128982416335, "right": 0.8951718653122287, "left_area": 0.0, "right_area": 0.015885416666666666, "escape": 0.838725946634198, "signal": "STOP", "reason": "avoid_left", "user_forward": 3.0, "forward": 0.65, "turn": 1.2, "intervened": true}
REFLEXGUARD_DECISION={"t_ms": 55840, "left": 0.00011996236914013449, "right": 0.22117054290155735, "left_area": 0.0, "right_area": 0.0026041666666666665, "escape": 0.0, "signal": "NONE", "reason": "avoid_left", "user_forward": 3.0, "forward": 0.65, "turn": 1.2, "intervened": true}
REFLEXGUARD_DECISION={"t_ms": 56352, "left": 3.950510336849949e-06, "right": 0.007283421644654744, "left_area": 0.0, "right_area": 0.0, "escape": 0.0, "signal": "NONE", "reason": "avoid_left", "user_forward": 3.0, "forward": 0.65, "turn": 1.2, "intervened": true}
REFLEXGUARD_DECISION={"t_ms": 56864, "left": 1.300952293075128e-07, "right": 0.0002398521528133015, "left_area": 0.0, "right_area": 0.0, "escape": 0.0, "signal": "NONE", "reason": "avoid_left", "user_forward": 3.0, "forward": 0.3, "turn": 0.8, "intervened": true}
REFLEXGUARD_DECISION={"t_ms": 57376, "left": 4.284198051755963e-09, "right": 7.898630343802152e-06, "left_area": 0.0, "right_area": 0.0, "escape": 0.0, "signal": "NONE", "reason": "avoid_left", "user_forward": 3.0, "forward": 0.3, "turn": 0.4, "intervened": true}
REFLEXGUARD_DECISION={"t_ms": 57888, "left": 1.4108398166764788e-10, "right": 2.601117420721864e-07, "left_area": 0.0, "right_area": 0.0, "escape": 0.0, "signal": "NONE", "reason": "avoid_left", "user_forward": 3.0, "forward": 0.3, "turn": 0.8, "intervened": true}
REFLEXGUARD_DECISION={"t_ms": 58400, "left": 4.646071363353261e-12, "right": 8.565803869643953e-09, "left_area": 0.0, "right_area": 0.0, "escape": 0.0, "signal": "NONE", "reason": "avoid_left", "user_forward": 3.0, "forward": 0.3, "turn": 0.8, "intervened": true}
REFLEXGUARD_DECISION={"t_ms": 58912, "left": 1.5300092085734727e-13, "right": 2.8208259784306387e-10, "left_area": 0.0, "right_area": 0.0, "escape": 0.0, "signal": "NONE", "reason": "avoid_left", "user_forward": 3.0, "forward": 0.3, "turn": 0.8, "intervened": true}
REFLEXGUARD_DECISION={"t_ms": 59424, "left": 5.03851102413993e-15, "right": 9.289331534647794e-12, "left_area": 0.0, "right_area": 0.0, "escape": 0.0, "signal": "NONE", "reason": "avoid_left", "user_forward": 3.0, "forward": 0.3, "turn": 0.4, "intervened": true}
REFLEXGUARD_DECISION={"t_ms": 59936, "left": 1.6592444802374216e-16, "right": 3.059092656563316e-13, "left_area": 0.0, "right_area": 0.0, "escape": 0.0, "signal": "NONE", "reason": "avoid_left", "user_forward": 3.0, "forward": 0.3, "turn": 0.4, "intervened": true}
REFLEXGUARD_RESULT={"min_pedestrian_travel_m":29.952000000000012,"world":"corridor_demo","drive":"forward","duration_s":60.0,"collision":false,"collision_events":0,"min_clearance_estimate_m":0.04158299717899483,"displacement_m":54.94451232617834,"yaw_change_rad":0.7084922169794234,"camera_frames":1874,"camera_pixel_range":191,"camera_width":160,"camera_height":120,"remote_stop_steps":0,"remote_interventions":0,"control_failures":0,"navigation_steps":1684,"recoveries":2,"passed_obstacles":7,"brain_steps":1874,"interventions":1874,"stop_steps":57,"brain_failures":0,"max_looming":0.9999062402034885,"final_forward":0.3}
INFO: wheelchair: Terminating.
INFO: pedestrian: Terminating.
INFO: pedestrian: Terminating.
INFO: scenario: Terminating.
{"min_pedestrian_travel_m":29.952000000000012,"world":"corridor_demo","drive":"forward","duration_s":60.0,"collision":false,"collision_events":0,"min_clearance_estimate_m":0.04158299717899483,"displacement_m":54.94451232617834,"yaw_change_rad":0.7084922169794234,"camera_frames":1874,"camera_pixel_range":191,"camera_width":160,"camera_height":120,"remote_stop_steps":0,"remote_interventions":0,"control_failures":0,"navigation_steps":1684,"recoveries":2,"passed_obstacles":7,"brain_steps":1874,"interventions":1874,"stop_steps":57,"brain_failures":0,"max_looming":0.9999062402034885,"final_forward":0.3}
INFO:     Started server process [187173]
INFO:     Waiting for application startup.
INFO:     Application startup complete.
INFO:     Uvicorn running on https://127.0.0.1:8443 (Press CTRL+C to quit)
INFO:     Shutting down
INFO:     Waiting for application shutdown.
INFO:     Application shutdown complete.
INFO:     Finished server process [187173]

