WARNING: DEF PERSON_B Pedestrian: 'name' field value should be unique: 'pedestrian' already used by a sibling Solid node.
INFO: wheelchair: Starting controller: /tmp/reflexguard-settings/.venv/bin/python -u wheelchair.py
INFO: pedestrian: Starting controller: python3 -u pedestrian.py "--trajectory=8 4.5, 8 -4.5" --speed=0.6
INFO: pedestrian: Starting controller: python3 -u pedestrian.py "--trajectory=24 -4.5, 24 4.5" --speed=0.5
INFO: scenario: Starting controller: /tmp/reflexguard-settings/.venv/bin/python -u scenario.py
INFO: pedestrian: refusing connection attempt from another extern controller.
WARNING: 'pedestrian' controller exited with status: 1.
WARNING: 'pedestrian' controller exited with status: 1.
REFLEXGUARD_CALIBRATION={"drive_speed":2.0,"dark_threshold":140,"area_floor":0.008,"area_tau_s":0.12,"looming_tau_s":0.15,"expansion_scale":1.0,"stop_on":0.25,"stop_off":0.12,"turn_on":0.35,"turn_off":0.1,"turn_gain":0.3,"max_turn":1.2,"deceleration":2.0,"release_ms":500}
REFLEXGUARD_RANGES={"heading": 0.0, "nearest": [5.712762355804443, 4.4705986976623535, 3.4404611587524414, 4.4705986976623535]}
REFLEXGUARD_DECISION={"t_ms": 32, "left": 0.0, "right": 0.0, "left_area": 0.0015625, "right_area": 0.0015625, "escape": 0.0, "signal": "NONE", "reason": "user", "user_forward": 2.0, "forward": 2.0, "turn": 0.0, "intervened": false}
REFLEXGUARD_DECISION={"t_ms": 544, "left": 0.04676940217741512, "right": 0.0701542912412238, "left_area": 0.0015625, "right_area": 0.0015625, "escape": 0.0, "signal": "NONE", "reason": "user", "user_forward": 2.0, "forward": 2.0, "turn": 0.0, "intervened": false}
REFLEXGUARD_DECISION={"t_ms": 1056, "left": 0.09510943461546585, "right": 0.4787291153960727, "left_area": 0.00234375, "right_area": 0.003515625, "escape": 0.3125, "signal": "STOP", "reason": "risk_monitoring", "user_forward": 2.0, "forward": 1.5, "turn": 0.0, "intervened": true}
REFLEXGUARD_DECISION={"t_ms": 1088, "left": 0.07683765647028926, "right": 0.3867589315387155, "left_area": 0.001953125, "right_area": 0.002864583333333333, "escape": 0.0, "signal": "NONE", "reason": "user", "user_forward": 2.0, "forward": 2.0, "turn": 0.0, "intervened": false}
REFLEXGUARD_DECISION={"t_ms": 1600, "left": 0.3876565301075239, "right": 0.1698944395268199, "left_area": 0.00390625, "right_area": 0.00390625, "escape": 0.0, "signal": "NONE", "reason": "user", "user_forward": 2.0, "forward": 2.0, "turn": 0.0, "intervened": false}
REFLEXGUARD_DECISION={"t_ms": 1664, "left": 0.46378398339649307, "right": 0.12474756009188581, "left_area": 0.004296875, "right_area": 0.00390625, "escape": 0.3125, "signal": "STOP", "reason": "risk_monitoring", "user_forward": 2.0, "forward": 1.5, "turn": 0.0, "intervened": true}
REFLEXGUARD_DECISION={"t_ms": 1696, "left": 0.3746849567208682, "right": 0.10078190672251572, "left_area": 0.003125, "right_area": 0.0037760416666666667, "escape": 0.0, "signal": "NONE", "reason": "user", "user_forward": 2.0, "forward": 2.0, "turn": 0.0, "intervened": false}
REFLEXGUARD_DECISION={"t_ms": 1792, "left": 0.5084446716178763, "right": 0.1642791233749896, "left_area": 0.0048177083333333336, "right_area": 0.004427083333333333, "escape": 0.3125, "signal": "STOP", "reason": "risk_monitoring", "user_forward": 2.0, "forward": 1.5, "turn": 0.0, "intervened": true}
REFLEXGUARD_DECISION={"t_ms": 1824, "left": 0.4107657370677984, "right": 0.13271893475303137, "left_area": 0.003125, "right_area": 0.0037760416666666667, "escape": 0.15625, "signal": "STOP", "reason": "user", "user_forward": 2.0, "forward": 2.0, "turn": 0.0, "intervened": false}
REFLEXGUARD_DECISION={"t_ms": 1888, "left": 0.46021222665917066, "right": 0.2220493496661542, "left_area": 0.0048177083333333336, "right_area": 0.004427083333333333, "escape": 0.3125, "signal": "STOP", "reason": "risk_monitoring", "user_forward": 2.0, "forward": 1.5, "turn": 0.0, "intervened": true}
REFLEXGUARD_DECISION={"t_ms": 1920, "left": 0.37179938161165405, "right": 0.17939073781776704, "left_area": 0.003125, "right_area": 0.0037760416666666667, "escape": 0.0, "signal": "NONE", "reason": "user", "user_forward": 2.0, "forward": 2.0, "turn": 0.0, "intervened": false}
REFLEXGUARD_DECISION={"t_ms": 1952, "left": 0.483304502670183, "right": 0.21036048018114395, "left_area": 0.0048177083333333336, "right_area": 0.004427083333333333, "escape": 0.3125, "signal": "STOP", "reason": "risk_monitoring", "user_forward": 2.0, "forward": 1.5, "turn": 0.0, "intervened": true}
REFLEXGUARD_DECISION={"t_ms": 1984, "left": 0.3904553265073956, "right": 0.16994745449212717, "left_area": 0.003125, "right_area": 0.0037760416666666667, "escape": 0.0, "signal": "NONE", "reason": "user", "user_forward": 2.0, "forward": 2.0, "turn": 0.0, "intervened": false}
REFLEXGUARD_DECISION={"t_ms": 2016, "left": 0.4923585223228743, "right": 0.20245284857344806, "left_area": 0.0048177083333333336, "right_area": 0.004427083333333333, "escape": 0.3125, "signal": "STOP", "reason": "risk_monitoring", "user_forward": 2.0, "forward": 1.5, "turn": 0.0, "intervened": true}
REFLEXGUARD_DECISION={"t_ms": 2048, "left": 0.3977699494421388, "right": 0.19059065678615303, "left_area": 0.0036458333333333334, "right_area": 0.004296875, "escape": 0.0, "signal": "NONE", "reason": "user", "user_forward": 2.0, "forward": 2.0, "turn": 0.0, "intervened": false}
REFLEXGUARD_DECISION={"t_ms": 2080, "left": 0.47332276393684186, "right": 0.19755203805888671, "left_area": 0.0048177083333333336, "right_area": 0.004427083333333333, "escape": 0.3125, "signal": "STOP", "reason": "risk_monitoring", "user_forward": 2.0, "forward": 1.5, "turn": 0.0, "intervened": true}
REFLEXGUARD_DECISION={"t_ms": 2112, "left": 0.38239121157632094, "right": 0.17010401629086813, "left_area": 0.0036458333333333334, "right_area": 0.004296875, "escape": 0.0, "signal": "NONE", "reason": "user", "user_forward": 2.0, "forward": 2.0, "turn": 0.0, "intervened": false}
REFLEXGUARD_DECISION={"t_ms": 2144, "left": 0.4462645092575094, "right": 0.16834239333296408, "left_area": 0.0048177083333333336, "right_area": 0.004427083333333333, "escape": 0.3125, "signal": "STOP", "reason": "risk_monitoring", "user_forward": 2.0, "forward": 1.5, "turn": 0.0, "intervened": true}
REFLEXGUARD_DECISION={"t_ms": 2176, "left": 0.36053120487833074, "right": 0.13681022822285904, "left_area": 0.0036458333333333334, "right_area": 0.004296875, "escape": 0.0, "signal": "NONE", "reason": "user", "user_forward": 2.0, "forward": 2.0, "turn": 0.0, "intervened": false}
REFLEXGUARD_DECISION={"t_ms": 2240, "left": 0.5294298978436137, "right": 0.14913659303602406, "left_area": 0.005338541666666667, "right_area": 0.004557291666666667, "escape": 0.3125, "signal": "STOP", "reason": "risk_monitoring", "user_forward": 2.0, "forward": 1.5, "turn": 0.0, "intervened": true}
REFLEXGUARD_DECISION={"t_ms": 2304, "left": 0.3892687571884756, "right": 0.10414704973221212, "left_area": 0.0036458333333333334, "right_area": 0.004296875, "escape": 0.0, "signal": "NONE", "reason": "user", "user_forward": 2.0, "forward": 2.0, "turn": 0.0, "intervened": false}
REFLEXGUARD_DECISION={"t_ms": 2368, "left": 0.47380024531646725, "right": 0.34231939501209313, "left_area": 0.005989583333333334, "right_area": 0.005598958333333333, "escape": 0.3125, "signal": "STOP", "reason": "risk_monitoring", "user_forward": 2.0, "forward": 1.5, "turn": 0.0, "intervened": true}
REFLEXGUARD_DECISION={"t_ms": 2432, "left": 0.3887339770492082, "right": 0.27527277913165793, "left_area": 0.004557291666666667, "right_area": 0.0049479166666666664, "escape": 0.0, "signal": "NONE", "reason": "user", "user_forward": 2.0, "forward": 2.0, "turn": 0.0, "intervened": false}
REFLEXGUARD_DECISION={"t_ms": 2496, "left": 0.5094810009305429, "right": 0.25582548414296075, "left_area": 0.005989583333333334, "right_area": 0.005208333333333333, "escape": 0.3125, "signal": "STOP", "reason": "risk_monitoring", "user_forward": 2.0, "forward": 1.5, "turn": 0.0, "intervened": true}
REFLEXGUARD_DECISION={"t_ms": 2560, "left": 0.4458748956356323, "right": 0.2598717739077823, "left_area": 0.004557291666666667, "right_area": 0.0049479166666666664, "escape": 0.15625, "signal": "STOP", "reason": "avoid_left", "user_forward": 2.0, "forward": 2.0, "turn": 0.4, "intervened": true}
REFLEXGUARD_DECISION={"t_ms": 3072, "left": 0.045636855826669084, "right": 0.9189021346475292, "left_area": 0.000390625, "right_area": 0.0140625, "escape": 0.625, "signal": "STOP", "reason": "avoid_left", "user_forward": 2.0, "forward": 1.5, "turn": 0.4, "intervened": true}
REFLEXGUARD_DECISION={"t_ms": 3584, "left": 0.0015028785441373036, "right": 0.8329084958051418, "left_area": 0.0, "right_area": 0.020833333333333332, "escape": 0.46875, "signal": "STOP", "reason": "avoid_left", "user_forward": 2.0, "forward": 1.5, "turn": 0.4, "intervened": true}
REFLEXGUARD_DECISION={"t_ms": 3616, "left": 0.001214155732897319, "right": 0.8487408407102005, "left_area": 0.0, "right_area": 0.021744791666666666, "escape": 0.625, "signal": "STOP", "reason": "control_recovering", "user_forward": 2.0, "forward": 1.5, "turn": -0.5441923018387277, "intervened": true}
REFLEXGUARD_DECISION={"t_ms": 4128, "left": 3.998366160769462e-05, "right": 0.4466070011656923, "left_area": 0.0, "right_area": 0.026302083333333334, "escape": 0.15625, "signal": "STOP", "reason": "avoid_left", "user_forward": 2.0, "forward": 0.65, "turn": 0.4, "intervened": true}
REFLEXGUARD_DECISION={"t_ms": 4160, "left": 3.230227229777634e-05, "right": 0.537713566497547, "left_area": 0.0, "right_area": 0.029036458333333334, "escape": 0.46875, "signal": "STOP", "reason": "control_recovering", "user_forward": 2.0, "forward": 1.5, "turn": -0.3654618379164347, "intervened": true}
REFLEXGUARD_DECISION={"t_ms": 4192, "left": 2.6096579293750456e-05, "right": 0.4764366511714685, "left_area": 0.0, "right_area": 0.02734375, "escape": 0.15625, "signal": "STOP", "reason": "avoid_left", "user_forward": 2.0, "forward": 0.65, "turn": 0.4, "intervened": true}
REFLEXGUARD_DECISION={"t_ms": 4224, "left": 2.1083081851238272e-05, "right": 0.49899822955648626, "left_area": 0.0, "right_area": 0.02890625, "escape": 0.3125, "signal": "STOP", "reason": "control_recovering", "user_forward": 2.0, "forward": 1.5, "turn": -0.34922782849201284, "intervened": true}
REFLEXGUARD_DECISION={"t_ms": 4288, "left": 0.06861421278582852, "right": 0.47203284401819245, "left_area": 0.000390625, "right_area": 0.029296875, "escape": 0.15625, "signal": "STOP", "reason": "avoid_left", "user_forward": 2.0, "forward": 0.65, "turn": 0.4, "intervened": true}
REFLEXGUARD_DECISION={"t_ms": 4704, "left": 0.10482253314106908, "right": 0.5088728849870299, "left_area": 0.0, "right_area": 0.03528645833333333, "escape": 0.3125, "signal": "STOP", "reason": "control_recovering", "user_forward": 2.0, "forward": 1.5, "turn": -0.37654813030508894, "intervened": true}
REFLEXGUARD_DECISION={"t_ms": 4768, "left": 0.0684156837542178, "right": 0.5345545839537255, "left_area": 0.0, "right_area": 0.03528645833333333, "escape": 0.3125, "signal": "STOP", "reason": "avoid_left", "user_forward": 2.0, "forward": 1.5, "turn": 0.4, "intervened": true}
REFLEXGUARD_DECISION={"t_ms": 4800, "left": 0.055272127594287124, "right": 0.545343423434122, "left_area": 0.0, "right_area": 0.03671875, "escape": 0.3125, "signal": "STOP", "reason": "control_recovering", "user_forward": 2.0, "forward": 1.5, "turn": -0.43306580211393514, "intervened": true}
REFLEXGUARD_DECISION={"t_ms": 4864, "left": 0.03607507172932412, "right": 0.6981022986185821, "left_area": 0.0, "right_area": 0.04114583333333333, "escape": 0.46875, "signal": "STOP", "reason": "avoid_left", "user_forward": 2.0, "forward": 1.5, "turn": 0.4, "intervened": true}
REFLEXGUARD_DECISION={"t_ms": 4896, "left": 0.02914457414120833, "right": 0.7228956041280334, "left_area": 0.0, "right_area": 0.04114583333333333, "escape": 0.625, "signal": "STOP", "reason": "control_recovering", "user_forward": 2.0, "forward": 1.5, "turn": -0.47924745957070575, "intervened": true}
REFLEXGUARD_DECISION={"t_ms": 4992, "left": 0.01536771314662009, "right": 0.7658939109808448, "left_area": 0.0, "right_area": 0.044661458333333334, "escape": 0.46875, "signal": "STOP", "reason": "avoid_left", "user_forward": 2.0, "forward": 1.5, "turn": 0.4, "intervened": true}
REFLEXGUARD_DECISION={"t_ms": 5376, "left": 0.0011879970760065516, "right": 0.9698236871918356, "left_area": 0.0, "right_area": 0.08098958333333334, "escape": 0.625, "signal": "STOP", "reason": "avoid_passing", "user_forward": 2.0, "forward": 1.5, "turn": 0.0, "intervened": true}
REFLEXGUARD_DECISION={"t_ms": 5888, "left": 3.912222443213857e-05, "right": 0.9990062564074788, "left_area": 0.0, "right_area": 0.184765625, "escape": 0.78125, "signal": "STOP", "reason": "avoid_passing", "user_forward": 2.0, "forward": 1.5, "turn": 0.0, "intervened": true}
REFLEXGUARD_DECISION={"t_ms": 6400, "left": 1.2883436124805578e-06, "right": 0.4780473713777436, "left_area": 0.0, "right_area": 0.243359375, "escape": 0.3125, "signal": "STOP", "reason": "avoid_passing", "user_forward": 2.0, "forward": 1.5, "turn": 0.0, "intervened": true}
REFLEXGUARD_DECISION={"t_ms": 6912, "left": 4.242676095012425e-08, "right": 0.019242328304929206, "left_area": 0.0, "right_area": 0.059244791666666664, "escape": 0.0, "signal": "NONE", "reason": "avoid_passing", "user_forward": 2.0, "forward": 2.0, "turn": 0.0, "intervened": false}
REFLEXGUARD_DECISION={"t_ms": 7168, "left": 7.699170924818479e-09, "right": 0.0034918992469230364, "left_area": 0.0, "right_area": 0.008203125, "escape": 0.0, "signal": "NONE", "reason": "control_recovering", "user_forward": 2.0, "forward": 2.0, "turn": -1.0828300979704673, "intervened": true}
REFLEXGUARD_DECISION={"t_ms": 7232, "left": 5.025103166064141e-09, "right": 0.0022790965589199, "left_area": 0.0, "right_area": 0.009244791666666667, "escape": 0.0, "signal": "NONE", "reason": "avoid_passing", "user_forward": 2.0, "forward": 2.0, "turn": 0.0, "intervened": false}
REFLEXGUARD_DECISION={"t_ms": 7264, "left": 4.059714500069296e-09, "right": 0.0018412520184241435, "left_area": 0.0, "right_area": 0.009635416666666667, "escape": 0.0, "signal": "NONE", "reason": "control_recovering", "user_forward": 2.0, "forward": 2.0, "turn": -1.0722150185991524, "intervened": true}
REFLEXGUARD_DECISION={"t_ms": 7776, "left": 1.3369145851436624e-10, "right": 0.19660047184219026, "left_area": 0.0, "right_area": 0.01015625, "escape": 0.0, "signal": "NONE", "reason": "control_recovering", "user_forward": 2.0, "forward": 2.0, "turn": -0.7472941129826803, "intervened": true}
REFLEXGUARD_DECISION={"t_ms": 8288, "left": 0.9495446588064086, "right": 0.006474298580539683, "left_area": 0.010416666666666666, "right_area": 0.00234375, "escape": 0.625, "signal": "STOP", "reason": "control_recovering", "user_forward": 2.0, "forward": 1.5, "turn": -0.40814889641888435, "intervened": true}
REFLEXGUARD_DECISION={"t_ms": 8800, "left": 0.7811435982302494, "right": 0.00021320672182121838, "left_area": 0.015885416666666666, "right_area": 0.0, "escape": 0.46875, "signal": "STOP", "reason": "control_recovering", "user_forward": 2.0, "forward": 1.5, "turn": -0.20317139825897892, "intervened": true}
REFLEXGUARD_DECISION={"t_ms": 9312, "left": 0.5269337049990647, "right": 7.02116309037468e-06, "left_area": 0.019140625, "right_area": 0.0, "escape": 0.3125, "signal": "STOP", "reason": "control_recovering", "user_forward": 2.0, "forward": 1.5, "turn": -0.014710878882073397, "intervened": true}
REFLEXGUARD_DECISION={"t_ms": 9824, "left": 0.5978740965512955, "right": 2.3121565174186597e-07, "left_area": 0.027473958333333333, "right_area": 0.0, "escape": 0.46875, "signal": "STOP", "reason": "control_recovering", "user_forward": 2.0, "forward": 1.5, "turn": 0.10228039546408324, "intervened": true}
REFLEXGUARD_DECISION={"t_ms": 10112, "left": 0.8255682775314767, "right": 3.389782429886397e-08, "left_area": 0.0359375, "right_area": 0.0, "escape": 0.46875, "signal": "STOP", "reason": "avoid_left", "user_forward": 2.0, "forward": 1.5, "turn": 0.8, "intervened": true}
REFLEXGUARD_DECISION={"t_ms": 10144, "left": 0.7492066422114946, "right": 2.7385604688925272e-08, "left_area": 0.03424479166666667, "right_area": 0.0, "escape": 0.46875, "signal": "STOP", "reason": "control_recovering", "user_forward": 2.0, "forward": 1.5, "turn": 0.12723786785785068, "intervened": true}
REFLEXGUARD_DECISION={"t_ms": 10176, "left": 0.7622643674343368, "right": 2.2124468448649665e-08, "left_area": 0.036458333333333336, "right_area": 0.0, "escape": 0.625, "signal": "STOP", "reason": "avoid_left", "user_forward": 2.0, "forward": 1.5, "turn": 0.8, "intervened": true}
REFLEXGUARD_DECISION={"t_ms": 10208, "left": 0.7166905574799398, "right": 1.7874065944333335e-08, "left_area": 0.03606770833333333, "right_area": 0.0, "escape": 0.46875, "signal": "STOP", "reason": "control_recovering", "user_forward": 2.0, "forward": 1.5, "turn": 0.12097343596038684, "intervened": true}
REFLEXGUARD_DECISION={"t_ms": 10336, "left": 0.7051171845685217, "right": 7.614219598987117e-09, "left_area": 0.039322916666666666, "right_area": 0.0, "escape": 0.46875, "signal": "STOP", "reason": "avoid_left", "user_forward": 2.0, "forward": 1.5, "turn": 0.8, "intervened": true}
REFLEXGUARD_DECISION={"t_ms": 10368, "left": 0.699351094634172, "right": 6.151427481424421e-09, "left_area": 0.04088541666666667, "right_area": 0.0, "escape": 0.46875, "signal": "STOP", "reason": "control_recovering", "user_forward": 2.0, "forward": 1.5, "turn": 0.12209151960850426, "intervened": true}
REFLEXGUARD_DECISION={"t_ms": 10400, "left": 0.7196540922822096, "right": 4.969657043284813e-09, "left_area": 0.04244791666666667, "right_area": 0.0, "escape": 0.625, "signal": "STOP", "reason": "avoid_left", "user_forward": 2.0, "forward": 1.5, "turn": 0.8, "intervened": true}
REFLEXGUARD_DECISION={"t_ms": 10464, "left": 0.6425715032513729, "right": 3.243601108005308e-09, "left_area": 0.042317708333333336, "right_area": 0.0, "escape": 0.46875, "signal": "STOP", "reason": "control_recovering", "user_forward": 2.0, "forward": 1.5, "turn": 0.10116990332268791, "intervened": true}
REFLEXGUARD_DECISION={"t_ms": 10656, "left": 0.7556918414633906, "right": 9.018420958167852e-10, "left_area": 0.051432291666666664, "right_area": 0.0, "escape": 0.46875, "signal": "STOP", "reason": "avoid_left", "user_forward": 2.0, "forward": 1.5, "turn": 0.8, "intervened": true}
REFLEXGUARD_DECISION={"t_ms": 10720, "left": 0.7420107847791445, "right": 5.886152697779851e-10, "left_area": 0.052734375, "right_area": 0.0, "escape": 0.625, "signal": "STOP", "reason": "control_recovering", "user_forward": 2.0, "forward": 1.5, "turn": 0.08896119973379357, "intervened": true}
REFLEXGUARD_DECISION={"t_ms": 10848, "left": 0.7860170169710983, "right": 2.5074574175594984e-10, "left_area": 0.059375, "right_area": 0.0, "escape": 0.625, "signal": "STOP", "reason": "avoid_left", "user_forward": 2.0, "forward": 1.5, "turn": 0.8, "intervened": true}
REFLEXGUARD_DECISION={"t_ms": 10880, "left": 0.7899320693430569, "right": 2.0257417410089993e-10, "left_area": 0.060286458333333334, "right_area": 0.0, "escape": 0.46875, "signal": "STOP", "reason": "control_recovering", "user_forward": 2.0, "forward": 1.5, "turn": 0.08695051110267768, "intervened": true}
REFLEXGUARD_DECISION={"t_ms": 11040, "left": 0.8733111701625865, "right": 0.2974914490997356, "left_area": 0.0703125, "right_area": 0.0009114583333333333, "escape": 0.625, "signal": "STOP", "reason": "avoid_left", "user_forward": 2.0, "forward": 1.5, "turn": 0.8, "intervened": true}
REFLEXGUARD_DECISION={"t_ms": 11072, "left": 0.897649767081181, "right": 0.31227889815954635, "left_area": 0.07434895833333334, "right_area": 0.0009114583333333333, "escape": 0.625, "signal": "STOP", "reason": "control_recovering", "user_forward": 2.0, "forward": 1.5, "turn": 0.08222685446995631, "intervened": true}
REFLEXGUARD_DECISION={"t_ms": 11296, "left": 0.9691079739585367, "right": 0.5898164254615578, "left_area": 0.09739583333333333, "right_area": 0.003125, "escape": 0.625, "signal": "STOP", "reason": "avoid_passing", "user_forward": 2.0, "forward": 1.5, "turn": 0.0, "intervened": true}
REFLEXGUARD_DECISION={"t_ms": 11808, "left": 0.9876928420399208, "right": 0.11099149273944585, "left_area": 0.20234375, "right_area": 0.003125, "escape": 0.78125, "signal": "STOP", "reason": "avoid_passing", "user_forward": 2.0, "forward": 1.5, "turn": 0.0, "intervened": true}
Brain request failed (TimeoutError)
Safety stop latched; restart required after correcting the fault
REFLEXGUARD_DECISION={"t_ms": 11840, "left": 0.9531990727901261, "right": 0.09253544376947268, "left_area": 0.205078125, "right_area": 0.003125, "escape": 0.0, "signal": "NONE", "reason": "brain_failure", "user_forward": 2.0, "forward": 1.436, "turn": 0.0, "intervened": true}
REFLEXGUARD_DECISION={"t_ms": 12352, "left": 0.9531990727901261, "right": 0.09253544376947268, "left_area": 0.205078125, "right_area": 0.003125, "escape": 0.0, "signal": "NONE", "reason": "brain_failure", "user_forward": 2.0, "forward": 0.41199999999999914, "turn": 0.0, "intervened": true}
REFLEXGUARD_DECISION={"t_ms": 12864, "left": 0.9531990727901261, "right": 0.09253544376947268, "left_area": 0.205078125, "right_area": 0.003125, "escape": 0.0, "signal": "NONE", "reason": "brain_failure", "user_forward": 2.0, "forward": 0.0, "turn": 0.0, "intervened": true}
REFLEXGUARD_DECISION={"t_ms": 13376, "left": 0.9531990727901261, "right": 0.09253544376947268, "left_area": 0.205078125, "right_area": 0.003125, "escape": 0.0, "signal": "NONE", "reason": "brain_failure", "user_forward": 2.0, "forward": 0.0, "turn": 0.0, "intervened": true}
REFLEXGUARD_DECISION={"t_ms": 13888, "left": 0.9531990727901261, "right": 0.09253544376947268, "left_area": 0.205078125, "right_area": 0.003125, "escape": 0.0, "signal": "NONE", "reason": "brain_failure", "user_forward": 2.0, "forward": 0.0, "turn": 0.0, "intervened": true}
REFLEXGUARD_DECISION={"t_ms": 14400, "left": 0.9531990727901261, "right": 0.09253544376947268, "left_area": 0.205078125, "right_area": 0.003125, "escape": 0.0, "signal": "NONE", "reason": "brain_failure", "user_forward": 2.0, "forward": 0.0, "turn": 0.0, "intervened": true}
REFLEXGUARD_DECISION={"t_ms": 14912, "left": 0.9531990727901261, "right": 0.09253544376947268, "left_area": 0.205078125, "right_area": 0.003125, "escape": 0.0, "signal": "NONE", "reason": "brain_failure", "user_forward": 2.0, "forward": 0.0, "turn": 0.0, "intervened": true}
REFLEXGUARD_DECISION={"t_ms": 15424, "left": 0.9531990727901261, "right": 0.09253544376947268, "left_area": 0.205078125, "right_area": 0.003125, "escape": 0.0, "signal": "NONE", "reason": "brain_failure", "user_forward": 2.0, "forward": 0.0, "turn": 0.0, "intervened": true}
REFLEXGUARD_DECISION={"t_ms": 15936, "left": 0.9531990727901261, "right": 0.09253544376947268, "left_area": 0.205078125, "right_area": 0.003125, "escape": 0.0, "signal": "NONE", "reason": "brain_failure", "user_forward": 2.0, "forward": 0.0, "turn": 0.0, "intervened": true}
REFLEXGUARD_DECISION={"t_ms": 16448, "left": 0.9531990727901261, "right": 0.09253544376947268, "left_area": 0.205078125, "right_area": 0.003125, "escape": 0.0, "signal": "NONE", "reason": "brain_failure", "user_forward": 2.0, "forward": 0.0, "turn": 0.0, "intervened": true}
REFLEXGUARD_DECISION={"t_ms": 16960, "left": 0.9531990727901261, "right": 0.09253544376947268, "left_area": 0.205078125, "right_area": 0.003125, "escape": 0.0, "signal": "NONE", "reason": "brain_failure", "user_forward": 2.0, "forward": 0.0, "turn": 0.0, "intervened": true}
REFLEXGUARD_DECISION={"t_ms": 17472, "left": 0.9531990727901261, "right": 0.09253544376947268, "left_area": 0.205078125, "right_area": 0.003125, "escape": 0.0, "signal": "NONE", "reason": "brain_failure", "user_forward": 2.0, "forward": 0.0, "turn": 0.0, "intervened": true}
REFLEXGUARD_DECISION={"t_ms": 17984, "left": 0.9531990727901261, "right": 0.09253544376947268, "left_area": 0.205078125, "right_area": 0.003125, "escape": 0.0, "signal": "NONE", "reason": "brain_failure", "user_forward": 2.0, "forward": 0.0, "turn": 0.0, "intervened": true}
REFLEXGUARD_DECISION={"t_ms": 18496, "left": 0.9531990727901261, "right": 0.09253544376947268, "left_area": 0.205078125, "right_area": 0.003125, "escape": 0.0, "signal": "NONE", "reason": "brain_failure", "user_forward": 2.0, "forward": 0.0, "turn": 0.0, "intervened": true}
REFLEXGUARD_DECISION={"t_ms": 19008, "left": 0.9531990727901261, "right": 0.09253544376947268, "left_area": 0.205078125, "right_area": 0.003125, "escape": 0.0, "signal": "NONE", "reason": "brain_failure", "user_forward": 2.0, "forward": 0.0, "turn": 0.0, "intervened": true}
REFLEXGUARD_DECISION={"t_ms": 19520, "left": 0.9531990727901261, "right": 0.09253544376947268, "left_area": 0.205078125, "right_area": 0.003125, "escape": 0.0, "signal": "NONE", "reason": "brain_failure", "user_forward": 2.0, "forward": 0.0, "turn": 0.0, "intervened": true}
REFLEXGUARD_DECISION={"t_ms": 20032, "left": 0.9531990727901261, "right": 0.09253544376947268, "left_area": 0.205078125, "right_area": 0.003125, "escape": 0.0, "signal": "NONE", "reason": "brain_failure", "user_forward": 2.0, "forward": 0.0, "turn": 0.0, "intervened": true}
REFLEXGUARD_DECISION={"t_ms": 20544, "left": 0.9531990727901261, "right": 0.09253544376947268, "left_area": 0.205078125, "right_area": 0.003125, "escape": 0.0, "signal": "NONE", "reason": "brain_failure", "user_forward": 2.0, "forward": 0.0, "turn": 0.0, "intervened": true}
REFLEXGUARD_DECISION={"t_ms": 21056, "left": 0.9531990727901261, "right": 0.09253544376947268, "left_area": 0.205078125, "right_area": 0.003125, "escape": 0.0, "signal": "NONE", "reason": "brain_failure", "user_forward": 2.0, "forward": 0.0, "turn": 0.0, "intervened": true}
REFLEXGUARD_DECISION={"t_ms": 21568, "left": 0.9531990727901261, "right": 0.09253544376947268, "left_area": 0.205078125, "right_area": 0.003125, "escape": 0.0, "signal": "NONE", "reason": "brain_failure", "user_forward": 2.0, "forward": 0.0, "turn": 0.0, "intervened": true}
REFLEXGUARD_DECISION={"t_ms": 22080, "left": 0.9531990727901261, "right": 0.09253544376947268, "left_area": 0.205078125, "right_area": 0.003125, "escape": 0.0, "signal": "NONE", "reason": "brain_failure", "user_forward": 2.0, "forward": 0.0, "turn": 0.0, "intervened": true}
REFLEXGUARD_DECISION={"t_ms": 22592, "left": 0.9531990727901261, "right": 0.09253544376947268, "left_area": 0.205078125, "right_area": 0.003125, "escape": 0.0, "signal": "NONE", "reason": "brain_failure", "user_forward": 2.0, "forward": 0.0, "turn": 0.0, "intervened": true}
REFLEXGUARD_DECISION={"t_ms": 23104, "left": 0.9531990727901261, "right": 0.09253544376947268, "left_area": 0.205078125, "right_area": 0.003125, "escape": 0.0, "signal": "NONE", "reason": "brain_failure", "user_forward": 2.0, "forward": 0.0, "turn": 0.0, "intervened": true}
REFLEXGUARD_DECISION={"t_ms": 23616, "left": 0.9531990727901261, "right": 0.09253544376947268, "left_area": 0.205078125, "right_area": 0.003125, "escape": 0.0, "signal": "NONE", "reason": "brain_failure", "user_forward": 2.0, "forward": 0.0, "turn": 0.0, "intervened": true}
REFLEXGUARD_DECISION={"t_ms": 24128, "left": 0.9531990727901261, "right": 0.09253544376947268, "left_area": 0.205078125, "right_area": 0.003125, "escape": 0.0, "signal": "NONE", "reason": "brain_failure", "user_forward": 2.0, "forward": 0.0, "turn": 0.0, "intervened": true}
REFLEXGUARD_DECISION={"t_ms": 24640, "left": 0.9531990727901261, "right": 0.09253544376947268, "left_area": 0.205078125, "right_area": 0.003125, "escape": 0.0, "signal": "NONE", "reason": "brain_failure", "user_forward": 2.0, "forward": 0.0, "turn": 0.0, "intervened": true}
REFLEXGUARD_DECISION={"t_ms": 25152, "left": 0.9531990727901261, "right": 0.09253544376947268, "left_area": 0.205078125, "right_area": 0.003125, "escape": 0.0, "signal": "NONE", "reason": "brain_failure", "user_forward": 2.0, "forward": 0.0, "turn": 0.0, "intervened": true}
REFLEXGUARD_DECISION={"t_ms": 25664, "left": 0.9531990727901261, "right": 0.09253544376947268, "left_area": 0.205078125, "right_area": 0.003125, "escape": 0.0, "signal": "NONE", "reason": "brain_failure", "user_forward": 2.0, "forward": 0.0, "turn": 0.0, "intervened": true}
REFLEXGUARD_DECISION={"t_ms": 26176, "left": 0.9531990727901261, "right": 0.09253544376947268, "left_area": 0.205078125, "right_area": 0.003125, "escape": 0.0, "signal": "NONE", "reason": "brain_failure", "user_forward": 2.0, "forward": 0.0, "turn": 0.0, "intervened": true}
REFLEXGUARD_DECISION={"t_ms": 26688, "left": 0.9531990727901261, "right": 0.09253544376947268, "left_area": 0.205078125, "right_area": 0.003125, "escape": 0.0, "signal": "NONE", "reason": "brain_failure", "user_forward": 2.0, "forward": 0.0, "turn": 0.0, "intervened": true}
REFLEXGUARD_DECISION={"t_ms": 27200, "left": 0.9531990727901261, "right": 0.09253544376947268, "left_area": 0.205078125, "right_area": 0.003125, "escape": 0.0, "signal": "NONE", "reason": "brain_failure", "user_forward": 2.0, "forward": 0.0, "turn": 0.0, "intervened": true}
REFLEXGUARD_DECISION={"t_ms": 27712, "left": 0.9531990727901261, "right": 0.09253544376947268, "left_area": 0.205078125, "right_area": 0.003125, "escape": 0.0, "signal": "NONE", "reason": "brain_failure", "user_forward": 2.0, "forward": 0.0, "turn": 0.0, "intervened": true}
REFLEXGUARD_DECISION={"t_ms": 28224, "left": 0.9531990727901261, "right": 0.09253544376947268, "left_area": 0.205078125, "right_area": 0.003125, "escape": 0.0, "signal": "NONE", "reason": "brain_failure", "user_forward": 2.0, "forward": 0.0, "turn": 0.0, "intervened": true}
REFLEXGUARD_DECISION={"t_ms": 28736, "left": 0.9531990727901261, "right": 0.09253544376947268, "left_area": 0.205078125, "right_area": 0.003125, "escape": 0.0, "signal": "NONE", "reason": "brain_failure", "user_forward": 2.0, "forward": 0.0, "turn": 0.0, "intervened": true}
REFLEXGUARD_DECISION={"t_ms": 29248, "left": 0.9531990727901261, "right": 0.09253544376947268, "left_area": 0.205078125, "right_area": 0.003125, "escape": 0.0, "signal": "NONE", "reason": "brain_failure", "user_forward": 2.0, "forward": 0.0, "turn": 0.0, "intervened": true}
REFLEXGUARD_DECISION={"t_ms": 29760, "left": 0.9531990727901261, "right": 0.09253544376947268, "left_area": 0.205078125, "right_area": 0.003125, "escape": 0.0, "signal": "NONE", "reason": "brain_failure", "user_forward": 2.0, "forward": 0.0, "turn": 0.0, "intervened": true}
REFLEXGUARD_DECISION={"t_ms": 30272, "left": 0.9531990727901261, "right": 0.09253544376947268, "left_area": 0.205078125, "right_area": 0.003125, "escape": 0.0, "signal": "NONE", "reason": "brain_failure", "user_forward": 2.0, "forward": 0.0, "turn": 0.0, "intervened": true}
REFLEXGUARD_DECISION={"t_ms": 30784, "left": 0.9531990727901261, "right": 0.09253544376947268, "left_area": 0.205078125, "right_area": 0.003125, "escape": 0.0, "signal": "NONE", "reason": "brain_failure", "user_forward": 2.0, "forward": 0.0, "turn": 0.0, "intervened": true}
REFLEXGUARD_DECISION={"t_ms": 31296, "left": 0.9531990727901261, "right": 0.09253544376947268, "left_area": 0.205078125, "right_area": 0.003125, "escape": 0.0, "signal": "NONE", "reason": "brain_failure", "user_forward": 2.0, "forward": 0.0, "turn": 0.0, "intervened": true}
REFLEXGUARD_DECISION={"t_ms": 31808, "left": 0.9531990727901261, "right": 0.09253544376947268, "left_area": 0.205078125, "right_area": 0.003125, "escape": 0.0, "signal": "NONE", "reason": "brain_failure", "user_forward": 2.0, "forward": 0.0, "turn": 0.0, "intervened": true}
REFLEXGUARD_DECISION={"t_ms": 32320, "left": 0.9531990727901261, "right": 0.09253544376947268, "left_area": 0.205078125, "right_area": 0.003125, "escape": 0.0, "signal": "NONE", "reason": "brain_failure", "user_forward": 2.0, "forward": 0.0, "turn": 0.0, "intervened": true}
REFLEXGUARD_DECISION={"t_ms": 32832, "left": 0.9531990727901261, "right": 0.09253544376947268, "left_area": 0.205078125, "right_area": 0.003125, "escape": 0.0, "signal": "NONE", "reason": "brain_failure", "user_forward": 2.0, "forward": 0.0, "turn": 0.0, "intervened": true}
REFLEXGUARD_DECISION={"t_ms": 33344, "left": 0.9531990727901261, "right": 0.09253544376947268, "left_area": 0.205078125, "right_area": 0.003125, "escape": 0.0, "signal": "NONE", "reason": "brain_failure", "user_forward": 2.0, "forward": 0.0, "turn": 0.0, "intervened": true}
REFLEXGUARD_DECISION={"t_ms": 33856, "left": 0.9531990727901261, "right": 0.09253544376947268, "left_area": 0.205078125, "right_area": 0.003125, "escape": 0.0, "signal": "NONE", "reason": "brain_failure", "user_forward": 2.0, "forward": 0.0, "turn": 0.0, "intervened": true}
REFLEXGUARD_DECISION={"t_ms": 34368, "left": 0.9531990727901261, "right": 0.09253544376947268, "left_area": 0.205078125, "right_area": 0.003125, "escape": 0.0, "signal": "NONE", "reason": "brain_failure", "user_forward": 2.0, "forward": 0.0, "turn": 0.0, "intervened": true}
REFLEXGUARD_DECISION={"t_ms": 34880, "left": 0.9531990727901261, "right": 0.09253544376947268, "left_area": 0.205078125, "right_area": 0.003125, "escape": 0.0, "signal": "NONE", "reason": "brain_failure", "user_forward": 2.0, "forward": 0.0, "turn": 0.0, "intervened": true}
REFLEXGUARD_DECISION={"t_ms": 35392, "left": 0.9531990727901261, "right": 0.09253544376947268, "left_area": 0.205078125, "right_area": 0.003125, "escape": 0.0, "signal": "NONE", "reason": "brain_failure", "user_forward": 2.0, "forward": 0.0, "turn": 0.0, "intervened": true}
REFLEXGUARD_DECISION={"t_ms": 35904, "left": 0.9531990727901261, "right": 0.09253544376947268, "left_area": 0.205078125, "right_area": 0.003125, "escape": 0.0, "signal": "NONE", "reason": "brain_failure", "user_forward": 2.0, "forward": 0.0, "turn": 0.0, "intervened": true}
REFLEXGUARD_DECISION={"t_ms": 36416, "left": 0.9531990727901261, "right": 0.09253544376947268, "left_area": 0.205078125, "right_area": 0.003125, "escape": 0.0, "signal": "NONE", "reason": "brain_failure", "user_forward": 2.0, "forward": 0.0, "turn": 0.0, "intervened": true}
REFLEXGUARD_DECISION={"t_ms": 36928, "left": 0.9531990727901261, "right": 0.09253544376947268, "left_area": 0.205078125, "right_area": 0.003125, "escape": 0.0, "signal": "NONE", "reason": "brain_failure", "user_forward": 2.0, "forward": 0.0, "turn": 0.0, "intervened": true}
REFLEXGUARD_DECISION={"t_ms": 37440, "left": 0.9531990727901261, "right": 0.09253544376947268, "left_area": 0.205078125, "right_area": 0.003125, "escape": 0.0, "signal": "NONE", "reason": "brain_failure", "user_forward": 2.0, "forward": 0.0, "turn": 0.0, "intervened": true}
REFLEXGUARD_DECISION={"t_ms": 37952, "left": 0.9531990727901261, "right": 0.09253544376947268, "left_area": 0.205078125, "right_area": 0.003125, "escape": 0.0, "signal": "NONE", "reason": "brain_failure", "user_forward": 2.0, "forward": 0.0, "turn": 0.0, "intervened": true}
REFLEXGUARD_DECISION={"t_ms": 38464, "left": 0.9531990727901261, "right": 0.09253544376947268, "left_area": 0.205078125, "right_area": 0.003125, "escape": 0.0, "signal": "NONE", "reason": "brain_failure", "user_forward": 2.0, "forward": 0.0, "turn": 0.0, "intervened": true}
REFLEXGUARD_DECISION={"t_ms": 38976, "left": 0.9531990727901261, "right": 0.09253544376947268, "left_area": 0.205078125, "right_area": 0.003125, "escape": 0.0, "signal": "NONE", "reason": "brain_failure", "user_forward": 2.0, "forward": 0.0, "turn": 0.0, "intervened": true}
REFLEXGUARD_DECISION={"t_ms": 39488, "left": 0.9531990727901261, "right": 0.09253544376947268, "left_area": 0.205078125, "right_area": 0.003125, "escape": 0.0, "signal": "NONE", "reason": "brain_failure", "user_forward": 2.0, "forward": 0.0, "turn": 0.0, "intervened": true}
REFLEXGUARD_DECISION={"t_ms": 40000, "left": 0.9531990727901261, "right": 0.09253544376947268, "left_area": 0.205078125, "right_area": 0.003125, "escape": 0.0, "signal": "NONE", "reason": "brain_failure", "user_forward": 2.0, "forward": 0.0, "turn": 0.0, "intervened": true}
REFLEXGUARD_DECISION={"t_ms": 40512, "left": 0.9531990727901261, "right": 0.09253544376947268, "left_area": 0.205078125, "right_area": 0.003125, "escape": 0.0, "signal": "NONE", "reason": "brain_failure", "user_forward": 2.0, "forward": 0.0, "turn": 0.0, "intervened": true}
REFLEXGUARD_DECISION={"t_ms": 41024, "left": 0.9531990727901261, "right": 0.09253544376947268, "left_area": 0.205078125, "right_area": 0.003125, "escape": 0.0, "signal": "NONE", "reason": "brain_failure", "user_forward": 2.0, "forward": 0.0, "turn": 0.0, "intervened": true}
REFLEXGUARD_DECISION={"t_ms": 41536, "left": 0.9531990727901261, "right": 0.09253544376947268, "left_area": 0.205078125, "right_area": 0.003125, "escape": 0.0, "signal": "NONE", "reason": "brain_failure", "user_forward": 2.0, "forward": 0.0, "turn": 0.0, "intervened": true}
REFLEXGUARD_DECISION={"t_ms": 42048, "left": 0.9531990727901261, "right": 0.09253544376947268, "left_area": 0.205078125, "right_area": 0.003125, "escape": 0.0, "signal": "NONE", "reason": "brain_failure", "user_forward": 2.0, "forward": 0.0, "turn": 0.0, "intervened": true}
REFLEXGUARD_DECISION={"t_ms": 42560, "left": 0.9531990727901261, "right": 0.09253544376947268, "left_area": 0.205078125, "right_area": 0.003125, "escape": 0.0, "signal": "NONE", "reason": "brain_failure", "user_forward": 2.0, "forward": 0.0, "turn": 0.0, "intervened": true}
REFLEXGUARD_DECISION={"t_ms": 43072, "left": 0.9531990727901261, "right": 0.09253544376947268, "left_area": 0.205078125, "right_area": 0.003125, "escape": 0.0, "signal": "NONE", "reason": "brain_failure", "user_forward": 2.0, "forward": 0.0, "turn": 0.0, "intervened": true}
REFLEXGUARD_DECISION={"t_ms": 43584, "left": 0.9531990727901261, "right": 0.09253544376947268, "left_area": 0.205078125, "right_area": 0.003125, "escape": 0.0, "signal": "NONE", "reason": "brain_failure", "user_forward": 2.0, "forward": 0.0, "turn": 0.0, "intervened": true}
REFLEXGUARD_DECISION={"t_ms": 44096, "left": 0.9531990727901261, "right": 0.09253544376947268, "left_area": 0.205078125, "right_area": 0.003125, "escape": 0.0, "signal": "NONE", "reason": "brain_failure", "user_forward": 2.0, "forward": 0.0, "turn": 0.0, "intervened": true}
REFLEXGUARD_DECISION={"t_ms": 44608, "left": 0.9531990727901261, "right": 0.09253544376947268, "left_area": 0.205078125, "right_area": 0.003125, "escape": 0.0, "signal": "NONE", "reason": "brain_failure", "user_forward": 2.0, "forward": 0.0, "turn": 0.0, "intervened": true}
REFLEXGUARD_DECISION={"t_ms": 45120, "left": 0.9531990727901261, "right": 0.09253544376947268, "left_area": 0.205078125, "right_area": 0.003125, "escape": 0.0, "signal": "NONE", "reason": "brain_failure", "user_forward": 2.0, "forward": 0.0, "turn": 0.0, "intervened": true}
REFLEXGUARD_DECISION={"t_ms": 45632, "left": 0.9531990727901261, "right": 0.09253544376947268, "left_area": 0.205078125, "right_area": 0.003125, "escape": 0.0, "signal": "NONE", "reason": "brain_failure", "user_forward": 2.0, "forward": 0.0, "turn": 0.0, "intervened": true}
REFLEXGUARD_DECISION={"t_ms": 46144, "left": 0.9531990727901261, "right": 0.09253544376947268, "left_area": 0.205078125, "right_area": 0.003125, "escape": 0.0, "signal": "NONE", "reason": "brain_failure", "user_forward": 2.0, "forward": 0.0, "turn": 0.0, "intervened": true}
REFLEXGUARD_DECISION={"t_ms": 46656, "left": 0.9531990727901261, "right": 0.09253544376947268, "left_area": 0.205078125, "right_area": 0.003125, "escape": 0.0, "signal": "NONE", "reason": "brain_failure", "user_forward": 2.0, "forward": 0.0, "turn": 0.0, "intervened": true}
REFLEXGUARD_DECISION={"t_ms": 47168, "left": 0.9531990727901261, "right": 0.09253544376947268, "left_area": 0.205078125, "right_area": 0.003125, "escape": 0.0, "signal": "NONE", "reason": "brain_failure", "user_forward": 2.0, "forward": 0.0, "turn": 0.0, "intervened": true}
REFLEXGUARD_DECISION={"t_ms": 47680, "left": 0.9531990727901261, "right": 0.09253544376947268, "left_area": 0.205078125, "right_area": 0.003125, "escape": 0.0, "signal": "NONE", "reason": "brain_failure", "user_forward": 2.0, "forward": 0.0, "turn": 0.0, "intervened": true}
REFLEXGUARD_DECISION={"t_ms": 48192, "left": 0.9531990727901261, "right": 0.09253544376947268, "left_area": 0.205078125, "right_area": 0.003125, "escape": 0.0, "signal": "NONE", "reason": "brain_failure", "user_forward": 2.0, "forward": 0.0, "turn": 0.0, "intervened": true}
REFLEXGUARD_DECISION={"t_ms": 48704, "left": 0.9531990727901261, "right": 0.09253544376947268, "left_area": 0.205078125, "right_area": 0.003125, "escape": 0.0, "signal": "NONE", "reason": "brain_failure", "user_forward": 2.0, "forward": 0.0, "turn": 0.0, "intervened": true}
REFLEXGUARD_DECISION={"t_ms": 49216, "left": 0.9531990727901261, "right": 0.09253544376947268, "left_area": 0.205078125, "right_area": 0.003125, "escape": 0.0, "signal": "NONE", "reason": "brain_failure", "user_forward": 2.0, "forward": 0.0, "turn": 0.0, "intervened": true}
REFLEXGUARD_DECISION={"t_ms": 49728, "left": 0.9531990727901261, "right": 0.09253544376947268, "left_area": 0.205078125, "right_area": 0.003125, "escape": 0.0, "signal": "NONE", "reason": "brain_failure", "user_forward": 2.0, "forward": 0.0, "turn": 0.0, "intervened": true}
REFLEXGUARD_DECISION={"t_ms": 50240, "left": 0.9531990727901261, "right": 0.09253544376947268, "left_area": 0.205078125, "right_area": 0.003125, "escape": 0.0, "signal": "NONE", "reason": "brain_failure", "user_forward": 2.0, "forward": 0.0, "turn": 0.0, "intervened": true}
REFLEXGUARD_DECISION={"t_ms": 50752, "left": 0.9531990727901261, "right": 0.09253544376947268, "left_area": 0.205078125, "right_area": 0.003125, "escape": 0.0, "signal": "NONE", "reason": "brain_failure", "user_forward": 2.0, "forward": 0.0, "turn": 0.0, "intervened": true}
REFLEXGUARD_DECISION={"t_ms": 51264, "left": 0.9531990727901261, "right": 0.09253544376947268, "left_area": 0.205078125, "right_area": 0.003125, "escape": 0.0, "signal": "NONE", "reason": "brain_failure", "user_forward": 2.0, "forward": 0.0, "turn": 0.0, "intervened": true}
REFLEXGUARD_DECISION={"t_ms": 51776, "left": 0.9531990727901261, "right": 0.09253544376947268, "left_area": 0.205078125, "right_area": 0.003125, "escape": 0.0, "signal": "NONE", "reason": "brain_failure", "user_forward": 2.0, "forward": 0.0, "turn": 0.0, "intervened": true}
REFLEXGUARD_DECISION={"t_ms": 52288, "left": 0.9531990727901261, "right": 0.09253544376947268, "left_area": 0.205078125, "right_area": 0.003125, "escape": 0.0, "signal": "NONE", "reason": "brain_failure", "user_forward": 2.0, "forward": 0.0, "turn": 0.0, "intervened": true}
REFLEXGUARD_DECISION={"t_ms": 52800, "left": 0.9531990727901261, "right": 0.09253544376947268, "left_area": 0.205078125, "right_area": 0.003125, "escape": 0.0, "signal": "NONE", "reason": "brain_failure", "user_forward": 2.0, "forward": 0.0, "turn": 0.0, "intervened": true}
REFLEXGUARD_DECISION={"t_ms": 53312, "left": 0.9531990727901261, "right": 0.09253544376947268, "left_area": 0.205078125, "right_area": 0.003125, "escape": 0.0, "signal": "NONE", "reason": "brain_failure", "user_forward": 2.0, "forward": 0.0, "turn": 0.0, "intervened": true}
REFLEXGUARD_DECISION={"t_ms": 53824, "left": 0.9531990727901261, "right": 0.09253544376947268, "left_area": 0.205078125, "right_area": 0.003125, "escape": 0.0, "signal": "NONE", "reason": "brain_failure", "user_forward": 2.0, "forward": 0.0, "turn": 0.0, "intervened": true}
REFLEXGUARD_DECISION={"t_ms": 54336, "left": 0.9531990727901261, "right": 0.09253544376947268, "left_area": 0.205078125, "right_area": 0.003125, "escape": 0.0, "signal": "NONE", "reason": "brain_failure", "user_forward": 2.0, "forward": 0.0, "turn": 0.0, "intervened": true}
REFLEXGUARD_DECISION={"t_ms": 54848, "left": 0.9531990727901261, "right": 0.09253544376947268, "left_area": 0.205078125, "right_area": 0.003125, "escape": 0.0, "signal": "NONE", "reason": "brain_failure", "user_forward": 2.0, "forward": 0.0, "turn": 0.0, "intervened": true}
REFLEXGUARD_DECISION={"t_ms": 55360, "left": 0.9531990727901261, "right": 0.09253544376947268, "left_area": 0.205078125, "right_area": 0.003125, "escape": 0.0, "signal": "NONE", "reason": "brain_failure", "user_forward": 2.0, "forward": 0.0, "turn": 0.0, "intervened": true}
REFLEXGUARD_DECISION={"t_ms": 55872, "left": 0.9531990727901261, "right": 0.09253544376947268, "left_area": 0.205078125, "right_area": 0.003125, "escape": 0.0, "signal": "NONE", "reason": "brain_failure", "user_forward": 2.0, "forward": 0.0, "turn": 0.0, "intervened": true}
REFLEXGUARD_DECISION={"t_ms": 56384, "left": 0.9531990727901261, "right": 0.09253544376947268, "left_area": 0.205078125, "right_area": 0.003125, "escape": 0.0, "signal": "NONE", "reason": "brain_failure", "user_forward": 2.0, "forward": 0.0, "turn": 0.0, "intervened": true}
REFLEXGUARD_DECISION={"t_ms": 56896, "left": 0.9531990727901261, "right": 0.09253544376947268, "left_area": 0.205078125, "right_area": 0.003125, "escape": 0.0, "signal": "NONE", "reason": "brain_failure", "user_forward": 2.0, "forward": 0.0, "turn": 0.0, "intervened": true}
REFLEXGUARD_DECISION={"t_ms": 57408, "left": 0.9531990727901261, "right": 0.09253544376947268, "left_area": 0.205078125, "right_area": 0.003125, "escape": 0.0, "signal": "NONE", "reason": "brain_failure", "user_forward": 2.0, "forward": 0.0, "turn": 0.0, "intervened": true}
REFLEXGUARD_DECISION={"t_ms": 57920, "left": 0.9531990727901261, "right": 0.09253544376947268, "left_area": 0.205078125, "right_area": 0.003125, "escape": 0.0, "signal": "NONE", "reason": "brain_failure", "user_forward": 2.0, "forward": 0.0, "turn": 0.0, "intervened": true}
REFLEXGUARD_DECISION={"t_ms": 58432, "left": 0.9531990727901261, "right": 0.09253544376947268, "left_area": 0.205078125, "right_area": 0.003125, "escape": 0.0, "signal": "NONE", "reason": "brain_failure", "user_forward": 2.0, "forward": 0.0, "turn": 0.0, "intervened": true}
REFLEXGUARD_DECISION={"t_ms": 58944, "left": 0.9531990727901261, "right": 0.09253544376947268, "left_area": 0.205078125, "right_area": 0.003125, "escape": 0.0, "signal": "NONE", "reason": "brain_failure", "user_forward": 2.0, "forward": 0.0, "turn": 0.0, "intervened": true}
REFLEXGUARD_DECISION={"t_ms": 59456, "left": 0.9531990727901261, "right": 0.09253544376947268, "left_area": 0.205078125, "right_area": 0.003125, "escape": 0.0, "signal": "NONE", "reason": "brain_failure", "user_forward": 2.0, "forward": 0.0, "turn": 0.0, "intervened": true}
REFLEXGUARD_DECISION={"t_ms": 59968, "left": 0.9531990727901261, "right": 0.09253544376947268, "left_area": 0.205078125, "right_area": 0.003125, "escape": 0.0, "signal": "NONE", "reason": "brain_failure", "user_forward": 2.0, "forward": 0.0, "turn": 0.0, "intervened": true}
REFLEXGUARD_RESULT={"world":"corridor_demo","drive":"forward","duration_s":60.0,"collision":false,"collision_events":0,"min_clearance_estimate_m":0.27761546720711516,"displacement_m":18.908274607056867,"yaw_change_rad":-0.1524087479119256,"camera_frames":1875,"camera_pixel_range":190,"camera_width":160,"camera_height":120,"remote_stop_steps":0,"remote_interventions":0,"control_failures":0,"navigation_steps":290,"recoveries":0,"passed_obstacles":1,"brain_steps":369,"interventions":1785,"stop_steps":1506,"brain_failures":1,"max_looming":0.9995766725958096,"final_forward":0.0}
INFO: wheelchair: Terminating.
INFO: scenario: Terminating.
{"world":"corridor_demo","drive":"forward","duration_s":60.0,"collision":false,"collision_events":0,"min_clearance_estimate_m":0.27761546720711516,"displacement_m":18.908274607056867,"yaw_change_rad":-0.1524087479119256,"camera_frames":1875,"camera_pixel_range":190,"camera_width":160,"camera_height":120,"remote_stop_steps":0,"remote_interventions":0,"control_failures":0,"navigation_steps":290,"recoveries":0,"passed_obstacles":1,"brain_steps":369,"interventions":1785,"stop_steps":1506,"brain_failures":1,"max_looming":0.9995766725958096,"final_forward":0.0}

