INFO: wheelchair: Starting controller: /home/rg/work/reflexguard/.venv/bin/python -u wheelchair.py
INFO: pedestrian: Starting controller: python3 -u pedestrian.py "--trajectory=8 4.5, 8 -4.5" --speed=0.6
INFO: pedestrian: Starting controller: python3 -u pedestrian.py "--trajectory=24 -4.5, 24 4.5" --speed=0.5
INFO: scenario: Starting controller: /home/rg/work/reflexguard/.venv/bin/python -u scenario.py
REFLEXGUARD_CALIBRATION={"drive_speed":2.0,"dark_threshold":140,"area_floor":0.008,"area_tau_s":0.12,"looming_tau_s":0.15,"expansion_scale":1.0,"stop_on":0.25,"stop_off":0.12,"turn_on":0.35,"turn_off":0.1,"turn_gain":0.3,"max_turn":1.2,"deceleration":2.0,"release_ms":500}
REFLEXGUARD_RANGES={"heading": 0.0, "nearest": [5.712762355804443, 4.4705986976623535, 3.4404611587524414, 4.470598220825195]}
REFLEXGUARD_DECISION={"t_ms": 32, "left": 0.0, "right": 0.0, "left_area": 0.0015625, "right_area": 0.0015625, "escape": 0.0, "signal": "NONE", "reason": "user", "user_forward": 2.0, "forward": 2.0, "turn": 0.0, "intervened": false}
REFLEXGUARD_DECISION={"t_ms": 544, "left": 0.04676940217741512, "right": 0.0701542912412238, "left_area": 0.0015625, "right_area": 0.0015625, "escape": 0.0, "signal": "NONE", "reason": "user", "user_forward": 2.0, "forward": 2.0, "turn": 0.0, "intervened": false}
REFLEXGUARD_DECISION={"t_ms": 1056, "left": 0.09510943461546585, "right": 0.4787291153960727, "left_area": 0.00234375, "right_area": 0.003515625, "escape": 0.3125, "signal": "STOP", "reason": "risk_monitoring", "user_forward": 2.0, "forward": 1.5, "turn": 0.0, "intervened": true}
REFLEXGUARD_DECISION={"t_ms": 1568, "left": 0.33387138664439536, "right": 0.19606200433210788, "left_area": 0.00390625, "right_area": 0.00390625, "escape": 0.0, "signal": "NONE", "reason": "user", "user_forward": 2.0, "forward": 2.0, "turn": 0.0, "intervened": false}
REFLEXGUARD_DECISION={"t_ms": 2080, "left": 0.47332276393684186, "right": 0.19755203805888671, "left_area": 0.0048177083333333336, "right_area": 0.004427083333333333, "escape": 0.3125, "signal": "STOP", "reason": "risk_monitoring", "user_forward": 2.0, "forward": 1.5, "turn": 0.0, "intervened": true}
REFLEXGUARD_DECISION={"t_ms": 2592, "left": 0.501413394409254, "right": 0.3041742077231683, "left_area": 0.005989583333333334, "right_area": 0.005598958333333333, "escape": 0.3125, "signal": "STOP", "reason": "avoid_left", "user_forward": 2.0, "forward": 1.5, "turn": 0.4, "intervened": true}
REFLEXGUARD_DECISION={"t_ms": 3104, "left": 0.038637530237090156, "right": 0.9344821053387522, "left_area": 0.0, "right_area": 0.014583333333333334, "escape": 0.625, "signal": "STOP", "reason": "avoid_left", "user_forward": 2.0, "forward": 1.5, "turn": 0.4, "intervened": true}
REFLEXGUARD_DECISION={"t_ms": 3616, "left": 0.001272382028514897, "right": 0.8464301120232469, "left_area": 0.0, "right_area": 0.021744791666666666, "escape": 0.625, "signal": "STOP", "reason": "control_recovering", "user_forward": 2.0, "forward": 1.5, "turn": -0.5441923018387277, "intervened": true}
REFLEXGUARD_DECISION={"t_ms": 4128, "left": 4.190112609562098e-05, "right": 0.44649965856540247, "left_area": 0.0, "right_area": 0.026302083333333334, "escape": 0.15625, "signal": "STOP", "reason": "avoid_left", "user_forward": 2.0, "forward": 0.65, "turn": 0.4, "intervened": true}
Brain request failed (TimeoutError)
Safety stop latched; restart required after correcting the fault
REFLEXGUARD_DECISION={"t_ms": 4352, "left": 9.41194256964746e-06, "right": 0.49544657718125856, "left_area": 0.0, "right_area": 0.030338541666666666, "escape": 0.0, "signal": "NONE", "reason": "brain_failure", "user_forward": 2.0, "forward": 1.436, "turn": -0.22095922271591545, "intervened": true}
REFLEXGUARD_DECISION={"t_ms": 4864, "left": 9.41194256964746e-06, "right": 0.49544657718125856, "left_area": 0.0, "right_area": 0.030338541666666666, "escape": 0.0, "signal": "NONE", "reason": "brain_failure", "user_forward": 2.0, "forward": 0.41199999999999914, "turn": 0.0, "intervened": true}
REFLEXGUARD_DECISION={"t_ms": 5376, "left": 9.41194256964746e-06, "right": 0.49544657718125856, "left_area": 0.0, "right_area": 0.030338541666666666, "escape": 0.0, "signal": "NONE", "reason": "brain_failure", "user_forward": 2.0, "forward": 0.0, "turn": 0.0, "intervened": true}
REFLEXGUARD_DECISION={"t_ms": 5888, "left": 9.41194256964746e-06, "right": 0.49544657718125856, "left_area": 0.0, "right_area": 0.030338541666666666, "escape": 0.0, "signal": "NONE", "reason": "brain_failure", "user_forward": 2.0, "forward": 0.0, "turn": 0.0, "intervened": true}
REFLEXGUARD_DECISION={"t_ms": 6400, "left": 9.41194256964746e-06, "right": 0.49544657718125856, "left_area": 0.0, "right_area": 0.030338541666666666, "escape": 0.0, "signal": "NONE", "reason": "brain_failure", "user_forward": 2.0, "forward": 0.0, "turn": 0.0, "intervened": true}
REFLEXGUARD_DECISION={"t_ms": 6912, "left": 9.41194256964746e-06, "right": 0.49544657718125856, "left_area": 0.0, "right_area": 0.030338541666666666, "escape": 0.0, "signal": "NONE", "reason": "brain_failure", "user_forward": 2.0, "forward": 0.0, "turn": 0.0, "intervened": true}
REFLEXGUARD_DECISION={"t_ms": 7424, "left": 9.41194256964746e-06, "right": 0.49544657718125856, "left_area": 0.0, "right_area": 0.030338541666666666, "escape": 0.0, "signal": "NONE", "reason": "brain_failure", "user_forward": 2.0, "forward": 0.0, "turn": 0.0, "intervened": true}
REFLEXGUARD_DECISION={"t_ms": 7936, "left": 9.41194256964746e-06, "right": 0.49544657718125856, "left_area": 0.0, "right_area": 0.030338541666666666, "escape": 0.0, "signal": "NONE", "reason": "brain_failure", "user_forward": 2.0, "forward": 0.0, "turn": 0.0, "intervened": true}
REFLEXGUARD_DECISION={"t_ms": 8448, "left": 9.41194256964746e-06, "right": 0.49544657718125856, "left_area": 0.0, "right_area": 0.030338541666666666, "escape": 0.0, "signal": "NONE", "reason": "brain_failure", "user_forward": 2.0, "forward": 0.0, "turn": 0.0, "intervened": true}
REFLEXGUARD_DECISION={"t_ms": 8960, "left": 9.41194256964746e-06, "right": 0.49544657718125856, "left_area": 0.0, "right_area": 0.030338541666666666, "escape": 0.0, "signal": "NONE", "reason": "brain_failure", "user_forward": 2.0, "forward": 0.0, "turn": 0.0, "intervened": true}
REFLEXGUARD_DECISION={"t_ms": 9472, "left": 9.41194256964746e-06, "right": 0.49544657718125856, "left_area": 0.0, "right_area": 0.030338541666666666, "escape": 0.0, "signal": "NONE", "reason": "brain_failure", "user_forward": 2.0, "forward": 0.0, "turn": 0.0, "intervened": true}
REFLEXGUARD_DECISION={"t_ms": 9984, "left": 9.41194256964746e-06, "right": 0.49544657718125856, "left_area": 0.0, "right_area": 0.030338541666666666, "escape": 0.0, "signal": "NONE", "reason": "brain_failure", "user_forward": 2.0, "forward": 0.0, "turn": 0.0, "intervened": true}
REFLEXGUARD_DECISION={"t_ms": 10496, "left": 9.41194256964746e-06, "right": 0.49544657718125856, "left_area": 0.0, "right_area": 0.030338541666666666, "escape": 0.0, "signal": "NONE", "reason": "brain_failure", "user_forward": 2.0, "forward": 0.0, "turn": 0.0, "intervened": true}
REFLEXGUARD_DECISION={"t_ms": 11008, "left": 9.41194256964746e-06, "right": 0.49544657718125856, "left_area": 0.0, "right_area": 0.030338541666666666, "escape": 0.0, "signal": "NONE", "reason": "brain_failure", "user_forward": 2.0, "forward": 0.0, "turn": 0.0, "intervened": true}
REFLEXGUARD_DECISION={"t_ms": 11520, "left": 9.41194256964746e-06, "right": 0.49544657718125856, "left_area": 0.0, "right_area": 0.030338541666666666, "escape": 0.0, "signal": "NONE", "reason": "brain_failure", "user_forward": 2.0, "forward": 0.0, "turn": 0.0, "intervened": true}
REFLEXGUARD_DECISION={"t_ms": 12032, "left": 9.41194256964746e-06, "right": 0.49544657718125856, "left_area": 0.0, "right_area": 0.030338541666666666, "escape": 0.0, "signal": "NONE", "reason": "brain_failure", "user_forward": 2.0, "forward": 0.0, "turn": 0.0, "intervened": true}
REFLEXGUARD_DECISION={"t_ms": 12544, "left": 9.41194256964746e-06, "right": 0.49544657718125856, "left_area": 0.0, "right_area": 0.030338541666666666, "escape": 0.0, "signal": "NONE", "reason": "brain_failure", "user_forward": 2.0, "forward": 0.0, "turn": 0.0, "intervened": true}
REFLEXGUARD_DECISION={"t_ms": 13056, "left": 9.41194256964746e-06, "right": 0.49544657718125856, "left_area": 0.0, "right_area": 0.030338541666666666, "escape": 0.0, "signal": "NONE", "reason": "brain_failure", "user_forward": 2.0, "forward": 0.0, "turn": 0.0, "intervened": true}
REFLEXGUARD_DECISION={"t_ms": 13568, "left": 9.41194256964746e-06, "right": 0.49544657718125856, "left_area": 0.0, "right_area": 0.030338541666666666, "escape": 0.0, "signal": "NONE", "reason": "brain_failure", "user_forward": 2.0, "forward": 0.0, "turn": 0.0, "intervened": true}
REFLEXGUARD_DECISION={"t_ms": 14080, "left": 9.41194256964746e-06, "right": 0.49544657718125856, "left_area": 0.0, "right_area": 0.030338541666666666, "escape": 0.0, "signal": "NONE", "reason": "brain_failure", "user_forward": 2.0, "forward": 0.0, "turn": 0.0, "intervened": true}
REFLEXGUARD_DECISION={"t_ms": 14592, "left": 9.41194256964746e-06, "right": 0.49544657718125856, "left_area": 0.0, "right_area": 0.030338541666666666, "escape": 0.0, "signal": "NONE", "reason": "brain_failure", "user_forward": 2.0, "forward": 0.0, "turn": 0.0, "intervened": true}
REFLEXGUARD_DECISION={"t_ms": 15104, "left": 9.41194256964746e-06, "right": 0.49544657718125856, "left_area": 0.0, "right_area": 0.030338541666666666, "escape": 0.0, "signal": "NONE", "reason": "brain_failure", "user_forward": 2.0, "forward": 0.0, "turn": 0.0, "intervened": true}
REFLEXGUARD_DECISION={"t_ms": 15616, "left": 9.41194256964746e-06, "right": 0.49544657718125856, "left_area": 0.0, "right_area": 0.030338541666666666, "escape": 0.0, "signal": "NONE", "reason": "brain_failure", "user_forward": 2.0, "forward": 0.0, "turn": 0.0, "intervened": true}
REFLEXGUARD_DECISION={"t_ms": 16128, "left": 9.41194256964746e-06, "right": 0.49544657718125856, "left_area": 0.0, "right_area": 0.030338541666666666, "escape": 0.0, "signal": "NONE", "reason": "brain_failure", "user_forward": 2.0, "forward": 0.0, "turn": 0.0, "intervened": true}
REFLEXGUARD_DECISION={"t_ms": 16640, "left": 9.41194256964746e-06, "right": 0.49544657718125856, "left_area": 0.0, "right_area": 0.030338541666666666, "escape": 0.0, "signal": "NONE", "reason": "brain_failure", "user_forward": 2.0, "forward": 0.0, "turn": 0.0, "intervened": true}
REFLEXGUARD_DECISION={"t_ms": 17152, "left": 9.41194256964746e-06, "right": 0.49544657718125856, "left_area": 0.0, "right_area": 0.030338541666666666, "escape": 0.0, "signal": "NONE", "reason": "brain_failure", "user_forward": 2.0, "forward": 0.0, "turn": 0.0, "intervened": true}
REFLEXGUARD_DECISION={"t_ms": 17664, "left": 9.41194256964746e-06, "right": 0.49544657718125856, "left_area": 0.0, "right_area": 0.030338541666666666, "escape": 0.0, "signal": "NONE", "reason": "brain_failure", "user_forward": 2.0, "forward": 0.0, "turn": 0.0, "intervened": true}
REFLEXGUARD_DECISION={"t_ms": 18176, "left": 9.41194256964746e-06, "right": 0.49544657718125856, "left_area": 0.0, "right_area": 0.030338541666666666, "escape": 0.0, "signal": "NONE", "reason": "brain_failure", "user_forward": 2.0, "forward": 0.0, "turn": 0.0, "intervened": true}
REFLEXGUARD_DECISION={"t_ms": 18688, "left": 9.41194256964746e-06, "right": 0.49544657718125856, "left_area": 0.0, "right_area": 0.030338541666666666, "escape": 0.0, "signal": "NONE", "reason": "brain_failure", "user_forward": 2.0, "forward": 0.0, "turn": 0.0, "intervened": true}
REFLEXGUARD_DECISION={"t_ms": 19200, "left": 9.41194256964746e-06, "right": 0.49544657718125856, "left_area": 0.0, "right_area": 0.030338541666666666, "escape": 0.0, "signal": "NONE", "reason": "brain_failure", "user_forward": 2.0, "forward": 0.0, "turn": 0.0, "intervened": true}
REFLEXGUARD_DECISION={"t_ms": 19712, "left": 9.41194256964746e-06, "right": 0.49544657718125856, "left_area": 0.0, "right_area": 0.030338541666666666, "escape": 0.0, "signal": "NONE", "reason": "brain_failure", "user_forward": 2.0, "forward": 0.0, "turn": 0.0, "intervened": true}
REFLEXGUARD_DECISION={"t_ms": 20224, "left": 9.41194256964746e-06, "right": 0.49544657718125856, "left_area": 0.0, "right_area": 0.030338541666666666, "escape": 0.0, "signal": "NONE", "reason": "brain_failure", "user_forward": 2.0, "forward": 0.0, "turn": 0.0, "intervened": true}
REFLEXGUARD_DECISION={"t_ms": 20736, "left": 9.41194256964746e-06, "right": 0.49544657718125856, "left_area": 0.0, "right_area": 0.030338541666666666, "escape": 0.0, "signal": "NONE", "reason": "brain_failure", "user_forward": 2.0, "forward": 0.0, "turn": 0.0, "intervened": true}
REFLEXGUARD_DECISION={"t_ms": 21248, "left": 9.41194256964746e-06, "right": 0.49544657718125856, "left_area": 0.0, "right_area": 0.030338541666666666, "escape": 0.0, "signal": "NONE", "reason": "brain_failure", "user_forward": 2.0, "forward": 0.0, "turn": 0.0, "intervened": true}
REFLEXGUARD_DECISION={"t_ms": 21760, "left": 9.41194256964746e-06, "right": 0.49544657718125856, "left_area": 0.0, "right_area": 0.030338541666666666, "escape": 0.0, "signal": "NONE", "reason": "brain_failure", "user_forward": 2.0, "forward": 0.0, "turn": 0.0, "intervened": true}
REFLEXGUARD_DECISION={"t_ms": 22272, "left": 9.41194256964746e-06, "right": 0.49544657718125856, "left_area": 0.0, "right_area": 0.030338541666666666, "escape": 0.0, "signal": "NONE", "reason": "brain_failure", "user_forward": 2.0, "forward": 0.0, "turn": 0.0, "intervened": true}
REFLEXGUARD_DECISION={"t_ms": 22784, "left": 9.41194256964746e-06, "right": 0.49544657718125856, "left_area": 0.0, "right_area": 0.030338541666666666, "escape": 0.0, "signal": "NONE", "reason": "brain_failure", "user_forward": 2.0, "forward": 0.0, "turn": 0.0, "intervened": true}
REFLEXGUARD_DECISION={"t_ms": 23296, "left": 9.41194256964746e-06, "right": 0.49544657718125856, "left_area": 0.0, "right_area": 0.030338541666666666, "escape": 0.0, "signal": "NONE", "reason": "brain_failure", "user_forward": 2.0, "forward": 0.0, "turn": 0.0, "intervened": true}
REFLEXGUARD_DECISION={"t_ms": 23808, "left": 9.41194256964746e-06, "right": 0.49544657718125856, "left_area": 0.0, "right_area": 0.030338541666666666, "escape": 0.0, "signal": "NONE", "reason": "brain_failure", "user_forward": 2.0, "forward": 0.0, "turn": 0.0, "intervened": true}
REFLEXGUARD_DECISION={"t_ms": 24320, "left": 9.41194256964746e-06, "right": 0.49544657718125856, "left_area": 0.0, "right_area": 0.030338541666666666, "escape": 0.0, "signal": "NONE", "reason": "brain_failure", "user_forward": 2.0, "forward": 0.0, "turn": 0.0, "intervened": true}
REFLEXGUARD_DECISION={"t_ms": 24832, "left": 9.41194256964746e-06, "right": 0.49544657718125856, "left_area": 0.0, "right_area": 0.030338541666666666, "escape": 0.0, "signal": "NONE", "reason": "brain_failure", "user_forward": 2.0, "forward": 0.0, "turn": 0.0, "intervened": true}
REFLEXGUARD_DECISION={"t_ms": 25344, "left": 9.41194256964746e-06, "right": 0.49544657718125856, "left_area": 0.0, "right_area": 0.030338541666666666, "escape": 0.0, "signal": "NONE", "reason": "brain_failure", "user_forward": 2.0, "forward": 0.0, "turn": 0.0, "intervened": true}
REFLEXGUARD_DECISION={"t_ms": 25856, "left": 9.41194256964746e-06, "right": 0.49544657718125856, "left_area": 0.0, "right_area": 0.030338541666666666, "escape": 0.0, "signal": "NONE", "reason": "brain_failure", "user_forward": 2.0, "forward": 0.0, "turn": 0.0, "intervened": true}
REFLEXGUARD_DECISION={"t_ms": 26368, "left": 9.41194256964746e-06, "right": 0.49544657718125856, "left_area": 0.0, "right_area": 0.030338541666666666, "escape": 0.0, "signal": "NONE", "reason": "brain_failure", "user_forward": 2.0, "forward": 0.0, "turn": 0.0, "intervened": true}
REFLEXGUARD_DECISION={"t_ms": 26880, "left": 9.41194256964746e-06, "right": 0.49544657718125856, "left_area": 0.0, "right_area": 0.030338541666666666, "escape": 0.0, "signal": "NONE", "reason": "brain_failure", "user_forward": 2.0, "forward": 0.0, "turn": 0.0, "intervened": true}
REFLEXGUARD_DECISION={"t_ms": 27392, "left": 9.41194256964746e-06, "right": 0.49544657718125856, "left_area": 0.0, "right_area": 0.030338541666666666, "escape": 0.0, "signal": "NONE", "reason": "brain_failure", "user_forward": 2.0, "forward": 0.0, "turn": 0.0, "intervened": true}
REFLEXGUARD_DECISION={"t_ms": 27904, "left": 9.41194256964746e-06, "right": 0.49544657718125856, "left_area": 0.0, "right_area": 0.030338541666666666, "escape": 0.0, "signal": "NONE", "reason": "brain_failure", "user_forward": 2.0, "forward": 0.0, "turn": 0.0, "intervened": true}
REFLEXGUARD_DECISION={"t_ms": 28416, "left": 9.41194256964746e-06, "right": 0.49544657718125856, "left_area": 0.0, "right_area": 0.030338541666666666, "escape": 0.0, "signal": "NONE", "reason": "brain_failure", "user_forward": 2.0, "forward": 0.0, "turn": 0.0, "intervened": true}
REFLEXGUARD_DECISION={"t_ms": 28928, "left": 9.41194256964746e-06, "right": 0.49544657718125856, "left_area": 0.0, "right_area": 0.030338541666666666, "escape": 0.0, "signal": "NONE", "reason": "brain_failure", "user_forward": 2.0, "forward": 0.0, "turn": 0.0, "intervened": true}
REFLEXGUARD_DECISION={"t_ms": 29440, "left": 9.41194256964746e-06, "right": 0.49544657718125856, "left_area": 0.0, "right_area": 0.030338541666666666, "escape": 0.0, "signal": "NONE", "reason": "brain_failure", "user_forward": 2.0, "forward": 0.0, "turn": 0.0, "intervened": true}
REFLEXGUARD_DECISION={"t_ms": 29952, "left": 9.41194256964746e-06, "right": 0.49544657718125856, "left_area": 0.0, "right_area": 0.030338541666666666, "escape": 0.0, "signal": "NONE", "reason": "brain_failure", "user_forward": 2.0, "forward": 0.0, "turn": 0.0, "intervened": true}
REFLEXGUARD_DECISION={"t_ms": 30464, "left": 9.41194256964746e-06, "right": 0.49544657718125856, "left_area": 0.0, "right_area": 0.030338541666666666, "escape": 0.0, "signal": "NONE", "reason": "brain_failure", "user_forward": 2.0, "forward": 0.0, "turn": 0.0, "intervened": true}
REFLEXGUARD_DECISION={"t_ms": 30976, "left": 9.41194256964746e-06, "right": 0.49544657718125856, "left_area": 0.0, "right_area": 0.030338541666666666, "escape": 0.0, "signal": "NONE", "reason": "brain_failure", "user_forward": 2.0, "forward": 0.0, "turn": 0.0, "intervened": true}
REFLEXGUARD_DECISION={"t_ms": 31488, "left": 9.41194256964746e-06, "right": 0.49544657718125856, "left_area": 0.0, "right_area": 0.030338541666666666, "escape": 0.0, "signal": "NONE", "reason": "brain_failure", "user_forward": 2.0, "forward": 0.0, "turn": 0.0, "intervened": true}
REFLEXGUARD_DECISION={"t_ms": 32000, "left": 9.41194256964746e-06, "right": 0.49544657718125856, "left_area": 0.0, "right_area": 0.030338541666666666, "escape": 0.0, "signal": "NONE", "reason": "brain_failure", "user_forward": 2.0, "forward": 0.0, "turn": 0.0, "intervened": true}
REFLEXGUARD_DECISION={"t_ms": 32512, "left": 9.41194256964746e-06, "right": 0.49544657718125856, "left_area": 0.0, "right_area": 0.030338541666666666, "escape": 0.0, "signal": "NONE", "reason": "brain_failure", "user_forward": 2.0, "forward": 0.0, "turn": 0.0, "intervened": true}
REFLEXGUARD_DECISION={"t_ms": 33024, "left": 9.41194256964746e-06, "right": 0.49544657718125856, "left_area": 0.0, "right_area": 0.030338541666666666, "escape": 0.0, "signal": "NONE", "reason": "brain_failure", "user_forward": 2.0, "forward": 0.0, "turn": 0.0, "intervened": true}
REFLEXGUARD_DECISION={"t_ms": 33536, "left": 9.41194256964746e-06, "right": 0.49544657718125856, "left_area": 0.0, "right_area": 0.030338541666666666, "escape": 0.0, "signal": "NONE", "reason": "brain_failure", "user_forward": 2.0, "forward": 0.0, "turn": 0.0, "intervened": true}
REFLEXGUARD_DECISION={"t_ms": 34048, "left": 9.41194256964746e-06, "right": 0.49544657718125856, "left_area": 0.0, "right_area": 0.030338541666666666, "escape": 0.0, "signal": "NONE", "reason": "brain_failure", "user_forward": 2.0, "forward": 0.0, "turn": 0.0, "intervened": true}
REFLEXGUARD_DECISION={"t_ms": 34560, "left": 9.41194256964746e-06, "right": 0.49544657718125856, "left_area": 0.0, "right_area": 0.030338541666666666, "escape": 0.0, "signal": "NONE", "reason": "brain_failure", "user_forward": 2.0, "forward": 0.0, "turn": 0.0, "intervened": true}
REFLEXGUARD_DECISION={"t_ms": 35072, "left": 9.41194256964746e-06, "right": 0.49544657718125856, "left_area": 0.0, "right_area": 0.030338541666666666, "escape": 0.0, "signal": "NONE", "reason": "brain_failure", "user_forward": 2.0, "forward": 0.0, "turn": 0.0, "intervened": true}
REFLEXGUARD_DECISION={"t_ms": 35584, "left": 9.41194256964746e-06, "right": 0.49544657718125856, "left_area": 0.0, "right_area": 0.030338541666666666, "escape": 0.0, "signal": "NONE", "reason": "brain_failure", "user_forward": 2.0, "forward": 0.0, "turn": 0.0, "intervened": true}
REFLEXGUARD_DECISION={"t_ms": 36096, "left": 9.41194256964746e-06, "right": 0.49544657718125856, "left_area": 0.0, "right_area": 0.030338541666666666, "escape": 0.0, "signal": "NONE", "reason": "brain_failure", "user_forward": 2.0, "forward": 0.0, "turn": 0.0, "intervened": true}
REFLEXGUARD_DECISION={"t_ms": 36608, "left": 9.41194256964746e-06, "right": 0.49544657718125856, "left_area": 0.0, "right_area": 0.030338541666666666, "escape": 0.0, "signal": "NONE", "reason": "brain_failure", "user_forward": 2.0, "forward": 0.0, "turn": 0.0, "intervened": true}
REFLEXGUARD_DECISION={"t_ms": 37120, "left": 9.41194256964746e-06, "right": 0.49544657718125856, "left_area": 0.0, "right_area": 0.030338541666666666, "escape": 0.0, "signal": "NONE", "reason": "brain_failure", "user_forward": 2.0, "forward": 0.0, "turn": 0.0, "intervened": true}
REFLEXGUARD_DECISION={"t_ms": 37632, "left": 9.41194256964746e-06, "right": 0.49544657718125856, "left_area": 0.0, "right_area": 0.030338541666666666, "escape": 0.0, "signal": "NONE", "reason": "brain_failure", "user_forward": 2.0, "forward": 0.0, "turn": 0.0, "intervened": true}
REFLEXGUARD_DECISION={"t_ms": 38144, "left": 9.41194256964746e-06, "right": 0.49544657718125856, "left_area": 0.0, "right_area": 0.030338541666666666, "escape": 0.0, "signal": "NONE", "reason": "brain_failure", "user_forward": 2.0, "forward": 0.0, "turn": 0.0, "intervened": true}
REFLEXGUARD_DECISION={"t_ms": 38656, "left": 9.41194256964746e-06, "right": 0.49544657718125856, "left_area": 0.0, "right_area": 0.030338541666666666, "escape": 0.0, "signal": "NONE", "reason": "brain_failure", "user_forward": 2.0, "forward": 0.0, "turn": 0.0, "intervened": true}
REFLEXGUARD_DECISION={"t_ms": 39168, "left": 9.41194256964746e-06, "right": 0.49544657718125856, "left_area": 0.0, "right_area": 0.030338541666666666, "escape": 0.0, "signal": "NONE", "reason": "brain_failure", "user_forward": 2.0, "forward": 0.0, "turn": 0.0, "intervened": true}
REFLEXGUARD_DECISION={"t_ms": 39680, "left": 9.41194256964746e-06, "right": 0.49544657718125856, "left_area": 0.0, "right_area": 0.030338541666666666, "escape": 0.0, "signal": "NONE", "reason": "brain_failure", "user_forward": 2.0, "forward": 0.0, "turn": 0.0, "intervened": true}
REFLEXGUARD_DECISION={"t_ms": 40192, "left": 9.41194256964746e-06, "right": 0.49544657718125856, "left_area": 0.0, "right_area": 0.030338541666666666, "escape": 0.0, "signal": "NONE", "reason": "brain_failure", "user_forward": 2.0, "forward": 0.0, "turn": 0.0, "intervened": true}
REFLEXGUARD_DECISION={"t_ms": 40704, "left": 9.41194256964746e-06, "right": 0.49544657718125856, "left_area": 0.0, "right_area": 0.030338541666666666, "escape": 0.0, "signal": "NONE", "reason": "brain_failure", "user_forward": 2.0, "forward": 0.0, "turn": 0.0, "intervened": true}
REFLEXGUARD_DECISION={"t_ms": 41216, "left": 9.41194256964746e-06, "right": 0.49544657718125856, "left_area": 0.0, "right_area": 0.030338541666666666, "escape": 0.0, "signal": "NONE", "reason": "brain_failure", "user_forward": 2.0, "forward": 0.0, "turn": 0.0, "intervened": true}
REFLEXGUARD_DECISION={"t_ms": 41728, "left": 9.41194256964746e-06, "right": 0.49544657718125856, "left_area": 0.0, "right_area": 0.030338541666666666, "escape": 0.0, "signal": "NONE", "reason": "brain_failure", "user_forward": 2.0, "forward": 0.0, "turn": 0.0, "intervened": true}
REFLEXGUARD_DECISION={"t_ms": 42240, "left": 9.41194256964746e-06, "right": 0.49544657718125856, "left_area": 0.0, "right_area": 0.030338541666666666, "escape": 0.0, "signal": "NONE", "reason": "brain_failure", "user_forward": 2.0, "forward": 0.0, "turn": 0.0, "intervened": true}
REFLEXGUARD_DECISION={"t_ms": 42752, "left": 9.41194256964746e-06, "right": 0.49544657718125856, "left_area": 0.0, "right_area": 0.030338541666666666, "escape": 0.0, "signal": "NONE", "reason": "brain_failure", "user_forward": 2.0, "forward": 0.0, "turn": 0.0, "intervened": true}
REFLEXGUARD_DECISION={"t_ms": 43264, "left": 9.41194256964746e-06, "right": 0.49544657718125856, "left_area": 0.0, "right_area": 0.030338541666666666, "escape": 0.0, "signal": "NONE", "reason": "brain_failure", "user_forward": 2.0, "forward": 0.0, "turn": 0.0, "intervened": true}
REFLEXGUARD_DECISION={"t_ms": 43776, "left": 9.41194256964746e-06, "right": 0.49544657718125856, "left_area": 0.0, "right_area": 0.030338541666666666, "escape": 0.0, "signal": "NONE", "reason": "brain_failure", "user_forward": 2.0, "forward": 0.0, "turn": 0.0, "intervened": true}
REFLEXGUARD_DECISION={"t_ms": 44288, "left": 9.41194256964746e-06, "right": 0.49544657718125856, "left_area": 0.0, "right_area": 0.030338541666666666, "escape": 0.0, "signal": "NONE", "reason": "brain_failure", "user_forward": 2.0, "forward": 0.0, "turn": 0.0, "intervened": true}
REFLEXGUARD_DECISION={"t_ms": 44800, "left": 9.41194256964746e-06, "right": 0.49544657718125856, "left_area": 0.0, "right_area": 0.030338541666666666, "escape": 0.0, "signal": "NONE", "reason": "brain_failure", "user_forward": 2.0, "forward": 0.0, "turn": 0.0, "intervened": true}
REFLEXGUARD_DECISION={"t_ms": 45312, "left": 9.41194256964746e-06, "right": 0.49544657718125856, "left_area": 0.0, "right_area": 0.030338541666666666, "escape": 0.0, "signal": "NONE", "reason": "brain_failure", "user_forward": 2.0, "forward": 0.0, "turn": 0.0, "intervened": true}
REFLEXGUARD_DECISION={"t_ms": 45824, "left": 9.41194256964746e-06, "right": 0.49544657718125856, "left_area": 0.0, "right_area": 0.030338541666666666, "escape": 0.0, "signal": "NONE", "reason": "brain_failure", "user_forward": 2.0, "forward": 0.0, "turn": 0.0, "intervened": true}
REFLEXGUARD_DECISION={"t_ms": 46336, "left": 9.41194256964746e-06, "right": 0.49544657718125856, "left_area": 0.0, "right_area": 0.030338541666666666, "escape": 0.0, "signal": "NONE", "reason": "brain_failure", "user_forward": 2.0, "forward": 0.0, "turn": 0.0, "intervened": true}
REFLEXGUARD_DECISION={"t_ms": 46848, "left": 9.41194256964746e-06, "right": 0.49544657718125856, "left_area": 0.0, "right_area": 0.030338541666666666, "escape": 0.0, "signal": "NONE", "reason": "brain_failure", "user_forward": 2.0, "forward": 0.0, "turn": 0.0, "intervened": true}
REFLEXGUARD_DECISION={"t_ms": 47360, "left": 9.41194256964746e-06, "right": 0.49544657718125856, "left_area": 0.0, "right_area": 0.030338541666666666, "escape": 0.0, "signal": "NONE", "reason": "brain_failure", "user_forward": 2.0, "forward": 0.0, "turn": 0.0, "intervened": true}
REFLEXGUARD_DECISION={"t_ms": 47872, "left": 9.41194256964746e-06, "right": 0.49544657718125856, "left_area": 0.0, "right_area": 0.030338541666666666, "escape": 0.0, "signal": "NONE", "reason": "brain_failure", "user_forward": 2.0, "forward": 0.0, "turn": 0.0, "intervened": true}
REFLEXGUARD_DECISION={"t_ms": 48384, "left": 9.41194256964746e-06, "right": 0.49544657718125856, "left_area": 0.0, "right_area": 0.030338541666666666, "escape": 0.0, "signal": "NONE", "reason": "brain_failure", "user_forward": 2.0, "forward": 0.0, "turn": 0.0, "intervened": true}
REFLEXGUARD_DECISION={"t_ms": 48896, "left": 9.41194256964746e-06, "right": 0.49544657718125856, "left_area": 0.0, "right_area": 0.030338541666666666, "escape": 0.0, "signal": "NONE", "reason": "brain_failure", "user_forward": 2.0, "forward": 0.0, "turn": 0.0, "intervened": true}
REFLEXGUARD_DECISION={"t_ms": 49408, "left": 9.41194256964746e-06, "right": 0.49544657718125856, "left_area": 0.0, "right_area": 0.030338541666666666, "escape": 0.0, "signal": "NONE", "reason": "brain_failure", "user_forward": 2.0, "forward": 0.0, "turn": 0.0, "intervened": true}
REFLEXGUARD_DECISION={"t_ms": 49920, "left": 9.41194256964746e-06, "right": 0.49544657718125856, "left_area": 0.0, "right_area": 0.030338541666666666, "escape": 0.0, "signal": "NONE", "reason": "brain_failure", "user_forward": 2.0, "forward": 0.0, "turn": 0.0, "intervened": true}
REFLEXGUARD_DECISION={"t_ms": 50432, "left": 9.41194256964746e-06, "right": 0.49544657718125856, "left_area": 0.0, "right_area": 0.030338541666666666, "escape": 0.0, "signal": "NONE", "reason": "brain_failure", "user_forward": 2.0, "forward": 0.0, "turn": 0.0, "intervened": true}
REFLEXGUARD_DECISION={"t_ms": 50944, "left": 9.41194256964746e-06, "right": 0.49544657718125856, "left_area": 0.0, "right_area": 0.030338541666666666, "escape": 0.0, "signal": "NONE", "reason": "brain_failure", "user_forward": 2.0, "forward": 0.0, "turn": 0.0, "intervened": true}
REFLEXGUARD_DECISION={"t_ms": 51456, "left": 9.41194256964746e-06, "right": 0.49544657718125856, "left_area": 0.0, "right_area": 0.030338541666666666, "escape": 0.0, "signal": "NONE", "reason": "brain_failure", "user_forward": 2.0, "forward": 0.0, "turn": 0.0, "intervened": true}
REFLEXGUARD_DECISION={"t_ms": 51968, "left": 9.41194256964746e-06, "right": 0.49544657718125856, "left_area": 0.0, "right_area": 0.030338541666666666, "escape": 0.0, "signal": "NONE", "reason": "brain_failure", "user_forward": 2.0, "forward": 0.0, "turn": 0.0, "intervened": true}
REFLEXGUARD_DECISION={"t_ms": 52480, "left": 9.41194256964746e-06, "right": 0.49544657718125856, "left_area": 0.0, "right_area": 0.030338541666666666, "escape": 0.0, "signal": "NONE", "reason": "brain_failure", "user_forward": 2.0, "forward": 0.0, "turn": 0.0, "intervened": true}
REFLEXGUARD_DECISION={"t_ms": 52992, "left": 9.41194256964746e-06, "right": 0.49544657718125856, "left_area": 0.0, "right_area": 0.030338541666666666, "escape": 0.0, "signal": "NONE", "reason": "brain_failure", "user_forward": 2.0, "forward": 0.0, "turn": 0.0, "intervened": true}
REFLEXGUARD_DECISION={"t_ms": 53504, "left": 9.41194256964746e-06, "right": 0.49544657718125856, "left_area": 0.0, "right_area": 0.030338541666666666, "escape": 0.0, "signal": "NONE", "reason": "brain_failure", "user_forward": 2.0, "forward": 0.0, "turn": 0.0, "intervened": true}
REFLEXGUARD_DECISION={"t_ms": 54016, "left": 9.41194256964746e-06, "right": 0.49544657718125856, "left_area": 0.0, "right_area": 0.030338541666666666, "escape": 0.0, "signal": "NONE", "reason": "brain_failure", "user_forward": 2.0, "forward": 0.0, "turn": 0.0, "intervened": true}
REFLEXGUARD_DECISION={"t_ms": 54528, "left": 9.41194256964746e-06, "right": 0.49544657718125856, "left_area": 0.0, "right_area": 0.030338541666666666, "escape": 0.0, "signal": "NONE", "reason": "brain_failure", "user_forward": 2.0, "forward": 0.0, "turn": 0.0, "intervened": true}
REFLEXGUARD_DECISION={"t_ms": 55040, "left": 9.41194256964746e-06, "right": 0.49544657718125856, "left_area": 0.0, "right_area": 0.030338541666666666, "escape": 0.0, "signal": "NONE", "reason": "brain_failure", "user_forward": 2.0, "forward": 0.0, "turn": 0.0, "intervened": true}
REFLEXGUARD_DECISION={"t_ms": 55552, "left": 9.41194256964746e-06, "right": 0.49544657718125856, "left_area": 0.0, "right_area": 0.030338541666666666, "escape": 0.0, "signal": "NONE", "reason": "brain_failure", "user_forward": 2.0, "forward": 0.0, "turn": 0.0, "intervened": true}
REFLEXGUARD_DECISION={"t_ms": 56064, "left": 9.41194256964746e-06, "right": 0.49544657718125856, "left_area": 0.0, "right_area": 0.030338541666666666, "escape": 0.0, "signal": "NONE", "reason": "brain_failure", "user_forward": 2.0, "forward": 0.0, "turn": 0.0, "intervened": true}
REFLEXGUARD_DECISION={"t_ms": 56576, "left": 9.41194256964746e-06, "right": 0.49544657718125856, "left_area": 0.0, "right_area": 0.030338541666666666, "escape": 0.0, "signal": "NONE", "reason": "brain_failure", "user_forward": 2.0, "forward": 0.0, "turn": 0.0, "intervened": true}
REFLEXGUARD_DECISION={"t_ms": 57088, "left": 9.41194256964746e-06, "right": 0.49544657718125856, "left_area": 0.0, "right_area": 0.030338541666666666, "escape": 0.0, "signal": "NONE", "reason": "brain_failure", "user_forward": 2.0, "forward": 0.0, "turn": 0.0, "intervened": true}
REFLEXGUARD_DECISION={"t_ms": 57600, "left": 9.41194256964746e-06, "right": 0.49544657718125856, "left_area": 0.0, "right_area": 0.030338541666666666, "escape": 0.0, "signal": "NONE", "reason": "brain_failure", "user_forward": 2.0, "forward": 0.0, "turn": 0.0, "intervened": true}
REFLEXGUARD_DECISION={"t_ms": 58112, "left": 9.41194256964746e-06, "right": 0.49544657718125856, "left_area": 0.0, "right_area": 0.030338541666666666, "escape": 0.0, "signal": "NONE", "reason": "brain_failure", "user_forward": 2.0, "forward": 0.0, "turn": 0.0, "intervened": true}
REFLEXGUARD_DECISION={"t_ms": 58624, "left": 9.41194256964746e-06, "right": 0.49544657718125856, "left_area": 0.0, "right_area": 0.030338541666666666, "escape": 0.0, "signal": "NONE", "reason": "brain_failure", "user_forward": 2.0, "forward": 0.0, "turn": 0.0, "intervened": true}
REFLEXGUARD_DECISION={"t_ms": 59136, "left": 9.41194256964746e-06, "right": 0.49544657718125856, "left_area": 0.0, "right_area": 0.030338541666666666, "escape": 0.0, "signal": "NONE", "reason": "brain_failure", "user_forward": 2.0, "forward": 0.0, "turn": 0.0, "intervened": true}
REFLEXGUARD_DECISION={"t_ms": 59648, "left": 9.41194256964746e-06, "right": 0.49544657718125856, "left_area": 0.0, "right_area": 0.030338541666666666, "escape": 0.0, "signal": "NONE", "reason": "brain_failure", "user_forward": 2.0, "forward": 0.0, "turn": 0.0, "intervened": true}
REFLEXGUARD_RESULT={"min_pedestrian_travel_m":29.952000000000012,"world":"corridor_demo","drive":"forward","duration_s":60.0,"collision":false,"collision_events":0,"min_clearance_estimate_m":3.1020518121669762,"displacement_m":7.726556062580228,"yaw_change_rad":0.09425942012423665,"camera_frames":1875,"camera_pixel_range":190,"camera_width":160,"camera_height":120,"remote_stop_steps":0,"remote_interventions":0,"control_failures":0,"navigation_steps":56,"recoveries":0,"passed_obstacles":0,"brain_steps":135,"interventions":1809,"stop_steps":1740,"brain_failures":1,"max_looming":0.9654529105058736,"final_forward":0.0}
INFO: wheelchair: Terminating.
INFO: pedestrian: Terminating.
INFO: pedestrian: Terminating.
INFO: scenario: Terminating.
{"min_pedestrian_travel_m":29.952000000000012,"world":"corridor_demo","drive":"forward","duration_s":60.0,"collision":false,"collision_events":0,"min_clearance_estimate_m":3.1020518121669762,"displacement_m":7.726556062580228,"yaw_change_rad":0.09425942012423665,"camera_frames":1875,"camera_pixel_range":190,"camera_width":160,"camera_height":120,"remote_stop_steps":0,"remote_interventions":0,"control_failures":0,"navigation_steps":56,"recoveries":0,"passed_obstacles":0,"brain_steps":135,"interventions":1809,"stop_steps":1740,"brain_failures":1,"max_looming":0.9654529105058736,"final_forward":0.0}

