WARNING: DEF PERSON_B Pedestrian: 'name' field value should be unique: 'pedestrian' already used by a sibling Solid node.
INFO: wheelchair: Starting controller: /tmp/reflexguard-settings/.venv/bin/python -u wheelchair.py
INFO: pedestrian: Starting controller: python3 -u pedestrian.py "--trajectory=8 4.5, 8 -4.5" --speed=0.6
INFO: pedestrian: Starting controller: python3 -u pedestrian.py "--trajectory=24 -4.5, 24 4.5" --speed=0.5
INFO: scenario: Starting controller: /tmp/reflexguard-settings/.venv/bin/python -u scenario.py
INFO: pedestrian: refusing connection attempt from another extern controller.
WARNING: 'pedestrian' controller exited with status: 1.
WARNING: 'pedestrian' controller exited with status: 1.
REFLEXGUARD_CALIBRATION={"drive_speed":3.0,"dark_threshold":140,"area_floor":0.008,"area_tau_s":0.12,"looming_tau_s":0.15,"expansion_scale":1.0,"stop_on":0.25,"stop_off":0.12,"turn_on":0.35,"turn_off":0.1,"turn_gain":0.3,"max_turn":1.2,"deceleration":2.0,"release_ms":500}
REFLEXGUARD_RANGES={"heading": 0.0, "nearest": [5.712762355804443, 4.4705986976623535, 3.4404611587524414, 4.4705986976623535]}
REFLEXGUARD_DECISION={"t_ms": 32, "left": 0.0, "right": 0.0, "left_area": 0.0015625, "right_area": 0.0015625, "escape": 0.0, "signal": "NONE", "reason": "user", "user_forward": 3.0, "forward": 3.0, "turn": 0.0, "intervened": false}
REFLEXGUARD_DECISION={"t_ms": 544, "left": 0.08949062858833007, "right": 0.08949062858833007, "left_area": 0.001953125, "right_area": 0.001953125, "escape": 0.0, "signal": "NONE", "reason": "user", "user_forward": 3.0, "forward": 3.0, "turn": 0.0, "intervened": false}
REFLEXGUARD_DECISION={"t_ms": 1056, "left": 0.5700956653354392, "right": 0.4014054638552187, "left_area": 0.00390625, "right_area": 0.003515625, "escape": 0.3386087159006757, "signal": "STOP", "reason": "risk_monitoring", "user_forward": 3.0, "forward": 2.25, "turn": 0.0, "intervened": true}
REFLEXGUARD_DECISION={"t_ms": 1088, "left": 0.47203580075843754, "right": 0.4708750402625306, "left_area": 0.003125, "right_area": 0.0037760416666666667, "escape": 0.18774738578221162, "signal": "STOP", "reason": "user", "user_forward": 3.0, "forward": 3.0, "turn": 0.0, "intervened": false}
REFLEXGUARD_DECISION={"t_ms": 1344, "left": 0.5473573842453116, "right": 0.38373852620985527, "left_area": 0.0048177083333333336, "right_area": 0.004427083333333333, "escape": 0.303626744992787, "signal": "STOP", "reason": "risk_monitoring", "user_forward": 3.0, "forward": 2.25, "turn": 0.0, "intervened": true}
REFLEXGUARD_DECISION={"t_ms": 1376, "left": 0.4422028038244517, "right": 0.31001728872156775, "left_area": 0.003125, "right_area": 0.0037760416666666667, "escape": 0.14185046742223342, "signal": "STOP", "reason": "avoid_left", "user_forward": 3.0, "forward": 0.65, "turn": 0.4, "intervened": true}
REFLEXGUARD_DECISION={"t_ms": 1408, "left": 0.5333680859149921, "right": 0.2751766469851598, "left_area": 0.0048177083333333336, "right_area": 0.004036458333333334, "escape": 0.2821047475615263, "signal": "STOP", "reason": "avoid_passing", "user_forward": 3.0, "forward": 2.25, "turn": 0.0, "intervened": true}
REFLEXGUARD_DECISION={"t_ms": 1440, "left": 0.4309010344078697, "right": 0.22231157986774036, "left_area": 0.003125, "right_area": 0.0037760416666666667, "escape": 0.1244631298582611, "signal": "STOP", "reason": "avoid_left", "user_forward": 3.0, "forward": 0.65, "turn": 0.4, "intervened": true}
REFLEXGUARD_DECISION={"t_ms": 1568, "left": 0.5524945488477546, "right": 0.18984705288756595, "left_area": 0.0048177083333333336, "right_area": 0.004036458333333334, "escape": 0.31153007515039177, "signal": "STOP", "reason": "avoid_passing", "user_forward": 3.0, "forward": 2.25, "turn": 0.0, "intervened": true}
REFLEXGUARD_DECISION={"t_ms": 1600, "left": 0.4463530512793941, "right": 0.2003039243434161, "left_area": 0.0036458333333333334, "right_area": 0.004296875, "escape": 0.1482354635067602, "signal": "STOP", "reason": "avoid_left", "user_forward": 3.0, "forward": 0.65, "turn": 0.4, "intervened": true}
REFLEXGUARD_DECISION={"t_ms": 2112, "left": 0.294578171116686, "right": 0.1520688817962831, "left_area": 0.0048177083333333336, "right_area": 0.0049479166666666664, "escape": 0.0, "signal": "NONE", "reason": "avoid_left", "user_forward": 3.0, "forward": 0.65, "turn": 0.4, "intervened": true}
REFLEXGUARD_DECISION={"t_ms": 2432, "left": 0.03489037737460152, "right": 0.8914368931161712, "left_area": 0.0, "right_area": 0.012109375, "escape": 0.8329798355633404, "signal": "STOP", "reason": "avoid_right", "user_forward": 3.0, "forward": 2.25, "turn": -0.17460852376228694, "intervened": true}
REFLEXGUARD_DECISION={"t_ms": 2560, "left": 0.014863042133173477, "right": 0.7558481196425011, "left_area": 0.0, "right_area": 0.010286458333333333, "escape": 0.6243817225269248, "signal": "STOP", "reason": "avoid_passing", "user_forward": 3.0, "forward": 2.25, "turn": 0.0, "intervened": true}
REFLEXGUARD_DECISION={"t_ms": 2976, "left": 0.0009282486916543399, "right": 0.73639038140248, "left_area": 0.0, "right_area": 0.016015625, "escape": 0.5944467406192001, "signal": "STOP", "reason": "control_recovering", "user_forward": 3.0, "forward": 2.25, "turn": -0.5272005238705764, "intervened": true}
REFLEXGUARD_DECISION={"t_ms": 3424, "left": 4.683510445401134e-05, "right": 0.6675621310937601, "left_area": 0.0, "right_area": 0.022135416666666668, "escape": 0.48855712475963087, "signal": "STOP", "reason": "avoid_left", "user_forward": 3.0, "forward": 0.65, "turn": 0.4, "intervened": true}
REFLEXGUARD_DECISION={"t_ms": 3584, "left": 0.1274675484524678, "right": 0.5929255228439207, "left_area": 0.000390625, "right_area": 0.023958333333333335, "escape": 0.37373157360603193, "signal": "STOP", "reason": "control_recovering", "user_forward": 3.0, "forward": 2.25, "turn": -0.35190441294401653, "intervened": true}
REFLEXGUARD_DECISION={"t_ms": 3616, "left": 0.1337996979388958, "right": 0.5264269693096143, "left_area": 0.000390625, "right_area": 0.023046875, "escape": 0.27142610663017586, "signal": "STOP", "reason": "avoid_left", "user_forward": 3.0, "forward": 0.65, "turn": 0.4, "intervened": true}
REFLEXGUARD_DECISION={"t_ms": 4128, "left": 0.03697299815306667, "right": 0.5638992202966027, "left_area": 0.0, "right_area": 0.030729166666666665, "escape": 0.3290757235332349, "signal": "STOP", "reason": "avoid_left", "user_forward": 3.0, "forward": 0.65, "turn": 0.4, "intervened": true}
REFLEXGUARD_DECISION={"t_ms": 4288, "left": 0.012724397326145793, "right": 0.6567419050794507, "left_area": 0.0, "right_area": 0.034505208333333336, "escape": 0.471910623199155, "signal": "STOP", "reason": "avoid_passing", "user_forward": 3.0, "forward": 2.25, "turn": 0.0, "intervened": true}
REFLEXGUARD_DECISION={"t_ms": 4800, "left": 0.0004190302636354591, "right": 0.9791803700719567, "left_area": 0.0, "right_area": 0.08580729166666666, "escape": 0.9679698001107025, "signal": "STOP", "reason": "avoid_passing", "user_forward": 3.0, "forward": 2.25, "turn": 0.0, "intervened": true}
REFLEXGUARD_DECISION={"t_ms": 5312, "left": 1.379918886072597e-05, "right": 0.648676691113937, "left_area": 0.0, "right_area": 0.15611979166666667, "escape": 0.45950260171374924, "signal": "STOP", "reason": "avoid_passing", "user_forward": 3.0, "forward": 2.25, "turn": 0.0, "intervened": true}
REFLEXGUARD_DECISION={"t_ms": 5536, "left": 3.0996105634126395e-06, "right": 0.1551209288502238, "left_area": 0.0, "right_area": 0.12135416666666667, "escape": 0.0, "signal": "NONE", "reason": "avoid_right", "user_forward": 3.0, "forward": 3.0, "turn": -0.4, "intervened": true}
REFLEXGUARD_DECISION={"t_ms": 5568, "left": 2.5041344491858808e-06, "right": 0.12532015031458818, "left_area": 0.0, "right_area": 0.11315104166666666, "escape": 0.0, "signal": "NONE", "reason": "avoid_passing", "user_forward": 3.0, "forward": 3.0, "turn": 0.0, "intervened": false}
REFLEXGUARD_DECISION={"t_ms": 5600, "left": 2.0230571587340023e-06, "right": 0.10124449480337364, "left_area": 0.0, "right_area": 0.09973958333333334, "escape": 0.0, "signal": "NONE", "reason": "avoid_right", "user_forward": 3.0, "forward": 3.0, "turn": -0.4, "intervened": true}
REFLEXGUARD_DECISION={"t_ms": 5664, "left": 1.3204111238409274e-06, "right": 0.06608036584081842, "left_area": 0.0, "right_area": 0.08098958333333334, "escape": 0.0, "signal": "NONE", "reason": "avoid_passing", "user_forward": 3.0, "forward": 3.0, "turn": 0.0, "intervened": false}
REFLEXGUARD_DECISION={"t_ms": 5792, "left": 5.62485351076911e-07, "right": 0.02814974602087745, "left_area": 0.0, "right_area": 0.007552083333333333, "escape": 0.0, "signal": "NONE", "reason": "avoid_right", "user_forward": 3.0, "forward": 3.0, "turn": -0.4, "intervened": true}
REFLEXGUARD_DECISION={"t_ms": 5824, "left": 4.544244884890702e-07, "right": 0.022741808141569498, "left_area": 0.0, "right_area": 0.0069010416666666664, "escape": 0.0, "signal": "NONE", "reason": "control_recovering", "user_forward": 3.0, "forward": 3.0, "turn": -1.1150821336450027, "intervened": true}
REFLEXGUARD_DECISION={"t_ms": 5856, "left": 3.671235443610997e-07, "right": 0.018372806531340616, "left_area": 0.0, "right_area": 0.008333333333333333, "escape": 0.0, "signal": "NONE", "reason": "avoid_passing", "user_forward": 3.0, "forward": 3.0, "turn": 0.0, "intervened": false}
REFLEXGUARD_DECISION={"t_ms": 5888, "left": 2.9659426425804964e-07, "right": 0.014843147815544631, "left_area": 0.0, "right_area": 0.008333333333333333, "escape": 0.0, "signal": "NONE", "reason": "control_recovering", "user_forward": 3.0, "forward": 3.0, "turn": -1.099374645311697, "intervened": true}
REFLEXGUARD_DECISION={"t_ms": 5952, "left": 1.935814636294399e-07, "right": 0.009687841692384548, "left_area": 0.0, "right_area": 0.008984375, "escape": 0.0, "signal": "NONE", "reason": "avoid_passing", "user_forward": 3.0, "forward": 3.0, "turn": 0.0, "intervened": false}
REFLEXGUARD_DECISION={"t_ms": 5984, "left": 1.563919085578915e-07, "right": 0.00782667939208781, "left_area": 0.0, "right_area": 0.008463541666666666, "escape": 0.0, "signal": "NONE", "reason": "control_recovering", "user_forward": 3.0, "forward": 3.0, "turn": -1.063156319468886, "intervened": true}
REFLEXGUARD_DECISION={"t_ms": 6048, "left": 1.0207403920696861e-07, "right": 0.005108325529722759, "left_area": 0.0, "right_area": 0.009244791666666667, "escape": 0.0, "signal": "NONE", "reason": "avoid_passing", "user_forward": 3.0, "forward": 3.0, "turn": 0.0, "intervened": false}
REFLEXGUARD_DECISION={"t_ms": 6080, "left": 8.24642685642094e-08, "right": 0.004126948748861756, "left_area": 0.0, "right_area": 0.008463541666666666, "escape": 0.0, "signal": "NONE", "reason": "control_recovering", "user_forward": 3.0, "forward": 3.0, "turn": -1.0111740258278554, "intervened": true}
REFLEXGUARD_DECISION={"t_ms": 6336, "left": 1.4964764800507925e-08, "right": 0.03595093055114394, "left_area": 0.0, "right_area": 0.009505208333333333, "escape": 0.0, "signal": "NONE", "reason": "avoid_right", "user_forward": 3.0, "forward": 3.0, "turn": -0.4, "intervened": true}
REFLEXGUARD_DECISION={"t_ms": 6752, "left": 0.5796708682702062, "right": 0.09178681607664822, "left_area": 0.003125, "right_area": 0.007161458333333333, "escape": 0.3533397973387788, "signal": "STOP", "reason": "control_recovering", "user_forward": 3.0, "forward": 2.25, "turn": -0.5665839109552513, "intervened": true}
REFLEXGUARD_DECISION={"t_ms": 7264, "left": 0.9861580377940187, "right": 0.008273025004703198, "left_area": 0.015755208333333333, "right_area": 0.0, "escape": 0.9787046735292595, "signal": "STOP", "reason": "control_recovering", "user_forward": 3.0, "forward": 2.25, "turn": -0.31111759623687485, "intervened": true}
REFLEXGUARD_DECISION={"t_ms": 7776, "left": 0.9133163745093157, "right": 0.00027244102490106467, "left_area": 0.02421875, "right_area": 0.0, "escape": 0.866640576168178, "signal": "STOP", "reason": "control_recovering", "user_forward": 3.0, "forward": 2.25, "turn": -0.15492329814379213, "intervened": true}
REFLEXGUARD_DECISION={"t_ms": 8288, "left": 0.9954845059434186, "right": 8.971822520413786e-06, "left_area": 0.04830729166666667, "right_area": 0.0, "escape": 0.9930530860667979, "signal": "STOP", "reason": "control_recovering", "user_forward": 3.0, "forward": 2.25, "turn": 0.07382694724512925, "intervened": true}
REFLEXGUARD_DECISION={"t_ms": 8800, "left": 0.9998512991526062, "right": 2.954532980744539e-07, "left_area": 0.12630208333333334, "right_area": 0.0, "escape": 0.999771229465548, "signal": "STOP", "reason": "control_recovering", "user_forward": 3.0, "forward": 2.25, "turn": 0.18268374110618343, "intervened": true}
REFLEXGUARD_DECISION={"t_ms": 9120, "left": 0.9999823875996587, "right": 3.499402901209885e-08, "left_area": 0.203515625, "right_area": 0.0, "escape": 0.999972903999475, "signal": "STOP", "reason": "avoid_passing", "user_forward": 3.0, "forward": 2.25, "turn": 0.0, "intervened": true}
REFLEXGUARD_DECISION={"t_ms": 9216, "left": 0.9605954227478598, "right": 1.8452086384822367e-08, "left_area": 0.21640625, "right_area": 0.0, "escape": 0.9393775734582459, "signal": "STOP", "reason": "control_recovering", "user_forward": 3.0, "forward": 2.25, "turn": 0.23001524704151494, "intervened": true}
REFLEXGUARD_DECISION={"t_ms": 9440, "left": 0.4949014739336348, "right": 4.144756800755097e-09, "left_area": 0.22252604166666667, "right_area": 0.0, "escape": 0.22292534451328436, "signal": "STOP", "reason": "avoid_passing", "user_forward": 3.0, "forward": 3.0, "turn": 0.0, "intervened": false}
REFLEXGUARD_DECISION={"t_ms": 9568, "left": 0.21082435938912744, "right": 0.5515237737580241, "left_area": 0.20299479166666667, "right_area": 0.0026041666666666665, "escape": 0.3100365750123448, "signal": "STOP", "reason": "control_recovering", "user_forward": 3.0, "forward": 2.25, "turn": 0.21408181419907982, "intervened": true}
REFLEXGUARD_DECISION={"t_ms": 10080, "left": 0.006942708926110016, "right": 0.9720558056894946, "left_area": 0.002864583333333333, "right_area": 0.011458333333333333, "escape": 0.9570089318299917, "signal": "STOP", "reason": "control_recovering", "user_forward": 3.0, "forward": 2.25, "turn": 0.18858941994328077, "intervened": true}
REFLEXGUARD_DECISION={"t_ms": 10368, "left": 0.0010178494646122548, "right": 0.9441477759415259, "left_area": 0.0, "right_area": 0.015755208333333333, "escape": 0.9140735014485013, "signal": "STOP", "reason": "control_recovered", "user_forward": 3.0, "forward": 2.25, "turn": 0.1495158728715389, "intervened": true}
REFLEXGUARD_DECISION={"t_ms": 10400, "left": 0.0008223071435189311, "right": 0.878611381498096, "left_area": 0.0, "right_area": 0.015755208333333333, "escape": 0.81324827922784, "signal": "STOP", "reason": "avoid_right", "user_forward": 3.0, "forward": 0.65, "turn": -0.4, "intervened": true}
REFLEXGUARD_DECISION={"t_ms": 10432, "left": 0.0006643310841056984, "right": 0.9019317378390178, "left_area": 0.0, "right_area": 0.018489583333333334, "escape": 0.8491257505215659, "signal": "STOP", "reason": "avoid_left", "user_forward": 3.0, "forward": 2.25, "turn": 0.14207407103523714, "intervened": true}
REFLEXGUARD_DECISION={"t_ms": 10944, "left": 2.1877250621689015e-05, "right": 0.6481506325570623, "left_area": 0.0, "right_area": 0.023697916666666666, "escape": 0.45869328085701894, "signal": "STOP", "reason": "avoid_left", "user_forward": 3.0, "forward": 2.25, "turn": 0.0798498192683741, "intervened": true}
REFLEXGUARD_DECISION={"t_ms": 11264, "left": 0.367779355398172, "right": 0.7519904598427212, "left_area": 0.001171875, "right_area": 0.03125, "escape": 0.6184468612964942, "signal": "STOP", "reason": "avoid_passing", "user_forward": 3.0, "forward": 2.25, "turn": 0.048738120270846355, "intervened": true}
REFLEXGUARD_DECISION={"t_ms": 11776, "left": 0.6171644930512086, "right": 0.9705622263608098, "left_area": 0.003125, "right_area": 0.057291666666666664, "escape": 0.954711117478169, "signal": "STOP", "reason": "avoid_passing", "user_forward": 3.0, "forward": 2.25, "turn": 0.011676030139275241, "intervened": true}
REFLEXGUARD_DECISION={"t_ms": 11872, "left": 0.50587583555462, "right": 0.984477684979361, "left_area": 0.002734375, "right_area": 0.065625, "escape": 0.976119515352863, "signal": "STOP", "reason": "avoid_right", "user_forward": 3.0, "forward": 0.65, "turn": -0.4, "intervened": true}
REFLEXGUARD_DECISION={"t_ms": 12384, "left": 0.4727577922453767, "right": 0.6304260602315221, "left_area": 0.004296875, "right_area": 0.09348958333333333, "escape": 0.43142470804849564, "signal": "STOP", "reason": "avoid_right", "user_forward": 3.0, "forward": 0.65, "turn": -0.4, "intervened": true}
REFLEXGUARD_DECISION={"t_ms": 12416, "left": 0.5740479816762688, "right": 0.588409646540636, "left_area": 0.0046875, "right_area": 0.094140625, "escape": 0.3667840716009785, "signal": "STOP", "reason": "avoid_passing", "user_forward": 3.0, "forward": 2.25, "turn": 0.0392987150136305, "intervened": true}
REFLEXGUARD_DECISION={"t_ms": 12448, "left": 0.6558789883557663, "right": 0.48045152490524234, "left_area": 0.00546875, "right_area": 0.090625, "escape": 0.47058305900887126, "signal": "STOP", "reason": "avoid_left", "user_forward": 3.0, "forward": 2.25, "turn": 0.05458259856858077, "intervened": true}
REFLEXGUARD_DECISION={"t_ms": 12544, "left": 0.508543714321331, "right": 0.36093854076217213, "left_area": 0.004036458333333334, "right_area": 0.09479166666666666, "escape": 0.24391340664820166, "signal": "STOP", "reason": "avoid_right", "user_forward": 3.0, "forward": 0.65, "turn": -0.4, "intervened": true}
REFLEXGUARD_DECISION={"t_ms": 12576, "left": 0.5669060572711057, "right": 0.3282960961483306, "left_area": 0.00546875, "right_area": 0.09440104166666667, "escape": 0.3337016265709318, "signal": "STOP", "reason": "avoid_left", "user_forward": 3.0, "forward": 2.25, "turn": 0.11680855464425871, "intervened": true}
REFLEXGUARD_DECISION={"t_ms": 12672, "left": 0.5548890745474471, "right": 0.3984032269633617, "left_area": 0.005078125, "right_area": 0.10325520833333333, "escape": 0.3152139608422263, "signal": "STOP", "reason": "avoid_right", "user_forward": 3.0, "forward": 0.65, "turn": -0.4, "intervened": true}
REFLEXGUARD_DECISION={"t_ms": 12800, "left": 0.49824887634293624, "right": 0.528390396648321, "left_area": 0.006510416666666667, "right_area": 0.111328125, "escape": 0.27444676407434, "signal": "STOP", "reason": "avoid_left", "user_forward": 3.0, "forward": 2.25, "turn": 0.19651818602339194, "intervened": true}
REFLEXGUARD_DECISION={"t_ms": 12832, "left": 0.4025286886830123, "right": 0.577485207277787, "left_area": 0.004427083333333333, "right_area": 0.11575520833333333, "escape": 0.34997724196582614, "signal": "STOP", "reason": "avoid_right", "user_forward": 3.0, "forward": 0.65, "turn": -0.4, "intervened": true}
REFLEXGUARD_DECISION={"t_ms": 12864, "left": 0.49733939488530926, "right": 0.585902004020483, "left_area": 0.006119791666666667, "right_area": 0.11627604166666666, "escape": 0.3629261600315123, "signal": "STOP", "reason": "avoid_left", "user_forward": 3.0, "forward": 2.25, "turn": 0.2121694164936322, "intervened": true}
REFLEXGUARD_DECISION={"t_ms": 12896, "left": 0.5939071338915335, "right": 0.6014834128347141, "left_area": 0.00703125, "right_area": 0.11927083333333334, "escape": 0.3868975582072524, "signal": "STOP", "reason": "avoid_right", "user_forward": 3.0, "forward": 0.65, "turn": -0.4, "intervened": true}
REFLEXGUARD_DECISION={"t_ms": 12928, "left": 0.479809731954721, "right": 0.5853042454889983, "left_area": 0.005729166666666666, "right_area": 0.11953125, "escape": 0.36200653152153583, "signal": "STOP", "reason": "avoid_left", "user_forward": 3.0, "forward": 2.25, "turn": 0.22636465957366597, "intervened": true}
REFLEXGUARD_DECISION={"t_ms": 12960, "left": 0.5209536060452093, "right": 0.5686938554389938, "left_area": 0.006510416666666667, "right_area": 0.12122395833333334, "escape": 0.33645208529075965, "signal": "STOP", "reason": "avoid_right", "user_forward": 3.0, "forward": 0.65, "turn": -0.4, "intervened": true}
REFLEXGUARD_DECISION={"t_ms": 13024, "left": 0.3486017180033073, "right": 0.5962327059093004, "left_area": 0.0048177083333333336, "right_area": 0.127734375, "escape": 0.3788195475527699, "signal": "STOP", "reason": "avoid_left", "user_forward": 3.0, "forward": 2.25, "turn": 0.24371088858349327, "intervened": true}
REFLEXGUARD_DECISION={"t_ms": 13056, "left": 0.3817921692420754, "right": 0.6220771809279421, "left_area": 0.00625, "right_area": 0.13216145833333334, "escape": 0.4185802783506801, "signal": "STOP", "reason": "avoid_right", "user_forward": 3.0, "forward": 0.65, "turn": -0.4, "intervened": true}
REFLEXGUARD_DECISION={"t_ms": 13184, "left": 0.2873782758372232, "right": 0.6175193801801493, "left_area": 0.005989583333333334, "right_area": 0.14192708333333334, "escape": 0.4115682772002297, "signal": "STOP", "reason": "avoid_left", "user_forward": 3.0, "forward": 2.25, "turn": 0.2724585104692811, "intervened": true}
REFLEXGUARD_DECISION={"t_ms": 13216, "left": 0.23921344423471816, "right": 0.6128799671017287, "left_area": 0.005859375, "right_area": 0.14375, "escape": 0.4044307186180441, "signal": "STOP", "reason": "avoid_right", "user_forward": 3.0, "forward": 0.65, "turn": -0.4, "intervened": true}
REFLEXGUARD_DECISION={"t_ms": 13728, "left": 0.9410625027675864, "right": 0.059924427153191975, "left_area": 0.06315104166666667, "right_area": 0.12161458333333333, "escape": 0.9093269273347483, "signal": "STOP", "reason": "avoid_right", "user_forward": 3.0, "forward": 0.65, "turn": -0.4, "intervened": true}
REFLEXGUARD_DECISION={"t_ms": 14240, "left": 0.9980591147564556, "right": 0.001973386075944842, "left_area": 0.1640625, "right_area": 0.06848958333333334, "escape": 0.9970140227022394, "signal": "STOP", "reason": "avoid_right", "user_forward": 3.0, "forward": 0.65, "turn": -0.4, "intervened": true}
REFLEXGUARD_DECISION={"t_ms": 14752, "left": 0.9999360842298113, "right": 6.498606310874928e-05, "left_area": 0.41315104166666666, "right_area": 0.0, "escape": 0.9999016680458636, "signal": "STOP", "reason": "avoid_right", "user_forward": 3.0, "forward": 0.65, "turn": -0.4, "intervened": true}
REFLEXGUARD_DECISION={"t_ms": 15264, "left": 0.3846931239800472, "right": 2.140072056783067e-06, "left_area": 0.6182291666666667, "right_area": 0.0, "escape": 0.05337403689238031, "signal": "RIGHT", "reason": "avoid_right", "user_forward": 3.0, "forward": 0.65, "turn": -0.4, "intervened": true}
REFLEXGUARD_DECISION={"t_ms": 15520, "left": 0.06981013984561779, "right": 3.8835820099418676e-07, "left_area": 0.537890625, "right_area": 0.0, "escape": 0.0, "signal": "NONE", "reason": "avoid_passing", "user_forward": 3.0, "forward": 0.3, "turn": 0.0, "intervened": true}
REFLEXGUARD_DECISION={"t_ms": 16032, "left": 0.0022989349164561227, "right": 1.2789119608298065e-08, "left_area": 0.4473958333333333, "right_area": 0.0, "escape": 0.0, "signal": "NONE", "reason": "avoid_passing", "user_forward": 3.0, "forward": 0.65, "turn": 0.0, "intervened": true}
REFLEXGUARD_DECISION={"t_ms": 16544, "left": 7.570679219077486e-05, "right": 4.2116164905656875e-10, "left_area": 0.16940104166666667, "right_area": 0.0, "escape": 0.0, "signal": "NONE", "reason": "avoid_passing", "user_forward": 3.0, "forward": 0.65, "turn": 0.0, "intervened": true}
REFLEXGUARD_DECISION={"t_ms": 17056, "left": 2.4931190277680763e-06, "right": 1.3869378039201342e-11, "left_area": 0.0, "right_area": 0.0, "escape": 0.0, "signal": "NONE", "reason": "avoid_passing", "user_forward": 3.0, "forward": 0.65, "turn": 0.0, "intervened": true}
REFLEXGUARD_DECISION={"t_ms": 17568, "left": 8.210151700730275e-08, "right": 4.567359056200375e-13, "left_area": 0.0, "right_area": 0.0, "escape": 0.0, "signal": "NONE", "reason": "avoid_passing", "user_forward": 3.0, "forward": 0.65, "turn": 0.0, "intervened": true}
REFLEXGUARD_DECISION={"t_ms": 18080, "left": 2.703705286359667e-09, "right": 1.5040882647580382e-14, "left_area": 0.0, "right_area": 0.0, "escape": 0.0, "signal": "NONE", "reason": "avoid_passing", "user_forward": 3.0, "forward": 0.65, "turn": 0.0, "intervened": true}
REFLEXGUARD_DECISION={"t_ms": 18112, "left": 2.1842878030990547e-09, "right": 1.2151330502145425e-14, "left_area": 0.0, "right_area": 0.0, "escape": 0.0, "signal": "NONE", "reason": "avoid_left", "user_forward": 3.0, "forward": 0.65, "turn": 0.4, "intervened": true}
REFLEXGUARD_DECISION={"t_ms": 18240, "left": 9.304904128687136e-10, "right": 5.1763767209630585e-15, "left_area": 0.0, "right_area": 0.0, "escape": 0.0, "signal": "NONE", "reason": "avoid_passing", "user_forward": 3.0, "forward": 0.3, "turn": 0.0, "intervened": true}
REFLEXGUARD_DECISION={"t_ms": 18624, "left": 7.193131985179474e-11, "right": 4.001584588507884e-16, "left_area": 0.0, "right_area": 0.0, "escape": 0.0, "signal": "NONE", "reason": "avoid_left", "user_forward": 3.0, "forward": 0.65, "turn": 0.4, "intervened": true}
REFLEXGUARD_DECISION={"t_ms": 18720, "left": 3.792884000926871e-11, "right": 2.1100052376876274e-16, "left_area": 0.0, "right_area": 0.0, "escape": 0.0, "signal": "NONE", "reason": "avoid_passing", "user_forward": 3.0, "forward": 0.3, "turn": 0.0, "intervened": true}
REFLEXGUARD_DECISION={"t_ms": 18848, "left": 1.6157404692633973e-11, "right": 8.988465906303802e-17, "left_area": 0.0, "right_area": 0.0, "escape": 0.0, "signal": "NONE", "reason": "avoid_left", "user_forward": 3.0, "forward": 0.65, "turn": 0.4, "intervened": true}
REFLEXGUARD_DECISION={"t_ms": 18880, "left": 1.3053353920602189e-11, "right": 7.261662928560516e-17, "left_area": 0.0, "right_area": 0.0, "escape": 0.0, "signal": "NONE", "reason": "avoid_passing", "user_forward": 3.0, "forward": 0.3, "turn": 0.0, "intervened": true}
REFLEXGUARD_DECISION={"t_ms": 18976, "left": 6.882934630686159e-12, "right": 3.829019848184217e-17, "left_area": 0.0, "right_area": 0.0, "escape": 0.0, "signal": "NONE", "reason": "avoid_left", "user_forward": 3.0, "forward": 0.65, "turn": 0.4, "intervened": true}
REFLEXGUARD_DECISION={"t_ms": 19008, "left": 5.560632010886966e-12, "right": 3.0934145797651044e-17, "left_area": 0.0, "right_area": 0.0, "escape": 0.0, "signal": "NONE", "reason": "avoid_passing", "user_forward": 3.0, "forward": 0.3, "turn": 0.0, "intervened": true}
REFLEXGUARD_DECISION={"t_ms": 19104, "left": 2.9320791322319598e-12, "right": 1.6311340723344503e-17, "left_area": 0.0, "right_area": 0.0, "escape": 0.0, "signal": "NONE", "reason": "avoid_left", "user_forward": 3.0, "forward": 0.65, "turn": 0.4, "intervened": true}
REFLEXGUARD_DECISION={"t_ms": 19616, "left": 9.655702036705708e-14, "right": 5.371527804705185e-19, "left_area": 0.0, "right_area": 0.0, "escape": 0.0, "signal": "NONE", "reason": "avoid_left", "user_forward": 3.0, "forward": 0.65, "turn": 0.4, "intervened": true}
REFLEXGUARD_DECISION={"t_ms": 20128, "left": 3.1797430293319604e-15, "right": 1.768911056797837e-20, "left_area": 0.0, "right_area": 0.0, "escape": 0.0, "signal": "NONE", "reason": "avoid_left", "user_forward": 3.0, "forward": 0.65, "turn": 0.4, "intervened": true}
REFLEXGUARD_DECISION={"t_ms": 20160, "left": 2.568872410391516e-15, "right": 1.429079887376668e-20, "left_area": 0.0, "right_area": 0.0, "escape": 0.0, "signal": "NONE", "reason": "avoid_passing", "user_forward": 3.0, "forward": 0.65, "turn": 0.0, "intervened": true}
REFLEXGUARD_DECISION={"t_ms": 20224, "left": 1.6766544097704357e-15, "right": 9.327333990554821e-21, "left_area": 0.0, "right_area": 0.0, "escape": 0.0, "signal": "NONE", "reason": "control_recovering", "user_forward": 3.0, "forward": 3.0, "turn": 1.2, "intervened": true}
REFLEXGUARD_DECISION={"t_ms": 20736, "left": 5.5214319495355485e-17, "right": 3.0716073389560102e-22, "left_area": 0.0, "right_area": 0.0, "escape": 0.0, "signal": "NONE", "reason": "control_recovering", "user_forward": 3.0, "forward": 3.0, "turn": 1.2, "intervened": true}
REFLEXGUARD_DECISION={"t_ms": 21248, "left": 1.8182763600953418e-18, "right": 1.0115185812240023e-23, "left_area": 0.0, "right_area": 0.0, "escape": 0.0, "signal": "NONE", "reason": "control_recovering", "user_forward": 3.0, "forward": 3.0, "turn": 0.7964776890716945, "intervened": true}
REFLEXGUARD_DECISION={"t_ms": 21760, "left": 5.987810683711624e-20, "right": 3.331056763619978e-25, "left_area": 0.0, "right_area": 0.0, "escape": 0.0, "signal": "NONE", "reason": "control_recovering", "user_forward": 3.0, "forward": 3.0, "turn": 0.41291373661045216, "intervened": true}
REFLEXGUARD_DECISION={"t_ms": 22272, "left": 1.971860690202838e-21, "right": 1.096958510542793e-26, "left_area": 0.0, "right_area": 0.0, "escape": 0.0, "signal": "NONE", "reason": "control_recovering", "user_forward": 3.0, "forward": 3.0, "turn": 0.20939949111631706, "intervened": true}
REFLEXGUARD_DECISION={"t_ms": 22784, "left": 6.493583025502471e-23, "right": 3.6124211000972993e-28, "left_area": 0.0, "right_area": 0.0, "escape": 0.0, "signal": "NONE", "reason": "control_recovering", "user_forward": 3.0, "forward": 3.0, "turn": 0.10563102363777638, "intervened": true}
REFLEXGUARD_DECISION={"t_ms": 23008, "left": 1.4586059183181267e-23, "right": 8.114316511186021e-29, "left_area": 0.0, "right_area": 0.0, "escape": 0.0, "signal": "NONE", "reason": "avoid_right", "user_forward": 3.0, "forward": 0.65, "turn": -0.4, "intervened": true}
REFLEXGUARD_DECISION={"t_ms": 23520, "left": 4.803371089624857e-25, "right": 2.672145563953194e-30, "left_area": 0.0, "right_area": 0.0, "escape": 0.0, "signal": "NONE", "reason": "avoid_right", "user_forward": 3.0, "forward": 0.65, "turn": -0.4, "intervened": true}
REFLEXGUARD_DECISION={"t_ms": 24000, "left": 1.9579599213907557e-26, "right": 1.0892254253774653e-31, "left_area": 0.0, "right_area": 0.0, "escape": 0.0, "signal": "NONE", "reason": "avoid_passing", "user_forward": 3.0, "forward": 3.0, "turn": 0.0, "intervened": false}
REFLEXGUARD_DECISION={"t_ms": 24032, "left": 1.5818099690180828e-26, "right": 8.799708398250625e-32, "left_area": 0.0, "right_area": 0.0, "escape": 0.0, "signal": "NONE", "reason": "avoid_right", "user_forward": 3.0, "forward": 0.65, "turn": -0.4, "intervened": true}
REFLEXGUARD_DECISION={"t_ms": 24160, "left": 6.738393214773336e-27, "right": 3.748610548937444e-32, "left_area": 0.0, "right_area": 0.0, "escape": 0.0, "signal": "NONE", "reason": "control_recovering", "user_forward": 3.0, "forward": 3.0, "turn": 0.3227010100119421, "intervened": true}
REFLEXGUARD_DECISION={"t_ms": 24192, "left": 5.443858909390338e-27, "right": 3.0284529685693253e-32, "left_area": 0.0, "right_area": 0.0, "escape": 0.0, "signal": "NONE", "reason": "avoid_right", "user_forward": 3.0, "forward": 0.65, "turn": -0.4, "intervened": true}
REFLEXGUARD_DECISION={"t_ms": 24224, "left": 4.3980217361573836e-27, "right": 2.446647167824905e-32, "left_area": 0.0, "right_area": 0.0, "escape": 0.0, "signal": "NONE", "reason": "control_recovering", "user_forward": 3.0, "forward": 3.0, "turn": 0.3577113452119499, "intervened": true}
REFLEXGUARD_DECISION={"t_ms": 24384, "left": 1.5135958352149593e-27, "right": 8.420228879304775e-33, "left_area": 0.0, "right_area": 0.0, "escape": 0.0, "signal": "NONE", "reason": "avoid_right", "user_forward": 3.0, "forward": 0.65, "turn": -0.4, "intervened": true}
REFLEXGUARD_DECISION={"t_ms": 24896, "left": 4.9844597399079247e-29, "right": 2.7728863196656507e-34, "left_area": 0.0, "right_area": 0.0, "escape": 0.0, "signal": "NONE", "reason": "avoid_right", "user_forward": 3.0, "forward": 0.65, "turn": -0.4, "intervened": true}
REFLEXGUARD_DECISION={"t_ms": 24928, "left": 4.026879212703818e-29, "right": 2.240178246491097e-34, "left_area": 0.0, "right_area": 0.0, "escape": 0.0, "signal": "NONE", "reason": "avoid_passing", "user_forward": 3.0, "forward": 0.65, "turn": 0.0, "intervened": true}
REFLEXGUARD_DECISION={"t_ms": 25440, "left": 1.3261015157552753e-30, "right": 7.377186181452864e-36, "left_area": 0.0, "right_area": 0.0, "escape": 0.0, "signal": "NONE", "reason": "avoid_passing", "user_forward": 3.0, "forward": 0.65, "turn": 0.0, "intervened": true}
REFLEXGUARD_DECISION={"t_ms": 25952, "left": 4.367017576640141e-32, "right": 2.4293993587815763e-37, "left_area": 0.0, "right_area": 0.0, "escape": 0.0, "signal": "NONE", "reason": "avoid_passing", "user_forward": 3.0, "forward": 0.65, "turn": 0.0, "intervened": true}
REFLEXGUARD_DECISION={"t_ms": 26464, "left": 1.438113318483179e-33, "right": 8.000314888739864e-39, "left_area": 0.0, "right_area": 0.0, "escape": 0.0, "signal": "NONE", "reason": "avoid_passing", "user_forward": 3.0, "forward": 0.65, "turn": 0.0, "intervened": true}
REFLEXGUARD_DECISION={"t_ms": 26976, "left": 4.735886404171271e-35, "right": 2.6346034087657533e-40, "left_area": 0.0, "right_area": 0.0, "escape": 0.0, "signal": "NONE", "reason": "avoid_passing", "user_forward": 3.0, "forward": 0.65, "turn": 0.0, "intervened": true}
REFLEXGUARD_DECISION={"t_ms": 27488, "left": 1.5595864209692756e-36, "right": 8.676077401965147e-42, "left_area": 0.0, "right_area": 0.0, "escape": 0.0, "signal": "NONE", "reason": "avoid_passing", "user_forward": 3.0, "forward": 0.65, "turn": 0.0, "intervened": true}
REFLEXGUARD_DECISION={"t_ms": 28000, "left": 5.135912471062285e-38, "right": 2.8571404270730254e-43, "left_area": 0.0, "right_area": 0.0, "escape": 0.0, "signal": "NONE", "reason": "avoid_passing", "user_forward": 3.0, "forward": 0.65, "turn": 0.0, "intervened": true}
REFLEXGUARD_DECISION={"t_ms": 28512, "left": 1.691319990720331e-39, "right": 9.4089195402591e-45, "left_area": 0.0, "right_area": 0.0, "escape": 0.0, "signal": "NONE", "reason": "avoid_passing", "user_forward": 3.0, "forward": 0.65, "turn": 0.0, "intervened": true}
REFLEXGUARD_DECISION={"t_ms": 29024, "left": 5.569727535521177e-41, "right": 3.098474477355706e-46, "left_area": 0.0, "right_area": 0.0, "escape": 0.0, "signal": "NONE", "reason": "avoid_passing", "user_forward": 3.0, "forward": 0.65, "turn": 0.0, "intervened": true}
REFLEXGUARD_DECISION={"t_ms": 29536, "left": 1.8341806985164668e-42, "right": 1.0203662647709643e-47, "left_area": 0.0, "right_area": 0.0, "escape": 0.0, "signal": "NONE", "reason": "avoid_passing", "user_forward": 3.0, "forward": 0.65, "turn": 0.0, "intervened": true}
REFLEXGUARD_DECISION={"t_ms": 29696, "left": 6.312402331898893e-43, "right": 3.5116291401064345e-48, "left_area": 0.0, "right_area": 0.0, "escape": 0.0, "signal": "NONE", "reason": "avoid_right", "user_forward": 3.0, "forward": 0.65, "turn": -0.4, "intervened": true}
REFLEXGUARD_DECISION={"t_ms": 30208, "left": 2.0787527656603548e-44, "right": 1.1564232447734085e-49, "left_area": 0.0, "right_area": 0.0, "escape": 0.0, "signal": "NONE", "reason": "avoid_right", "user_forward": 3.0, "forward": 0.65, "turn": -0.4, "intervened": true}
REFLEXGUARD_DECISION={"t_ms": 30720, "left": 6.845591953009545e-46, "right": 3.8082458816016235e-51, "left_area": 0.0, "right_area": 0.0, "escape": 0.0, "signal": "NONE", "reason": "avoid_right", "user_forward": 3.0, "forward": 0.65, "turn": -0.4, "intervened": true}
REFLEXGUARD_DECISION={"t_ms": 31136, "left": 4.2753103416143155e-47, "right": 2.3783820468387257e-52, "left_area": 0.0, "right_area": 0.0, "escape": 0.0, "signal": "NONE", "reason": "avoid_passing", "user_forward": 3.0, "forward": 0.3, "turn": 0.0, "intervened": true}
REFLEXGUARD_DECISION={"t_ms": 31648, "left": 1.407912982950439e-48, "right": 7.832308521715644e-54, "left_area": 0.0, "right_area": 0.0, "escape": 0.0, "signal": "NONE", "reason": "avoid_passing", "user_forward": 3.0, "forward": 0.3, "turn": 0.0, "intervened": true}
REFLEXGUARD_DECISION={"t_ms": 32032, "left": 1.0883834771373562e-49, "right": 6.054745773430727e-55, "left_area": 0.0, "right_area": 0.0, "escape": 0.0, "signal": "NONE", "reason": "avoid_right", "user_forward": 3.0, "forward": 0.3, "turn": -0.4, "intervened": true}
REFLEXGUARD_DECISION={"t_ms": 32544, "left": 3.584182446301258e-51, "right": 1.9939032495261223e-56, "left_area": 0.0, "right_area": 0.0, "escape": 0.0, "signal": "NONE", "reason": "avoid_right", "user_forward": 3.0, "forward": 0.3, "turn": -0.4, "intervened": true}
REFLEXGUARD_DECISION={"t_ms": 32736, "left": 9.965364117013274e-52, "right": 5.543794768630945e-57, "left_area": 0.0, "right_area": 0.0, "escape": 0.0, "signal": "NONE", "reason": "avoid_passing", "user_forward": 3.0, "forward": 0.3, "turn": 0.0, "intervened": true}
REFLEXGUARD_DECISION={"t_ms": 32768, "left": 8.050886094741851e-52, "right": 4.4787585973577374e-57, "left_area": 0.0, "right_area": 0.0, "escape": 0.0, "signal": "NONE", "reason": "avoid_right", "user_forward": 3.0, "forward": 0.3, "turn": -0.4, "intervened": true}
REFLEXGUARD_DECISION={"t_ms": 32800, "left": 6.504204577919022e-52, "right": 3.618329936546251e-57, "left_area": 0.0, "right_area": 0.0, "escape": 0.0, "signal": "NONE", "reason": "avoid_passing", "user_forward": 3.0, "forward": 0.3, "turn": 0.0, "intervened": true}
REFLEXGUARD_DECISION={"t_ms": 32832, "left": 5.254661001731543e-52, "right": 2.9232009819485826e-57, "left_area": 0.0, "right_area": 0.0, "escape": 0.0, "signal": "NONE", "reason": "avoid_right", "user_forward": 3.0, "forward": 0.3, "turn": -0.4, "intervened": true}
REFLEXGUARD_DECISION={"t_ms": 32896, "left": 3.429617798362815e-52, "right": 1.9079179632290025e-57, "left_area": 0.0, "right_area": 0.0, "escape": 0.0, "signal": "NONE", "reason": "avoid_passing", "user_forward": 3.0, "forward": 0.3, "turn": 0.0, "intervened": true}
REFLEXGUARD_DECISION={"t_ms": 32928, "left": 2.7707429371274993e-52, "right": 1.541381731736688e-57, "left_area": 0.0, "right_area": 0.0, "escape": 0.0, "signal": "NONE", "reason": "avoid_right", "user_forward": 3.0, "forward": 0.3, "turn": -0.4, "intervened": true}
REFLEXGUARD_DECISION={"t_ms": 32992, "left": 1.8084114824399122e-52, "right": 1.0060306877062967e-57, "left_area": 0.0, "right_area": 0.0, "escape": 0.0, "signal": "NONE", "reason": "avoid_passing", "user_forward": 3.0, "forward": 0.3, "turn": 0.0, "intervened": true}
REFLEXGUARD_DECISION={"t_ms": 33024, "left": 1.4609917597181155e-52, "right": 8.127589097031101e-58, "left_area": 0.0, "right_area": 0.0, "escape": 0.0, "signal": "NONE", "reason": "avoid_right", "user_forward": 3.0, "forward": 0.3, "turn": -0.4, "intervened": true}
REFLEXGUARD_DECISION={"t_ms": 33088, "left": 9.535616742430242e-53, "right": 5.304723599823483e-58, "left_area": 0.0, "right_area": 0.0, "escape": 0.0, "signal": "NONE", "reason": "avoid_passing", "user_forward": 3.0, "forward": 0.3, "turn": 0.0, "intervened": true}
REFLEXGUARD_DECISION={"t_ms": 33120, "left": 7.703698864886842e-53, "right": 4.285616156599381e-58, "left_area": 0.0, "right_area": 0.0, "escape": 0.0, "signal": "NONE", "reason": "avoid_right", "user_forward": 3.0, "forward": 0.3, "turn": -0.4, "intervened": true}
REFLEXGUARD_DECISION={"t_ms": 33184, "left": 5.02805846686152e-53, "right": 2.797140565829291e-58, "left_area": 0.0, "right_area": 0.0, "escape": 0.0, "signal": "NONE", "reason": "avoid_passing", "user_forward": 3.0, "forward": 0.3, "turn": 0.0, "intervened": true}
REFLEXGUARD_DECISION={"t_ms": 33216, "left": 4.062102048563864e-53, "right": 2.2597729317313408e-58, "left_area": 0.0, "right_area": 0.0, "escape": 0.0, "signal": "NONE", "reason": "avoid_right", "user_forward": 3.0, "forward": 0.3, "turn": -0.4, "intervened": true}
REFLEXGUARD_DECISION={"t_ms": 33248, "left": 3.2817186120045953e-53, "right": 1.825640715153574e-58, "left_area": 0.0, "right_area": 0.0, "escape": 0.0, "signal": "NONE", "reason": "avoid_passing", "user_forward": 3.0, "forward": 0.3, "turn": 0.0, "intervened": true}
REFLEXGUARD_DECISION={"t_ms": 33280, "left": 2.6512571372215853e-53, "right": 1.4749110293452712e-58, "left_area": 0.0, "right_area": 0.0, "escape": 0.0, "signal": "NONE", "reason": "avoid_right", "user_forward": 3.0, "forward": 0.3, "turn": -0.4, "intervened": true}
REFLEXGUARD_DECISION={"t_ms": 33376, "left": 1.3979878026470031e-53, "right": 7.777094119112959e-59, "left_area": 0.0, "right_area": 0.0, "escape": 0.0, "signal": "NONE", "reason": "avoid_passing", "user_forward": 3.0, "forward": 0.3, "turn": 0.0, "intervened": true}
REFLEXGUARD_DECISION={"t_ms": 33440, "left": 9.124401837287609e-54, "right": 5.0759621603873845e-59, "left_area": 0.0, "right_area": 0.0, "escape": 0.0, "signal": "NONE", "reason": "avoid_right", "user_forward": 3.0, "forward": 0.3, "turn": -0.4, "intervened": true}
REFLEXGUARD_DECISION={"t_ms": 33504, "left": 5.955324412034201e-54, "right": 3.3129844462552696e-59, "left_area": 0.0, "right_area": 0.0, "escape": 0.0, "signal": "NONE", "reason": "avoid_passing", "user_forward": 3.0, "forward": 0.3, "turn": 0.0, "intervened": true}
REFLEXGUARD_DECISION={"t_ms": 33536, "left": 4.8112279627262293e-54, "right": 2.6765163919014535e-59, "left_area": 0.0, "right_area": 0.0, "escape": 0.0, "signal": "NONE", "reason": "avoid_right", "user_forward": 3.0, "forward": 0.3, "turn": -0.4, "intervened": true}
REFLEXGUARD_DECISION={"t_ms": 33600, "left": 3.140197445184257e-54, "right": 1.7469115994828581e-59, "left_area": 0.0, "right_area": 0.0, "escape": 0.0, "signal": "NONE", "reason": "avoid_passing", "user_forward": 3.0, "forward": 0.3, "turn": 0.0, "intervened": true}
REFLEXGUARD_DECISION={"t_ms": 33632, "left": 2.5369240550896116e-54, "right": 1.4113068162766716e-59, "left_area": 0.0, "right_area": 0.0, "escape": 0.0, "signal": "NONE", "reason": "avoid_right", "user_forward": 3.0, "forward": 0.3, "turn": -0.4, "intervened": true}
REFLEXGUARD_DECISION={"t_ms": 33696, "left": 1.6558023228449953e-54, "right": 9.211332518802354e-60, "left_area": 0.0, "right_area": 0.0, "escape": 0.0, "signal": "NONE", "reason": "avoid_passing", "user_forward": 3.0, "forward": 0.3, "turn": 0.0, "intervened": true}
REFLEXGUARD_DECISION={"t_ms": 33760, "left": 1.0807108422652554e-54, "right": 6.012062422811402e-60, "left_area": 0.0, "right_area": 0.0, "escape": 0.0, "signal": "NONE", "reason": "avoid_right", "user_forward": 3.0, "forward": 0.3, "turn": -0.4, "intervened": true}
REFLEXGUARD_DECISION={"t_ms": 33824, "left": 7.053595157318861e-55, "right": 3.9239593730875784e-60, "left_area": 0.0, "right_area": 0.0, "escape": 0.0, "signal": "NONE", "reason": "avoid_passing", "user_forward": 3.0, "forward": 0.3, "turn": 0.0, "intervened": true}
REFLEXGUARD_DECISION={"t_ms": 33856, "left": 5.698506397076513e-55, "right": 3.1701149684223484e-60, "left_area": 0.0, "right_area": 0.0, "escape": 0.0, "signal": "NONE", "reason": "avoid_right", "user_forward": 3.0, "forward": 0.3, "turn": -0.4, "intervened": true}
REFLEXGUARD_DECISION={"t_ms": 33920, "left": 3.7193072887209705e-55, "right": 2.0690740496817908e-60, "left_area": 0.0, "right_area": 0.0, "escape": 0.0, "signal": "NONE", "reason": "avoid_passing", "user_forward": 3.0, "forward": 0.3, "turn": 0.0, "intervened": true}
REFLEXGUARD_DECISION={"t_ms": 33984, "left": 2.42752148440682e-55, "right": 1.35044547775412e-60, "left_area": 0.0, "right_area": 0.0, "escape": 0.0, "signal": "NONE", "reason": "avoid_right", "user_forward": 3.0, "forward": 0.3, "turn": -0.4, "intervened": true}
REFLEXGUARD_DECISION={"t_ms": 34048, "left": 1.584397335258411e-55, "right": 8.814102079464127e-61, "left_area": 0.0, "right_area": 0.0, "escape": 0.0, "signal": "NONE", "reason": "avoid_passing", "user_forward": 3.0, "forward": 0.3, "turn": 0.0, "intervened": true}
REFLEXGUARD_DECISION={"t_ms": 34080, "left": 1.2800136879294517e-55, "right": 7.120796695029428e-61, "left_area": 0.0, "right_area": 0.0, "escape": 0.0, "signal": "NONE", "reason": "avoid_right", "user_forward": 3.0, "forward": 0.3, "turn": -0.4, "intervened": true}
REFLEXGUARD_DECISION={"t_ms": 34112, "left": 1.0341061581118673e-55, "right": 5.7527976321128324e-61, "left_area": 0.0, "right_area": 0.0, "escape": 0.0, "signal": "NONE", "reason": "avoid_passing", "user_forward": 3.0, "forward": 0.3, "turn": 0.0, "intervened": true}
REFLEXGUARD_DECISION={"t_ms": 34144, "left": 8.354407115557543e-56, "right": 4.647609251243515e-61, "left_area": 0.0, "right_area": 0.0, "escape": 0.0, "signal": "NONE", "reason": "avoid_right", "user_forward": 3.0, "forward": 0.3, "turn": -0.4, "intervened": true}
REFLEXGUARD_DECISION={"t_ms": 34208, "left": 5.452763428286506e-56, "right": 3.0334066084658855e-61, "left_area": 0.0, "right_area": 0.0, "escape": 0.0, "signal": "NONE", "reason": "avoid_passing", "user_forward": 3.0, "forward": 0.3, "turn": 0.0, "intervened": true}
REFLEXGUARD_DECISION={"t_ms": 34240, "left": 4.40521557940483e-56, "right": 2.4506491480930908e-61, "left_area": 0.0, "right_area": 0.0, "escape": 0.0, "signal": "NONE", "reason": "avoid_right", "user_forward": 3.0, "forward": 0.3, "turn": -0.4, "intervened": true}
REFLEXGUARD_DECISION={"t_ms": 34272, "left": 3.55891550335042e-56, "right": 1.979847090162009e-61, "left_area": 0.0, "right_area": 0.0, "escape": 0.0, "signal": "NONE", "reason": "avoid_passing", "user_forward": 3.0, "forward": 0.3, "turn": 0.0, "intervened": true}
REFLEXGUARD_DECISION={"t_ms": 34304, "left": 2.875200845834475e-56, "right": 1.5994923236861797e-61, "left_area": 0.0, "right_area": 0.0, "escape": 0.0, "signal": "NONE", "reason": "avoid_right", "user_forward": 3.0, "forward": 0.3, "turn": -0.4, "intervened": true}
REFLEXGUARD_DECISION={"t_ms": 34368, "left": 1.8765891827260295e-56, "right": 1.043958371406102e-61, "left_area": 0.0, "right_area": 0.0, "escape": 0.0, "signal": "NONE", "reason": "avoid_passing", "user_forward": 3.0, "forward": 0.3, "turn": 0.0, "intervened": true}
REFLEXGUARD_DECISION={"t_ms": 34432, "left": 1.2248142476120725e-56, "right": 6.8137187349372295e-62, "left_area": 0.0, "right_area": 0.0, "escape": 0.0, "signal": "NONE", "reason": "avoid_right", "user_forward": 3.0, "forward": 0.3, "turn": -0.4, "intervened": true}
REFLEXGUARD_DECISION={"t_ms": 34496, "left": 7.99413081436558e-57, "right": 4.44718527773312e-62, "left_area": 0.0, "right_area": 0.0, "escape": 0.0, "signal": "NONE", "reason": "avoid_passing", "user_forward": 3.0, "forward": 0.3, "turn": 0.0, "intervened": true}
REFLEXGUARD_DECISION={"t_ms": 34560, "left": 5.217617904248112e-57, "right": 2.902593673712656e-62, "left_area": 0.0, "right_area": 0.0, "escape": 0.0, "signal": "NONE", "reason": "avoid_right", "user_forward": 3.0, "forward": 0.3, "turn": -0.4, "intervened": true}
REFLEXGUARD_DECISION={"t_ms": 34624, "left": 3.405440469626708e-57, "right": 1.8944679631093005e-62, "left_area": 0.0, "right_area": 0.0, "escape": 0.0, "signal": "NONE", "reason": "avoid_passing", "user_forward": 3.0, "forward": 0.3, "turn": 0.0, "intervened": true}
REFLEXGUARD_DECISION={"t_ms": 34688, "left": 2.2226665510959007e-57, "right": 1.236483389236105e-62, "left_area": 0.0, "right_area": 0.0, "escape": 0.0, "signal": "NONE", "reason": "avoid_right", "user_forward": 3.0, "forward": 0.3, "turn": -0.4, "intervened": true}
REFLEXGUARD_DECISION={"t_ms": 34752, "left": 1.4506923968933973e-57, "right": 8.070293093515862e-63, "left_area": 0.0, "right_area": 0.0, "escape": 0.0, "signal": "NONE", "reason": "avoid_passing", "user_forward": 3.0, "forward": 0.3, "turn": 0.0, "intervened": true}
REFLEXGUARD_DECISION={"t_ms": 34848, "left": 7.649391104987397e-58, "right": 4.2554044080178525e-63, "left_area": 0.0, "right_area": 0.0, "escape": 0.0, "signal": "NONE", "reason": "path_blocked", "user_forward": 3.0, "forward": 0.0, "turn": 0.0, "intervened": true}
REFLEXGUARD_DECISION={"t_ms": 35328, "left": 3.118060405317965e-59, "right": 1.7345966249006237e-64, "left_area": 0.0, "right_area": 0.0, "escape": 0.0, "signal": "NONE", "reason": "avoid_passing", "user_forward": 3.0, "forward": 0.3, "turn": 0.0, "intervened": true}
REFLEXGUARD_DECISION={"t_ms": 35360, "left": 2.5190398328629487e-59, "right": 1.401357710909619e-64, "left_area": 0.0, "right_area": 0.0, "escape": 0.0, "signal": "NONE", "reason": "path_blocked", "user_forward": 3.0, "forward": 0.0, "turn": 0.0, "intervened": true}
REFLEXGUARD_DECISION={"t_ms": 35872, "left": 8.295512142676157e-61, "right": 4.614845607213579e-66, "left_area": 0.0, "right_area": 0.0, "escape": 0.0, "signal": "NONE", "reason": "path_blocked", "user_forward": 3.0, "forward": 0.0, "turn": 0.0, "intervened": true}
REFLEXGUARD_DECISION={"t_ms": 36384, "left": 2.73181554382477e-62, "right": 1.5197261778789327e-67, "left_area": 0.0, "right_area": 0.0, "escape": 0.0, "signal": "NONE", "reason": "path_blocked", "user_forward": 3.0, "forward": 0.0, "turn": 0.0, "intervened": true}
REFLEXGUARD_DECISION={"t_ms": 36896, "left": 8.996209079232444e-64, "right": 5.004647722386136e-69, "left_area": 0.0, "right_area": 0.0, "escape": 0.0, "signal": "NONE", "reason": "path_blocked", "user_forward": 3.0, "forward": 0.0, "turn": 0.0, "intervened": true}
REFLEXGUARD_DECISION={"t_ms": 37408, "left": 2.9625637785175283e-65, "right": 1.6480928728977934e-70, "left_area": 0.0, "right_area": 0.0, "escape": 0.0, "signal": "NONE", "reason": "path_blocked", "user_forward": 3.0, "forward": 0.0, "turn": 0.0, "intervened": true}
REFLEXGUARD_DECISION={"t_ms": 37920, "left": 9.756091776529596e-67, "right": 5.42737524870473e-72, "left_area": 0.0, "right_area": 0.0, "escape": 0.0, "signal": "NONE", "reason": "path_blocked", "user_forward": 3.0, "forward": 0.0, "turn": 0.0, "intervened": true}
REFLEXGUARD_DECISION={"t_ms": 38432, "left": 3.212802621913419e-68, "right": 1.787302316189282e-73, "left_area": 0.0, "right_area": 0.0, "escape": 0.0, "signal": "NONE", "reason": "path_blocked", "user_forward": 3.0, "forward": 0.0, "turn": 0.0, "intervened": true}
REFLEXGUARD_DECISION={"t_ms": 38944, "left": 1.0580159477595119e-69, "right": 5.885809296524954e-75, "left_area": 0.0, "right_area": 0.0, "escape": 0.0, "signal": "NONE", "reason": "path_blocked", "user_forward": 3.0, "forward": 0.0, "turn": 0.0, "intervened": true}
REFLEXGUARD_DECISION={"t_ms": 39456, "left": 3.484178387051953e-71, "right": 1.9382703620572473e-76, "left_area": 0.0, "right_area": 0.0, "escape": 0.0, "signal": "NONE", "reason": "path_blocked", "user_forward": 3.0, "forward": 0.0, "turn": 0.0, "intervened": true}
REFLEXGUARD_DECISION={"t_ms": 39968, "left": 1.147383369646454e-72, "right": 6.382965888221423e-78, "left_area": 0.0, "right_area": 0.0, "escape": 0.0, "signal": "NONE", "reason": "path_blocked", "user_forward": 3.0, "forward": 0.0, "turn": 0.0, "intervened": true}
REFLEXGUARD_DECISION={"t_ms": 40480, "left": 3.778476446078766e-74, "right": 2.101990224261344e-79, "left_area": 0.0, "right_area": 0.0, "escape": 0.0, "signal": "NONE", "reason": "path_blocked", "user_forward": 3.0, "forward": 0.0, "turn": 0.0, "intervened": true}
REFLEXGUARD_DECISION={"t_ms": 40992, "left": 1.2442993886142162e-75, "right": 6.922115800498829e-81, "left_area": 0.0, "right_area": 0.0, "escape": 0.0, "signal": "NONE", "reason": "path_blocked", "user_forward": 3.0, "forward": 0.0, "turn": 0.0, "intervened": true}
REFLEXGUARD_DECISION={"t_ms": 41504, "left": 4.09763297614966e-77, "right": 2.2795390103373823e-82, "left_area": 0.0, "right_area": 0.0, "escape": 0.0, "signal": "NONE", "reason": "path_blocked", "user_forward": 3.0, "forward": 0.0, "turn": 0.0, "intervened": true}
REFLEXGUARD_DECISION={"t_ms": 42016, "left": 1.3494016119327124e-78, "right": 7.506806082723248e-84, "left_area": 0.0, "right_area": 0.0, "escape": 0.0, "signal": "NONE", "reason": "path_blocked", "user_forward": 3.0, "forward": 0.0, "turn": 0.0, "intervened": true}
REFLEXGUARD_DECISION={"t_ms": 42528, "left": 4.443747697475815e-80, "right": 2.4720848078520224e-85, "left_area": 0.0, "right_area": 0.0, "escape": 0.0, "signal": "NONE", "reason": "path_blocked", "user_forward": 3.0, "forward": 0.0, "turn": 0.0, "intervened": true}
REFLEXGUARD_DECISION={"t_ms": 43040, "left": 1.4633815036383916e-81, "right": 8.140883392842092e-87, "left_area": 0.0, "right_area": 0.0, "escape": 0.0, "signal": "NONE", "reason": "path_blocked", "user_forward": 3.0, "forward": 0.0, "turn": 0.0, "intervened": true}
REFLEXGUARD_DECISION={"t_ms": 43552, "left": 4.819097687313318e-83, "right": 2.680894369212081e-88, "left_area": 0.0, "right_area": 0.0, "escape": 0.0, "signal": "NONE", "reason": "path_blocked", "user_forward": 3.0, "forward": 0.0, "turn": 0.0, "intervened": true}
REFLEXGUARD_DECISION={"t_ms": 44064, "left": 1.5869889336531655e-84, "right": 8.828519304418998e-90, "left_area": 0.0, "right_area": 0.0, "escape": 0.0, "signal": "NONE", "reason": "path_blocked", "user_forward": 3.0, "forward": 0.0, "turn": 0.0, "intervened": true}
REFLEXGUARD_DECISION={"t_ms": 44576, "left": 5.226152360778793e-86, "right": 2.9073414455865495e-91, "left_area": 0.0, "right_area": 0.0, "escape": 0.0, "signal": "NONE", "reason": "path_blocked", "user_forward": 3.0, "forward": 0.0, "turn": 0.0, "intervened": true}
REFLEXGUARD_DECISION={"t_ms": 45088, "left": 1.7210371111537249e-87, "right": 9.57423775127776e-93, "left_area": 0.0, "right_area": 0.0, "escape": 0.0, "signal": "NONE", "reason": "path_blocked", "user_forward": 3.0, "forward": 0.0, "turn": 0.0, "intervened": true}
REFLEXGUARD_DECISION={"t_ms": 45600, "left": 5.667589717049452e-89, "right": 3.1529158247698993e-94, "left_area": 0.0, "right_area": 0.0, "escape": 0.0, "signal": "NONE", "reason": "path_blocked", "user_forward": 3.0, "forward": 0.0, "turn": 0.0, "intervened": true}
REFLEXGUARD_DECISION={"t_ms": 46112, "left": 1.8664079346476994e-90, "right": 1.0382944790312694e-95, "left_area": 0.0, "right_area": 0.0, "escape": 0.0, "signal": "NONE", "reason": "path_blocked", "user_forward": 3.0, "forward": 0.0, "turn": 0.0, "intervened": true}
REFLEXGUARD_DECISION={"t_ms": 46624, "left": 6.146313957830724e-92, "right": 3.4192331324465074e-97, "left_area": 0.0, "right_area": 0.0, "escape": 0.0, "signal": "NONE", "reason": "path_blocked", "user_forward": 3.0, "forward": 0.0, "turn": 0.0, "intervened": true}
REFLEXGUARD_DECISION={"t_ms": 47136, "left": 2.024057793954651e-93, "right": 1.1259960878273975e-98, "left_area": 0.0, "right_area": 0.0, "escape": 0.0, "signal": "NONE", "reason": "path_blocked", "user_forward": 3.0, "forward": 0.0, "turn": 0.0, "intervened": true}
REFLEXGUARD_DECISION={"t_ms": 47648, "left": 6.665474594002828e-95, "right": 3.70804546133837e-100, "left_area": 0.0, "right_area": 0.0, "escape": 0.0, "signal": "NONE", "reason": "path_blocked", "user_forward": 3.0, "forward": 0.0, "turn": 0.0, "intervened": true}
REFLEXGUARD_DECISION={"t_ms": 48160, "left": 2.1950238622629264e-96, "right": 1.2211055874875953e-101, "left_area": 0.0, "right_area": 0.0, "escape": 0.0, "signal": "NONE", "reason": "path_blocked", "user_forward": 3.0, "forward": 0.0, "turn": 0.0, "intervened": true}
REFLEXGUARD_DECISION={"t_ms": 48672, "left": 7.228487166148232e-98, "right": 4.0212528981649334e-103, "left_area": 0.0, "right_area": 0.0, "escape": 0.0, "signal": "NONE", "reason": "path_blocked", "user_forward": 3.0, "forward": 0.0, "turn": 0.0, "intervened": true}
REFLEXGUARD_DECISION={"t_ms": 49184, "left": 2.3804309196576255e-99, "right": 1.3242487002512507e-104, "left_area": 0.0, "right_area": 0.0, "escape": 0.0, "signal": "NONE", "reason": "path_blocked", "user_forward": 3.0, "forward": 0.0, "turn": 0.0, "intervened": true}
REFLEXGUARD_DECISION={"t_ms": 49696, "left": 7.839055715279732e-101, "right": 4.360916024250512e-106, "left_area": 0.0, "right_area": 0.0, "escape": 0.0, "signal": "NONE", "reason": "path_blocked", "user_forward": 3.0, "forward": 0.0, "turn": 0.0, "intervened": true}
REFLEXGUARD_DECISION={"t_ms": 50208, "left": 2.5814987530114173e-102, "right": 1.436104001231541e-107, "left_area": 0.0, "right_area": 0.0, "escape": 0.0, "signal": "NONE", "reason": "path_blocked", "user_forward": 3.0, "forward": 0.0, "turn": 0.0, "intervened": true}
REFLEXGUARD_DECISION={"t_ms": 50720, "left": 8.501197151603225e-104, "right": 4.729269472020378e-109, "left_area": 0.0, "right_area": 0.0, "escape": 0.0, "signal": "NONE", "reason": "path_blocked", "user_forward": 3.0, "forward": 0.0, "turn": 0.0, "intervened": true}
REFLEXGUARD_DECISION={"t_ms": 51232, "left": 2.799550180921863e-105, "right": 1.5574073827385623e-110, "left_area": 0.0, "right_area": 0.0, "escape": 0.0, "signal": "NONE", "reason": "path_blocked", "user_forward": 3.0, "forward": 0.0, "turn": 0.0, "intervened": true}
REFLEXGUARD_DECISION={"t_ms": 51744, "left": 9.219267681636559e-107, "right": 5.128736626573278e-112, "left_area": 0.0, "right_area": 0.0, "escape": 0.0, "signal": "NONE", "reason": "path_blocked", "user_forward": 3.0, "forward": 0.0, "turn": 0.0, "intervened": true}
REFLEXGUARD_DECISION={"t_ms": 52256, "left": 3.036019756491036e-108, "right": 1.6889568956903948e-113, "left_area": 0.0, "right_area": 0.0, "escape": 0.0, "signal": "NONE", "reason": "path_blocked", "user_forward": 3.0, "forward": 0.0, "turn": 0.0, "intervened": true}
REFLEXGUARD_DECISION={"t_ms": 52768, "left": 9.997991467547521e-110, "right": 5.561945569051493e-115, "left_area": 0.0, "right_area": 0.0, "escape": 0.0, "signal": "NONE", "reason": "path_blocked", "user_forward": 3.0, "forward": 0.0, "turn": 0.0, "intervened": true}
REFLEXGUARD_DECISION={"t_ms": 53280, "left": 3.2924632052027342e-111, "right": 1.8316179999635892e-116, "left_area": 0.0, "right_area": 0.0, "escape": 0.0, "signal": "NONE", "reason": "path_blocked", "user_forward": 3.0, "forward": 0.0, "turn": 0.0, "intervened": true}
REFLEXGUARD_DECISION={"t_ms": 53792, "left": 1.0842491707259841e-112, "right": 6.031746366699403e-118, "left_area": 0.0, "right_area": 0.0, "escape": 0.0, "signal": "NONE", "reason": "path_blocked", "user_forward": 3.0, "forward": 0.0, "turn": 0.0, "intervened": true}
REFLEXGUARD_DECISION={"t_ms": 54304, "left": 3.570567659988766e-114, "right": 1.9863292582249514e-119, "left_area": 0.0, "right_area": 0.0, "escape": 0.0, "signal": "NONE", "reason": "path_blocked", "user_forward": 3.0, "forward": 0.0, "turn": 0.0, "intervened": true}
REFLEXGUARD_DECISION={"t_ms": 54816, "left": 1.1758324339802165e-115, "right": 6.541229823361228e-121, "left_area": 0.0, "right_area": 0.0, "escape": 0.0, "signal": "NONE", "reason": "path_blocked", "user_forward": 3.0, "forward": 0.0, "turn": 0.0, "intervened": true}
REFLEXGUARD_DECISION={"t_ms": 55328, "left": 3.8721627608204746e-117, "right": 2.1541085107041543e-122, "left_area": 0.0, "right_area": 0.0, "escape": 0.0, "signal": "NONE", "reason": "path_blocked", "user_forward": 3.0, "forward": 0.0, "turn": 0.0, "intervened": true}
REFLEXGUARD_DECISION={"t_ms": 55840, "left": 1.275151459764641e-118, "right": 7.093747813776856e-124, "left_area": 0.0, "right_area": 0.0, "escape": 0.0, "signal": "NONE", "reason": "path_blocked", "user_forward": 3.0, "forward": 0.0, "turn": 0.0, "intervened": true}
REFLEXGUARD_DECISION={"t_ms": 56352, "left": 4.1992326918493454e-120, "right": 2.3360595715307977e-125, "left_area": 0.0, "right_area": 0.0, "escape": 0.0, "signal": "NONE", "reason": "path_blocked", "user_forward": 3.0, "forward": 0.0, "turn": 0.0, "intervened": true}
REFLEXGUARD_DECISION={"t_ms": 56864, "left": 1.3828596646512083e-121, "right": 7.692935335454425e-127, "left_area": 0.0, "right_area": 0.0, "escape": 0.0, "signal": "NONE", "reason": "path_blocked", "user_forward": 3.0, "forward": 0.0, "turn": 0.0, "intervened": true}
REFLEXGUARD_DECISION={"t_ms": 57376, "left": 4.553929235288632e-123, "right": 2.533379490690914e-128, "left_area": 0.0, "right_area": 0.0, "escape": 0.0, "signal": "NONE", "reason": "path_blocked", "user_forward": 3.0, "forward": 0.0, "turn": 0.0, "intervened": true}
REFLEXGUARD_DECISION={"t_ms": 57888, "left": 1.4996656573425483e-124, "right": 8.342734423198219e-130, "left_area": 0.0, "right_area": 0.0, "escape": 0.0, "signal": "NONE", "reason": "path_blocked", "user_forward": 3.0, "forward": 0.0, "turn": 0.0, "intervened": true}
REFLEXGUARD_DECISION={"t_ms": 58400, "left": 4.9385859279170694e-126, "right": 2.7473664293790646e-131, "left_area": 0.0, "right_area": 0.0, "escape": 0.0, "signal": "NONE", "reason": "path_blocked", "user_forward": 3.0, "forward": 0.0, "turn": 0.0, "intervened": true}
REFLEXGUARD_DECISION={"t_ms": 58912, "left": 1.6263379005850972e-127, "right": 9.047420083624706e-133, "left_area": 0.0, "right_area": 0.0, "escape": 0.0, "signal": "NONE", "reason": "path_blocked", "user_forward": 3.0, "forward": 0.0, "turn": 0.0, "intervened": true}
REFLEXGUARD_DECISION={"t_ms": 59424, "left": 5.355733413339847e-129, "right": 2.9794282005577247e-134, "left_area": 0.0, "right_area": 0.0, "escape": 0.0, "signal": "NONE", "reason": "path_blocked", "user_forward": 3.0, "forward": 0.0, "turn": 0.0, "intervened": true}
REFLEXGUARD_DECISION={"t_ms": 59936, "left": 1.763709766859979e-130, "right": 9.81162842028908e-136, "left_area": 0.0, "right_area": 0.0, "escape": 0.0, "signal": "NONE", "reason": "path_blocked", "user_forward": 3.0, "forward": 0.0, "turn": 0.0, "intervened": true}
REFLEXGUARD_RESULT={"world":"corridor_demo","drive":"forward","duration_s":60.0,"collision":false,"collision_events":0,"min_clearance_estimate_m":0.0,"displacement_m":42.682243173339735,"yaw_change_rad":-1.098819746271609,"camera_frames":1874,"camera_pixel_range":190,"camera_width":160,"camera_height":120,"remote_stop_steps":0,"remote_interventions":0,"control_failures":0,"navigation_steps":1046,"recoveries":1,"passed_obstacles":4,"brain_steps":1874,"interventions":1814,"stop_steps":785,"brain_failures":0,"max_looming":0.9999906295031005,"final_forward":0.0}
INFO: wheelchair: Terminating.
INFO: scenario: Terminating.
{"world":"corridor_demo","drive":"forward","duration_s":60.0,"collision":false,"collision_events":0,"min_clearance_estimate_m":0.0,"displacement_m":42.682243173339735,"yaw_change_rad":-1.098819746271609,"camera_frames":1874,"camera_pixel_range":190,"camera_width":160,"camera_height":120,"remote_stop_steps":0,"remote_interventions":0,"control_failures":0,"navigation_steps":1046,"recoveries":1,"passed_obstacles":4,"brain_steps":1874,"interventions":1814,"stop_steps":785,"brain_failures":0,"max_looming":0.9999906295031005,"final_forward":0.0}
Pipeline check failed; inspect the scenario result.
INFO:     Started server process [180063]
INFO:     Waiting for application startup.
INFO:     Application startup complete.
INFO:     Uvicorn running on https://127.0.0.1:8443 (Press CTRL+C to quit)
INFO:     Shutting down
INFO:     Waiting for application shutdown.
INFO:     Application shutdown complete.
INFO:     Finished server process [180063]

