WARNING: DEF PERSON_B Pedestrian: 'name' field value should be unique: 'pedestrian' already used by a sibling Solid node.
INFO: wheelchair: Starting controller: /tmp/reflexguard-settings/.venv/bin/python -u wheelchair.py
INFO: pedestrian: Starting controller: python3 -u pedestrian.py "--trajectory=8 4.5, 8 -4.5" --speed=0.6
INFO: pedestrian: Starting controller: python3 -u pedestrian.py "--trajectory=24 -4.5, 24 4.5" --speed=0.5
INFO: scenario: Starting controller: /tmp/reflexguard-settings/.venv/bin/python -u scenario.py
INFO: pedestrian: refusing connection attempt from another extern controller.
WARNING: 'pedestrian' controller exited with status: 1.
WARNING: 'pedestrian' controller exited with status: 1.
REFLEXGUARD_CALIBRATION={"drive_speed":2.0,"dark_threshold":140,"area_floor":0.008,"area_tau_s":0.12,"looming_tau_s":0.15,"expansion_scale":1.0,"stop_on":0.25,"stop_off":0.12,"turn_on":0.35,"turn_off":0.1,"turn_gain":0.3,"max_turn":1.2,"deceleration":2.0,"release_ms":500}
REFLEXGUARD_RANGES={"heading": 0.0, "nearest": [5.712762355804443, 4.4705986976623535, 3.4404611587524414, 4.4705986976623535]}
REFLEXGUARD_DECISION={"t_ms": 32, "left": 0.0, "right": 0.0, "left_area": 0.0015625, "right_area": 0.0015625, "escape": 0.0, "signal": "NONE", "reason": "user", "user_forward": 2.0, "forward": 2.0, "turn": 0.0, "intervened": false}
REFLEXGUARD_DECISION={"t_ms": 544, "left": 0.04676940217741512, "right": 0.0701542912412238, "left_area": 0.0015625, "right_area": 0.0015625, "escape": 0.0, "signal": "NONE", "reason": "user", "user_forward": 2.0, "forward": 2.0, "turn": 0.0, "intervened": false}
REFLEXGUARD_DECISION={"t_ms": 1056, "left": 0.09510943461546585, "right": 0.4787291153960727, "left_area": 0.00234375, "right_area": 0.003515625, "escape": 0.3125, "signal": "STOP", "reason": "risk_monitoring", "user_forward": 2.0, "forward": 1.5, "turn": 0.0, "intervened": true}
REFLEXGUARD_DECISION={"t_ms": 1088, "left": 0.07683765647028926, "right": 0.3867589315387155, "left_area": 0.001953125, "right_area": 0.002864583333333333, "escape": 0.0, "signal": "NONE", "reason": "user", "user_forward": 2.0, "forward": 2.0, "turn": 0.0, "intervened": false}
REFLEXGUARD_DECISION={"t_ms": 1600, "left": 0.3876565301075239, "right": 0.1698944395268199, "left_area": 0.00390625, "right_area": 0.00390625, "escape": 0.0, "signal": "NONE", "reason": "user", "user_forward": 2.0, "forward": 2.0, "turn": 0.0, "intervened": false}
REFLEXGUARD_DECISION={"t_ms": 1664, "left": 0.46378398339649307, "right": 0.12474756009188581, "left_area": 0.004296875, "right_area": 0.00390625, "escape": 0.3125, "signal": "STOP", "reason": "risk_monitoring", "user_forward": 2.0, "forward": 1.5, "turn": 0.0, "intervened": true}
REFLEXGUARD_DECISION={"t_ms": 1696, "left": 0.3746849567208682, "right": 0.10078190672251572, "left_area": 0.003125, "right_area": 0.0037760416666666667, "escape": 0.0, "signal": "NONE", "reason": "user", "user_forward": 2.0, "forward": 2.0, "turn": 0.0, "intervened": false}
REFLEXGUARD_DECISION={"t_ms": 1792, "left": 0.5084446716178763, "right": 0.1642791233749896, "left_area": 0.0048177083333333336, "right_area": 0.004427083333333333, "escape": 0.3125, "signal": "STOP", "reason": "risk_monitoring", "user_forward": 2.0, "forward": 1.5, "turn": 0.0, "intervened": true}
REFLEXGUARD_DECISION={"t_ms": 1824, "left": 0.4107657370677984, "right": 0.13271893475303137, "left_area": 0.003125, "right_area": 0.0037760416666666667, "escape": 0.15625, "signal": "STOP", "reason": "user", "user_forward": 2.0, "forward": 2.0, "turn": 0.0, "intervened": false}
REFLEXGUARD_DECISION={"t_ms": 1888, "left": 0.46021222665917066, "right": 0.2220493496661542, "left_area": 0.0048177083333333336, "right_area": 0.004427083333333333, "escape": 0.3125, "signal": "STOP", "reason": "risk_monitoring", "user_forward": 2.0, "forward": 1.5, "turn": 0.0, "intervened": true}
REFLEXGUARD_DECISION={"t_ms": 1920, "left": 0.37179938161165405, "right": 0.17939073781776704, "left_area": 0.003125, "right_area": 0.0037760416666666667, "escape": 0.0, "signal": "NONE", "reason": "user", "user_forward": 2.0, "forward": 2.0, "turn": 0.0, "intervened": false}
REFLEXGUARD_DECISION={"t_ms": 1952, "left": 0.483304502670183, "right": 0.21036048018114395, "left_area": 0.0048177083333333336, "right_area": 0.004427083333333333, "escape": 0.3125, "signal": "STOP", "reason": "risk_monitoring", "user_forward": 2.0, "forward": 1.5, "turn": 0.0, "intervened": true}
REFLEXGUARD_DECISION={"t_ms": 1984, "left": 0.3904553265073956, "right": 0.16994745449212717, "left_area": 0.003125, "right_area": 0.0037760416666666667, "escape": 0.0, "signal": "NONE", "reason": "user", "user_forward": 2.0, "forward": 2.0, "turn": 0.0, "intervened": false}
REFLEXGUARD_DECISION={"t_ms": 2016, "left": 0.4923585223228743, "right": 0.20245284857344806, "left_area": 0.0048177083333333336, "right_area": 0.004427083333333333, "escape": 0.3125, "signal": "STOP", "reason": "risk_monitoring", "user_forward": 2.0, "forward": 1.5, "turn": 0.0, "intervened": true}
REFLEXGUARD_DECISION={"t_ms": 2048, "left": 0.3977699494421388, "right": 0.19059065678615303, "left_area": 0.0036458333333333334, "right_area": 0.004296875, "escape": 0.0, "signal": "NONE", "reason": "user", "user_forward": 2.0, "forward": 2.0, "turn": 0.0, "intervened": false}
REFLEXGUARD_DECISION={"t_ms": 2080, "left": 0.47332276393684186, "right": 0.19755203805888671, "left_area": 0.0048177083333333336, "right_area": 0.004427083333333333, "escape": 0.3125, "signal": "STOP", "reason": "risk_monitoring", "user_forward": 2.0, "forward": 1.5, "turn": 0.0, "intervened": true}
REFLEXGUARD_DECISION={"t_ms": 2112, "left": 0.38239121157632094, "right": 0.17010401629086813, "left_area": 0.0036458333333333334, "right_area": 0.004296875, "escape": 0.0, "signal": "NONE", "reason": "user", "user_forward": 2.0, "forward": 2.0, "turn": 0.0, "intervened": false}
REFLEXGUARD_DECISION={"t_ms": 2144, "left": 0.4462645092575094, "right": 0.16834239333296408, "left_area": 0.0048177083333333336, "right_area": 0.004427083333333333, "escape": 0.3125, "signal": "STOP", "reason": "risk_monitoring", "user_forward": 2.0, "forward": 1.5, "turn": 0.0, "intervened": true}
REFLEXGUARD_DECISION={"t_ms": 2176, "left": 0.36053120487833074, "right": 0.13681022822285904, "left_area": 0.0036458333333333334, "right_area": 0.004296875, "escape": 0.0, "signal": "NONE", "reason": "user", "user_forward": 2.0, "forward": 2.0, "turn": 0.0, "intervened": false}
REFLEXGUARD_DECISION={"t_ms": 2240, "left": 0.5294298978436137, "right": 0.14913659303602406, "left_area": 0.005338541666666667, "right_area": 0.004557291666666667, "escape": 0.3125, "signal": "STOP", "reason": "risk_monitoring", "user_forward": 2.0, "forward": 1.5, "turn": 0.0, "intervened": true}
REFLEXGUARD_DECISION={"t_ms": 2304, "left": 0.3892687571884756, "right": 0.10414704973221212, "left_area": 0.0036458333333333334, "right_area": 0.004296875, "escape": 0.0, "signal": "NONE", "reason": "user", "user_forward": 2.0, "forward": 2.0, "turn": 0.0, "intervened": false}
REFLEXGUARD_DECISION={"t_ms": 2368, "left": 0.47380024531646725, "right": 0.34231939501209313, "left_area": 0.005989583333333334, "right_area": 0.005598958333333333, "escape": 0.3125, "signal": "STOP", "reason": "risk_monitoring", "user_forward": 2.0, "forward": 1.5, "turn": 0.0, "intervened": true}
REFLEXGUARD_DECISION={"t_ms": 2432, "left": 0.3887339770492082, "right": 0.27527277913165793, "left_area": 0.004557291666666667, "right_area": 0.0049479166666666664, "escape": 0.0, "signal": "NONE", "reason": "user", "user_forward": 2.0, "forward": 2.0, "turn": 0.0, "intervened": false}
REFLEXGUARD_DECISION={"t_ms": 2496, "left": 0.5094810009305429, "right": 0.25582548414296075, "left_area": 0.005989583333333334, "right_area": 0.005208333333333333, "escape": 0.3125, "signal": "STOP", "reason": "risk_monitoring", "user_forward": 2.0, "forward": 1.5, "turn": 0.0, "intervened": true}
REFLEXGUARD_DECISION={"t_ms": 2560, "left": 0.4458748956356323, "right": 0.2598717739077823, "left_area": 0.004557291666666667, "right_area": 0.0049479166666666664, "escape": 0.15625, "signal": "STOP", "reason": "avoid_left", "user_forward": 2.0, "forward": 2.0, "turn": 0.4, "intervened": true}
REFLEXGUARD_DECISION={"t_ms": 3072, "left": 0.045636855826669084, "right": 0.9189021346475292, "left_area": 0.000390625, "right_area": 0.0140625, "escape": 0.625, "signal": "STOP", "reason": "avoid_left", "user_forward": 2.0, "forward": 1.5, "turn": 0.4, "intervened": true}
REFLEXGUARD_DECISION={"t_ms": 3584, "left": 0.0015028785441373036, "right": 0.8329084958051418, "left_area": 0.0, "right_area": 0.020833333333333332, "escape": 0.46875, "signal": "STOP", "reason": "avoid_left", "user_forward": 2.0, "forward": 1.5, "turn": 0.4, "intervened": true}
REFLEXGUARD_DECISION={"t_ms": 3616, "left": 0.001214155732897319, "right": 0.8487408407102005, "left_area": 0.0, "right_area": 0.021744791666666666, "escape": 0.625, "signal": "STOP", "reason": "control_recovering", "user_forward": 2.0, "forward": 1.5, "turn": -0.5441923018387277, "intervened": true}
REFLEXGUARD_DECISION={"t_ms": 4128, "left": 3.998366160769462e-05, "right": 0.4466070011656923, "left_area": 0.0, "right_area": 0.026302083333333334, "escape": 0.15625, "signal": "STOP", "reason": "avoid_left", "user_forward": 2.0, "forward": 0.65, "turn": 0.4, "intervened": true}
REFLEXGUARD_DECISION={"t_ms": 4160, "left": 3.230227229777634e-05, "right": 0.537713566497547, "left_area": 0.0, "right_area": 0.029036458333333334, "escape": 0.46875, "signal": "STOP", "reason": "control_recovering", "user_forward": 2.0, "forward": 1.5, "turn": -0.3654618379164347, "intervened": true}
REFLEXGUARD_DECISION={"t_ms": 4192, "left": 2.6096579293750456e-05, "right": 0.4764366511714685, "left_area": 0.0, "right_area": 0.02734375, "escape": 0.15625, "signal": "STOP", "reason": "avoid_left", "user_forward": 2.0, "forward": 0.65, "turn": 0.4, "intervened": true}
REFLEXGUARD_DECISION={"t_ms": 4224, "left": 2.1083081851238272e-05, "right": 0.49899822955648626, "left_area": 0.0, "right_area": 0.02890625, "escape": 0.3125, "signal": "STOP", "reason": "control_recovering", "user_forward": 2.0, "forward": 1.5, "turn": -0.34922782849201284, "intervened": true}
REFLEXGUARD_DECISION={"t_ms": 4288, "left": 0.06861421278582852, "right": 0.47203284401819245, "left_area": 0.000390625, "right_area": 0.029296875, "escape": 0.15625, "signal": "STOP", "reason": "avoid_left", "user_forward": 2.0, "forward": 0.65, "turn": 0.4, "intervened": true}
REFLEXGUARD_DECISION={"t_ms": 4704, "left": 0.10482253314106908, "right": 0.5088728849870299, "left_area": 0.0, "right_area": 0.03528645833333333, "escape": 0.3125, "signal": "STOP", "reason": "control_recovering", "user_forward": 2.0, "forward": 1.5, "turn": -0.37654813030508894, "intervened": true}
REFLEXGUARD_DECISION={"t_ms": 4768, "left": 0.0684156837542178, "right": 0.5345545839537255, "left_area": 0.0, "right_area": 0.03528645833333333, "escape": 0.3125, "signal": "STOP", "reason": "avoid_left", "user_forward": 2.0, "forward": 1.5, "turn": 0.4, "intervened": true}
REFLEXGUARD_DECISION={"t_ms": 4800, "left": 0.055272127594287124, "right": 0.545343423434122, "left_area": 0.0, "right_area": 0.03671875, "escape": 0.3125, "signal": "STOP", "reason": "control_recovering", "user_forward": 2.0, "forward": 1.5, "turn": -0.43306580211393514, "intervened": true}
REFLEXGUARD_DECISION={"t_ms": 4864, "left": 0.03607507172932412, "right": 0.6981022986185821, "left_area": 0.0, "right_area": 0.04114583333333333, "escape": 0.46875, "signal": "STOP", "reason": "avoid_left", "user_forward": 2.0, "forward": 1.5, "turn": 0.4, "intervened": true}
REFLEXGUARD_DECISION={"t_ms": 4896, "left": 0.02914457414120833, "right": 0.7228956041280334, "left_area": 0.0, "right_area": 0.04114583333333333, "escape": 0.625, "signal": "STOP", "reason": "control_recovering", "user_forward": 2.0, "forward": 1.5, "turn": -0.47924745957070575, "intervened": true}
REFLEXGUARD_DECISION={"t_ms": 4992, "left": 0.01536771314662009, "right": 0.7658939109808448, "left_area": 0.0, "right_area": 0.044661458333333334, "escape": 0.46875, "signal": "STOP", "reason": "avoid_left", "user_forward": 2.0, "forward": 1.5, "turn": 0.4, "intervened": true}
REFLEXGUARD_DECISION={"t_ms": 5376, "left": 0.0011879970760065516, "right": 0.9698236871918356, "left_area": 0.0, "right_area": 0.08098958333333334, "escape": 0.625, "signal": "STOP", "reason": "avoid_passing", "user_forward": 2.0, "forward": 1.5, "turn": 0.0, "intervened": true}
REFLEXGUARD_DECISION={"t_ms": 5888, "left": 3.912222443213857e-05, "right": 0.9990062564074788, "left_area": 0.0, "right_area": 0.184765625, "escape": 0.78125, "signal": "STOP", "reason": "avoid_passing", "user_forward": 2.0, "forward": 1.5, "turn": 0.0, "intervened": true}
REFLEXGUARD_DECISION={"t_ms": 6400, "left": 1.2883436124805578e-06, "right": 0.4780473713777436, "left_area": 0.0, "right_area": 0.243359375, "escape": 0.3125, "signal": "STOP", "reason": "avoid_passing", "user_forward": 2.0, "forward": 1.5, "turn": 0.0, "intervened": true}
REFLEXGUARD_DECISION={"t_ms": 6912, "left": 4.242676095012425e-08, "right": 0.019242328304929206, "left_area": 0.0, "right_area": 0.059244791666666664, "escape": 0.0, "signal": "NONE", "reason": "avoid_passing", "user_forward": 2.0, "forward": 2.0, "turn": 0.0, "intervened": false}
REFLEXGUARD_DECISION={"t_ms": 7168, "left": 7.699170924818479e-09, "right": 0.0034918992469230364, "left_area": 0.0, "right_area": 0.008203125, "escape": 0.0, "signal": "NONE", "reason": "control_recovering", "user_forward": 2.0, "forward": 2.0, "turn": -1.0828300979704673, "intervened": true}
REFLEXGUARD_DECISION={"t_ms": 7232, "left": 5.025103166064141e-09, "right": 0.0022790965589199, "left_area": 0.0, "right_area": 0.009244791666666667, "escape": 0.0, "signal": "NONE", "reason": "avoid_passing", "user_forward": 2.0, "forward": 2.0, "turn": 0.0, "intervened": false}
REFLEXGUARD_DECISION={"t_ms": 7264, "left": 4.059714500069296e-09, "right": 0.0018412520184241435, "left_area": 0.0, "right_area": 0.009635416666666667, "escape": 0.0, "signal": "NONE", "reason": "control_recovering", "user_forward": 2.0, "forward": 2.0, "turn": -1.0722150185991524, "intervened": true}
REFLEXGUARD_DECISION={"t_ms": 7776, "left": 1.3369145851436624e-10, "right": 0.19660047184219026, "left_area": 0.0, "right_area": 0.01015625, "escape": 0.0, "signal": "NONE", "reason": "control_recovering", "user_forward": 2.0, "forward": 2.0, "turn": -0.7472941129826803, "intervened": true}
REFLEXGUARD_DECISION={"t_ms": 8288, "left": 0.9495446588064086, "right": 0.006474298580539683, "left_area": 0.010416666666666666, "right_area": 0.00234375, "escape": 0.625, "signal": "STOP", "reason": "control_recovering", "user_forward": 2.0, "forward": 1.5, "turn": -0.40814889641888435, "intervened": true}
REFLEXGUARD_DECISION={"t_ms": 8800, "left": 0.7811435982302494, "right": 0.00021320672182121838, "left_area": 0.015885416666666666, "right_area": 0.0, "escape": 0.46875, "signal": "STOP", "reason": "control_recovering", "user_forward": 2.0, "forward": 1.5, "turn": -0.20317139825897892, "intervened": true}
REFLEXGUARD_DECISION={"t_ms": 9312, "left": 0.5269337049990647, "right": 7.02116309037468e-06, "left_area": 0.019140625, "right_area": 0.0, "escape": 0.3125, "signal": "STOP", "reason": "control_recovering", "user_forward": 2.0, "forward": 1.5, "turn": -0.014710878882073397, "intervened": true}
REFLEXGUARD_DECISION={"t_ms": 9824, "left": 0.5978740965512955, "right": 2.3121565174186597e-07, "left_area": 0.027473958333333333, "right_area": 0.0, "escape": 0.46875, "signal": "STOP", "reason": "control_recovering", "user_forward": 2.0, "forward": 1.5, "turn": 0.10228039546408324, "intervened": true}
REFLEXGUARD_DECISION={"t_ms": 10112, "left": 0.8255682775314767, "right": 3.389782429886397e-08, "left_area": 0.0359375, "right_area": 0.0, "escape": 0.46875, "signal": "STOP", "reason": "avoid_left", "user_forward": 2.0, "forward": 1.5, "turn": 0.8, "intervened": true}
REFLEXGUARD_DECISION={"t_ms": 10144, "left": 0.7492066422114946, "right": 2.7385604688925272e-08, "left_area": 0.03424479166666667, "right_area": 0.0, "escape": 0.46875, "signal": "STOP", "reason": "control_recovering", "user_forward": 2.0, "forward": 1.5, "turn": 0.12723786785785068, "intervened": true}
REFLEXGUARD_DECISION={"t_ms": 10176, "left": 0.7622643674343368, "right": 2.2124468448649665e-08, "left_area": 0.036458333333333336, "right_area": 0.0, "escape": 0.625, "signal": "STOP", "reason": "avoid_left", "user_forward": 2.0, "forward": 1.5, "turn": 0.8, "intervened": true}
REFLEXGUARD_DECISION={"t_ms": 10208, "left": 0.7166905574799398, "right": 1.7874065944333335e-08, "left_area": 0.03606770833333333, "right_area": 0.0, "escape": 0.46875, "signal": "STOP", "reason": "control_recovering", "user_forward": 2.0, "forward": 1.5, "turn": 0.12097343596038684, "intervened": true}
REFLEXGUARD_DECISION={"t_ms": 10336, "left": 0.7051171845685217, "right": 7.614219598987117e-09, "left_area": 0.039322916666666666, "right_area": 0.0, "escape": 0.46875, "signal": "STOP", "reason": "avoid_left", "user_forward": 2.0, "forward": 1.5, "turn": 0.8, "intervened": true}
REFLEXGUARD_DECISION={"t_ms": 10368, "left": 0.699351094634172, "right": 6.151427481424421e-09, "left_area": 0.04088541666666667, "right_area": 0.0, "escape": 0.46875, "signal": "STOP", "reason": "control_recovering", "user_forward": 2.0, "forward": 1.5, "turn": 0.12209151960850426, "intervened": true}
REFLEXGUARD_DECISION={"t_ms": 10400, "left": 0.7196540922822096, "right": 4.969657043284813e-09, "left_area": 0.04244791666666667, "right_area": 0.0, "escape": 0.625, "signal": "STOP", "reason": "avoid_left", "user_forward": 2.0, "forward": 1.5, "turn": 0.8, "intervened": true}
REFLEXGUARD_DECISION={"t_ms": 10464, "left": 0.6425715032513729, "right": 3.243601108005308e-09, "left_area": 0.042317708333333336, "right_area": 0.0, "escape": 0.46875, "signal": "STOP", "reason": "control_recovering", "user_forward": 2.0, "forward": 1.5, "turn": 0.10116990332268791, "intervened": true}
REFLEXGUARD_DECISION={"t_ms": 10656, "left": 0.7556918414633906, "right": 9.018420958167852e-10, "left_area": 0.051432291666666664, "right_area": 0.0, "escape": 0.46875, "signal": "STOP", "reason": "avoid_left", "user_forward": 2.0, "forward": 1.5, "turn": 0.8, "intervened": true}
REFLEXGUARD_DECISION={"t_ms": 10720, "left": 0.7420107847791445, "right": 5.886152697779851e-10, "left_area": 0.052734375, "right_area": 0.0, "escape": 0.625, "signal": "STOP", "reason": "control_recovering", "user_forward": 2.0, "forward": 1.5, "turn": 0.08896119973379357, "intervened": true}
REFLEXGUARD_DECISION={"t_ms": 10848, "left": 0.7860170169710983, "right": 2.5074574175594984e-10, "left_area": 0.059375, "right_area": 0.0, "escape": 0.625, "signal": "STOP", "reason": "avoid_left", "user_forward": 2.0, "forward": 1.5, "turn": 0.8, "intervened": true}
REFLEXGUARD_DECISION={"t_ms": 10880, "left": 0.7899320693430569, "right": 2.0257417410089993e-10, "left_area": 0.060286458333333334, "right_area": 0.0, "escape": 0.46875, "signal": "STOP", "reason": "control_recovering", "user_forward": 2.0, "forward": 1.5, "turn": 0.08695051110267768, "intervened": true}
REFLEXGUARD_DECISION={"t_ms": 11040, "left": 0.8733111701625865, "right": 0.2974914490997356, "left_area": 0.0703125, "right_area": 0.0009114583333333333, "escape": 0.625, "signal": "STOP", "reason": "avoid_left", "user_forward": 2.0, "forward": 1.5, "turn": 0.8, "intervened": true}
REFLEXGUARD_DECISION={"t_ms": 11072, "left": 0.897649767081181, "right": 0.31227889815954635, "left_area": 0.07434895833333334, "right_area": 0.0009114583333333333, "escape": 0.625, "signal": "STOP", "reason": "control_recovering", "user_forward": 2.0, "forward": 1.5, "turn": 0.08222685446995631, "intervened": true}
REFLEXGUARD_DECISION={"t_ms": 11296, "left": 0.9691079739585367, "right": 0.5898164254615578, "left_area": 0.09739583333333333, "right_area": 0.003125, "escape": 0.625, "signal": "STOP", "reason": "avoid_passing", "user_forward": 2.0, "forward": 1.5, "turn": 0.0, "intervened": true}
REFLEXGUARD_DECISION={"t_ms": 11808, "left": 0.9876928420399208, "right": 0.11099149273944585, "left_area": 0.20234375, "right_area": 0.003125, "escape": 0.78125, "signal": "STOP", "reason": "avoid_passing", "user_forward": 2.0, "forward": 1.5, "turn": 0.0, "intervened": true}
REFLEXGUARD_DECISION={"t_ms": 12160, "left": 0.4730689067773931, "right": 0.1346819556959293, "left_area": 0.22643229166666667, "right_area": 0.003515625, "escape": 0.15625, "signal": "STOP", "reason": "control_recovering", "user_forward": 2.0, "forward": 2.0, "turn": 0.18651388981532813, "intervened": true}
REFLEXGUARD_DECISION={"t_ms": 12672, "left": 0.01557874873314045, "right": 0.8615858249891025, "left_area": 0.18255208333333334, "right_area": 0.009114583333333334, "escape": 0.625, "signal": "STOP", "reason": "control_recovering", "user_forward": 2.0, "forward": 1.5, "turn": 0.16874737084684072, "intervened": true}
REFLEXGUARD_DECISION={"t_ms": 12832, "left": 0.005361485371135032, "right": 0.9523642375141478, "left_area": 0.162109375, "right_area": 0.01171875, "escape": 0.625, "signal": "STOP", "reason": "control_recovered", "user_forward": 2.0, "forward": 1.5, "turn": 0.14575072297383265, "intervened": true}
REFLEXGUARD_DECISION={"t_ms": 12864, "left": 0.004331473242200989, "right": 0.9615156964355142, "left_area": 0.15572916666666667, "right_area": 0.01171875, "escape": 0.625, "signal": "STOP", "reason": "risk_monitoring", "user_forward": 2.0, "forward": 1.5, "turn": 0.0, "intervened": true}
REFLEXGUARD_DECISION={"t_ms": 13344, "left": 0.00017656039582543198, "right": 0.4851901260919999, "left_area": 0.0, "right_area": 0.014322916666666666, "escape": 0.15625, "signal": "STOP", "reason": "user", "user_forward": 2.0, "forward": 2.0, "turn": 0.0, "intervened": false}
REFLEXGUARD_DECISION={"t_ms": 13632, "left": 2.5884983264498744e-05, "right": 0.5319950720691736, "left_area": 0.0, "right_area": 0.0171875, "escape": 0.3125, "signal": "STOP", "reason": "risk_monitoring", "user_forward": 2.0, "forward": 1.5, "turn": 0.0, "intervened": true}
REFLEXGUARD_DECISION={"t_ms": 13664, "left": 2.091213621296532e-05, "right": 0.43867219322272794, "left_area": 0.0, "right_area": 0.015755208333333333, "escape": 0.15625, "signal": "STOP", "reason": "user", "user_forward": 2.0, "forward": 2.0, "turn": 0.0, "intervened": false}
REFLEXGUARD_DECISION={"t_ms": 13696, "left": 1.6894638737873802e-05, "right": 0.48955733248205907, "left_area": 0.0, "right_area": 0.0171875, "escape": 0.3125, "signal": "STOP", "reason": "risk_monitoring", "user_forward": 2.0, "forward": 1.5, "turn": 0.0, "intervened": true}
REFLEXGUARD_DECISION={"t_ms": 13984, "left": 0.18688456171861587, "right": 0.42712635582045394, "left_area": 0.0, "right_area": 0.01875, "escape": 0.15625, "signal": "STOP", "reason": "avoid_left", "user_forward": 2.0, "forward": 2.0, "turn": 0.4, "intervened": true}
REFLEXGUARD_DECISION={"t_ms": 14496, "left": 0.2337962114283097, "right": 0.7455114654368631, "left_area": 0.0, "right_area": 0.028776041666666665, "escape": 0.46875, "signal": "STOP", "reason": "avoid_left", "user_forward": 2.0, "forward": 1.5, "turn": 0.4, "intervened": true}
REFLEXGUARD_DECISION={"t_ms": 15008, "left": 0.022910928893048837, "right": 0.9639678079218238, "left_area": 0.0, "right_area": 0.048046875, "escape": 0.625, "signal": "STOP", "reason": "avoid_left", "user_forward": 2.0, "forward": 1.5, "turn": 0.4, "intervened": true}
REFLEXGUARD_DECISION={"t_ms": 15264, "left": 0.004157639038278472, "right": 0.9934612494710144, "left_area": 0.0, "right_area": 0.073046875, "escape": 0.78125, "signal": "STOP", "reason": "control_recovering", "user_forward": 2.0, "forward": 1.5, "turn": -0.5365251853698643, "intervened": true}
REFLEXGUARD_DECISION={"t_ms": 15552, "left": 0.3827157713236847, "right": 0.5525230786782336, "left_area": 0.001171875, "right_area": 0.07981770833333333, "escape": 0.3125, "signal": "STOP", "reason": "avoid_left", "user_forward": 2.0, "forward": 1.5, "turn": 0.4, "intervened": true}
REFLEXGUARD_DECISION={"t_ms": 15616, "left": 0.24979134155625596, "right": 0.46849996885075523, "left_area": 0.0, "right_area": 0.08359375, "escape": 0.15625, "signal": "STOP", "reason": "avoid_passing", "user_forward": 2.0, "forward": 2.0, "turn": 0.0, "intervened": false}
REFLEXGUARD_DECISION={"t_ms": 15648, "left": 0.20180312678077075, "right": 0.47131725246869277, "left_area": 0.0, "right_area": 0.08645833333333333, "escape": 0.3125, "signal": "STOP", "reason": "avoid_left", "user_forward": 2.0, "forward": 1.5, "turn": 0.4, "intervened": true}
REFLEXGUARD_DECISION={"t_ms": 15968, "left": 0.541576711996053, "right": 0.8807677039995012, "left_area": 0.001953125, "right_area": 0.13372395833333334, "escape": 0.625, "signal": "STOP", "reason": "avoid_passing", "user_forward": 2.0, "forward": 1.5, "turn": 0.0, "intervened": true}
REFLEXGUARD_DECISION={"t_ms": 16000, "left": 0.5909403311027023, "right": 0.8003328548154167, "left_area": 0.00234375, "right_area": 0.13190104166666666, "escape": 0.625, "signal": "STOP", "reason": "control_recovering", "user_forward": 2.0, "forward": 1.5, "turn": -0.7022283056447782, "intervened": true}
REFLEXGUARD_DECISION={"t_ms": 16160, "left": 0.5766051898773386, "right": 0.6124899194759603, "left_area": 0.002734375, "right_area": 0.1453125, "escape": 0.46875, "signal": "STOP", "reason": "avoid_left", "user_forward": 2.0, "forward": 1.5, "turn": 0.4, "intervened": true}
REFLEXGUARD_DECISION={"t_ms": 16256, "left": 0.41641305967641246, "right": 0.5430140378333677, "left_area": 0.001953125, "right_area": 0.14661458333333333, "escape": 0.3125, "signal": "STOP", "reason": "avoid_passing", "user_forward": 2.0, "forward": 1.5, "turn": 0.0, "intervened": true}
REFLEXGUARD_DECISION={"t_ms": 16768, "left": 0.5242488226961425, "right": 0.02480151491915972, "left_area": 0.004296875, "right_area": 0.10963541666666667, "escape": 0.3125, "signal": "STOP", "reason": "avoid_passing", "user_forward": 2.0, "forward": 1.5, "turn": 0.0, "intervened": true}
REFLEXGUARD_DECISION={"t_ms": 17280, "left": 0.3062707002302478, "right": 0.0008167447988895965, "left_area": 0.00390625, "right_area": 0.0, "escape": 0.0, "signal": "NONE", "reason": "avoid_passing", "user_forward": 2.0, "forward": 2.0, "turn": 0.0, "intervened": false}
REFLEXGUARD_DECISION={"t_ms": 17568, "left": 0.3189323780098124, "right": 0.00011974047380096752, "left_area": 0.004036458333333334, "right_area": 0.0, "escape": 0.0, "signal": "NONE", "reason": "control_recovering", "user_forward": 2.0, "forward": 2.0, "turn": -0.9753247409297408, "intervened": true}
REFLEXGUARD_DECISION={"t_ms": 17600, "left": 0.44977446051383485, "right": 9.673674781799509e-05, "left_area": 0.00703125, "right_area": 0.0, "escape": 0.15625, "signal": "NONE", "reason": "avoid_passing", "user_forward": 2.0, "forward": 2.0, "turn": 0.0, "intervened": false}
REFLEXGUARD_DECISION={"t_ms": 17824, "left": 0.4077611513267595, "right": 2.17292660049199e-05, "left_area": 0.005989583333333334, "right_area": 0.0, "escape": 0.0, "signal": "NONE", "reason": "control_recovering", "user_forward": 2.0, "forward": 2.0, "turn": -1.0356389114093814, "intervened": true}
REFLEXGUARD_DECISION={"t_ms": 17888, "left": 0.26613798713377285, "right": 1.4182280723966036e-05, "left_area": 0.004166666666666667, "right_area": 0.0, "escape": 0.0, "signal": "NONE", "reason": "avoid_passing", "user_forward": 2.0, "forward": 2.0, "turn": 0.0, "intervened": false}
REFLEXGUARD_DECISION={"t_ms": 17920, "left": 0.364041528264459, "right": 1.1457677344410421e-05, "left_area": 0.006640625, "right_area": 0.0, "escape": 0.0, "signal": "NONE", "reason": "control_recovering", "user_forward": 2.0, "forward": 2.0, "turn": -1.0235932544658555, "intervened": true}
REFLEXGUARD_DECISION={"t_ms": 18016, "left": 0.5392752635602565, "right": 6.04154646083729e-06, "left_area": 0.008203125, "right_area": 0.0, "escape": 0.3125, "signal": "STOP", "reason": "avoid_passing", "user_forward": 2.0, "forward": 1.5, "turn": 0.0, "intervened": true}
REFLEXGUARD_DECISION={"t_ms": 18112, "left": 0.49458580509413524, "right": 3.1856616783035956e-06, "left_area": 0.006510416666666667, "right_area": 0.0, "escape": 0.15625, "signal": "STOP", "reason": "control_recovering", "user_forward": 2.0, "forward": 2.0, "turn": -0.9198544727235958, "intervened": true}
REFLEXGUARD_DECISION={"t_ms": 18144, "left": 0.5575978865604406, "right": 2.5736540087501794e-06, "left_area": 0.008072916666666667, "right_area": 0.0, "escape": 0.46875, "signal": "STOP", "reason": "avoid_passing", "user_forward": 2.0, "forward": 1.5, "turn": 0.0, "intervened": true}
REFLEXGUARD_DECISION={"t_ms": 18176, "left": 0.6425891737067362, "right": 2.079221093020483e-06, "left_area": 0.009765625, "right_area": 0.0, "escape": 0.3125, "signal": "STOP", "reason": "control_recovering", "user_forward": 2.0, "forward": 1.5, "turn": -0.9029593963379876, "intervened": true}
REFLEXGUARD_DECISION={"t_ms": 18688, "left": 0.9437085233770881, "right": 6.847134213378756e-08, "left_area": 0.025130208333333334, "right_area": 0.0, "escape": 0.625, "signal": "STOP", "reason": "control_recovering", "user_forward": 2.0, "forward": 1.5, "turn": -0.49196861951683213, "intervened": true}
REFLEXGUARD_DECISION={"t_ms": 19200, "left": 0.1135309096921076, "right": 2.2548466391284373e-09, "left_area": 0.0, "right_area": 0.0, "escape": 0.0, "signal": "NONE", "reason": "control_recovering", "user_forward": 2.0, "forward": 2.0, "turn": -0.18187453211945623, "intervened": true}
REFLEXGUARD_DECISION={"t_ms": 19712, "left": 0.003738714361057061, "right": 7.425491026675693e-11, "left_area": 0.0, "right_area": 0.0, "escape": 0.0, "signal": "NONE", "reason": "control_recovering", "user_forward": 2.0, "forward": 2.0, "turn": 0.029401015421607307, "intervened": true}
REFLEXGUARD_DECISION={"t_ms": 20224, "left": 0.00012312052384220453, "right": 2.445306746384917e-12, "left_area": 0.0, "right_area": 0.0, "escape": 0.0, "signal": "NONE", "reason": "control_recovering", "user_forward": 2.0, "forward": 2.0, "turn": 0.1289446535153603, "intervened": true}
REFLEXGUARD_DECISION={"t_ms": 20736, "left": 4.054512307512304e-06, "right": 8.052699898814038e-14, "left_area": 0.0, "right_area": 0.0, "escape": 0.0, "signal": "NONE", "reason": "control_recovering", "user_forward": 2.0, "forward": 2.0, "turn": 0.15744836069514453, "intervened": true}
REFLEXGUARD_DECISION={"t_ms": 21184, "left": 2.0457180186699974e-07, "right": 4.063017209597149e-15, "left_area": 0.0, "right_area": 0.0, "escape": 0.0, "signal": "NONE", "reason": "control_recovered", "user_forward": 2.0, "forward": 2.0, "turn": 0.14882464945331986, "intervened": true}
REFLEXGUARD_DECISION={"t_ms": 21216, "left": 1.6527085771161285e-07, "right": 3.282457958520268e-15, "left_area": 0.0, "right_area": 0.0, "escape": 0.0, "signal": "NONE", "reason": "user", "user_forward": 2.0, "forward": 2.0, "turn": 0.0, "intervened": false}
REFLEXGUARD_DECISION={"t_ms": 21728, "left": 5.4425753379969614e-09, "right": 1.0809543182880798e-16, "left_area": 0.0, "right_area": 0.0, "escape": 0.0, "signal": "NONE", "reason": "user", "user_forward": 2.0, "forward": 2.0, "turn": 0.0, "intervened": false}
REFLEXGUARD_DECISION={"t_ms": 22240, "left": 1.792307895047087e-10, "right": 3.5597173002404264e-18, "left_area": 0.0, "right_area": 0.0, "escape": 0.0, "signal": "NONE", "reason": "user", "user_forward": 2.0, "forward": 2.0, "turn": 0.0, "intervened": false}
REFLEXGUARD_DECISION={"t_ms": 22400, "left": 6.16829549309231e-11, "right": 1.2250901890480648e-18, "left_area": 0.0, "right_area": 0.0, "escape": 0.0, "signal": "NONE", "reason": "control_recovering", "user_forward": 2.0, "forward": 2.0, "turn": 0.3276694502914845, "intervened": true}
REFLEXGUARD_DECISION={"t_ms": 22848, "left": 3.1122345371402186e-12, "right": 6.181234348673522e-20, "left_area": 0.0, "right_area": 0.0, "escape": 0.0, "signal": "NONE", "reason": "avoid_left", "user_forward": 2.0, "forward": 2.0, "turn": 0.4, "intervened": true}
REFLEXGUARD_DECISION={"t_ms": 23360, "left": 1.024897623963353e-13, "right": 2.0355575139068423e-21, "left_area": 0.0, "right_area": 0.0, "escape": 0.0, "signal": "NONE", "reason": "avoid_left", "user_forward": 2.0, "forward": 2.0, "turn": 0.4, "intervened": true}
REFLEXGUARD_DECISION={"t_ms": 23872, "left": 3.3751156189241968e-15, "right": 6.703344605130186e-23, "left_area": 0.0, "right_area": 0.0, "escape": 0.0, "signal": "NONE", "reason": "avoid_left", "user_forward": 2.0, "forward": 0.65, "turn": 0.4, "intervened": true}
REFLEXGUARD_DECISION={"t_ms": 24384, "left": 1.1114676407439283e-16, "right": 2.2074949289388846e-24, "left_area": 0.0, "right_area": 0.0, "escape": 0.0, "signal": "NONE", "reason": "avoid_left", "user_forward": 2.0, "forward": 0.65, "turn": 0.4, "intervened": true}
REFLEXGUARD_DECISION={"t_ms": 24576, "left": 3.090294623735224e-17, "right": 6.137659308062831e-25, "left_area": 0.0, "right_area": 0.0, "escape": 0.0, "signal": "NONE", "reason": "avoid_passing", "user_forward": 2.0, "forward": 0.65, "turn": 0.0, "intervened": true}
REFLEXGUARD_DECISION={"t_ms": 24608, "left": 2.4966082245213636e-17, "right": 4.958533917810895e-25, "left_area": 0.0, "right_area": 0.0, "escape": 0.0, "signal": "NONE", "reason": "control_recovering", "user_forward": 2.0, "forward": 2.0, "turn": -0.7167078416471144, "intervened": true}
REFLEXGUARD_DECISION={"t_ms": 24640, "left": 2.016976821198315e-17, "right": 4.005934083337258e-25, "left_area": 0.0, "right_area": 0.0, "escape": 0.0, "signal": "NONE", "reason": "avoid_passing", "user_forward": 2.0, "forward": 0.65, "turn": 0.0, "intervened": true}
REFLEXGUARD_DECISION={"t_ms": 24672, "left": 1.629488943156547e-17, "right": 3.2363412544988307e-25, "left_area": 0.0, "right_area": 0.0, "escape": 0.0, "signal": "NONE", "reason": "control_recovering", "user_forward": 2.0, "forward": 2.0, "turn": -0.7492626783749087, "intervened": true}
REFLEXGUARD_DECISION={"t_ms": 24736, "left": 1.0635365972883023e-17, "right": 2.11229869335957e-25, "left_area": 0.0, "right_area": 0.0, "escape": 0.0, "signal": "NONE", "reason": "avoid_right", "user_forward": 2.0, "forward": 2.0, "turn": -0.4, "intervened": true}
REFLEXGUARD_DECISION={"t_ms": 24768, "left": 8.592171747883612e-18, "right": 1.706498225115209e-25, "left_area": 0.0, "right_area": 0.0, "escape": 0.0, "signal": "NONE", "reason": "avoid_passing", "user_forward": 2.0, "forward": 0.65, "turn": 0.0, "intervened": true}
REFLEXGUARD_DECISION={"t_ms": 24800, "left": 6.941502110351621e-18, "right": 1.3786573847137418e-25, "left_area": 0.0, "right_area": 0.0, "escape": 0.0, "signal": "NONE", "reason": "control_recovering", "user_forward": 2.0, "forward": 2.0, "turn": -0.8302317076513347, "intervened": true}
REFLEXGUARD_DECISION={"t_ms": 25248, "left": 3.502358574043872e-19, "right": 6.956062874086607e-27, "left_area": 0.0, "right_area": 0.0, "escape": 0.0, "signal": "NONE", "reason": "avoid_passing", "user_forward": 2.0, "forward": 0.65, "turn": 0.0, "intervened": true}
REFLEXGUARD_DECISION={"t_ms": 25760, "left": 1.1533703318206953e-20, "right": 2.2907182047860736e-28, "left_area": 0.0, "right_area": 0.0, "escape": 0.0, "signal": "NONE", "reason": "avoid_passing", "user_forward": 2.0, "forward": 0.65, "turn": 0.0, "intervened": true}
REFLEXGUARD_DECISION={"t_ms": 26272, "left": 3.798192258733351e-22, "right": 7.54362056341729e-30, "left_area": 0.0, "right_area": 0.0, "escape": 0.0, "signal": "NONE", "reason": "avoid_passing", "user_forward": 2.0, "forward": 0.65, "turn": 0.0, "intervened": true}
REFLEXGUARD_DECISION={"t_ms": 26784, "left": 1.2507920514592078e-23, "right": 0.02069197645067336, "left_area": 0.0, "right_area": 0.0, "escape": 0.0, "signal": "NONE", "reason": "avoid_passing", "user_forward": 2.0, "forward": 0.65, "turn": 0.0, "intervened": true}
REFLEXGUARD_DECISION={"t_ms": 27040, "left": 2.2698083897824848e-24, "right": 0.0037549664385960265, "left_area": 0.0, "right_area": 0.0, "escape": 0.0, "signal": "NONE", "reason": "avoid_left", "user_forward": 2.0, "forward": 0.65, "turn": 0.4, "intervened": true}
REFLEXGUARD_DECISION={"t_ms": 27552, "left": 7.47476193641168e-26, "right": 0.00012365572501214783, "left_area": 0.0, "right_area": 0.0, "escape": 0.0, "signal": "NONE", "reason": "avoid_left", "user_forward": 2.0, "forward": 0.65, "turn": 0.4, "intervened": true}
REFLEXGUARD_DECISION={"t_ms": 28064, "left": 2.4615322710734674e-27, "right": 4.072137149113136e-06, "left_area": 0.0, "right_area": 0.0, "escape": 0.0, "signal": "NONE", "reason": "avoid_left", "user_forward": 2.0, "forward": 0.65, "turn": 0.4, "intervened": true}
REFLEXGUARD_DECISION={"t_ms": 28160, "left": 1.2979473180745193e-27, "right": 2.1472070683916144e-06, "left_area": 0.0, "right_area": 0.0, "escape": 0.0, "signal": "NONE", "reason": "avoid_passing", "user_forward": 2.0, "forward": 0.3, "turn": 0.0, "intervened": true}
REFLEXGUARD_DECISION={"t_ms": 28672, "left": 4.2743022945389527e-29, "right": 7.071020504046073e-08, "left_area": 0.0, "right_area": 0.0, "escape": 0.0, "signal": "NONE", "reason": "avoid_passing", "user_forward": 2.0, "forward": 0.3, "turn": 0.0, "intervened": true}
REFLEXGUARD_DECISION={"t_ms": 29184, "left": 1.4075810204842258e-30, "right": 2.328575185163322e-09, "left_area": 0.0, "right_area": 0.0, "escape": 0.0, "signal": "NONE", "reason": "avoid_passing", "user_forward": 2.0, "forward": 0.3, "turn": 0.0, "intervened": true}
REFLEXGUARD_DECISION={"t_ms": 29696, "left": 4.6353397413158985e-32, "right": 7.668288318292608e-11, "left_area": 0.0, "right_area": 0.0, "escape": 0.0, "signal": "NONE", "reason": "avoid_passing", "user_forward": 2.0, "forward": 0.3, "turn": 0.0, "intervened": true}
REFLEXGUARD_DECISION={"t_ms": 30208, "left": 1.5264751516776609e-33, "right": 2.5252629207391722e-12, "left_area": 0.0, "right_area": 0.0, "escape": 0.0, "signal": "NONE", "reason": "avoid_passing", "user_forward": 2.0, "forward": 0.3, "turn": 0.0, "intervened": true}
REFLEXGUARD_DECISION={"t_ms": 30720, "left": 5.026872934297264e-35, "right": 8.316005546698068e-14, "left_area": 0.0, "right_area": 0.0, "escape": 0.0, "signal": "NONE", "reason": "avoid_passing", "user_forward": 2.0, "forward": 0.3, "turn": 0.0, "intervened": true}
REFLEXGUARD_DECISION={"t_ms": 31136, "left": 3.1394570388516756e-36, "right": 5.193634788455335e-15, "left_area": 0.0, "right_area": 0.0, "escape": 0.0, "signal": "NONE", "reason": "avoid_left", "user_forward": 2.0, "forward": 0.65, "turn": 0.4, "intervened": true}
REFLEXGUARD_DECISION={"t_ms": 31648, "left": 1.0338623330781257e-37, "right": 1.7103286692886758e-16, "left_area": 0.0, "right_area": 0.0, "escape": 0.0, "signal": "NONE", "reason": "avoid_left", "user_forward": 2.0, "forward": 0.3, "turn": 0.4, "intervened": true}
REFLEXGUARD_DECISION={"t_ms": 31968, "left": 1.2245254567825153e-38, "right": 2.0257445580529574e-17, "left_area": 0.0, "right_area": 0.0, "escape": 0.0, "signal": "NONE", "reason": "avoid_passing", "user_forward": 2.0, "forward": 0.3, "turn": 0.0, "intervened": true}
REFLEXGUARD_DECISION={"t_ms": 32064, "left": 6.456829964092737e-39, "right": 1.068159758507758e-17, "left_area": 0.0, "right_area": 0.0, "escape": 0.0, "signal": "NONE", "reason": "avoid_left", "user_forward": 2.0, "forward": 0.3, "turn": 0.4, "intervened": true}
REFLEXGUARD_DECISION={"t_ms": 32128, "left": 4.214250730648014e-39, "right": 6.971676608759265e-18, "left_area": 0.0, "right_area": 0.0, "escape": 0.0, "signal": "NONE", "reason": "avoid_passing", "user_forward": 2.0, "forward": 0.3, "turn": 0.0, "intervened": true}
REFLEXGUARD_DECISION={"t_ms": 32192, "left": 2.7505617028065578e-39, "right": 4.550281392834186e-18, "left_area": 0.0, "right_area": 0.0, "escape": 0.0, "signal": "NONE", "reason": "avoid_left", "user_forward": 2.0, "forward": 0.3, "turn": 0.4, "intervened": true}
REFLEXGUARD_DECISION={"t_ms": 32256, "left": 1.795239572701639e-39, "right": 2.9698825570823283e-18, "left_area": 0.0, "right_area": 0.0, "escape": 0.0, "signal": "NONE", "reason": "avoid_passing", "user_forward": 2.0, "forward": 0.3, "turn": 0.0, "intervened": true}
REFLEXGUARD_DECISION={"t_ms": 32288, "left": 1.4503503477528452e-39, "right": 2.3993289057055175e-18, "left_area": 0.0, "right_area": 0.0, "escape": 0.0, "signal": "NONE", "reason": "avoid_left", "user_forward": 2.0, "forward": 0.3, "turn": 0.4, "intervened": true}
REFLEXGUARD_DECISION={"t_ms": 32320, "left": 1.171718896582275e-39, "right": 1.9383861439321056e-18, "left_area": 0.0, "right_area": 0.0, "escape": 0.0, "signal": "NONE", "reason": "avoid_passing", "user_forward": 2.0, "forward": 0.3, "turn": 0.0, "intervened": true}
REFLEXGUARD_DECISION={"t_ms": 32352, "left": 9.46616226027854e-40, "right": 1.5659965726471084e-18, "left_area": 0.0, "right_area": 0.0, "escape": 0.0, "signal": "NONE", "reason": "avoid_left", "user_forward": 2.0, "forward": 0.3, "turn": 0.4, "intervened": true}
REFLEXGUARD_DECISION={"t_ms": 32416, "left": 6.178384972759139e-40, "right": 1.0220963285654174e-18, "left_area": 0.0, "right_area": 0.0, "escape": 0.0, "signal": "NONE", "reason": "avoid_passing", "user_forward": 2.0, "forward": 0.3, "turn": 0.0, "intervened": true}
REFLEXGUARD_DECISION={"t_ms": 32480, "left": 4.0325149540055245e-40, "right": 6.671029318416784e-19, "left_area": 0.0, "right_area": 0.0, "escape": 0.0, "signal": "NONE", "reason": "avoid_left", "user_forward": 2.0, "forward": 0.3, "turn": 0.4, "intervened": true}
REFLEXGUARD_DECISION={"t_ms": 32544, "left": 2.6319462004997517e-40, "right": 4.354054595777563e-19, "left_area": 0.0, "right_area": 0.0, "escape": 0.0, "signal": "NONE", "reason": "avoid_passing", "user_forward": 2.0, "forward": 0.3, "turn": 0.0, "intervened": true}
REFLEXGUARD_DECISION={"t_ms": 32608, "left": 1.7178214789865325e-40, "right": 2.8418090399744965e-19, "left_area": 0.0, "right_area": 0.0, "escape": 0.0, "signal": "NONE", "reason": "avoid_left", "user_forward": 2.0, "forward": 0.3, "turn": 0.4, "intervened": true}
REFLEXGUARD_DECISION={"t_ms": 32672, "left": 1.1211895718488323e-40, "right": 1.8547949829367144e-19, "left_area": 0.0, "right_area": 0.0, "escape": 0.0, "signal": "NONE", "reason": "avoid_passing", "user_forward": 2.0, "forward": 0.3, "turn": 0.0, "intervened": true}
REFLEXGUARD_DECISION={"t_ms": 32736, "left": 7.317792165249921e-41, "right": 1.210589585835817e-19, "left_area": 0.0, "right_area": 0.0, "escape": 0.0, "signal": "NONE", "reason": "avoid_left", "user_forward": 2.0, "forward": 0.3, "turn": 0.4, "intervened": true}
REFLEXGUARD_DECISION={"t_ms": 32800, "left": 4.776184466779288e-41, "right": 7.901289138779922e-20, "left_area": 0.0, "right_area": 0.0, "escape": 0.0, "signal": "NONE", "reason": "avoid_passing", "user_forward": 2.0, "forward": 0.3, "turn": 0.0, "intervened": true}
REFLEXGUARD_DECISION={"t_ms": 32864, "left": 3.1173252185312186e-41, "right": 5.157021899498523e-20, "left_area": 0.0, "right_area": 0.0, "escape": 0.0, "signal": "NONE", "reason": "avoid_left", "user_forward": 2.0, "forward": 0.3, "turn": 0.4, "intervened": true}
REFLEXGUARD_DECISION={"t_ms": 32896, "left": 2.518445885164806e-41, "right": 4.1662899030522764e-20, "left_area": 0.0, "right_area": 0.0, "escape": 0.0, "signal": "NONE", "reason": "avoid_passing", "user_forward": 2.0, "forward": 0.3, "turn": 0.0, "intervened": true}
REFLEXGUARD_DECISION={"t_ms": 32928, "left": 2.0346191789036225e-41, "right": 3.365890604025409e-20, "left_area": 0.0, "right_area": 0.0, "escape": 0.0, "signal": "NONE", "reason": "avoid_left", "user_forward": 2.0, "forward": 0.3, "turn": 0.4, "intervened": true}
REFLEXGUARD_DECISION={"t_ms": 32992, "left": 1.3279574356097915e-41, "right": 2.196853102246513e-20, "left_area": 0.0, "right_area": 0.0, "escape": 0.0, "signal": "NONE", "reason": "avoid_passing", "user_forward": 2.0, "forward": 0.3, "turn": 0.0, "intervened": true}
REFLEXGUARD_DECISION={"t_ms": 33088, "left": 7.002218952486776e-42, "right": 1.158383997550055e-20, "left_area": 0.0, "right_area": 0.0, "escape": 0.0, "signal": "NONE", "reason": "avoid_left", "user_forward": 2.0, "forward": 0.3, "turn": 0.4, "intervened": true}
REFLEXGUARD_DECISION={"t_ms": 33152, "left": 4.570215802611918e-42, "right": 7.560553143251665e-21, "left_area": 0.0, "right_area": 0.0, "escape": 0.0, "signal": "NONE", "reason": "avoid_passing", "user_forward": 2.0, "forward": 0.3, "turn": 0.0, "intervened": true}
REFLEXGUARD_DECISION={"t_ms": 33248, "left": 2.409840168959085e-42, "right": 3.98662239401146e-21, "left_area": 0.0, "right_area": 0.0, "escape": 0.0, "signal": "NONE", "reason": "avoid_left", "user_forward": 2.0, "forward": 0.3, "turn": 0.4, "intervened": true}
REFLEXGUARD_DECISION={"t_ms": 33312, "left": 1.5728570752610417e-42, "right": 2.601992995047257e-21, "left_area": 0.0, "right_area": 0.0, "escape": 0.0, "signal": "NONE", "reason": "avoid_passing", "user_forward": 2.0, "forward": 0.3, "turn": 0.0, "intervened": true}
REFLEXGUARD_DECISION={"t_ms": 33408, "left": 8.293556198876544e-43, "right": 1.3720111937015003e-21, "left_area": 0.0, "right_area": 0.0, "escape": 0.0, "signal": "NONE", "reason": "avoid_left", "user_forward": 2.0, "forward": 0.3, "turn": 0.4, "intervened": true}
REFLEXGUARD_DECISION={"t_ms": 33440, "left": 6.7002545510105334e-43, "right": 1.1084297283571965e-21, "left_area": 0.0, "right_area": 0.0, "escape": 0.0, "signal": "NONE", "reason": "avoid_passing", "user_forward": 2.0, "forward": 0.3, "turn": 0.0, "intervened": true}
REFLEXGUARD_DECISION={"t_ms": 33472, "left": 5.413047186491445e-43, "right": 8.954857426427898e-22, "left_area": 0.0, "right_area": 0.0, "escape": 0.0, "signal": "NONE", "reason": "avoid_left", "user_forward": 2.0, "forward": 0.3, "turn": 0.4, "intervened": true}
REFLEXGUARD_DECISION={"t_ms": 33536, "left": 3.5329934639078124e-43, "right": 5.84466598346844e-22, "left_area": 0.0, "right_area": 0.0, "escape": 0.0, "signal": "NONE", "reason": "avoid_passing", "user_forward": 2.0, "forward": 0.3, "turn": 0.0, "intervened": true}
REFLEXGUARD_DECISION={"t_ms": 33664, "left": 1.5050290269578394e-43, "right": 2.48978438478725e-22, "left_area": 0.0, "right_area": 0.0, "escape": 0.0, "signal": "NONE", "reason": "avoid_left", "user_forward": 2.0, "forward": 0.3, "turn": 0.4, "intervened": true}
REFLEXGUARD_DECISION={"t_ms": 33696, "left": 1.2158930795746243e-43, "right": 2.0114639311741233e-22, "left_area": 0.0, "right_area": 0.0, "escape": 0.0, "signal": "NONE", "reason": "avoid_passing", "user_forward": 2.0, "forward": 0.3, "turn": 0.0, "intervened": true}
REFLEXGUARD_DECISION={"t_ms": 33728, "left": 9.823039652237076e-44, "right": 1.6250351520941779e-22, "left_area": 0.0, "right_area": 0.0, "escape": 0.0, "signal": "NONE", "reason": "avoid_left", "user_forward": 2.0, "forward": 0.3, "turn": 0.4, "intervened": true}
REFLEXGUARD_DECISION={"t_ms": 33792, "left": 6.411312093060711e-44, "right": 1.0606296921439632e-22, "left_area": 0.0, "right_area": 0.0, "escape": 0.0, "signal": "NONE", "reason": "avoid_passing", "user_forward": 2.0, "forward": 0.3, "turn": 0.0, "intervened": true}
REFLEXGUARD_DECISION={"t_ms": 33920, "left": 2.73117142715268e-44, "right": 4.5182038682981094e-23, "left_area": 0.0, "right_area": 0.0, "escape": 0.0, "signal": "NONE", "reason": "avoid_left", "user_forward": 2.0, "forward": 0.3, "turn": 0.4, "intervened": true}
REFLEXGUARD_DECISION={"t_ms": 33952, "left": 2.2064773356028573e-44, "right": 3.6501972501324143e-23, "left_area": 0.0, "right_area": 0.0, "escape": 0.0, "signal": "NONE", "reason": "avoid_passing", "user_forward": 2.0, "forward": 0.3, "turn": 0.0, "intervened": true}
REFLEXGUARD_DECISION={"t_ms": 33984, "left": 1.782583906717518e-44, "right": 2.948946163842098e-23, "left_area": 0.0, "right_area": 0.0, "escape": 0.0, "signal": "NONE", "reason": "avoid_left", "user_forward": 2.0, "forward": 0.3, "turn": 0.4, "intervened": true}
REFLEXGUARD_DECISION={"t_ms": 34016, "left": 1.440126002300449e-44, "right": 2.3824146700355886e-23, "left_area": 0.0, "right_area": 0.0, "escape": 0.0, "signal": "NONE", "reason": "avoid_passing", "user_forward": 2.0, "forward": 0.3, "turn": 0.0, "intervened": true}
REFLEXGUARD_DECISION={"t_ms": 34048, "left": 1.1634587828860776e-44, "right": 1.9247213562575907e-23, "left_area": 0.0, "right_area": 0.0, "escape": 0.0, "signal": "NONE", "reason": "avoid_left", "user_forward": 2.0, "forward": 0.3, "turn": 0.4, "intervened": true}
REFLEXGUARD_DECISION={"t_ms": 34080, "left": 9.399429892332076e-45, "right": 1.5549569711047493e-23, "left_area": 0.0, "right_area": 0.0, "escape": 0.0, "signal": "NONE", "reason": "avoid_passing", "user_forward": 2.0, "forward": 0.3, "turn": 0.0, "intervened": true}
REFLEXGUARD_DECISION={"t_ms": 34112, "left": 7.593675306804286e-45, "right": 1.2562292064387853e-23, "left_area": 0.0, "right_area": 0.0, "escape": 0.0, "signal": "NONE", "reason": "avoid_left", "user_forward": 2.0, "forward": 0.3, "turn": 0.4, "intervened": true}
REFLEXGUARD_DECISION={"t_ms": 34144, "left": 6.134830019021748e-45, "right": 1.0148909895484891e-23, "left_area": 0.0, "right_area": 0.0, "escape": 0.0, "signal": "NONE", "reason": "avoid_passing", "user_forward": 2.0, "forward": 0.3, "turn": 0.0, "intervened": true}
REFLEXGUARD_DECISION={"t_ms": 34176, "left": 4.956248172550471e-45, "right": 8.199170305764599e-24, "left_area": 0.0, "right_area": 0.0, "escape": 0.0, "signal": "NONE", "reason": "avoid_left", "user_forward": 2.0, "forward": 0.3, "turn": 0.4, "intervened": true}
REFLEXGUARD_DECISION={"t_ms": 34208, "left": 4.004087459920673e-45, "right": 6.624001434167824e-24, "left_area": 0.0, "right_area": 0.0, "escape": 0.0, "signal": "NONE", "reason": "avoid_passing", "user_forward": 2.0, "forward": 0.3, "turn": 0.0, "intervened": true}
REFLEXGUARD_DECISION={"t_ms": 34272, "left": 2.6133921130630677e-45, "right": 4.3233603856683985e-24, "left_area": 0.0, "right_area": 0.0, "escape": 0.0, "signal": "NONE", "reason": "avoid_left", "user_forward": 2.0, "forward": 0.3, "turn": 0.4, "intervened": true}
REFLEXGUARD_DECISION={"t_ms": 34304, "left": 2.1113249828219447e-45, "right": 3.492785773086982e-24, "left_area": 0.0, "right_area": 0.0, "escape": 0.0, "signal": "NONE", "reason": "avoid_passing", "user_forward": 2.0, "forward": 0.3, "turn": 0.0, "intervened": true}
REFLEXGUARD_DECISION={"t_ms": 34336, "left": 1.7057115772280246e-45, "right": 2.8217755098833274e-24, "left_area": 0.0, "right_area": 0.0, "escape": 0.0, "signal": "NONE", "reason": "avoid_left", "user_forward": 2.0, "forward": 0.3, "turn": 0.4, "intervened": true}
REFLEXGUARD_DECISION={"t_ms": 34368, "left": 1.3780218622720097e-45, "right": 2.2796751777707787e-24, "left_area": 0.0, "right_area": 0.0, "escape": 0.0, "signal": "NONE", "reason": "avoid_passing", "user_forward": 2.0, "forward": 0.3, "turn": 0.0, "intervened": true}
REFLEXGUARD_DECISION={"t_ms": 34400, "left": 1.1132856681348311e-45, "right": 1.8417194769541076e-24, "left_area": 0.0, "right_area": 0.0, "escape": 0.0, "signal": "NONE", "reason": "avoid_left", "user_forward": 2.0, "forward": 0.3, "turn": 0.4, "intervened": true}
REFLEXGUARD_DECISION={"t_ms": 34432, "left": 8.994087922748568e-46, "right": 1.4879008487116888e-24, "left_area": 0.0, "right_area": 0.0, "escape": 0.0, "signal": "NONE", "reason": "avoid_passing", "user_forward": 2.0, "forward": 0.3, "turn": 0.0, "intervened": true}
REFLEXGUARD_DECISION={"t_ms": 34496, "left": 5.870270986032001e-46, "right": 9.71124727410427e-25, "left_area": 0.0, "right_area": 0.0, "escape": 0.0, "signal": "NONE", "reason": "avoid_left", "user_forward": 2.0, "forward": 0.3, "turn": 0.4, "intervened": true}
REFLEXGUARD_DECISION={"t_ms": 34528, "left": 4.7425144228424e-46, "right": 7.845588452528957e-25, "left_area": 0.0, "right_area": 0.0, "escape": 0.0, "signal": "NONE", "reason": "avoid_passing", "user_forward": 2.0, "forward": 0.3, "turn": 0.0, "intervened": true}
REFLEXGUARD_DECISION={"t_ms": 34560, "left": 3.831414785515929e-46, "right": 6.338347323375427e-25, "left_area": 0.0, "right_area": 0.0, "escape": 0.0, "signal": "NONE", "reason": "avoid_left", "user_forward": 2.0, "forward": 0.3, "turn": 0.4, "intervened": true}
REFLEXGUARD_DECISION={"t_ms": 34592, "left": 3.0953494180143903e-46, "right": 5.120667115643887e-25, "left_area": 0.0, "right_area": 0.0, "escape": 0.0, "signal": "NONE", "reason": "avoid_passing", "user_forward": 2.0, "forward": 0.3, "turn": 0.0, "intervened": true}
REFLEXGUARD_DECISION={"t_ms": 34624, "left": 2.5006919260796883e-46, "right": 4.136919353178144e-25, "left_area": 0.0, "right_area": 0.0, "escape": 0.0, "signal": "NONE", "reason": "avoid_left", "user_forward": 2.0, "forward": 0.3, "turn": 0.4, "intervened": true}
REFLEXGUARD_DECISION={"t_ms": 34656, "left": 2.0202759897690714e-46, "right": 3.3421625245693976e-25, "left_area": 0.0, "right_area": 0.0, "escape": 0.0, "signal": "NONE", "reason": "avoid_passing", "user_forward": 2.0, "forward": 0.3, "turn": 0.0, "intervened": true}
REFLEXGUARD_DECISION={"t_ms": 34720, "left": 1.318595907487439e-46, "right": 2.181366233807904e-25, "left_area": 0.0, "right_area": 0.0, "escape": 0.0, "signal": "NONE", "reason": "avoid_left", "user_forward": 2.0, "forward": 0.3, "turn": 0.4, "intervened": true}
REFLEXGUARD_DECISION={"t_ms": 34752, "left": 1.0652762238813029e-46, "right": 1.7622969791260327e-25, "left_area": 0.0, "right_area": 0.0, "escape": 0.0, "signal": "NONE", "reason": "avoid_passing", "user_forward": 2.0, "forward": 0.3, "turn": 0.0, "intervened": true}
REFLEXGUARD_DECISION={"t_ms": 34784, "left": 8.606225961440868e-47, "right": 1.4237364613530707e-25, "left_area": 0.0, "right_area": 0.0, "escape": 0.0, "signal": "NONE", "reason": "avoid_left", "user_forward": 2.0, "forward": 0.3, "turn": 0.4, "intervened": true}
REFLEXGUARD_DECISION={"t_ms": 34816, "left": 6.952856323922951e-47, "right": 1.150217889150225e-25, "left_area": 0.0, "right_area": 0.0, "escape": 0.0, "signal": "NONE", "reason": "avoid_passing", "user_forward": 2.0, "forward": 0.3, "turn": 0.0, "intervened": true}
REFLEXGUARD_DECISION={"t_ms": 34880, "left": 4.537997749070371e-47, "right": 7.507254499053328e-26, "left_area": 0.0, "right_area": 0.0, "escape": 0.0, "signal": "NONE", "reason": "avoid_left", "user_forward": 2.0, "forward": 0.3, "turn": 0.4, "intervened": true}
REFLEXGUARD_DECISION={"t_ms": 34912, "left": 3.6661884650643727e-47, "right": 6.065011789477008e-26, "left_area": 0.0, "right_area": 0.0, "escape": 0.0, "signal": "NONE", "reason": "avoid_passing", "user_forward": 2.0, "forward": 0.3, "turn": 0.0, "intervened": true}
REFLEXGUARD_DECISION={"t_ms": 34944, "left": 2.9618652552492993e-47, "right": 4.899842946730212e-26, "left_area": 0.0, "right_area": 0.0, "escape": 0.0, "signal": "NONE", "reason": "avoid_left", "user_forward": 2.0, "forward": 0.3, "turn": 0.4, "intervened": true}
REFLEXGUARD_DECISION={"t_ms": 35456, "left": 9.7537914523434e-49, "right": 1.6135793539878495e-27, "left_area": 0.0, "right_area": 0.0, "escape": 0.0, "signal": "NONE", "reason": "avoid_left", "user_forward": 2.0, "forward": 0.3, "turn": 0.4, "intervened": true}
REFLEXGUARD_DECISION={"t_ms": 35648, "left": 2.7119178445929993e-49, "right": 4.486352476497907e-28, "left_area": 0.0, "right_area": 0.0, "escape": 0.0, "signal": "NONE", "reason": "avoid_right", "user_forward": 2.0, "forward": 0.0, "turn": -0.4, "intervened": true}
REFLEXGUARD_DECISION={"t_ms": 36160, "left": 8.930683475613517e-51, "right": 1.477411788396219e-29, "left_area": 0.0, "right_area": 0.0, "escape": 0.0, "signal": "NONE", "reason": "avoid_right", "user_forward": 2.0, "forward": 0.0, "turn": -0.4, "intervened": true}
REFLEXGUARD_DECISION={"t_ms": 36672, "left": 2.940985380534864e-52, "right": 4.865301163755168e-31, "left_area": 0.0, "right_area": 0.0, "escape": 0.0, "signal": "NONE", "reason": "avoid_right", "user_forward": 2.0, "forward": 0.0, "turn": -0.4, "intervened": true}
REFLEXGUARD_DECISION={"t_ms": 36928, "left": 5.3369968918317625e-53, "right": 8.829046672807481e-32, "left_area": 0.0, "right_area": 0.0, "escape": 0.0, "signal": "NONE", "reason": "avoid_left", "user_forward": 2.0, "forward": 0.3, "turn": 0.8, "intervened": true}
REFLEXGUARD_DECISION={"t_ms": 37440, "left": 1.7575395967954112e-54, "right": 2.9075151145699936e-33, "left_area": 0.0, "right_area": 0.0, "escape": 0.0, "signal": "NONE", "reason": "avoid_left", "user_forward": 2.0, "forward": 0.3, "turn": 1.2, "intervened": true}
REFLEXGUARD_DECISION={"t_ms": 37952, "left": 5.787796951936373e-56, "right": 9.574809664886337e-35, "left_area": 0.0, "right_area": 0.0, "escape": 0.0, "signal": "NONE", "reason": "avoid_left", "user_forward": 2.0, "forward": 0.3, "turn": 1.2, "intervened": true}
REFLEXGUARD_DECISION={"t_ms": 38464, "left": 0.7201102103303464, "right": 3.153104163049533e-36, "left_area": 0.0069010416666666664, "right_area": 0.0, "escape": 0.625, "signal": "STOP", "reason": "avoid_left", "user_forward": 2.0, "forward": 0.3, "turn": 1.2, "intervened": true}
REFLEXGUARD_DECISION={"t_ms": 38688, "left": 0.9287351835186851, "right": 7.08258657082727e-37, "left_area": 0.021354166666666667, "right_area": 0.0, "escape": 0.625, "signal": "STOP", "reason": "control_recovering", "user_forward": 2.0, "forward": 1.5, "turn": 1.2, "intervened": true}
REFLEXGUARD_DECISION={"t_ms": 39072, "left": 0.09017848169997575, "right": 0.5740074125998693, "left_area": 0.007161458333333333, "right_area": 0.004296875, "escape": 0.3125, "signal": "STOP", "reason": "avoid_left", "user_forward": 2.0, "forward": 0.65, "turn": 1.2, "intervened": true}
REFLEXGUARD_DECISION={"t_ms": 39584, "left": 0.058979103497792174, "right": 0.43292878898461484, "left_area": 0.0046875, "right_area": 0.005859375, "escape": 0.15625, "signal": "NONE", "reason": "avoid_left", "user_forward": 2.0, "forward": 0.65, "turn": 1.2, "intervened": true}
REFLEXGUARD_DECISION={"t_ms": 40096, "left": 0.0033079464442047064, "right": 0.7755133992455355, "left_area": 0.0, "right_area": 0.010026041666666667, "escape": 0.46875, "signal": "STOP", "reason": "avoid_left", "user_forward": 2.0, "forward": 0.65, "turn": 1.2, "intervened": true}
REFLEXGUARD_DECISION={"t_ms": 40608, "left": 0.00010893479943123838, "right": 0.3129166942080706, "left_area": 0.0, "right_area": 0.0, "escape": 0.0, "signal": "NONE", "reason": "avoid_left", "user_forward": 2.0, "forward": 2.0, "turn": 0.8, "intervened": true}
REFLEXGUARD_DECISION={"t_ms": 41120, "left": 0.5450582541697594, "right": 0.010304736759557063, "left_area": 0.0069010416666666664, "right_area": 0.0, "escape": 0.3125, "signal": "STOP", "reason": "avoid_left", "user_forward": 2.0, "forward": 0.65, "turn": 0.8, "intervened": true}
REFLEXGUARD_DECISION={"t_ms": 41632, "left": 0.21930847275733126, "right": 0.0003393478253133989, "left_area": 0.005208333333333333, "right_area": 0.0, "escape": 0.0, "signal": "NONE", "reason": "avoid_left", "user_forward": 2.0, "forward": 2.0, "turn": 0.8, "intervened": true}
REFLEXGUARD_DECISION={"t_ms": 42144, "left": 0.45933244759846836, "right": 1.1175146850610376e-05, "left_area": 0.00703125, "right_area": 0.0, "escape": 0.15625, "signal": "STOP", "reason": "avoid_left", "user_forward": 2.0, "forward": 0.65, "turn": 0.4, "intervened": true}
REFLEXGUARD_DECISION={"t_ms": 42656, "left": 0.04803576812747676, "right": 3.680115144906929e-07, "left_area": 0.001171875, "right_area": 0.0, "escape": 0.0, "signal": "NONE", "reason": "avoid_left", "user_forward": 2.0, "forward": 0.65, "turn": 0.4, "intervened": true}
REFLEXGUARD_DECISION={"t_ms": 43168, "left": 0.0015818777162065602, "right": 1.2119077861633318e-08, "left_area": 0.0, "right_area": 0.0, "escape": 0.0, "signal": "NONE", "reason": "avoid_left", "user_forward": 2.0, "forward": 0.65, "turn": 0.4, "intervened": true}
REFLEXGUARD_DECISION={"t_ms": 43680, "left": 5.209320484665114e-05, "right": 3.9909633919904197e-10, "left_area": 0.0, "right_area": 0.0, "escape": 0.0, "signal": "NONE", "reason": "avoid_left", "user_forward": 2.0, "forward": 0.65, "turn": 0.4, "intervened": true}
REFLEXGUARD_DECISION={"t_ms": 43776, "left": 2.746835225976177e-05, "right": 2.1044047612296956e-10, "left_area": 0.0, "right_area": 0.0, "escape": 0.0, "signal": "NONE", "reason": "control_recovering", "user_forward": 2.0, "forward": 2.0, "turn": 0.9095357318737758, "intervened": true}
REFLEXGUARD_DECISION={"t_ms": 43840, "left": 1.7928073717930647e-05, "right": 1.373505164594734e-10, "left_area": 0.0, "right_area": 0.0, "escape": 0.0, "signal": "NONE", "reason": "avoid_left", "user_forward": 2.0, "forward": 0.65, "turn": 0.4, "intervened": true}
REFLEXGUARD_DECISION={"t_ms": 43872, "left": 1.4483854047518135e-05, "right": 1.109636687716539e-10, "left_area": 0.0, "right_area": 0.0, "escape": 0.0, "signal": "NONE", "reason": "control_recovering", "user_forward": 2.0, "forward": 2.0, "turn": 0.8847119210034385, "intervened": true}
REFLEXGUARD_DECISION={"t_ms": 43904, "left": 1.1701314450754144e-05, "right": 8.964608291733922e-11, "left_area": 0.0, "right_area": 0.0, "escape": 0.0, "signal": "NONE", "reason": "avoid_left", "user_forward": 2.0, "forward": 0.65, "turn": 0.4, "intervened": true}
REFLEXGUARD_DECISION={"t_ms": 43936, "left": 9.453337449150121e-06, "right": 7.242388676748037e-11, "left_area": 0.0, "right_area": 0.0, "escape": 0.0, "signal": "NONE", "reason": "control_recovering", "user_forward": 2.0, "forward": 2.0, "turn": 0.873308430156978, "intervened": true}
REFLEXGUARD_DECISION={"t_ms": 43968, "left": 7.637226510201558e-06, "right": 5.851030188731531e-11, "left_area": 0.0, "right_area": 0.0, "escape": 0.0, "signal": "NONE", "reason": "avoid_left", "user_forward": 2.0, "forward": 0.65, "turn": 0.4, "intervened": true}
REFLEXGUARD_DECISION={"t_ms": 44480, "left": 2.515033880180494e-07, "right": 1.9268171683741654e-12, "left_area": 0.0, "right_area": 0.0, "escape": 0.0, "signal": "NONE", "reason": "avoid_left", "user_forward": 2.0, "forward": 0.65, "turn": 0.4, "intervened": true}
REFLEXGUARD_DECISION={"t_ms": 44992, "left": 8.282320041190993e-09, "right": 0.5170508529205171, "left_area": 0.0, "right_area": 0.00390625, "escape": 0.3125, "signal": "STOP", "reason": "avoid_left", "user_forward": 2.0, "forward": 0.65, "turn": 0.4, "intervened": true}
REFLEXGUARD_DECISION={"t_ms": 45504, "left": 2.727471220379387e-10, "right": 0.6392637166900202, "left_area": 0.0, "right_area": 0.0069010416666666664, "escape": 0.46875, "signal": "STOP", "reason": "avoid_left", "user_forward": 2.0, "forward": 1.5, "turn": 0.8, "intervened": true}
REFLEXGUARD_DECISION={"t_ms": 45536, "left": 2.203487987405543e-10, "right": 0.5164527163424091, "left_area": 0.0, "right_area": 0.0048177083333333336, "escape": 0.3125, "signal": "STOP", "reason": "control_recovering", "user_forward": 2.0, "forward": 1.5, "turn": 0.3060330363242987, "intervened": true}
REFLEXGUARD_DECISION={"t_ms": 45600, "left": 1.438174911301499e-10, "right": 0.6463210560122475, "left_area": 0.0, "right_area": 0.007421875, "escape": 0.46875, "signal": "STOP", "reason": "avoid_left", "user_forward": 2.0, "forward": 0.65, "turn": 0.4, "intervened": true}
REFLEXGUARD_DECISION={"t_ms": 45984, "left": 1.1117773823022804e-11, "right": 0.5433256872935932, "left_area": 0.0, "right_area": 0.01015625, "escape": 0.3125, "signal": "STOP", "reason": "control_recovering", "user_forward": 2.0, "forward": 1.5, "turn": 0.1554987210087925, "intervened": true}
REFLEXGUARD_DECISION={"t_ms": 46016, "left": 8.98190268065044e-12, "right": 0.486790878520029, "left_area": 0.0, "right_area": 0.008723958333333334, "escape": 0.3125, "signal": "STOP", "reason": "control_recovered", "user_forward": 2.0, "forward": 1.5, "turn": 0.13765914125870818, "intervened": true}
REFLEXGUARD_DECISION={"t_ms": 46048, "left": 7.256360585211205e-12, "right": 0.5853851267949333, "left_area": 0.0, "right_area": 0.010546875, "escape": 0.46875, "signal": "STOP", "reason": "control_recovering", "user_forward": 2.0, "forward": 1.5, "turn": 0.11801526749889599, "intervened": true}
REFLEXGUARD_DECISION={"t_ms": 46080, "left": 5.862317909104045e-12, "right": 0.47327473715049173, "left_area": 0.0, "right_area": 0.008984375, "escape": 0.15625, "signal": "STOP", "reason": "avoid_left", "user_forward": 2.0, "forward": 0.65, "turn": 0.4, "intervened": true}
REFLEXGUARD_DECISION={"t_ms": 46592, "left": 1.9305343553829507e-13, "right": 0.7167454921950611, "left_area": 0.0, "right_area": 0.013151041666666667, "escape": 0.46875, "signal": "STOP", "reason": "avoid_left", "user_forward": 2.0, "forward": 1.5, "turn": 0.4, "intervened": true}
REFLEXGUARD_DECISION={"t_ms": 46656, "left": 1.2600232409646343e-13, "right": 0.4678062193010112, "left_area": 0.0, "right_area": 0.0, "escape": 0.15625, "signal": "STOP", "reason": "avoid_passing", "user_forward": 2.0, "forward": 2.0, "turn": 0.0, "intervened": false}
REFLEXGUARD_DECISION={"t_ms": 47168, "left": 4.14941358176013e-15, "right": 0.015405441875130904, "left_area": 0.0, "right_area": 0.0, "escape": 0.0, "signal": "NONE", "reason": "avoid_passing", "user_forward": 2.0, "forward": 2.0, "turn": 0.0, "intervened": false}
REFLEXGUARD_DECISION={"t_ms": 47584, "left": 2.5914531452513594e-16, "right": 0.000962123442618134, "left_area": 0.0, "right_area": 0.0, "escape": 0.0, "signal": "NONE", "reason": "control_recovering", "user_forward": 2.0, "forward": 2.0, "turn": -0.5279750554826841, "intervened": true}
REFLEXGUARD_DECISION={"t_ms": 48096, "left": 8.533978205964544e-18, "right": 3.168392415582079e-05, "left_area": 0.0, "right_area": 0.0, "escape": 0.0, "signal": "NONE", "reason": "control_recovering", "user_forward": 2.0, "forward": 2.0, "turn": -0.37359786648261145, "intervened": true}
REFLEXGUARD_DECISION={"t_ms": 48608, "left": 2.8103453907060214e-19, "right": 1.043391113285907e-06, "left_area": 0.0, "right_area": 0.0, "escape": 0.0, "signal": "NONE", "reason": "control_recovering", "user_forward": 2.0, "forward": 2.0, "turn": -0.19315723906633617, "intervened": true}
REFLEXGUARD_DECISION={"t_ms": 48928, "left": 3.3286244823573396e-20, "right": 1.2358115183433168e-07, "left_area": 0.0, "right_area": 0.0, "escape": 0.0, "signal": "NONE", "reason": "avoid_left", "user_forward": 2.0, "forward": 2.0, "turn": 0.4, "intervened": true}
REFLEXGUARD_DECISION={"t_ms": 49440, "left": 1.0961575300070591e-21, "right": 4.069681361419661e-09, "left_area": 0.0, "right_area": 0.0, "escape": 0.0, "signal": "NONE", "reason": "avoid_left", "user_forward": 2.0, "forward": 0.65, "turn": 0.4, "intervened": true}
REFLEXGUARD_DECISION={"t_ms": 49760, "left": 1.2983090274128949e-22, "right": 4.820205039499316e-10, "left_area": 0.0, "right_area": 0.0, "escape": 0.0, "signal": "NONE", "reason": "control_recovering", "user_forward": 2.0, "forward": 2.0, "turn": -0.38363741008300567, "intervened": true}
REFLEXGUARD_DECISION={"t_ms": 49792, "left": 1.048886721322234e-22, "right": 3.894180008942863e-10, "left_area": 0.0, "right_area": 0.0, "escape": 0.0, "signal": "NONE", "reason": "avoid_left", "user_forward": 2.0, "forward": 0.65, "turn": 0.4, "intervened": true}
REFLEXGUARD_DECISION={"t_ms": 49824, "left": 8.473817334216426e-23, "right": 3.146056613314818e-10, "left_area": 0.0, "right_area": 0.0, "escape": 0.0, "signal": "NONE", "reason": "control_recovering", "user_forward": 2.0, "forward": 2.0, "turn": -0.4162892314035807, "intervened": true}
REFLEXGUARD_DECISION={"t_ms": 50240, "left": 5.292193740235867e-24, "right": 1.9648218103761985e-11, "left_area": 0.0, "right_area": 0.0, "escape": 0.0, "signal": "NONE", "reason": "avoid_left", "user_forward": 2.0, "forward": 0.65, "turn": 0.4, "intervened": true}
REFLEXGUARD_DECISION={"t_ms": 50752, "left": 1.7427853605485197e-25, "right": 6.47040311690755e-13, "left_area": 0.0, "right_area": 0.0, "escape": 0.0, "signal": "NONE", "reason": "avoid_left", "user_forward": 2.0, "forward": 0.65, "turn": 0.4, "intervened": true}
REFLEXGUARD_DECISION={"t_ms": 50784, "left": 1.4079732823214662e-25, "right": 5.227353247670192e-13, "left_area": 0.0, "right_area": 0.0, "escape": 0.0, "signal": "NONE", "reason": "control_recovering", "user_forward": 2.0, "forward": 2.0, "turn": -0.6024176365854035, "intervened": true}
REFLEXGUARD_DECISION={"t_ms": 50816, "left": 1.137483024936101e-25, "right": 4.2231096706363874e-13, "left_area": 0.0, "right_area": 0.0, "escape": 0.0, "signal": "NONE", "reason": "avoid_left", "user_forward": 2.0, "forward": 0.65, "turn": 0.4, "intervened": true}
REFLEXGUARD_DECISION={"t_ms": 50848, "left": 9.189575173503674e-26, "right": 3.4117945440498794e-13, "left_area": 0.0, "right_area": 0.0, "escape": 0.0, "signal": "NONE", "reason": "control_recovering", "user_forward": 2.0, "forward": 2.0, "turn": -0.6383473682466276, "intervened": true}
REFLEXGUARD_DECISION={"t_ms": 51264, "left": 5.739209413007742e-27, "right": 2.1307843934850748e-14, "left_area": 0.0, "right_area": 0.0, "escape": 0.0, "signal": "NONE", "reason": "avoid_passing", "user_forward": 2.0, "forward": 0.65, "turn": 0.0, "intervened": true}
REFLEXGUARD_DECISION={"t_ms": 51776, "left": 1.8899931931944665e-28, "right": 7.016938588657073e-16, "left_area": 0.0, "right_area": 0.0, "escape": 0.0, "signal": "NONE", "reason": "avoid_passing", "user_forward": 2.0, "forward": 0.65, "turn": 0.0, "intervened": true}
REFLEXGUARD_DECISION={"t_ms": 52288, "left": 6.223983153891231e-30, "right": 2.3107653363488735e-17, "left_area": 0.0, "right_area": 0.0, "escape": 0.0, "signal": "NONE", "reason": "avoid_passing", "user_forward": 2.0, "forward": 0.65, "turn": 0.0, "intervened": true}
REFLEXGUARD_DECISION={"t_ms": 52800, "left": 2.0496352282860302e-31, "right": 7.60963826632754e-19, "left_area": 0.0, "right_area": 0.0, "escape": 0.0, "signal": "NONE", "reason": "avoid_passing", "user_forward": 2.0, "forward": 0.65, "turn": 0.0, "intervened": true}
REFLEXGUARD_DECISION={"t_ms": 52928, "left": 8.731294141240237e-32, "right": 3.241649494251914e-19, "left_area": 0.0, "right_area": 0.0, "escape": 0.0, "signal": "NONE", "reason": "avoid_left", "user_forward": 2.0, "forward": 0.65, "turn": 0.4, "intervened": true}
REFLEXGUARD_DECISION={"t_ms": 53440, "left": 2.8753239875376044e-33, "right": 1.0675155823679194e-20, "left_area": 0.0, "right_area": 0.0, "escape": 0.0, "signal": "NONE", "reason": "avoid_left", "user_forward": 2.0, "forward": 0.65, "turn": 0.4, "intervened": true}
REFLEXGUARD_DECISION={"t_ms": 53952, "left": 9.468800271267461e-35, "right": 3.515461867851647e-22, "left_area": 0.0, "right_area": 0.0, "escape": 0.0, "signal": "NONE", "reason": "avoid_left", "user_forward": 2.0, "forward": 0.65, "turn": 0.4, "intervened": true}
REFLEXGUARD_DECISION={"t_ms": 54464, "left": 3.1181939484300346e-36, "right": 1.1576854097910148e-23, "left_area": 0.0, "right_area": 0.0, "escape": 0.0, "signal": "NONE", "reason": "avoid_left", "user_forward": 2.0, "forward": 0.65, "turn": 0.4, "intervened": true}
REFLEXGUARD_DECISION={"t_ms": 54592, "left": 1.3283275081071402e-36, "right": 4.9316540311225505e-24, "left_area": 0.0, "right_area": 0.0, "escape": 0.0, "signal": "NONE", "reason": "avoid_passing", "user_forward": 2.0, "forward": 0.3, "turn": 0.0, "intervened": true}
REFLEXGUARD_DECISION={"t_ms": 55104, "left": 4.374348046902461e-38, "right": 1.624055140571519e-25, "left_area": 0.0, "right_area": 0.0, "escape": 0.0, "signal": "NONE", "reason": "avoid_passing", "user_forward": 2.0, "forward": 0.3, "turn": 0.0, "intervened": true}
REFLEXGUARD_DECISION={"t_ms": 55616, "left": 1.4405273337075233e-39, "right": 5.3482160000919855e-27, "left_area": 0.0, "right_area": 0.0, "escape": 0.0, "signal": "NONE", "reason": "avoid_passing", "user_forward": 2.0, "forward": 0.3, "turn": 0.0, "intervened": true}
REFLEXGUARD_DECISION={"t_ms": 56128, "left": 4.743836057187833e-41, "right": 1.7612341889804387e-28, "left_area": 0.0, "right_area": 0.0, "escape": 0.0, "signal": "NONE", "reason": "avoid_passing", "user_forward": 2.0, "forward": 0.3, "turn": 0.0, "intervened": true}
REFLEXGUARD_DECISION={"t_ms": 56416, "left": 6.954793931887262e-42, "right": 2.5820919404653316e-29, "left_area": 0.0, "right_area": 0.0, "escape": 0.0, "signal": "NONE", "reason": "avoid_left", "user_forward": 2.0, "forward": 0.65, "turn": 0.4, "intervened": true}
REFLEXGUARD_DECISION={"t_ms": 56928, "left": 2.290300326303736e-43, "right": 8.503150591823831e-31, "left_area": 0.0, "right_area": 0.0, "escape": 0.0, "signal": "NONE", "reason": "avoid_left", "user_forward": 2.0, "forward": 0.3, "turn": 0.4, "intervened": true}
REFLEXGUARD_DECISION={"t_ms": 57280, "left": 2.191533182356097e-44, "right": 8.136459861850217e-32, "left_area": 0.0, "right_area": 0.0, "escape": 0.0, "signal": "NONE", "reason": "avoid_passing", "user_forward": 2.0, "forward": 0.3, "turn": 0.0, "intervened": true}
REFLEXGUARD_DECISION={"t_ms": 57344, "left": 1.4303722362745036e-44, "right": 5.3105133801535e-32, "left_area": 0.0, "right_area": 0.0, "escape": 0.0, "signal": "NONE", "reason": "avoid_left", "user_forward": 2.0, "forward": 0.3, "turn": 0.4, "intervened": true}
REFLEXGUARD_DECISION={"t_ms": 57376, "left": 1.155578844095323e-44, "right": 4.290293643683969e-32, "left_area": 0.0, "right_area": 0.0, "escape": 0.0, "signal": "NONE", "reason": "avoid_passing", "user_forward": 2.0, "forward": 0.3, "turn": 0.0, "intervened": true}
REFLEXGUARD_DECISION={"t_ms": 57408, "left": 9.335768907251164e-45, "right": 3.466071588826884e-32, "left_area": 0.0, "right_area": 0.0, "escape": 0.0, "signal": "NONE", "reason": "avoid_left", "user_forward": 2.0, "forward": 0.3, "turn": 0.4, "intervened": true}
REFLEXGUARD_DECISION={"t_ms": 57440, "left": 7.542244437490593e-45, "right": 2.8001934731341823e-32, "left_area": 0.0, "right_area": 0.0, "escape": 0.0, "signal": "NONE", "reason": "avoid_passing", "user_forward": 2.0, "forward": 0.3, "turn": 0.0, "intervened": true}
REFLEXGUARD_DECISION={"t_ms": 57472, "left": 6.09327969875887e-45, "right": 2.2622393352346032e-32, "left_area": 0.0, "right_area": 0.0, "escape": 0.0, "signal": "NONE", "reason": "avoid_left", "user_forward": 2.0, "forward": 0.3, "turn": 0.4, "intervened": true}
REFLEXGUARD_DECISION={"t_ms": 57536, "left": 3.976968352169614e-45, "right": 1.4765208042384463e-32, "left_area": 0.0, "right_area": 0.0, "escape": 0.0, "signal": "NONE", "reason": "avoid_passing", "user_forward": 2.0, "forward": 0.3, "turn": 0.0, "intervened": true}
REFLEXGUARD_DECISION={"t_ms": 57568, "left": 3.212940222730861e-45, "right": 1.1928616628413888e-32, "left_area": 0.0, "right_area": 0.0, "escape": 0.0, "signal": "NONE", "reason": "avoid_left", "user_forward": 2.0, "forward": 0.3, "turn": 0.4, "intervened": true}
REFLEXGUARD_DECISION={"t_ms": 57600, "left": 2.5956919846269795e-45, "right": 9.636971877349403e-33, "left_area": 0.0, "right_area": 0.0, "escape": 0.0, "signal": "NONE", "reason": "avoid_passing", "user_forward": 2.0, "forward": 0.3, "turn": 0.0, "intervened": true}
REFLEXGUARD_DECISION={"t_ms": 57632, "left": 2.097025282758004e-45, "right": 7.785582340168819e-33, "left_area": 0.0, "right_area": 0.0, "escape": 0.0, "signal": "NONE", "reason": "avoid_left", "user_forward": 2.0, "forward": 0.3, "turn": 0.4, "intervened": true}
REFLEXGUARD_DECISION={"t_ms": 57696, "left": 1.3686887186430715e-45, "right": 5.081502261642256e-33, "left_area": 0.0, "right_area": 0.0, "escape": 0.0, "signal": "NONE", "reason": "avoid_passing", "user_forward": 2.0, "forward": 0.3, "turn": 0.0, "intervened": true}
REFLEXGUARD_DECISION={"t_ms": 57760, "left": 8.933172260455727e-46, "right": 3.31660036550528e-33, "left_area": 0.0, "right_area": 0.0, "escape": 0.0, "signal": "NONE", "reason": "avoid_left", "user_forward": 2.0, "forward": 0.3, "turn": 0.4, "intervened": true}
REFLEXGUARD_DECISION={"t_ms": 57824, "left": 5.830512486001315e-46, "right": 2.1646822963166006e-33, "left_area": 0.0, "right_area": 0.0, "escape": 0.0, "signal": "NONE", "reason": "avoid_passing", "user_forward": 2.0, "forward": 0.3, "turn": 0.0, "intervened": true}
REFLEXGUARD_DECISION={"t_ms": 57888, "left": 3.805465164922609e-46, "right": 1.4128471710738137e-33, "left_area": 0.0, "right_area": 0.0, "escape": 0.0, "signal": "NONE", "reason": "avoid_left", "user_forward": 2.0, "forward": 0.3, "turn": 0.4, "intervened": true}
REFLEXGUARD_DECISION={"t_ms": 57920, "left": 3.0743850621568945e-46, "right": 1.1414205753078531e-33, "left_area": 0.0, "right_area": 0.0, "escape": 0.0, "signal": "NONE", "reason": "avoid_passing", "user_forward": 2.0, "forward": 0.3, "turn": 0.0, "intervened": true}
REFLEXGUARD_DECISION={"t_ms": 57952, "left": 2.4837550997804685e-46, "right": 9.221386123071651e-34, "left_area": 0.0, "right_area": 0.0, "escape": 0.0, "signal": "NONE", "reason": "avoid_left", "user_forward": 2.0, "forward": 0.3, "turn": 0.4, "intervened": true}
REFLEXGUARD_DECISION={"t_ms": 58016, "left": 1.6210999518664476e-46, "right": 6.018624220066889e-34, "left_area": 0.0, "right_area": 0.0, "escape": 0.0, "signal": "NONE", "reason": "avoid_passing", "user_forward": 2.0, "forward": 0.3, "turn": 0.0, "intervened": true}
REFLEXGUARD_DECISION={"t_ms": 58080, "left": 1.0580612614237517e-46, "right": 3.928242133982952e-34, "left_area": 0.0, "right_area": 0.0, "escape": 0.0, "signal": "NONE", "reason": "avoid_left", "user_forward": 2.0, "forward": 0.3, "turn": 0.4, "intervened": true}
REFLEXGUARD_DECISION={"t_ms": 58112, "left": 8.547937232357285e-47, "right": 3.1735749544032724e-34, "left_area": 0.0, "right_area": 0.0, "escape": 0.0, "signal": "NONE", "reason": "avoid_passing", "user_forward": 2.0, "forward": 0.3, "turn": 0.0, "intervened": true}
REFLEXGUARD_DECISION={"t_ms": 58144, "left": 6.905765629298153e-47, "right": 2.5638893040953875e-34, "left_area": 0.0, "right_area": 0.0, "escape": 0.0, "signal": "NONE", "reason": "avoid_left", "user_forward": 2.0, "forward": 0.3, "turn": 0.4, "intervened": true}
REFLEXGUARD_DECISION={"t_ms": 58208, "left": 4.5072625438175e-47, "right": 1.6734020305896088e-34, "left_area": 0.0, "right_area": 0.0, "escape": 0.0, "signal": "NONE", "reason": "avoid_passing", "user_forward": 2.0, "forward": 0.3, "turn": 0.0, "intervened": true}
REFLEXGUARD_DECISION={"t_ms": 58304, "left": 2.3766453925279673e-47, "right": 8.823722131081546e-35, "left_area": 0.0, "right_area": 0.0, "escape": 0.0, "signal": "NONE", "reason": "avoid_left", "user_forward": 2.0, "forward": 0.3, "turn": 0.4, "intervened": true}
REFLEXGUARD_DECISION={"t_ms": 58336, "left": 1.9200604331325122e-47, "right": 7.128568607715002e-35, "left_area": 0.0, "right_area": 0.0, "escape": 0.0, "signal": "NONE", "reason": "avoid_passing", "user_forward": 2.0, "forward": 0.3, "turn": 0.0, "intervened": true}
REFLEXGUARD_DECISION={"t_ms": 58368, "left": 1.5511914728514247e-47, "right": 5.759076457756846e-35, "left_area": 0.0, "right_area": 0.0, "escape": 0.0, "signal": "NONE", "reason": "avoid_left", "user_forward": 2.0, "forward": 0.3, "turn": 0.4, "intervened": true}
REFLEXGUARD_DECISION={"t_ms": 58432, "left": 1.0124333200955881e-47, "right": 3.7588402211192236e-35, "left_area": 0.0, "right_area": 0.0, "escape": 0.0, "signal": "NONE", "reason": "avoid_passing", "user_forward": 2.0, "forward": 0.3, "turn": 0.0, "intervened": true}
REFLEXGUARD_DECISION={"t_ms": 58528, "left": 5.3384841953515445e-48, "right": 1.982007971784464e-35, "left_area": 0.0, "right_area": 0.0, "escape": 0.0, "signal": "NONE", "reason": "avoid_left", "user_forward": 2.0, "forward": 0.3, "turn": 0.4, "intervened": true}
REFLEXGUARD_DECISION={"t_ms": 58560, "left": 4.312890895976244e-48, "right": 1.6012380714182572e-35, "left_area": 0.0, "right_area": 0.0, "escape": 0.0, "signal": "NONE", "reason": "avoid_passing", "user_forward": 2.0, "forward": 0.3, "turn": 0.0, "intervened": true}
REFLEXGUARD_DECISION={"t_ms": 58592, "left": 3.484327610596189e-48, "right": 1.2936190963202048e-35, "left_area": 0.0, "right_area": 0.0, "escape": 0.0, "signal": "NONE", "reason": "avoid_left", "user_forward": 2.0, "forward": 0.3, "turn": 0.4, "intervened": true}
REFLEXGUARD_DECISION={"t_ms": 58624, "left": 2.81494227208242e-48, "right": 1.0450977879148762e-35, "left_area": 0.0, "right_area": 0.0, "escape": 0.0, "signal": "NONE", "reason": "avoid_passing", "user_forward": 2.0, "forward": 0.3, "turn": 0.0, "intervened": true}
REFLEXGUARD_DECISION={"t_ms": 58656, "left": 2.2741546951725095e-48, "right": 8.443207041481491e-36, "left_area": 0.0, "right_area": 0.0, "escape": 0.0, "signal": "NONE", "reason": "avoid_left", "user_forward": 2.0, "forward": 0.3, "turn": 0.4, "intervened": true}
REFLEXGUARD_DECISION={"t_ms": 58720, "left": 1.484297734187586e-48, "right": 5.51072145951663e-36, "left_area": 0.0, "right_area": 0.0, "escape": 0.0, "signal": "NONE", "reason": "avoid_passing", "user_forward": 2.0, "forward": 0.3, "turn": 0.0, "intervened": true}
REFLEXGUARD_DECISION={"t_ms": 58848, "left": 6.322998322587213e-49, "right": 2.3475264929809138e-36, "left_area": 0.0, "right_area": 0.0, "escape": 0.0, "signal": "NONE", "reason": "avoid_left", "user_forward": 2.0, "forward": 0.3, "turn": 0.4, "intervened": true}
REFLEXGUARD_DECISION={"t_ms": 58880, "left": 5.108266860564091e-49, "right": 1.8965356586531406e-36, "left_area": 0.0, "right_area": 0.0, "escape": 0.0, "signal": "NONE", "reason": "avoid_passing", "user_forward": 2.0, "forward": 0.3, "turn": 0.0, "intervened": true}
REFLEXGUARD_DECISION={"t_ms": 58912, "left": 4.126901350823092e-49, "right": 1.5321861181534896e-36, "left_area": 0.0, "right_area": 0.0, "escape": 0.0, "signal": "NONE", "reason": "avoid_left", "user_forward": 2.0, "forward": 0.3, "turn": 0.4, "intervened": true}
REFLEXGUARD_DECISION={"t_ms": 58944, "left": 3.334069112737141e-49, "right": 1.2378329349891825e-36, "left_area": 0.0, "right_area": 0.0, "escape": 0.0, "signal": "NONE", "reason": "avoid_passing", "user_forward": 2.0, "forward": 0.3, "turn": 0.0, "intervened": true}
REFLEXGUARD_DECISION={"t_ms": 58976, "left": 2.693550415565613e-49, "right": 1.0000288847352941e-36, "left_area": 0.0, "right_area": 0.0, "escape": 0.0, "signal": "NONE", "reason": "avoid_left", "user_forward": 2.0, "forward": 0.3, "turn": 0.4, "intervened": true}
REFLEXGUARD_DECISION={"t_ms": 59008, "left": 2.1760838170620397e-49, "right": 8.079101323262623e-37, "left_area": 0.0, "right_area": 0.0, "escape": 0.0, "signal": "NONE", "reason": "avoid_passing", "user_forward": 2.0, "forward": 0.3, "turn": 0.0, "intervened": true}
REFLEXGUARD_DECISION={"t_ms": 59040, "left": 1.7580293843822235e-49, "right": 6.526999288507674e-37, "left_area": 0.0, "right_area": 0.0, "escape": 0.0, "signal": "NONE", "reason": "avoid_left", "user_forward": 2.0, "forward": 0.3, "turn": 0.4, "intervened": true}
REFLEXGUARD_DECISION={"t_ms": 59072, "left": 1.420288727905753e-49, "right": 5.273076547451396e-37, "left_area": 0.0, "right_area": 0.0, "escape": 0.0, "signal": "NONE", "reason": "avoid_passing", "user_forward": 2.0, "forward": 0.3, "turn": 0.0, "intervened": true}
REFLEXGUARD_DECISION={"t_ms": 59104, "left": 1.147432510819493e-49, "right": 4.26004892083255e-37, "left_area": 0.0, "right_area": 0.0, "escape": 0.0, "signal": "NONE", "reason": "avoid_left", "user_forward": 2.0, "forward": 0.3, "turn": 0.4, "intervened": true}
REFLEXGUARD_DECISION={"t_ms": 59136, "left": 9.26995575629811e-50, "right": 3.4416372765644643e-37, "left_area": 0.0, "right_area": 0.0, "escape": 0.0, "signal": "NONE", "reason": "avoid_passing", "user_forward": 2.0, "forward": 0.3, "turn": 0.0, "intervened": true}
REFLEXGUARD_DECISION={"t_ms": 59168, "left": 7.489074861784423e-50, "right": 2.780453314870196e-37, "left_area": 0.0, "right_area": 0.0, "escape": 0.0, "signal": "NONE", "reason": "avoid_left", "user_forward": 2.0, "forward": 0.3, "turn": 0.4, "intervened": true}
REFLEXGUARD_DECISION={"t_ms": 59200, "left": 6.050324700558119e-50, "right": 2.2462915220077683e-37, "left_area": 0.0, "right_area": 0.0, "escape": 0.0, "signal": "NONE", "reason": "avoid_passing", "user_forward": 2.0, "forward": 0.3, "turn": 0.0, "intervened": true}
REFLEXGUARD_DECISION={"t_ms": 59232, "left": 4.887977441510243e-50, "right": 1.8147492622365926e-37, "left_area": 0.0, "right_area": 0.0, "escape": 0.0, "signal": "NONE", "reason": "avoid_left", "user_forward": 2.0, "forward": 0.3, "turn": 0.4, "intervened": true}
REFLEXGUARD_DECISION={"t_ms": 59264, "left": 3.9489324377101676e-50, "right": 1.4661119683364354e-37, "left_area": 0.0, "right_area": 0.0, "escape": 0.0, "signal": "NONE", "reason": "avoid_passing", "user_forward": 2.0, "forward": 0.3, "turn": 0.0, "intervened": true}
REFLEXGUARD_DECISION={"t_ms": 59296, "left": 3.190290377604823e-50, "right": 1.1844525017468252e-37, "left_area": 0.0, "right_area": 0.0, "escape": 0.0, "signal": "NONE", "reason": "avoid_left", "user_forward": 2.0, "forward": 0.3, "turn": 0.4, "intervened": true}
REFLEXGUARD_DECISION={"t_ms": 59328, "left": 2.5773934738016745e-50, "right": 9.56903537515067e-38, "left_area": 0.0, "right_area": 0.0, "escape": 0.0, "signal": "NONE", "reason": "avoid_passing", "user_forward": 2.0, "forward": 0.3, "turn": 0.0, "intervened": true}
REFLEXGUARD_DECISION={"t_ms": 59360, "left": 2.0822421574624192e-50, "right": 7.730697337026444e-38, "left_area": 0.0, "right_area": 0.0, "escape": 0.0, "signal": "NONE", "reason": "avoid_left", "user_forward": 2.0, "forward": 0.3, "turn": 0.4, "intervened": true}
REFLEXGUARD_DECISION={"t_ms": 59392, "left": 1.6822159466084599e-50, "right": 6.245528308099366e-38, "left_area": 0.0, "right_area": 0.0, "escape": 0.0, "signal": "NONE", "reason": "avoid_passing", "user_forward": 2.0, "forward": 0.3, "turn": 0.0, "intervened": true}
REFLEXGUARD_DECISION={"t_ms": 59456, "left": 1.0979505146529864e-50, "right": 4.076338138383814e-38, "left_area": 0.0, "right_area": 0.0, "escape": 0.0, "signal": "NONE", "reason": "avoid_left", "user_forward": 2.0, "forward": 0.3, "turn": 0.4, "intervened": true}
REFLEXGUARD_DECISION={"t_ms": 59488, "left": 8.870197242510465e-51, "right": 3.293219761007195e-38, "left_area": 0.0, "right_area": 0.0, "escape": 0.0, "signal": "NONE", "reason": "avoid_passing", "user_forward": 2.0, "forward": 0.3, "turn": 0.0, "intervened": true}
REFLEXGUARD_DECISION={"t_ms": 59520, "left": 7.16611523661498e-51, "right": 2.66054876364801e-38, "left_area": 0.0, "right_area": 0.0, "escape": 0.0, "signal": "NONE", "reason": "avoid_left", "user_forward": 2.0, "forward": 0.3, "turn": 0.4, "intervened": true}
REFLEXGUARD_DECISION={"t_ms": 59552, "left": 5.789409883506859e-51, "right": 2.1494222182075292e-38, "left_area": 0.0, "right_area": 0.0, "escape": 0.0, "signal": "NONE", "reason": "avoid_passing", "user_forward": 2.0, "forward": 0.3, "turn": 0.0, "intervened": true}
REFLEXGUARD_DECISION={"t_ms": 59584, "left": 4.6771878057433075e-51, "right": 1.736489830687953e-38, "left_area": 0.0, "right_area": 0.0, "escape": 0.0, "signal": "NONE", "reason": "avoid_left", "user_forward": 2.0, "forward": 0.3, "turn": 0.4, "intervened": true}
REFLEXGUARD_DECISION={"t_ms": 59616, "left": 3.778638274086537e-51, "right": 1.4028872068686952e-38, "left_area": 0.0, "right_area": 0.0, "escape": 0.0, "signal": "NONE", "reason": "avoid_passing", "user_forward": 2.0, "forward": 0.3, "turn": 0.0, "intervened": true}
REFLEXGUARD_DECISION={"t_ms": 59680, "left": 2.4662456957949764e-51, "right": 9.156379321495537e-39, "left_area": 0.0, "right_area": 0.0, "escape": 0.0, "signal": "NONE", "reason": "avoid_left", "user_forward": 2.0, "forward": 0.3, "turn": 0.4, "intervened": true}
REFLEXGUARD_DECISION={"t_ms": 59712, "left": 1.9924473351249317e-51, "right": 7.39731795968776e-39, "left_area": 0.0, "right_area": 0.0, "escape": 0.0, "signal": "NONE", "reason": "avoid_passing", "user_forward": 2.0, "forward": 0.3, "turn": 0.0, "intervened": true}
REFLEXGUARD_DECISION={"t_ms": 59744, "left": 1.6096718952272883e-51, "right": 5.976195510845379e-39, "left_area": 0.0, "right_area": 0.0, "escape": 0.0, "signal": "NONE", "reason": "avoid_left", "user_forward": 2.0, "forward": 0.3, "turn": 0.4, "intervened": true}
REFLEXGUARD_DECISION={"t_ms": 59776, "left": 1.3004326712214679e-51, "right": 4.828089447889026e-39, "left_area": 0.0, "right_area": 0.0, "escape": 0.0, "signal": "NONE", "reason": "avoid_passing", "user_forward": 2.0, "forward": 0.3, "turn": 0.0, "intervened": true}
REFLEXGUARD_DECISION={"t_ms": 59840, "left": 8.487677955483649e-52, "right": 3.151202617468845e-39, "left_area": 0.0, "right_area": 0.0, "escape": 0.0, "signal": "NONE", "reason": "avoid_left", "user_forward": 2.0, "forward": 0.3, "turn": 0.4, "intervened": true}
REFLEXGUARD_DECISION={"t_ms": 59872, "left": 6.857082955131446e-52, "right": 2.545814988474069e-39, "left_area": 0.0, "right_area": 0.0, "escape": 0.0, "signal": "NONE", "reason": "avoid_passing", "user_forward": 2.0, "forward": 0.3, "turn": 0.0, "intervened": true}
REFLEXGUARD_DECISION={"t_ms": 59904, "left": 5.539746783532966e-52, "right": 2.056730316105515e-39, "left_area": 0.0, "right_area": 0.0, "escape": 0.0, "signal": "NONE", "reason": "avoid_left", "user_forward": 2.0, "forward": 0.3, "turn": 0.4, "intervened": true}
REFLEXGUARD_DECISION={"t_ms": 59936, "left": 4.47548828364372e-52, "right": 1.6616052668159468e-39, "left_area": 0.0, "right_area": 0.0, "escape": 0.0, "signal": "NONE", "reason": "avoid_passing", "user_forward": 2.0, "forward": 0.3, "turn": 0.0, "intervened": true}
REFLEXGUARD_DECISION={"t_ms": 60000, "left": 2.9210665100737787e-52, "right": 1.0844983139821027e-39, "left_area": 0.0, "right_area": 0.0, "escape": 0.0, "signal": "NONE", "reason": "avoid_left", "user_forward": 2.0, "forward": 0.3, "turn": 0.4, "intervened": true}
REFLEXGUARD_RESULT={"world":"corridor_demo","drive":"forward","duration_s":60.0,"collision":false,"collision_events":0,"min_clearance_estimate_m":0.08563883726241073,"displacement_m":54.94576081339322,"yaw_change_rad":1.255011235217362,"camera_frames":1874,"camera_pixel_range":191,"camera_width":160,"camera_height":120,"remote_stop_steps":0,"remote_interventions":0,"control_failures":0,"navigation_steps":1720,"recoveries":3,"passed_obstacles":7,"brain_steps":1874,"interventions":1680,"stop_steps":0,"brain_failures":0,"max_looming":0.9995766725958096,"final_forward":0.3}
INFO: wheelchair: Terminating.
INFO: scenario: Terminating.
{"world":"corridor_demo","drive":"forward","duration_s":60.0,"collision":false,"collision_events":0,"min_clearance_estimate_m":0.08563883726241073,"displacement_m":54.94576081339322,"yaw_change_rad":1.255011235217362,"camera_frames":1874,"camera_pixel_range":191,"camera_width":160,"camera_height":120,"remote_stop_steps":0,"remote_interventions":0,"control_failures":0,"navigation_steps":1720,"recoveries":3,"passed_obstacles":7,"brain_steps":1874,"interventions":1680,"stop_steps":0,"brain_failures":0,"max_looming":0.9995766725958096,"final_forward":0.3}

