INFO: wheelchair: Starting controller: /tmp/reflexguard-settings/.venv/bin/python -u wheelchair.py
INFO: pedestrian: Starting controller: python3 -u pedestrian.py "--trajectory=8 4.5, 8 -4.5" --speed=0.6
INFO: pedestrian: Starting controller: python3 -u pedestrian.py "--trajectory=24 -4.5, 24 4.5" --speed=0.5
INFO: scenario: Starting controller: /tmp/reflexguard-settings/.venv/bin/python -u scenario.py
REFLEXGUARD_CALIBRATION={"drive_speed":2.0,"dark_threshold":140,"area_floor":0.008,"area_tau_s":0.12,"looming_tau_s":0.15,"expansion_scale":1.0,"stop_on":0.25,"stop_off":0.12,"turn_on":0.35,"turn_off":0.1,"turn_gain":0.3,"max_turn":1.2,"deceleration":2.0,"release_ms":500}
REFLEXGUARD_RANGES={"heading": 0.0, "nearest": [5.712762355804443, 4.4705986976623535, 3.4404611587524414, 4.470598220825195]}
REFLEXGUARD_DECISION={"t_ms": 32, "left": 0.0, "right": 0.0, "left_area": 0.0015625, "right_area": 0.0015625, "escape": 0.0, "signal": "NONE", "reason": "user", "user_forward": 2.0, "forward": 2.0, "turn": 0.0, "intervened": false}
REFLEXGUARD_DECISION={"t_ms": 544, "left": 0.04676940217741512, "right": 0.0701542912412238, "left_area": 0.0015625, "right_area": 0.0015625, "escape": 0.0, "signal": "NONE", "reason": "user", "user_forward": 2.0, "forward": 2.0, "turn": 0.0, "intervened": false}
REFLEXGUARD_DECISION={"t_ms": 1056, "left": 0.09510943461546585, "right": 0.4787291153960727, "left_area": 0.00234375, "right_area": 0.003515625, "escape": 0.19804479291703497, "signal": "LEFT", "reason": "user", "user_forward": 2.0, "forward": 2.0, "turn": 0.0, "intervened": false}
REFLEXGUARD_DECISION={"t_ms": 1568, "left": 0.16559007991995478, "right": 0.13114514529096913, "left_area": 0.003125, "right_area": 0.00390625, "escape": 0.0, "signal": "NONE", "reason": "user", "user_forward": 2.0, "forward": 2.0, "turn": 0.0, "intervened": false}
REFLEXGUARD_DECISION={"t_ms": 2080, "left": 0.46609257544430427, "right": 0.17712592865144833, "left_area": 0.0048177083333333336, "right_area": 0.004427083333333333, "escape": 0.17860396222200658, "signal": "NONE", "reason": "user", "user_forward": 2.0, "forward": 2.0, "turn": 0.0, "intervened": false}
REFLEXGUARD_DECISION={"t_ms": 2592, "left": 0.2990048516282, "right": 0.5394264015009356, "left_area": 0.0049479166666666664, "right_area": 0.006640625, "escape": 0.29142523307836243, "signal": "STOP", "reason": "avoid_left", "user_forward": 2.0, "forward": 1.5, "turn": 0.4, "intervened": true}
REFLEXGUARD_DECISION={"t_ms": 3104, "left": 0.009846602443684996, "right": 0.9848327373426139, "left_area": 0.0, "right_area": 0.015625, "escape": 0.9766657497578676, "signal": "STOP", "reason": "avoid_left", "user_forward": 2.0, "forward": 1.5, "turn": 0.4, "intervened": true}
REFLEXGUARD_DECISION={"t_ms": 3616, "left": 0.000324260891273241, "right": 0.7336257507100573, "left_area": 0.0, "right_area": 0.022265625, "escape": 0.5901934626308574, "signal": "STOP", "reason": "control_recovering", "user_forward": 2.0, "forward": 1.5, "turn": -0.5191074465958405, "intervened": true}
REFLEXGUARD_DECISION={"t_ms": 4128, "left": 1.067831530831736e-05, "right": 0.658547502377339, "left_area": 0.0, "right_area": 0.029036458333333334, "escape": 0.4746884651959061, "signal": "STOP", "reason": "control_recovering", "user_forward": 2.0, "forward": 1.5, "turn": -0.35018691375393407, "intervened": true}
REFLEXGUARD_DECISION={"t_ms": 4640, "left": 0.12796769837772806, "right": 0.47786867764548724, "left_area": 0.0005208333333333333, "right_area": 0.0359375, "escape": 0.19672104253151887, "signal": "NONE", "reason": "avoid_left", "user_forward": 2.0, "forward": 0.65, "turn": 0.4, "intervened": true}
REFLEXGUARD_DECISION={"t_ms": 5152, "left": 0.00421413580648416, "right": 0.913665462868066, "left_area": 0.0, "right_area": 0.061197916666666664, "escape": 0.86717763518164, "signal": "STOP", "reason": "avoid_left", "user_forward": 2.0, "forward": 1.5, "turn": 0.4, "intervened": true}
REFLEXGUARD_DECISION={"t_ms": 5664, "left": 0.00013877674460528334, "right": 0.9971568960849011, "left_area": 0.0, "right_area": 0.14739583333333334, "escape": 0.9956259939767709, "signal": "STOP", "reason": "avoid_passing", "user_forward": 2.0, "forward": 0.65, "turn": 0.0, "intervened": true}
REFLEXGUARD_DECISION={"t_ms": 6176, "left": 4.570091171149927e-06, "right": 0.6799233699894226, "left_area": 0.0, "right_area": 0.240234375, "escape": 0.5075744153683425, "signal": "STOP", "reason": "avoid_left", "user_forward": 2.0, "forward": 0.65, "turn": 0.4, "intervened": true}
REFLEXGUARD_DECISION={"t_ms": 6688, "left": 1.5049879842639994e-07, "right": 0.03566145266891683, "left_area": 0.0, "right_area": 0.18255208333333334, "escape": 0.0, "signal": "NONE", "reason": "avoid_passing", "user_forward": 2.0, "forward": 2.0, "turn": 0.0, "intervened": false}
REFLEXGUARD_DECISION={"t_ms": 7200, "left": 4.9561130138440946e-09, "right": 0.0011743760848126512, "left_area": 0.0, "right_area": 0.009114583333333334, "escape": 0.0, "signal": "NONE", "reason": "avoid_passing", "user_forward": 2.0, "forward": 2.0, "turn": 0.0, "intervened": false}
REFLEXGUARD_DECISION={"t_ms": 7712, "left": 1.6321097884384192e-10, "right": 0.21173903498689006, "left_area": 0.0, "right_area": 0.011588541666666667, "escape": 0.0, "signal": "NONE", "reason": "avoid_right", "user_forward": 2.0, "forward": 2.0, "turn": -0.4, "intervened": true}
REFLEXGUARD_DECISION={"t_ms": 8224, "left": 5.374740959448785e-12, "right": 0.09516009686464114, "left_area": 0.0, "right_area": 0.010677083333333334, "escape": 0.0, "signal": "NONE", "reason": "control_recovering", "user_forward": 2.0, "forward": 2.0, "turn": -0.9164085322900581, "intervened": true}
REFLEXGUARD_DECISION={"t_ms": 8736, "left": 0.7537590982239232, "right": 0.04165779072793721, "left_area": 0.0046875, "right_area": 0.00625, "escape": 0.6211678434214203, "signal": "STOP", "reason": "control_recovering", "user_forward": 2.0, "forward": 1.5, "turn": -0.5059121183733323, "intervened": true}
REFLEXGUARD_DECISION={"t_ms": 9248, "left": 0.9918909801899186, "right": 0.0013718429709303711, "left_area": 0.014973958333333334, "right_area": 0.0, "escape": 0.9875245849075671, "signal": "STOP", "reason": "control_recovering", "user_forward": 2.0, "forward": 1.5, "turn": -0.2608746541422683, "intervened": true}
REFLEXGUARD_DECISION={"t_ms": 9760, "left": 0.6492442503330993, "right": 4.5176498897455e-05, "left_area": 0.019140625, "right_area": 0.0, "escape": 0.4603757697432297, "signal": "STOP", "reason": "control_recovering", "user_forward": 2.0, "forward": 1.5, "turn": -0.13387338062187415, "intervened": true}
REFLEXGUARD_DECISION={"t_ms": 10272, "left": 0.5356425249413341, "right": 1.4877184166695277e-06, "left_area": 0.026302083333333334, "right_area": 0.0, "escape": 0.28560388452512947, "signal": "STOP", "reason": "control_recovering", "user_forward": 2.0, "forward": 1.5, "turn": -0.07862156661032768, "intervened": true}
REFLEXGUARD_DECISION={"t_ms": 10784, "left": 0.6969707757522263, "right": 4.8992421752770493e-08, "left_area": 0.03697916666666667, "right_area": 0.0, "escape": 0.5338011934649636, "signal": "STOP", "reason": "control_recovering", "user_forward": 2.0, "forward": 1.5, "turn": 0.0015609826241019809, "intervened": true}
REFLEXGUARD_DECISION={"t_ms": 11296, "left": 0.8539629786813583, "right": 1.6133815124603104e-09, "left_area": 0.05846354166666667, "right_area": 0.0, "escape": 0.775327659509782, "signal": "STOP", "reason": "avoid_left", "user_forward": 2.0, "forward": 1.5, "turn": 0.8, "intervened": true}
REFLEXGUARD_DECISION={"t_ms": 11808, "left": 0.7816824654277781, "right": 0.5542959648796038, "left_area": 0.09153645833333333, "right_area": 0.0020833333333333333, "escape": 0.6641268698888894, "signal": "STOP", "reason": "avoid_left", "user_forward": 2.0, "forward": 0.65, "turn": 0.4, "intervened": true}
REFLEXGUARD_DECISION={"t_ms": 12320, "left": 0.9224606158183015, "right": 0.6586288173036238, "left_area": 0.169140625, "right_area": 0.005208333333333333, "escape": 0.8807086397204639, "signal": "STOP", "reason": "control_recovering", "user_forward": 2.0, "forward": 1.5, "turn": -0.030314819906438688, "intervened": true}
REFLEXGUARD_DECISION={"t_ms": 12832, "left": 0.6640473997541435, "right": 0.43752163289821955, "left_area": 0.27369791666666665, "right_area": 0.0067708333333333336, "escape": 0.48314984577560544, "signal": "STOP", "reason": "avoid_left", "user_forward": 2.0, "forward": 0.3, "turn": 0.4, "intervened": true}
REFLEXGUARD_DECISION={"t_ms": 13344, "left": 0.48472620433248914, "right": 0.2836919376584657, "left_area": 0.34479166666666666, "right_area": 0.009375, "escape": 0.20727108358844487, "signal": "STOP", "reason": "avoid_right", "user_forward": 2.0, "forward": 0.3, "turn": -1.2, "intervened": true}
REFLEXGUARD_DECISION={"t_ms": 13856, "left": 0.1112024106156259, "right": 0.1340486686514047, "left_area": 0.37005208333333334, "right_area": 0.010546875, "escape": 0.0, "signal": "NONE", "reason": "avoid_left", "user_forward": 2.0, "forward": 0.3, "turn": 0.8, "intervened": true}
REFLEXGUARD_DECISION={"t_ms": 14368, "left": 0.003756856307632256, "right": 0.8828244564329396, "left_area": 0.24752604166666667, "right_area": 0.07369791666666667, "escape": 0.8197299329737533, "signal": "STOP", "reason": "path_blocked", "user_forward": 2.0, "forward": 0.0, "turn": 0.0, "intervened": true}
REFLEXGUARD_DECISION={"t_ms": 14880, "left": 0.00012371796075504317, "right": 0.7283138671027377, "left_area": 0.230078125, "right_area": 0.09609375, "escape": 0.5820213340042119, "signal": "STOP", "reason": "avoid_left", "user_forward": 2.0, "forward": 0.3, "turn": 0.8, "intervened": true}
REFLEXGUARD_DECISION={"t_ms": 15392, "left": 4.074186649697294e-06, "right": 0.9274180907066389, "left_area": 0.131640625, "right_area": 0.21197916666666666, "escape": 0.8883355241640599, "signal": "STOP", "reason": "avoid_left", "user_forward": 2.0, "forward": 0.3, "turn": 0.8, "intervened": true}
REFLEXGUARD_DECISION={"t_ms": 15904, "left": 1.3416804443969966e-07, "right": 0.997609787260897, "left_area": 0.020572916666666666, "right_area": 0.430859375, "escape": 0.9963227496321492, "signal": "STOP", "reason": "avoid_left", "user_forward": 2.0, "forward": 0.3, "turn": 0.8, "intervened": true}
REFLEXGUARD_DECISION={"t_ms": 16416, "left": 4.4183209304145865e-09, "right": 0.07472979120116038, "left_area": 0.0, "right_area": 0.35104166666666664, "escape": 0.0, "signal": "NONE", "reason": "avoid_left", "user_forward": 2.0, "forward": 0.3, "turn": 0.4, "intervened": true}
REFLEXGUARD_DECISION={"t_ms": 16928, "left": 1.4550081523259706e-10, "right": 0.002460945167446294, "left_area": 0.0, "right_area": 0.27369791666666665, "escape": 0.0, "signal": "NONE", "reason": "path_blocked", "user_forward": 2.0, "forward": 0.0, "turn": 0.0, "intervened": true}
REFLEXGUARD_DECISION={"t_ms": 17440, "left": 4.791523197787229e-12, "right": 8.104199168541541e-05, "left_area": 0.0, "right_area": 0.19114583333333332, "escape": 0.0, "signal": "NONE", "reason": "avoid_left", "user_forward": 2.0, "forward": 0.3, "turn": 0.4, "intervened": true}
REFLEXGUARD_DECISION={"t_ms": 17952, "left": 1.5779083105638595e-13, "right": 2.6688137969178346e-06, "left_area": 0.0, "right_area": 0.0, "escape": 0.0, "signal": "NONE", "reason": "path_blocked", "user_forward": 2.0, "forward": 0.0, "turn": 0.0, "intervened": true}
REFLEXGUARD_DECISION={"t_ms": 18464, "left": 5.196248737137087e-15, "right": 8.78873647413183e-08, "left_area": 0.0, "right_area": 0.0, "escape": 0.0, "signal": "NONE", "reason": "avoid_passing", "user_forward": 2.0, "forward": 0.65, "turn": 0.0, "intervened": true}
REFLEXGUARD_DECISION={"t_ms": 18976, "left": 1.7111894751698247e-16, "right": 2.894240463719892e-09, "left_area": 0.0, "right_area": 0.0, "escape": 0.0, "signal": "NONE", "reason": "path_blocked", "user_forward": 2.0, "forward": 0.0, "turn": 0.0, "intervened": true}
REFLEXGUARD_DECISION={"t_ms": 19488, "left": 5.635160224345375e-18, "right": 9.531094585084823e-11, "left_area": 0.0, "right_area": 0.0, "escape": 0.0, "signal": "NONE", "reason": "avoid_passing", "user_forward": 2.0, "forward": 0.3, "turn": 0.0, "intervened": true}
REFLEXGUARD_DECISION={"t_ms": 20000, "left": 1.855728498499136e-19, "right": 3.1387082424062532e-12, "left_area": 0.0, "right_area": 0.0, "escape": 0.0, "signal": "NONE", "reason": "path_blocked", "user_forward": 2.0, "forward": 0.0, "turn": 0.0, "intervened": true}
REFLEXGUARD_DECISION={"t_ms": 20512, "left": 6.111145243508862e-21, "right": 1.0336157450756509e-13, "left_area": 0.0, "right_area": 0.0, "escape": 0.0, "signal": "NONE", "reason": "avoid_passing", "user_forward": 2.0, "forward": 0.3, "turn": 0.0, "intervened": true}
REFLEXGUARD_DECISION={"t_ms": 21024, "left": 2.012476297985697e-22, "right": 3.4038254783733782e-15, "left_area": 0.0, "right_area": 0.0, "escape": 0.0, "signal": "NONE", "reason": "path_blocked", "user_forward": 2.0, "forward": 0.0, "turn": 0.0, "intervened": true}
REFLEXGUARD_DECISION={"t_ms": 21536, "left": 6.62733528425971e-24, "right": 1.1209221553001568e-16, "left_area": 0.0, "right_area": 0.0, "escape": 0.0, "signal": "NONE", "reason": "avoid_passing", "user_forward": 2.0, "forward": 0.3, "turn": 0.0, "intervened": true}
REFLEXGUARD_DECISION={"t_ms": 22048, "left": 2.1824641121962605e-25, "right": 3.691336369111348e-18, "left_area": 0.0, "right_area": 0.0, "escape": 0.0, "signal": "NONE", "reason": "avoid_right", "user_forward": 2.0, "forward": 0.3, "turn": -0.4, "intervened": true}
REFLEXGUARD_DECISION={"t_ms": 22560, "left": 7.187126343731785e-27, "right": 1.2156030751551555e-19, "left_area": 0.0, "right_area": 0.0, "escape": 0.0, "signal": "NONE", "reason": "avoid_right", "user_forward": 2.0, "forward": 0.3, "turn": -0.4, "intervened": true}
REFLEXGUARD_DECISION={"t_ms": 23072, "left": 2.3668102853147085e-28, "right": 4.0031324392212194e-21, "left_area": 0.0, "right_area": 0.0, "escape": 0.0, "signal": "NONE", "reason": "avoid_right", "user_forward": 2.0, "forward": 0.3, "turn": -0.4, "intervened": true}
REFLEXGUARD_DECISION={"t_ms": 23584, "left": 7.794201268713e-30, "right": 1.3182814072677333e-22, "left_area": 0.0, "right_area": 0.0, "escape": 0.0, "signal": "NONE", "reason": "avoid_passing", "user_forward": 2.0, "forward": 0.3, "turn": 0.0, "intervened": true}
REFLEXGUARD_DECISION={"t_ms": 24096, "left": 2.566727624691288e-31, "right": 4.34126498469255e-24, "left_area": 0.0, "right_area": 0.0, "escape": 0.0, "signal": "NONE", "reason": "avoid_right", "user_forward": 2.0, "forward": 0.3, "turn": -0.4, "intervened": true}
REFLEXGUARD_DECISION={"t_ms": 24608, "left": 8.452553984971994e-33, "right": 1.4296326689745993e-25, "left_area": 0.0, "right_area": 0.0, "escape": 0.0, "signal": "NONE", "reason": "avoid_right", "user_forward": 2.0, "forward": 0.65, "turn": -0.4, "intervened": true}
REFLEXGUARD_DECISION={"t_ms": 25120, "left": 2.7835313798618983e-34, "right": 4.707958568311586e-27, "left_area": 0.0, "right_area": 0.0, "escape": 0.0, "signal": "NONE", "reason": "avoid_right", "user_forward": 2.0, "forward": 2.0, "turn": -0.8, "intervened": true}
REFLEXGUARD_DECISION={"t_ms": 25632, "left": 9.16651577316315e-36, "right": 0.044117532007223355, "left_area": 0.0, "right_area": 0.0, "escape": 0.0, "signal": "NONE", "reason": "control_recovering", "user_forward": 2.0, "forward": 2.0, "turn": -1.2, "intervened": true}
REFLEXGUARD_DECISION={"t_ms": 26144, "left": 3.018647895531095e-37, "right": 0.6966127766771809, "left_area": 0.0, "right_area": 0.03372395833333333, "escape": 0.5332504256572014, "signal": "STOP", "reason": "control_recovering", "user_forward": 2.0, "forward": 1.5, "turn": -0.8787686177309653, "intervened": true}
REFLEXGUARD_DECISION={"t_ms": 26656, "left": 9.940783764178138e-39, "right": 0.022940326993961067, "left_area": 0.0, "right_area": 0.022265625, "escape": 0.0, "signal": "NONE", "reason": "control_recovering", "user_forward": 2.0, "forward": 2.0, "turn": -0.45939923120812837, "intervened": true}
REFLEXGUARD_DECISION={"t_ms": 27168, "left": 3.2736239954465327e-40, "right": 0.39646598457285864, "left_area": 0.0, "right_area": 0.029036458333333334, "escape": 0.07148613011209025, "signal": "LEFT", "reason": "avoid_passing", "user_forward": 2.0, "forward": 2.0, "turn": 0.0, "intervened": false}
REFLEXGUARD_DECISION={"t_ms": 27680, "left": 1.0780451841414063e-41, "right": 0.49599887937844184, "left_area": 0.0, "right_area": 0.0359375, "escape": 0.22461366058221824, "signal": "STOP", "reason": "avoid_passing", "user_forward": 2.0, "forward": 2.0, "turn": 0.0, "intervened": false}
REFLEXGUARD_DECISION={"t_ms": 28192, "left": 0.00783095757862943, "right": 0.45318180676766123, "left_area": 0.0, "right_area": 0.046875, "escape": 0.15874124118101732, "signal": "STOP", "reason": "avoid_left", "user_forward": 2.0, "forward": 0.65, "turn": 0.4, "intervened": true}
REFLEXGUARD_DECISION={"t_ms": 28704, "left": 0.2635110639417939, "right": 0.7633206123515173, "left_area": 0.0, "right_area": 0.069140625, "escape": 0.6358778651561804, "signal": "STOP", "reason": "avoid_left", "user_forward": 2.0, "forward": 1.5, "turn": 0.4, "intervened": true}
REFLEXGUARD_DECISION={"t_ms": 29216, "left": 0.580851407860016, "right": 0.9895839972383845, "left_area": 0.00234375, "right_area": 0.12643229166666667, "escape": 0.9839753803667455, "signal": "STOP", "reason": "avoid_left", "user_forward": 2.0, "forward": 0.65, "turn": 0.4, "intervened": true}
REFLEXGUARD_DECISION={"t_ms": 29728, "left": 0.312567591600016, "right": 0.1590790417361212, "left_area": 0.004296875, "right_area": 0.115234375, "escape": 0.0, "signal": "NONE", "reason": "avoid_passing", "user_forward": 2.0, "forward": 2.0, "turn": 0.0, "intervened": false}
REFLEXGUARD_DECISION={"t_ms": 30240, "left": 0.7443386670585769, "right": 0.005238671120446221, "left_area": 0.006640625, "right_area": 0.0, "escape": 0.6066748723978106, "signal": "STOP", "reason": "control_recovering", "user_forward": 2.0, "forward": 1.5, "turn": -0.36094931528246643, "intervened": true}
REFLEXGUARD_DECISION={"t_ms": 30752, "left": 0.43331858492349185, "right": 0.00017251596947459965, "left_area": 0.01015625, "right_area": 0.0, "escape": 0.12818243834383364, "signal": "STOP", "reason": "control_recovering", "user_forward": 2.0, "forward": 2.0, "turn": -0.34720270472981024, "intervened": true}
REFLEXGUARD_DECISION={"t_ms": 31264, "left": 0.9528019348125245, "right": 5.6811658986575115e-06, "left_area": 0.029166666666666667, "right_area": 0.0, "escape": 0.9273875920192685, "signal": "STOP", "reason": "control_recovering", "user_forward": 2.0, "forward": 1.5, "turn": -0.19562651179904564, "intervened": true}
REFLEXGUARD_DECISION={"t_ms": 31776, "left": 0.07399041576697407, "right": 1.8708787404647252e-07, "left_area": 0.0, "right_area": 0.0, "escape": 0.0, "signal": "NONE", "reason": "control_recovering", "user_forward": 2.0, "forward": 2.0, "turn": -0.025817705170013916, "intervened": true}
REFLEXGUARD_DECISION={"t_ms": 32288, "left": 0.0024365966128411924, "right": 6.161036878627306e-09, "left_area": 0.0, "right_area": 0.0, "escape": 0.0, "signal": "NONE", "reason": "control_recovering", "user_forward": 2.0, "forward": 2.0, "turn": 0.12974877203692056, "intervened": true}
REFLEXGUARD_DECISION={"t_ms": 32800, "left": 8.024016343423737e-05, "right": 2.0289062352794103e-10, "left_area": 0.0, "right_area": 0.0, "escape": 0.0, "signal": "NONE", "reason": "control_recovering", "user_forward": 2.0, "forward": 2.0, "turn": 0.1855365505140091, "intervened": true}
REFLEXGUARD_DECISION={"t_ms": 33312, "left": 2.6424085932080216e-06, "right": 6.68144111559486e-12, "left_area": 0.0, "right_area": 0.0, "escape": 0.0, "signal": "NONE", "reason": "control_recovering", "user_forward": 2.0, "forward": 2.0, "turn": 0.18398844604016124, "intervened": true}
REFLEXGUARD_DECISION={"t_ms": 33824, "left": 8.70178084717152e-08, "right": 2.2002818368298659e-13, "left_area": 0.0, "right_area": 0.0, "escape": 0.0, "signal": "NONE", "reason": "control_recovering", "user_forward": 2.0, "forward": 2.0, "turn": 0.15309706593346056, "intervened": true}
REFLEXGUARD_DECISION={"t_ms": 34336, "left": 2.865604891947157e-09, "right": 7.245802331750977e-15, "left_area": 0.0, "right_area": 0.0, "escape": 0.0, "signal": "NONE", "reason": "avoid_left", "user_forward": 2.0, "forward": 0.65, "turn": 0.4, "intervened": true}
REFLEXGUARD_DECISION={"t_ms": 34848, "left": 9.436794078100296e-11, "right": 2.386133019506788e-16, "left_area": 0.0, "right_area": 0.0, "escape": 0.0, "signal": "NONE", "reason": "avoid_left", "user_forward": 2.0, "forward": 2.0, "turn": 0.4, "intervened": true}
REFLEXGUARD_DECISION={"t_ms": 35360, "left": 3.1076539100949787e-12, "right": 7.857833440792596e-18, "left_area": 0.0, "right_area": 0.0, "escape": 0.0, "signal": "NONE", "reason": "avoid_right", "user_forward": 2.0, "forward": 2.0, "turn": -0.1755945685368344, "intervened": true}
REFLEXGUARD_DECISION={"t_ms": 35872, "left": 1.0233891663844321e-13, "right": 2.5876824920683244e-19, "left_area": 0.0, "right_area": 0.0, "escape": 0.0, "signal": "NONE", "reason": "avoid_left", "user_forward": 2.0, "forward": 0.65, "turn": 0.4, "intervened": true}
REFLEXGUARD_DECISION={"t_ms": 36384, "left": 3.370148080102695e-15, "right": 8.521560975058693e-21, "left_area": 0.0, "right_area": 0.0, "escape": 0.0, "signal": "NONE", "reason": "avoid_left", "user_forward": 2.0, "forward": 0.65, "turn": 0.4, "intervened": true}
REFLEXGUARD_DECISION={"t_ms": 36896, "left": 1.1098317682946175e-16, "right": 2.806256241800391e-22, "left_area": 0.0, "right_area": 0.0, "escape": 0.0, "signal": "NONE", "reason": "avoid_left", "user_forward": 2.0, "forward": 0.65, "turn": 0.4, "intervened": true}
REFLEXGUARD_DECISION={"t_ms": 37408, "left": 3.654814342396564e-18, "right": 0.34319376437682675, "left_area": 0.0, "right_area": 0.00234375, "escape": 0.0, "signal": "NONE", "reason": "control_recovering", "user_forward": 2.0, "forward": 2.0, "turn": -0.7768987722196425, "intervened": true}
REFLEXGUARD_DECISION={"t_ms": 37920, "left": 1.2035759165475322e-19, "right": 0.0596122057391937, "left_area": 0.0, "right_area": 0.0, "escape": 0.0, "signal": "NONE", "reason": "avoid_right", "user_forward": 2.0, "forward": 2.0, "turn": -0.4, "intervened": true}
REFLEXGUARD_DECISION={"t_ms": 38432, "left": 3.9635255068615824e-21, "right": 0.2974197747468719, "left_area": 0.0, "right_area": 0.001171875, "escape": 0.0, "signal": "NONE", "reason": "avoid_left", "user_forward": 2.0, "forward": 0.65, "turn": 0.4, "intervened": true}
REFLEXGUARD_DECISION={"t_ms": 38944, "left": 1.305238350781004e-22, "right": 0.32981173230586225, "left_area": 0.0, "right_area": 0.0018229166666666667, "escape": 0.0, "signal": "NONE", "reason": "control_recovering", "user_forward": 2.0, "forward": 2.0, "turn": -0.6828524090084291, "intervened": true}
REFLEXGUARD_DECISION={"t_ms": 39456, "left": 4.298312573995532e-24, "right": 0.5909524045644672, "left_area": 0.0, "right_area": 0.00390625, "escape": 0.37069600702225725, "signal": "STOP", "reason": "avoid_left", "user_forward": 2.0, "forward": 0.3, "turn": 0.4, "intervened": true}
REFLEXGUARD_DECISION={"t_ms": 39968, "left": 1.415487904773337e-25, "right": 0.1548442125635804, "left_area": 0.0, "right_area": 0.00390625, "escape": 0.0, "signal": "NONE", "reason": "avoid_right", "user_forward": 2.0, "forward": 0.65, "turn": -0.4, "intervened": true}
REFLEXGUARD_DECISION={"t_ms": 40480, "left": 4.661378096793794e-27, "right": 0.05479204827661307, "left_area": 0.0, "right_area": 0.001171875, "escape": 0.0, "signal": "NONE", "reason": "avoid_right", "user_forward": 2.0, "forward": 0.65, "turn": -0.4, "intervened": true}
REFLEXGUARD_DECISION={"t_ms": 40992, "left": 1.535049906678525e-28, "right": 0.09875802264650803, "left_area": 0.0, "right_area": 0.001171875, "escape": 0.0, "signal": "NONE", "reason": "avoid_passing", "user_forward": 2.0, "forward": 0.65, "turn": 0.0, "intervened": true}
REFLEXGUARD_DECISION={"t_ms": 41504, "left": 5.0551106712723454e-30, "right": 0.42649258729519157, "left_area": 0.0, "right_area": 0.00234375, "escape": 0.11768090353106399, "signal": "LEFT", "reason": "avoid_right", "user_forward": 2.0, "forward": 0.0, "turn": -1.2, "intervened": true}
REFLEXGUARD_DECISION={"t_ms": 42016, "left": 1.6647109509360845e-31, "right": 0.43540218009312576, "left_area": 0.0, "right_area": 0.002734375, "escape": 0.13138796937403965, "signal": "LEFT", "reason": "avoid_passing", "user_forward": 2.0, "forward": 0.3, "turn": 0.0, "intervened": true}
REFLEXGUARD_DECISION={"t_ms": 42528, "left": 5.482100650961635e-33, "right": 0.11722483377919572, "left_area": 0.0, "right_area": 0.0015625, "escape": 0.0, "signal": "NONE", "reason": "path_blocked", "user_forward": 2.0, "forward": 0.0, "turn": 0.0, "intervened": true}
REFLEXGUARD_DECISION={"t_ms": 43040, "left": 1.8053240732497503e-34, "right": 0.34092348338576334, "left_area": 0.0, "right_area": 0.001953125, "escape": 0.0, "signal": "NONE", "reason": "path_blocked", "user_forward": 2.0, "forward": 0.0, "turn": 0.0, "intervened": true}
REFLEXGUARD_DECISION={"t_ms": 43552, "left": 5.945157188756399e-36, "right": 0.4881173419611696, "left_area": 0.0, "right_area": 0.003515625, "escape": 0.21248821840179946, "signal": "LEFT", "reason": "path_blocked", "user_forward": 2.0, "forward": 0.0, "turn": 0.0, "intervened": true}
REFLEXGUARD_DECISION={"t_ms": 44064, "left": 1.9578143626810343e-37, "right": 0.1986146083041216, "left_area": 0.0, "right_area": 0.001953125, "escape": 0.0, "signal": "NONE", "reason": "path_blocked", "user_forward": 2.0, "forward": 0.0, "turn": 0.0, "intervened": true}
REFLEXGUARD_DECISION={"t_ms": 44576, "left": 6.447326718239279e-39, "right": 0.05385023737191881, "left_area": 0.0, "right_area": 0.0015625, "escape": 0.0, "signal": "NONE", "reason": "path_blocked", "user_forward": 2.0, "forward": 0.0, "turn": 0.0, "intervened": true}
REFLEXGUARD_DECISION={"t_ms": 45088, "left": 0.3814106149274187, "right": 0.15006366512330238, "left_area": 0.0018229166666666667, "right_area": 0.0009114583333333333, "escape": 0.04832402296525954, "signal": "NONE", "reason": "avoid_passing", "user_forward": 2.0, "forward": 0.3, "turn": 0.0, "intervened": true}
REFLEXGUARD_DECISION={"t_ms": 45600, "left": 0.3508547688548002, "right": 0.006266009523330503, "left_area": 0.002734375, "right_area": 0.0, "escape": 0.001315029007384979, "signal": "RIGHT", "reason": "avoid_left", "user_forward": 2.0, "forward": 0.3, "turn": 0.4, "intervened": true}
REFLEXGUARD_DECISION={"t_ms": 46112, "left": 0.03138318035309627, "right": 0.5994740937437407, "left_area": 0.0, "right_area": 0.002734375, "escape": 0.38380629806729344, "signal": "STOP", "reason": "avoid_left", "user_forward": 2.0, "forward": 0.3, "turn": 0.4, "intervened": true}
REFLEXGUARD_DECISION={"t_ms": 46624, "left": 0.001033487245015192, "right": 0.5010789210113656, "left_area": 0.0, "right_area": 0.002734375, "escape": 0.23242910924825486, "signal": "LEFT", "reason": "avoid_passing", "user_forward": 2.0, "forward": 0.3, "turn": 0.0, "intervened": true}
REFLEXGUARD_DECISION={"t_ms": 47136, "left": 3.403402311658042e-05, "right": 0.38027374010177245, "left_area": 0.0, "right_area": 0.00390625, "escape": 0.04657498477195765, "signal": "LEFT", "reason": "avoid_passing", "user_forward": 2.0, "forward": 0.3, "turn": 0.0, "intervened": true}
REFLEXGUARD_DECISION={"t_ms": 47648, "left": 1.1207828012264476e-06, "right": 0.2801697636584847, "left_area": 0.0, "right_area": 0.00390625, "escape": 0.0, "signal": "NONE", "reason": "avoid_passing", "user_forward": 2.0, "forward": 0.3, "turn": 0.0, "intervened": true}
REFLEXGUARD_DECISION={"t_ms": 48160, "left": 0.28387978084312704, "right": 0.31439616175733776, "left_area": 0.0010416666666666667, "right_area": 0.003125, "escape": 0.0, "signal": "NONE", "reason": "avoid_passing", "user_forward": 2.0, "forward": 0.65, "turn": 0.0, "intervened": true}
REFLEXGUARD_DECISION={"t_ms": 48672, "left": 0.9333185184936007, "right": 0.020250783622662867, "left_area": 0.008984375, "right_area": 0.0, "escape": 0.8974131053747703, "signal": "STOP", "reason": "control_recovering", "user_forward": 2.0, "forward": 1.5, "turn": -0.5282390621160884, "intervened": true}
REFLEXGUARD_DECISION={"t_ms": 49184, "left": 0.9861890873515632, "right": 0.0006668835452656653, "left_area": 0.022005208333333335, "right_area": 0.0, "escape": 0.978752442079328, "signal": "STOP", "reason": "control_recovering", "user_forward": 2.0, "forward": 1.5, "turn": -0.234860417873687, "intervened": true}
REFLEXGUARD_DECISION={"t_ms": 49696, "left": 0.9995451894325691, "right": 2.196130634907364e-05, "left_area": 0.07916666666666666, "right_area": 0.0, "escape": 0.9993002914347217, "signal": "STOP", "reason": "control_recovering", "user_forward": 2.0, "forward": 1.5, "turn": -0.05703741695452205, "intervened": true}
REFLEXGUARD_DECISION={"t_ms": 50208, "left": 0.07347088503779249, "right": 7.232131906414478e-07, "left_area": 0.0, "right_area": 0.0, "escape": 0.0, "signal": "NONE", "reason": "control_recovering", "user_forward": 2.0, "forward": 2.0, "turn": 0.05569359562382989, "intervened": true}
REFLEXGUARD_DECISION={"t_ms": 50720, "left": 0.0024194878183862786, "right": 2.3816311780553334e-08, "left_area": 0.0, "right_area": 0.0, "escape": 0.0, "signal": "NONE", "reason": "avoid_left", "user_forward": 2.0, "forward": 2.0, "turn": 0.4, "intervened": true}
REFLEXGUARD_DECISION={"t_ms": 51232, "left": 7.967674950844015e-05, "right": 7.843008315783558e-10, "left_area": 0.0, "right_area": 0.0, "escape": 0.0, "signal": "NONE", "reason": "avoid_left", "user_forward": 2.0, "forward": 2.0, "turn": 0.4, "intervened": true}
REFLEXGUARD_DECISION={"t_ms": 51744, "left": 2.62385467039255e-06, "right": 2.5828003936225284e-11, "left_area": 0.0, "right_area": 0.0, "escape": 0.0, "signal": "NONE", "reason": "avoid_left", "user_forward": 2.0, "forward": 0.65, "turn": 0.4, "intervened": true}
REFLEXGUARD_DECISION={"t_ms": 52256, "left": 8.640680466779722e-08, "right": 8.505483616372066e-13, "left_area": 0.0, "right_area": 0.0, "escape": 0.0, "signal": "NONE", "reason": "avoid_left", "user_forward": 2.0, "forward": 0.65, "turn": 0.4, "intervened": true}
REFLEXGUARD_DECISION={"t_ms": 52768, "left": 2.845483775129157e-09, "right": 2.8009617671967286e-14, "left_area": 0.0, "right_area": 0.0, "escape": 0.0, "signal": "NONE", "reason": "control_recovering", "user_forward": 2.0, "forward": 2.0, "turn": -0.8073570766228975, "intervened": true}
REFLEXGUARD_DECISION={"t_ms": 53280, "left": 9.37053273252315e-11, "right": 9.223916211179765e-16, "left_area": 0.0, "right_area": 0.0, "escape": 0.0, "signal": "NONE", "reason": "avoid_passing", "user_forward": 2.0, "forward": 0.65, "turn": 0.0, "intervened": true}
REFLEXGUARD_DECISION={"t_ms": 53792, "left": 3.085833223115187e-12, "right": 3.0375505752088754e-17, "left_area": 0.0, "right_area": 0.0, "escape": 0.0, "signal": "NONE", "reason": "avoid_passing", "user_forward": 2.0, "forward": 0.65, "turn": 0.0, "intervened": true}
REFLEXGUARD_DECISION={"t_ms": 54304, "left": 1.0162033421890017e-13, "right": 1.0003032644386569e-18, "left_area": 0.0, "right_area": 0.0, "escape": 0.0, "signal": "NONE", "reason": "avoid_passing", "user_forward": 2.0, "forward": 0.65, "turn": 0.0, "intervened": true}
REFLEXGUARD_DECISION={"t_ms": 54816, "left": 3.3464842653862065e-15, "right": 3.2941233275690483e-20, "left_area": 0.0, "right_area": 0.0, "escape": 0.0, "signal": "NONE", "reason": "avoid_passing", "user_forward": 2.0, "forward": 0.65, "turn": 0.0, "intervened": true}
REFLEXGUARD_DECISION={"t_ms": 55328, "left": 1.102038979162753e-16, "right": 1.084795869712972e-21, "left_area": 0.0, "right_area": 0.0, "escape": 0.0, "signal": "NONE", "reason": "avoid_left", "user_forward": 2.0, "forward": 0.65, "turn": 0.4, "intervened": true}
REFLEXGUARD_DECISION={"t_ms": 55840, "left": 3.6291517164923026e-18, "right": 3.5723680078934637e-23, "left_area": 0.0, "right_area": 0.0, "escape": 0.0, "signal": "NONE", "reason": "avoid_left", "user_forward": 2.0, "forward": 0.65, "turn": 0.4, "intervened": true}
REFLEXGUARD_DECISION={"t_ms": 56352, "left": 1.1951248939783573e-19, "right": 1.1764253109847652e-24, "left_area": 0.0, "right_area": 0.0, "escape": 0.0, "signal": "NONE", "reason": "avoid_left", "user_forward": 2.0, "forward": 0.65, "turn": 0.4, "intervened": true}
REFLEXGUARD_DECISION={"t_ms": 56864, "left": 3.935695236206058e-21, "right": 3.874115178692628e-26, "left_area": 0.0, "right_area": 0.0, "escape": 0.0, "signal": "NONE", "reason": "avoid_passing", "user_forward": 2.0, "forward": 0.3, "turn": 0.0, "intervened": true}
REFLEXGUARD_DECISION={"t_ms": 57376, "left": 1.2960734957777196e-22, "right": 1.2757944153048729e-27, "left_area": 0.0, "right_area": 0.0, "escape": 0.0, "signal": "NONE", "reason": "avoid_passing", "user_forward": 2.0, "forward": 0.3, "turn": 0.0, "intervened": true}
REFLEXGUARD_DECISION={"t_ms": 57888, "left": 4.268131564162431e-24, "right": 4.201350024581289e-29, "left_area": 0.0, "right_area": 0.0, "escape": 0.0, "signal": "NONE", "reason": "avoid_passing", "user_forward": 2.0, "forward": 0.3, "turn": 0.0, "intervened": true}
REFLEXGUARD_DECISION={"t_ms": 58400, "left": 1.4055489220592697e-25, "right": 1.3835569287102663e-30, "left_area": 0.0, "right_area": 0.0, "escape": 0.0, "signal": "NONE", "reason": "avoid_passing", "user_forward": 2.0, "forward": 0.3, "turn": 0.0, "intervened": true}
REFLEXGUARD_DECISION={"t_ms": 58912, "left": 4.628647787921824e-27, "right": 4.5562254127420835e-32, "left_area": 0.0, "right_area": 0.0, "escape": 0.0, "signal": "NONE", "reason": "avoid_left", "user_forward": 2.0, "forward": 0.3, "turn": 0.4, "intervened": true}
REFLEXGUARD_DECISION={"t_ms": 59424, "left": 1.5242714080165016e-28, "right": 1.5004218171975204e-33, "left_area": 0.0, "right_area": 0.0, "escape": 0.0, "signal": "NONE", "reason": "avoid_passing", "user_forward": 2.0, "forward": 0.3, "turn": 0.0, "intervened": true}
REFLEXGUARD_DECISION={"t_ms": 59936, "left": 5.019615731746514e-30, "right": 4.941076056567238e-35, "left_area": 0.0, "right_area": 0.0, "escape": 0.0, "signal": "NONE", "reason": "avoid_passing", "user_forward": 2.0, "forward": 0.3, "turn": 0.0, "intervened": true}
REFLEXGUARD_RESULT={"min_pedestrian_travel_m":29.952000000000012,"world":"corridor_demo","drive":"forward","duration_s":60.0,"collision":false,"collision_events":0,"min_clearance_estimate_m":0.0,"displacement_m":54.69259332097743,"yaw_change_rad":1.0800932470586926,"camera_frames":1874,"camera_pixel_range":190,"camera_width":160,"camera_height":120,"remote_stop_steps":0,"remote_interventions":0,"control_failures":0,"navigation_steps":1608,"recoveries":1,"passed_obstacles":7,"brain_steps":1874,"interventions":1714,"stop_steps":175,"brain_failures":0,"max_looming":0.9997601818334191,"final_forward":0.3}
INFO: wheelchair: Terminating.
INFO: pedestrian: Terminating.
INFO: pedestrian: Terminating.
INFO: scenario: Terminating.
{"min_pedestrian_travel_m":29.952000000000012,"world":"corridor_demo","drive":"forward","duration_s":60.0,"collision":false,"collision_events":0,"min_clearance_estimate_m":0.0,"displacement_m":54.69259332097743,"yaw_change_rad":1.0800932470586926,"camera_frames":1874,"camera_pixel_range":190,"camera_width":160,"camera_height":120,"remote_stop_steps":0,"remote_interventions":0,"control_failures":0,"navigation_steps":1608,"recoveries":1,"passed_obstacles":7,"brain_steps":1874,"interventions":1714,"stop_steps":175,"brain_failures":0,"max_looming":0.9997601818334191,"final_forward":0.3}
INFO:     Started server process [184308]
INFO:     Waiting for application startup.
INFO:     Application startup complete.
INFO:     Uvicorn running on https://127.0.0.1:8443 (Press CTRL+C to quit)
INFO:     Shutting down
INFO:     Waiting for application shutdown.
INFO:     Application shutdown complete.
INFO:     Finished server process [184308]

