WARNING: DEF PERSON_B Pedestrian: 'name' field value should be unique: 'pedestrian' already used by a sibling Solid node.
INFO: wheelchair: Starting controller: /home/rg/work/reflexguard/.venv/bin/python -u wheelchair.py
INFO: pedestrian: Starting controller: python3 -u pedestrian.py "--trajectory=8 4.5, 8 -4.5" --speed=0.6
INFO: pedestrian: Starting controller: python3 -u pedestrian.py "--trajectory=24 -4.5, 24 4.5" --speed=0.5
INFO: scenario: Starting controller: /home/rg/work/reflexguard/.venv/bin/python -u scenario.py
INFO: pedestrian: refusing connection attempt from another extern controller.
WARNING: 'pedestrian' controller exited with status: 1.
WARNING: 'pedestrian' controller exited with status: 1.
REFLEXGUARD_CALIBRATION={"drive_speed":2.0,"dark_threshold":140,"area_floor":0.008,"area_tau_s":0.12,"looming_tau_s":0.15,"expansion_scale":1.0,"stop_on":0.25,"stop_off":0.12,"turn_on":0.35,"turn_off":0.1,"turn_gain":0.3,"max_turn":1.2,"deceleration":2.0,"release_ms":500}
REFLEXGUARD_RANGES={"heading": 0.0, "nearest": [5.712762355804443, 4.4705986976623535, 3.4404611587524414, 4.4705986976623535]}
REFLEXGUARD_DECISION={"t_ms": 32, "left": 0.0, "right": 0.0, "left_area": 0.0015625, "right_area": 0.0015625, "escape": 0.0, "signal": "NONE", "reason": "user", "user_forward": 2.0, "forward": 2.0, "turn": 0.0, "intervened": false}
REFLEXGUARD_DECISION={"t_ms": 544, "left": 0.04676940217741512, "right": 0.0701542912412238, "left_area": 0.0015625, "right_area": 0.0015625, "escape": 0.0, "signal": "NONE", "reason": "user", "user_forward": 2.0, "forward": 2.0, "turn": 0.0, "intervened": false}
REFLEXGUARD_DECISION={"t_ms": 1056, "left": 0.09510943461546585, "right": 0.4787291153960727, "left_area": 0.00234375, "right_area": 0.003515625, "escape": 0.3125, "signal": "STOP", "reason": "risk_monitoring", "user_forward": 2.0, "forward": 1.5, "turn": 0.0, "intervened": true}
REFLEXGUARD_DECISION={"t_ms": 1088, "left": 0.07683765647028926, "right": 0.3867589315387155, "left_area": 0.001953125, "right_area": 0.002864583333333333, "escape": 0.0, "signal": "NONE", "reason": "user", "user_forward": 2.0, "forward": 2.0, "turn": 0.0, "intervened": false}
REFLEXGUARD_DECISION={"t_ms": 1600, "left": 0.3876565301075239, "right": 0.1698944395268199, "left_area": 0.00390625, "right_area": 0.00390625, "escape": 0.0, "signal": "NONE", "reason": "user", "user_forward": 2.0, "forward": 2.0, "turn": 0.0, "intervened": false}
REFLEXGUARD_DECISION={"t_ms": 1664, "left": 0.46378398339649307, "right": 0.12474756009188581, "left_area": 0.004296875, "right_area": 0.00390625, "escape": 0.3125, "signal": "STOP", "reason": "risk_monitoring", "user_forward": 2.0, "forward": 1.5, "turn": 0.0, "intervened": true}
Brain request failed (TimeoutError)
Safety stop latched; restart required after correcting the fault
REFLEXGUARD_DECISION={"t_ms": 1696, "left": 0.3746849567208682, "right": 0.10078190672251572, "left_area": 0.003125, "right_area": 0.0037760416666666667, "escape": 0.0, "signal": "NONE", "reason": "brain_failure", "user_forward": 2.0, "forward": 1.436, "turn": 0.0, "intervened": true}
REFLEXGUARD_DECISION={"t_ms": 2208, "left": 0.3746849567208682, "right": 0.10078190672251572, "left_area": 0.003125, "right_area": 0.0037760416666666667, "escape": 0.0, "signal": "NONE", "reason": "brain_failure", "user_forward": 2.0, "forward": 0.41199999999999914, "turn": 0.0, "intervened": true}
REFLEXGUARD_DECISION={"t_ms": 2720, "left": 0.3746849567208682, "right": 0.10078190672251572, "left_area": 0.003125, "right_area": 0.0037760416666666667, "escape": 0.0, "signal": "NONE", "reason": "brain_failure", "user_forward": 2.0, "forward": 0.0, "turn": 0.0, "intervened": true}
REFLEXGUARD_DECISION={"t_ms": 3232, "left": 0.3746849567208682, "right": 0.10078190672251572, "left_area": 0.003125, "right_area": 0.0037760416666666667, "escape": 0.0, "signal": "NONE", "reason": "brain_failure", "user_forward": 2.0, "forward": 0.0, "turn": 0.0, "intervened": true}
REFLEXGUARD_DECISION={"t_ms": 3744, "left": 0.3746849567208682, "right": 0.10078190672251572, "left_area": 0.003125, "right_area": 0.0037760416666666667, "escape": 0.0, "signal": "NONE", "reason": "brain_failure", "user_forward": 2.0, "forward": 0.0, "turn": 0.0, "intervened": true}
REFLEXGUARD_DECISION={"t_ms": 4256, "left": 0.3746849567208682, "right": 0.10078190672251572, "left_area": 0.003125, "right_area": 0.0037760416666666667, "escape": 0.0, "signal": "NONE", "reason": "brain_failure", "user_forward": 2.0, "forward": 0.0, "turn": 0.0, "intervened": true}
REFLEXGUARD_DECISION={"t_ms": 4768, "left": 0.3746849567208682, "right": 0.10078190672251572, "left_area": 0.003125, "right_area": 0.0037760416666666667, "escape": 0.0, "signal": "NONE", "reason": "brain_failure", "user_forward": 2.0, "forward": 0.0, "turn": 0.0, "intervened": true}
REFLEXGUARD_DECISION={"t_ms": 5280, "left": 0.3746849567208682, "right": 0.10078190672251572, "left_area": 0.003125, "right_area": 0.0037760416666666667, "escape": 0.0, "signal": "NONE", "reason": "brain_failure", "user_forward": 2.0, "forward": 0.0, "turn": 0.0, "intervened": true}
REFLEXGUARD_DECISION={"t_ms": 5792, "left": 0.3746849567208682, "right": 0.10078190672251572, "left_area": 0.003125, "right_area": 0.0037760416666666667, "escape": 0.0, "signal": "NONE", "reason": "brain_failure", "user_forward": 2.0, "forward": 0.0, "turn": 0.0, "intervened": true}
REFLEXGUARD_DECISION={"t_ms": 6304, "left": 0.3746849567208682, "right": 0.10078190672251572, "left_area": 0.003125, "right_area": 0.0037760416666666667, "escape": 0.0, "signal": "NONE", "reason": "brain_failure", "user_forward": 2.0, "forward": 0.0, "turn": 0.0, "intervened": true}
REFLEXGUARD_DECISION={"t_ms": 6816, "left": 0.3746849567208682, "right": 0.10078190672251572, "left_area": 0.003125, "right_area": 0.0037760416666666667, "escape": 0.0, "signal": "NONE", "reason": "brain_failure", "user_forward": 2.0, "forward": 0.0, "turn": 0.0, "intervened": true}
REFLEXGUARD_DECISION={"t_ms": 7328, "left": 0.3746849567208682, "right": 0.10078190672251572, "left_area": 0.003125, "right_area": 0.0037760416666666667, "escape": 0.0, "signal": "NONE", "reason": "brain_failure", "user_forward": 2.0, "forward": 0.0, "turn": 0.0, "intervened": true}
REFLEXGUARD_DECISION={"t_ms": 7840, "left": 0.3746849567208682, "right": 0.10078190672251572, "left_area": 0.003125, "right_area": 0.0037760416666666667, "escape": 0.0, "signal": "NONE", "reason": "brain_failure", "user_forward": 2.0, "forward": 0.0, "turn": 0.0, "intervened": true}
REFLEXGUARD_DECISION={"t_ms": 8352, "left": 0.3746849567208682, "right": 0.10078190672251572, "left_area": 0.003125, "right_area": 0.0037760416666666667, "escape": 0.0, "signal": "NONE", "reason": "brain_failure", "user_forward": 2.0, "forward": 0.0, "turn": 0.0, "intervened": true}
REFLEXGUARD_DECISION={"t_ms": 8864, "left": 0.3746849567208682, "right": 0.10078190672251572, "left_area": 0.003125, "right_area": 0.0037760416666666667, "escape": 0.0, "signal": "NONE", "reason": "brain_failure", "user_forward": 2.0, "forward": 0.0, "turn": 0.0, "intervened": true}
REFLEXGUARD_DECISION={"t_ms": 9376, "left": 0.3746849567208682, "right": 0.10078190672251572, "left_area": 0.003125, "right_area": 0.0037760416666666667, "escape": 0.0, "signal": "NONE", "reason": "brain_failure", "user_forward": 2.0, "forward": 0.0, "turn": 0.0, "intervened": true}
REFLEXGUARD_DECISION={"t_ms": 9888, "left": 0.3746849567208682, "right": 0.10078190672251572, "left_area": 0.003125, "right_area": 0.0037760416666666667, "escape": 0.0, "signal": "NONE", "reason": "brain_failure", "user_forward": 2.0, "forward": 0.0, "turn": 0.0, "intervened": true}
REFLEXGUARD_DECISION={"t_ms": 10400, "left": 0.3746849567208682, "right": 0.10078190672251572, "left_area": 0.003125, "right_area": 0.0037760416666666667, "escape": 0.0, "signal": "NONE", "reason": "brain_failure", "user_forward": 2.0, "forward": 0.0, "turn": 0.0, "intervened": true}
REFLEXGUARD_DECISION={"t_ms": 10912, "left": 0.3746849567208682, "right": 0.10078190672251572, "left_area": 0.003125, "right_area": 0.0037760416666666667, "escape": 0.0, "signal": "NONE", "reason": "brain_failure", "user_forward": 2.0, "forward": 0.0, "turn": 0.0, "intervened": true}
REFLEXGUARD_DECISION={"t_ms": 11424, "left": 0.3746849567208682, "right": 0.10078190672251572, "left_area": 0.003125, "right_area": 0.0037760416666666667, "escape": 0.0, "signal": "NONE", "reason": "brain_failure", "user_forward": 2.0, "forward": 0.0, "turn": 0.0, "intervened": true}
REFLEXGUARD_DECISION={"t_ms": 11936, "left": 0.3746849567208682, "right": 0.10078190672251572, "left_area": 0.003125, "right_area": 0.0037760416666666667, "escape": 0.0, "signal": "NONE", "reason": "brain_failure", "user_forward": 2.0, "forward": 0.0, "turn": 0.0, "intervened": true}
REFLEXGUARD_DECISION={"t_ms": 12448, "left": 0.3746849567208682, "right": 0.10078190672251572, "left_area": 0.003125, "right_area": 0.0037760416666666667, "escape": 0.0, "signal": "NONE", "reason": "brain_failure", "user_forward": 2.0, "forward": 0.0, "turn": 0.0, "intervened": true}
REFLEXGUARD_DECISION={"t_ms": 12960, "left": 0.3746849567208682, "right": 0.10078190672251572, "left_area": 0.003125, "right_area": 0.0037760416666666667, "escape": 0.0, "signal": "NONE", "reason": "brain_failure", "user_forward": 2.0, "forward": 0.0, "turn": 0.0, "intervened": true}
REFLEXGUARD_DECISION={"t_ms": 13472, "left": 0.3746849567208682, "right": 0.10078190672251572, "left_area": 0.003125, "right_area": 0.0037760416666666667, "escape": 0.0, "signal": "NONE", "reason": "brain_failure", "user_forward": 2.0, "forward": 0.0, "turn": 0.0, "intervened": true}
REFLEXGUARD_DECISION={"t_ms": 13984, "left": 0.3746849567208682, "right": 0.10078190672251572, "left_area": 0.003125, "right_area": 0.0037760416666666667, "escape": 0.0, "signal": "NONE", "reason": "brain_failure", "user_forward": 2.0, "forward": 0.0, "turn": 0.0, "intervened": true}
REFLEXGUARD_DECISION={"t_ms": 14496, "left": 0.3746849567208682, "right": 0.10078190672251572, "left_area": 0.003125, "right_area": 0.0037760416666666667, "escape": 0.0, "signal": "NONE", "reason": "brain_failure", "user_forward": 2.0, "forward": 0.0, "turn": 0.0, "intervened": true}
REFLEXGUARD_DECISION={"t_ms": 14560, "left": 0.3746849567208682, "right": 0.10078190672251572, "left_area": 0.003125, "right_area": 0.0037760416666666667, "escape": 0.0, "signal": "NONE", "reason": "control_failure", "user_forward": 2.0, "forward": 0.0, "turn": 0.0, "intervened": true}
REFLEXGUARD_DECISION={"t_ms": 15072, "left": 0.3746849567208682, "right": 0.10078190672251572, "left_area": 0.003125, "right_area": 0.0037760416666666667, "escape": 0.0, "signal": "NONE", "reason": "control_failure", "user_forward": 2.0, "forward": 0.0, "turn": 0.0, "intervened": true}
REFLEXGUARD_DECISION={"t_ms": 15584, "left": 0.3746849567208682, "right": 0.10078190672251572, "left_area": 0.003125, "right_area": 0.0037760416666666667, "escape": 0.0, "signal": "NONE", "reason": "control_failure", "user_forward": 2.0, "forward": 0.0, "turn": 0.0, "intervened": true}
REFLEXGUARD_DECISION={"t_ms": 16096, "left": 0.3746849567208682, "right": 0.10078190672251572, "left_area": 0.003125, "right_area": 0.0037760416666666667, "escape": 0.0, "signal": "NONE", "reason": "control_failure", "user_forward": 2.0, "forward": 0.0, "turn": 0.0, "intervened": true}
REFLEXGUARD_DECISION={"t_ms": 16608, "left": 0.3746849567208682, "right": 0.10078190672251572, "left_area": 0.003125, "right_area": 0.0037760416666666667, "escape": 0.0, "signal": "NONE", "reason": "control_failure", "user_forward": 2.0, "forward": 0.0, "turn": 0.0, "intervened": true}
REFLEXGUARD_DECISION={"t_ms": 17120, "left": 0.3746849567208682, "right": 0.10078190672251572, "left_area": 0.003125, "right_area": 0.0037760416666666667, "escape": 0.0, "signal": "NONE", "reason": "control_failure", "user_forward": 2.0, "forward": 0.0, "turn": 0.0, "intervened": true}
REFLEXGUARD_DECISION={"t_ms": 17632, "left": 0.3746849567208682, "right": 0.10078190672251572, "left_area": 0.003125, "right_area": 0.0037760416666666667, "escape": 0.0, "signal": "NONE", "reason": "control_failure", "user_forward": 2.0, "forward": 0.0, "turn": 0.0, "intervened": true}
REFLEXGUARD_DECISION={"t_ms": 18144, "left": 0.3746849567208682, "right": 0.10078190672251572, "left_area": 0.003125, "right_area": 0.0037760416666666667, "escape": 0.0, "signal": "NONE", "reason": "control_failure", "user_forward": 2.0, "forward": 0.0, "turn": 0.0, "intervened": true}
REFLEXGUARD_DECISION={"t_ms": 18656, "left": 0.3746849567208682, "right": 0.10078190672251572, "left_area": 0.003125, "right_area": 0.0037760416666666667, "escape": 0.0, "signal": "NONE", "reason": "control_failure", "user_forward": 2.0, "forward": 0.0, "turn": 0.0, "intervened": true}
REFLEXGUARD_DECISION={"t_ms": 19168, "left": 0.3746849567208682, "right": 0.10078190672251572, "left_area": 0.003125, "right_area": 0.0037760416666666667, "escape": 0.0, "signal": "NONE", "reason": "control_failure", "user_forward": 2.0, "forward": 0.0, "turn": 0.0, "intervened": true}
REFLEXGUARD_DECISION={"t_ms": 19680, "left": 0.3746849567208682, "right": 0.10078190672251572, "left_area": 0.003125, "right_area": 0.0037760416666666667, "escape": 0.0, "signal": "NONE", "reason": "control_failure", "user_forward": 2.0, "forward": 0.0, "turn": 0.0, "intervened": true}
REFLEXGUARD_DECISION={"t_ms": 20192, "left": 0.3746849567208682, "right": 0.10078190672251572, "left_area": 0.003125, "right_area": 0.0037760416666666667, "escape": 0.0, "signal": "NONE", "reason": "control_failure", "user_forward": 2.0, "forward": 0.0, "turn": 0.0, "intervened": true}
REFLEXGUARD_DECISION={"t_ms": 20704, "left": 0.3746849567208682, "right": 0.10078190672251572, "left_area": 0.003125, "right_area": 0.0037760416666666667, "escape": 0.0, "signal": "NONE", "reason": "control_failure", "user_forward": 2.0, "forward": 0.0, "turn": 0.0, "intervened": true}
REFLEXGUARD_DECISION={"t_ms": 21216, "left": 0.3746849567208682, "right": 0.10078190672251572, "left_area": 0.003125, "right_area": 0.0037760416666666667, "escape": 0.0, "signal": "NONE", "reason": "control_failure", "user_forward": 2.0, "forward": 0.0, "turn": 0.0, "intervened": true}
REFLEXGUARD_DECISION={"t_ms": 21728, "left": 0.3746849567208682, "right": 0.10078190672251572, "left_area": 0.003125, "right_area": 0.0037760416666666667, "escape": 0.0, "signal": "NONE", "reason": "control_failure", "user_forward": 2.0, "forward": 0.0, "turn": 0.0, "intervened": true}
REFLEXGUARD_DECISION={"t_ms": 22240, "left": 0.3746849567208682, "right": 0.10078190672251572, "left_area": 0.003125, "right_area": 0.0037760416666666667, "escape": 0.0, "signal": "NONE", "reason": "control_failure", "user_forward": 2.0, "forward": 0.0, "turn": 0.0, "intervened": true}
REFLEXGUARD_DECISION={"t_ms": 22752, "left": 0.3746849567208682, "right": 0.10078190672251572, "left_area": 0.003125, "right_area": 0.0037760416666666667, "escape": 0.0, "signal": "NONE", "reason": "control_failure", "user_forward": 2.0, "forward": 0.0, "turn": 0.0, "intervened": true}
REFLEXGUARD_DECISION={"t_ms": 23264, "left": 0.3746849567208682, "right": 0.10078190672251572, "left_area": 0.003125, "right_area": 0.0037760416666666667, "escape": 0.0, "signal": "NONE", "reason": "control_failure", "user_forward": 2.0, "forward": 0.0, "turn": 0.0, "intervened": true}
REFLEXGUARD_DECISION={"t_ms": 23776, "left": 0.3746849567208682, "right": 0.10078190672251572, "left_area": 0.003125, "right_area": 0.0037760416666666667, "escape": 0.0, "signal": "NONE", "reason": "control_failure", "user_forward": 2.0, "forward": 0.0, "turn": 0.0, "intervened": true}
REFLEXGUARD_DECISION={"t_ms": 24288, "left": 0.3746849567208682, "right": 0.10078190672251572, "left_area": 0.003125, "right_area": 0.0037760416666666667, "escape": 0.0, "signal": "NONE", "reason": "control_failure", "user_forward": 2.0, "forward": 0.0, "turn": 0.0, "intervened": true}
REFLEXGUARD_DECISION={"t_ms": 24800, "left": 0.3746849567208682, "right": 0.10078190672251572, "left_area": 0.003125, "right_area": 0.0037760416666666667, "escape": 0.0, "signal": "NONE", "reason": "control_failure", "user_forward": 2.0, "forward": 0.0, "turn": 0.0, "intervened": true}
REFLEXGUARD_DECISION={"t_ms": 25312, "left": 0.3746849567208682, "right": 0.10078190672251572, "left_area": 0.003125, "right_area": 0.0037760416666666667, "escape": 0.0, "signal": "NONE", "reason": "control_failure", "user_forward": 2.0, "forward": 0.0, "turn": 0.0, "intervened": true}
REFLEXGUARD_DECISION={"t_ms": 25824, "left": 0.3746849567208682, "right": 0.10078190672251572, "left_area": 0.003125, "right_area": 0.0037760416666666667, "escape": 0.0, "signal": "NONE", "reason": "control_failure", "user_forward": 2.0, "forward": 0.0, "turn": 0.0, "intervened": true}
REFLEXGUARD_DECISION={"t_ms": 26336, "left": 0.3746849567208682, "right": 0.10078190672251572, "left_area": 0.003125, "right_area": 0.0037760416666666667, "escape": 0.0, "signal": "NONE", "reason": "control_failure", "user_forward": 2.0, "forward": 0.0, "turn": 0.0, "intervened": true}
REFLEXGUARD_DECISION={"t_ms": 26848, "left": 0.3746849567208682, "right": 0.10078190672251572, "left_area": 0.003125, "right_area": 0.0037760416666666667, "escape": 0.0, "signal": "NONE", "reason": "control_failure", "user_forward": 2.0, "forward": 0.0, "turn": 0.0, "intervened": true}
REFLEXGUARD_DECISION={"t_ms": 27360, "left": 0.3746849567208682, "right": 0.10078190672251572, "left_area": 0.003125, "right_area": 0.0037760416666666667, "escape": 0.0, "signal": "NONE", "reason": "control_failure", "user_forward": 2.0, "forward": 0.0, "turn": 0.0, "intervened": true}
REFLEXGUARD_DECISION={"t_ms": 27872, "left": 0.3746849567208682, "right": 0.10078190672251572, "left_area": 0.003125, "right_area": 0.0037760416666666667, "escape": 0.0, "signal": "NONE", "reason": "control_failure", "user_forward": 2.0, "forward": 0.0, "turn": 0.0, "intervened": true}
REFLEXGUARD_DECISION={"t_ms": 28384, "left": 0.3746849567208682, "right": 0.10078190672251572, "left_area": 0.003125, "right_area": 0.0037760416666666667, "escape": 0.0, "signal": "NONE", "reason": "control_failure", "user_forward": 2.0, "forward": 0.0, "turn": 0.0, "intervened": true}
REFLEXGUARD_DECISION={"t_ms": 28896, "left": 0.3746849567208682, "right": 0.10078190672251572, "left_area": 0.003125, "right_area": 0.0037760416666666667, "escape": 0.0, "signal": "NONE", "reason": "control_failure", "user_forward": 2.0, "forward": 0.0, "turn": 0.0, "intervened": true}
REFLEXGUARD_DECISION={"t_ms": 29408, "left": 0.3746849567208682, "right": 0.10078190672251572, "left_area": 0.003125, "right_area": 0.0037760416666666667, "escape": 0.0, "signal": "NONE", "reason": "control_failure", "user_forward": 2.0, "forward": 0.0, "turn": 0.0, "intervened": true}
REFLEXGUARD_DECISION={"t_ms": 29920, "left": 0.3746849567208682, "right": 0.10078190672251572, "left_area": 0.003125, "right_area": 0.0037760416666666667, "escape": 0.0, "signal": "NONE", "reason": "control_failure", "user_forward": 2.0, "forward": 0.0, "turn": 0.0, "intervened": true}
REFLEXGUARD_DECISION={"t_ms": 30432, "left": 0.3746849567208682, "right": 0.10078190672251572, "left_area": 0.003125, "right_area": 0.0037760416666666667, "escape": 0.0, "signal": "NONE", "reason": "control_failure", "user_forward": 2.0, "forward": 0.0, "turn": 0.0, "intervened": true}
REFLEXGUARD_DECISION={"t_ms": 30944, "left": 0.3746849567208682, "right": 0.10078190672251572, "left_area": 0.003125, "right_area": 0.0037760416666666667, "escape": 0.0, "signal": "NONE", "reason": "control_failure", "user_forward": 2.0, "forward": 0.0, "turn": 0.0, "intervened": true}
REFLEXGUARD_DECISION={"t_ms": 31456, "left": 0.3746849567208682, "right": 0.10078190672251572, "left_area": 0.003125, "right_area": 0.0037760416666666667, "escape": 0.0, "signal": "NONE", "reason": "control_failure", "user_forward": 2.0, "forward": 0.0, "turn": 0.0, "intervened": true}
REFLEXGUARD_DECISION={"t_ms": 31968, "left": 0.3746849567208682, "right": 0.10078190672251572, "left_area": 0.003125, "right_area": 0.0037760416666666667, "escape": 0.0, "signal": "NONE", "reason": "control_failure", "user_forward": 2.0, "forward": 0.0, "turn": 0.0, "intervened": true}
REFLEXGUARD_DECISION={"t_ms": 32480, "left": 0.3746849567208682, "right": 0.10078190672251572, "left_area": 0.003125, "right_area": 0.0037760416666666667, "escape": 0.0, "signal": "NONE", "reason": "control_failure", "user_forward": 2.0, "forward": 0.0, "turn": 0.0, "intervened": true}
REFLEXGUARD_DECISION={"t_ms": 32992, "left": 0.3746849567208682, "right": 0.10078190672251572, "left_area": 0.003125, "right_area": 0.0037760416666666667, "escape": 0.0, "signal": "NONE", "reason": "control_failure", "user_forward": 2.0, "forward": 0.0, "turn": 0.0, "intervened": true}
REFLEXGUARD_DECISION={"t_ms": 33504, "left": 0.3746849567208682, "right": 0.10078190672251572, "left_area": 0.003125, "right_area": 0.0037760416666666667, "escape": 0.0, "signal": "NONE", "reason": "control_failure", "user_forward": 2.0, "forward": 0.0, "turn": 0.0, "intervened": true}
REFLEXGUARD_DECISION={"t_ms": 34016, "left": 0.3746849567208682, "right": 0.10078190672251572, "left_area": 0.003125, "right_area": 0.0037760416666666667, "escape": 0.0, "signal": "NONE", "reason": "control_failure", "user_forward": 2.0, "forward": 0.0, "turn": 0.0, "intervened": true}
REFLEXGUARD_DECISION={"t_ms": 34528, "left": 0.3746849567208682, "right": 0.10078190672251572, "left_area": 0.003125, "right_area": 0.0037760416666666667, "escape": 0.0, "signal": "NONE", "reason": "control_failure", "user_forward": 2.0, "forward": 0.0, "turn": 0.0, "intervened": true}
REFLEXGUARD_DECISION={"t_ms": 35040, "left": 0.3746849567208682, "right": 0.10078190672251572, "left_area": 0.003125, "right_area": 0.0037760416666666667, "escape": 0.0, "signal": "NONE", "reason": "control_failure", "user_forward": 2.0, "forward": 0.0, "turn": 0.0, "intervened": true}
REFLEXGUARD_DECISION={"t_ms": 35552, "left": 0.3746849567208682, "right": 0.10078190672251572, "left_area": 0.003125, "right_area": 0.0037760416666666667, "escape": 0.0, "signal": "NONE", "reason": "control_failure", "user_forward": 2.0, "forward": 0.0, "turn": 0.0, "intervened": true}
REFLEXGUARD_DECISION={"t_ms": 36064, "left": 0.3746849567208682, "right": 0.10078190672251572, "left_area": 0.003125, "right_area": 0.0037760416666666667, "escape": 0.0, "signal": "NONE", "reason": "control_failure", "user_forward": 2.0, "forward": 0.0, "turn": 0.0, "intervened": true}
REFLEXGUARD_DECISION={"t_ms": 36576, "left": 0.3746849567208682, "right": 0.10078190672251572, "left_area": 0.003125, "right_area": 0.0037760416666666667, "escape": 0.0, "signal": "NONE", "reason": "control_failure", "user_forward": 2.0, "forward": 0.0, "turn": 0.0, "intervened": true}
REFLEXGUARD_DECISION={"t_ms": 37088, "left": 0.3746849567208682, "right": 0.10078190672251572, "left_area": 0.003125, "right_area": 0.0037760416666666667, "escape": 0.0, "signal": "NONE", "reason": "control_failure", "user_forward": 2.0, "forward": 0.0, "turn": 0.0, "intervened": true}
REFLEXGUARD_DECISION={"t_ms": 37600, "left": 0.3746849567208682, "right": 0.10078190672251572, "left_area": 0.003125, "right_area": 0.0037760416666666667, "escape": 0.0, "signal": "NONE", "reason": "control_failure", "user_forward": 2.0, "forward": 0.0, "turn": 0.0, "intervened": true}
REFLEXGUARD_DECISION={"t_ms": 38112, "left": 0.3746849567208682, "right": 0.10078190672251572, "left_area": 0.003125, "right_area": 0.0037760416666666667, "escape": 0.0, "signal": "NONE", "reason": "control_failure", "user_forward": 2.0, "forward": 0.0, "turn": 0.0, "intervened": true}
REFLEXGUARD_DECISION={"t_ms": 38624, "left": 0.3746849567208682, "right": 0.10078190672251572, "left_area": 0.003125, "right_area": 0.0037760416666666667, "escape": 0.0, "signal": "NONE", "reason": "control_failure", "user_forward": 2.0, "forward": 0.0, "turn": 0.0, "intervened": true}
REFLEXGUARD_DECISION={"t_ms": 39136, "left": 0.3746849567208682, "right": 0.10078190672251572, "left_area": 0.003125, "right_area": 0.0037760416666666667, "escape": 0.0, "signal": "NONE", "reason": "control_failure", "user_forward": 2.0, "forward": 0.0, "turn": 0.0, "intervened": true}
REFLEXGUARD_DECISION={"t_ms": 39648, "left": 0.3746849567208682, "right": 0.10078190672251572, "left_area": 0.003125, "right_area": 0.0037760416666666667, "escape": 0.0, "signal": "NONE", "reason": "control_failure", "user_forward": 2.0, "forward": 0.0, "turn": 0.0, "intervened": true}
REFLEXGUARD_DECISION={"t_ms": 40160, "left": 0.3746849567208682, "right": 0.10078190672251572, "left_area": 0.003125, "right_area": 0.0037760416666666667, "escape": 0.0, "signal": "NONE", "reason": "control_failure", "user_forward": 2.0, "forward": 0.0, "turn": 0.0, "intervened": true}
REFLEXGUARD_DECISION={"t_ms": 40672, "left": 0.3746849567208682, "right": 0.10078190672251572, "left_area": 0.003125, "right_area": 0.0037760416666666667, "escape": 0.0, "signal": "NONE", "reason": "control_failure", "user_forward": 2.0, "forward": 0.0, "turn": 0.0, "intervened": true}
REFLEXGUARD_DECISION={"t_ms": 41184, "left": 0.3746849567208682, "right": 0.10078190672251572, "left_area": 0.003125, "right_area": 0.0037760416666666667, "escape": 0.0, "signal": "NONE", "reason": "control_failure", "user_forward": 2.0, "forward": 0.0, "turn": 0.0, "intervened": true}
REFLEXGUARD_DECISION={"t_ms": 41696, "left": 0.3746849567208682, "right": 0.10078190672251572, "left_area": 0.003125, "right_area": 0.0037760416666666667, "escape": 0.0, "signal": "NONE", "reason": "control_failure", "user_forward": 2.0, "forward": 0.0, "turn": 0.0, "intervened": true}
REFLEXGUARD_DECISION={"t_ms": 42208, "left": 0.3746849567208682, "right": 0.10078190672251572, "left_area": 0.003125, "right_area": 0.0037760416666666667, "escape": 0.0, "signal": "NONE", "reason": "control_failure", "user_forward": 2.0, "forward": 0.0, "turn": 0.0, "intervened": true}
REFLEXGUARD_DECISION={"t_ms": 42720, "left": 0.3746849567208682, "right": 0.10078190672251572, "left_area": 0.003125, "right_area": 0.0037760416666666667, "escape": 0.0, "signal": "NONE", "reason": "control_failure", "user_forward": 2.0, "forward": 0.0, "turn": 0.0, "intervened": true}
REFLEXGUARD_DECISION={"t_ms": 43232, "left": 0.3746849567208682, "right": 0.10078190672251572, "left_area": 0.003125, "right_area": 0.0037760416666666667, "escape": 0.0, "signal": "NONE", "reason": "control_failure", "user_forward": 2.0, "forward": 0.0, "turn": 0.0, "intervened": true}
REFLEXGUARD_DECISION={"t_ms": 43744, "left": 0.3746849567208682, "right": 0.10078190672251572, "left_area": 0.003125, "right_area": 0.0037760416666666667, "escape": 0.0, "signal": "NONE", "reason": "control_failure", "user_forward": 2.0, "forward": 0.0, "turn": 0.0, "intervened": true}
REFLEXGUARD_DECISION={"t_ms": 44256, "left": 0.3746849567208682, "right": 0.10078190672251572, "left_area": 0.003125, "right_area": 0.0037760416666666667, "escape": 0.0, "signal": "NONE", "reason": "control_failure", "user_forward": 2.0, "forward": 0.0, "turn": 0.0, "intervened": true}
REFLEXGUARD_DECISION={"t_ms": 44768, "left": 0.3746849567208682, "right": 0.10078190672251572, "left_area": 0.003125, "right_area": 0.0037760416666666667, "escape": 0.0, "signal": "NONE", "reason": "control_failure", "user_forward": 2.0, "forward": 0.0, "turn": 0.0, "intervened": true}
REFLEXGUARD_DECISION={"t_ms": 45280, "left": 0.3746849567208682, "right": 0.10078190672251572, "left_area": 0.003125, "right_area": 0.0037760416666666667, "escape": 0.0, "signal": "NONE", "reason": "control_failure", "user_forward": 2.0, "forward": 0.0, "turn": 0.0, "intervened": true}
REFLEXGUARD_DECISION={"t_ms": 45792, "left": 0.3746849567208682, "right": 0.10078190672251572, "left_area": 0.003125, "right_area": 0.0037760416666666667, "escape": 0.0, "signal": "NONE", "reason": "control_failure", "user_forward": 2.0, "forward": 0.0, "turn": 0.0, "intervened": true}
REFLEXGUARD_DECISION={"t_ms": 46304, "left": 0.3746849567208682, "right": 0.10078190672251572, "left_area": 0.003125, "right_area": 0.0037760416666666667, "escape": 0.0, "signal": "NONE", "reason": "control_failure", "user_forward": 2.0, "forward": 0.0, "turn": 0.0, "intervened": true}
REFLEXGUARD_DECISION={"t_ms": 46816, "left": 0.3746849567208682, "right": 0.10078190672251572, "left_area": 0.003125, "right_area": 0.0037760416666666667, "escape": 0.0, "signal": "NONE", "reason": "control_failure", "user_forward": 2.0, "forward": 0.0, "turn": 0.0, "intervened": true}
REFLEXGUARD_DECISION={"t_ms": 47328, "left": 0.3746849567208682, "right": 0.10078190672251572, "left_area": 0.003125, "right_area": 0.0037760416666666667, "escape": 0.0, "signal": "NONE", "reason": "control_failure", "user_forward": 2.0, "forward": 0.0, "turn": 0.0, "intervened": true}
REFLEXGUARD_DECISION={"t_ms": 47840, "left": 0.3746849567208682, "right": 0.10078190672251572, "left_area": 0.003125, "right_area": 0.0037760416666666667, "escape": 0.0, "signal": "NONE", "reason": "control_failure", "user_forward": 2.0, "forward": 0.0, "turn": 0.0, "intervened": true}
REFLEXGUARD_DECISION={"t_ms": 48352, "left": 0.3746849567208682, "right": 0.10078190672251572, "left_area": 0.003125, "right_area": 0.0037760416666666667, "escape": 0.0, "signal": "NONE", "reason": "control_failure", "user_forward": 2.0, "forward": 0.0, "turn": 0.0, "intervened": true}
REFLEXGUARD_DECISION={"t_ms": 48864, "left": 0.3746849567208682, "right": 0.10078190672251572, "left_area": 0.003125, "right_area": 0.0037760416666666667, "escape": 0.0, "signal": "NONE", "reason": "control_failure", "user_forward": 2.0, "forward": 0.0, "turn": 0.0, "intervened": true}
REFLEXGUARD_DECISION={"t_ms": 49376, "left": 0.3746849567208682, "right": 0.10078190672251572, "left_area": 0.003125, "right_area": 0.0037760416666666667, "escape": 0.0, "signal": "NONE", "reason": "control_failure", "user_forward": 2.0, "forward": 0.0, "turn": 0.0, "intervened": true}
REFLEXGUARD_DECISION={"t_ms": 49888, "left": 0.3746849567208682, "right": 0.10078190672251572, "left_area": 0.003125, "right_area": 0.0037760416666666667, "escape": 0.0, "signal": "NONE", "reason": "control_failure", "user_forward": 2.0, "forward": 0.0, "turn": 0.0, "intervened": true}
REFLEXGUARD_DECISION={"t_ms": 50400, "left": 0.3746849567208682, "right": 0.10078190672251572, "left_area": 0.003125, "right_area": 0.0037760416666666667, "escape": 0.0, "signal": "NONE", "reason": "control_failure", "user_forward": 2.0, "forward": 0.0, "turn": 0.0, "intervened": true}
REFLEXGUARD_DECISION={"t_ms": 50912, "left": 0.3746849567208682, "right": 0.10078190672251572, "left_area": 0.003125, "right_area": 0.0037760416666666667, "escape": 0.0, "signal": "NONE", "reason": "control_failure", "user_forward": 2.0, "forward": 0.0, "turn": 0.0, "intervened": true}
REFLEXGUARD_DECISION={"t_ms": 51424, "left": 0.3746849567208682, "right": 0.10078190672251572, "left_area": 0.003125, "right_area": 0.0037760416666666667, "escape": 0.0, "signal": "NONE", "reason": "control_failure", "user_forward": 2.0, "forward": 0.0, "turn": 0.0, "intervened": true}
REFLEXGUARD_DECISION={"t_ms": 51936, "left": 0.3746849567208682, "right": 0.10078190672251572, "left_area": 0.003125, "right_area": 0.0037760416666666667, "escape": 0.0, "signal": "NONE", "reason": "control_failure", "user_forward": 2.0, "forward": 0.0, "turn": 0.0, "intervened": true}
REFLEXGUARD_DECISION={"t_ms": 52448, "left": 0.3746849567208682, "right": 0.10078190672251572, "left_area": 0.003125, "right_area": 0.0037760416666666667, "escape": 0.0, "signal": "NONE", "reason": "control_failure", "user_forward": 2.0, "forward": 0.0, "turn": 0.0, "intervened": true}
REFLEXGUARD_DECISION={"t_ms": 52960, "left": 0.3746849567208682, "right": 0.10078190672251572, "left_area": 0.003125, "right_area": 0.0037760416666666667, "escape": 0.0, "signal": "NONE", "reason": "control_failure", "user_forward": 2.0, "forward": 0.0, "turn": 0.0, "intervened": true}
REFLEXGUARD_DECISION={"t_ms": 53472, "left": 0.3746849567208682, "right": 0.10078190672251572, "left_area": 0.003125, "right_area": 0.0037760416666666667, "escape": 0.0, "signal": "NONE", "reason": "control_failure", "user_forward": 2.0, "forward": 0.0, "turn": 0.0, "intervened": true}
REFLEXGUARD_DECISION={"t_ms": 53984, "left": 0.3746849567208682, "right": 0.10078190672251572, "left_area": 0.003125, "right_area": 0.0037760416666666667, "escape": 0.0, "signal": "NONE", "reason": "control_failure", "user_forward": 2.0, "forward": 0.0, "turn": 0.0, "intervened": true}
REFLEXGUARD_DECISION={"t_ms": 54496, "left": 0.3746849567208682, "right": 0.10078190672251572, "left_area": 0.003125, "right_area": 0.0037760416666666667, "escape": 0.0, "signal": "NONE", "reason": "control_failure", "user_forward": 2.0, "forward": 0.0, "turn": 0.0, "intervened": true}
REFLEXGUARD_DECISION={"t_ms": 55008, "left": 0.3746849567208682, "right": 0.10078190672251572, "left_area": 0.003125, "right_area": 0.0037760416666666667, "escape": 0.0, "signal": "NONE", "reason": "control_failure", "user_forward": 2.0, "forward": 0.0, "turn": 0.0, "intervened": true}
REFLEXGUARD_DECISION={"t_ms": 55520, "left": 0.3746849567208682, "right": 0.10078190672251572, "left_area": 0.003125, "right_area": 0.0037760416666666667, "escape": 0.0, "signal": "NONE", "reason": "control_failure", "user_forward": 2.0, "forward": 0.0, "turn": 0.0, "intervened": true}
REFLEXGUARD_DECISION={"t_ms": 56032, "left": 0.3746849567208682, "right": 0.10078190672251572, "left_area": 0.003125, "right_area": 0.0037760416666666667, "escape": 0.0, "signal": "NONE", "reason": "control_failure", "user_forward": 2.0, "forward": 0.0, "turn": 0.0, "intervened": true}
REFLEXGUARD_DECISION={"t_ms": 56544, "left": 0.3746849567208682, "right": 0.10078190672251572, "left_area": 0.003125, "right_area": 0.0037760416666666667, "escape": 0.0, "signal": "NONE", "reason": "control_failure", "user_forward": 2.0, "forward": 0.0, "turn": 0.0, "intervened": true}
REFLEXGUARD_DECISION={"t_ms": 57056, "left": 0.3746849567208682, "right": 0.10078190672251572, "left_area": 0.003125, "right_area": 0.0037760416666666667, "escape": 0.0, "signal": "NONE", "reason": "control_failure", "user_forward": 2.0, "forward": 0.0, "turn": 0.0, "intervened": true}
REFLEXGUARD_DECISION={"t_ms": 57568, "left": 0.3746849567208682, "right": 0.10078190672251572, "left_area": 0.003125, "right_area": 0.0037760416666666667, "escape": 0.0, "signal": "NONE", "reason": "control_failure", "user_forward": 2.0, "forward": 0.0, "turn": 0.0, "intervened": true}
REFLEXGUARD_DECISION={"t_ms": 58080, "left": 0.3746849567208682, "right": 0.10078190672251572, "left_area": 0.003125, "right_area": 0.0037760416666666667, "escape": 0.0, "signal": "NONE", "reason": "control_failure", "user_forward": 2.0, "forward": 0.0, "turn": 0.0, "intervened": true}
REFLEXGUARD_DECISION={"t_ms": 58592, "left": 0.3746849567208682, "right": 0.10078190672251572, "left_area": 0.003125, "right_area": 0.0037760416666666667, "escape": 0.0, "signal": "NONE", "reason": "control_failure", "user_forward": 2.0, "forward": 0.0, "turn": 0.0, "intervened": true}
REFLEXGUARD_DECISION={"t_ms": 59104, "left": 0.3746849567208682, "right": 0.10078190672251572, "left_area": 0.003125, "right_area": 0.0037760416666666667, "escape": 0.0, "signal": "NONE", "reason": "control_failure", "user_forward": 2.0, "forward": 0.0, "turn": 0.0, "intervened": true}
REFLEXGUARD_DECISION={"t_ms": 59616, "left": 0.3746849567208682, "right": 0.10078190672251572, "left_area": 0.003125, "right_area": 0.0037760416666666667, "escape": 0.0, "signal": "NONE", "reason": "control_failure", "user_forward": 2.0, "forward": 0.0, "turn": 0.0, "intervened": true}
REFLEXGUARD_RESULT={"world":"corridor_demo","drive":"forward","duration_s":60.0,"collision":false,"collision_events":0,"min_clearance_estimate_m":3.2199999999999998,"displacement_m":3.445789983478665,"yaw_change_rad":-4.058039226743609e-12,"camera_frames":1875,"camera_pixel_range":190,"camera_width":160,"camera_height":120,"remote_stop_steps":1421,"remote_interventions":0,"control_failures":1,"navigation_steps":0,"recoveries":0,"passed_obstacles":0,"brain_steps":52,"interventions":1825,"stop_steps":1823,"brain_failures":1,"max_looming":0.4787291153960727,"final_forward":0.0}
INFO: wheelchair: Terminating.
INFO: scenario: Terminating.
{"world":"corridor_demo","drive":"forward","duration_s":60.0,"collision":false,"collision_events":0,"min_clearance_estimate_m":3.2199999999999998,"displacement_m":3.445789983478665,"yaw_change_rad":-4.058039226743609e-12,"camera_frames":1875,"camera_pixel_range":190,"camera_width":160,"camera_height":120,"remote_stop_steps":1421,"remote_interventions":0,"control_failures":1,"navigation_steps":0,"recoveries":0,"passed_obstacles":0,"brain_steps":52,"interventions":1825,"stop_steps":1823,"brain_failures":1,"max_looming":0.4787291153960727,"final_forward":0.0}
