INFO: wheelchair: Starting controller: /home/rg/work/reflexguard/.venv/bin/python -u wheelchair.py
INFO: pedestrian: Starting controller: python3 -u pedestrian.py "--trajectory=8 4.5, 8 -4.5" --speed=0.6
INFO: pedestrian: Starting controller: python3 -u pedestrian.py "--trajectory=24 -4.5, 24 4.5" --speed=0.5
INFO: scenario: Starting controller: /home/rg/work/reflexguard/.venv/bin/python -u scenario.py
REFLEXGUARD_CALIBRATION={"drive_speed":2.0,"dark_threshold":140,"area_floor":0.008,"area_tau_s":0.12,"looming_tau_s":0.15,"expansion_scale":1.0,"stop_on":0.25,"stop_off":0.12,"turn_on":0.35,"turn_off":0.1,"turn_gain":0.3,"max_turn":1.2,"deceleration":2.0,"release_ms":500}
REFLEXGUARD_RANGES={"heading": 0.0, "nearest": [5.712762355804443, 4.4705986976623535, 3.4404611587524414, 4.470598220825195]}
REFLEXGUARD_DECISION={"t_ms": 32, "left": 0.0, "right": 0.0, "left_area": 0.0015625, "right_area": 0.0015625, "escape": 0.0, "signal": "NONE", "reason": "user", "user_forward": 2.0, "forward": 2.0, "turn": 0.0, "intervened": false}
REFLEXGUARD_DECISION={"t_ms": 544, "left": 0.04676940217741512, "right": 0.0701542912412238, "left_area": 0.0015625, "right_area": 0.0015625, "escape": 0.0, "signal": "NONE", "reason": "user", "user_forward": 2.0, "forward": 2.0, "turn": 0.0, "intervened": false}
REFLEXGUARD_DECISION={"t_ms": 1056, "left": 0.09510943461546585, "right": 0.4787291153960727, "left_area": 0.00234375, "right_area": 0.003515625, "escape": 0.3125, "signal": "STOP", "reason": "risk_monitoring", "user_forward": 2.0, "forward": 1.5, "turn": 0.0, "intervened": true}
REFLEXGUARD_DECISION={"t_ms": 1568, "left": 0.33387138664439536, "right": 0.19606200433210788, "left_area": 0.00390625, "right_area": 0.00390625, "escape": 0.0, "signal": "NONE", "reason": "user", "user_forward": 2.0, "forward": 2.0, "turn": 0.0, "intervened": false}
REFLEXGUARD_DECISION={"t_ms": 2080, "left": 0.47332276393684186, "right": 0.19755203805888671, "left_area": 0.0048177083333333336, "right_area": 0.004427083333333333, "escape": 0.3125, "signal": "STOP", "reason": "risk_monitoring", "user_forward": 2.0, "forward": 1.5, "turn": 0.0, "intervened": true}
REFLEXGUARD_DECISION={"t_ms": 2592, "left": 0.501413394409254, "right": 0.3041742077231683, "left_area": 0.005989583333333334, "right_area": 0.005598958333333333, "escape": 0.3125, "signal": "STOP", "reason": "avoid_left", "user_forward": 2.0, "forward": 1.5, "turn": 0.4, "intervened": true}
REFLEXGUARD_DECISION={"t_ms": 3104, "left": 0.038637530237090156, "right": 0.9344821053387522, "left_area": 0.0, "right_area": 0.014583333333333334, "escape": 0.625, "signal": "STOP", "reason": "avoid_left", "user_forward": 2.0, "forward": 1.5, "turn": 0.4, "intervened": true}
REFLEXGUARD_DECISION={"t_ms": 3616, "left": 0.001272382028514897, "right": 0.8464301120232469, "left_area": 0.0, "right_area": 0.021744791666666666, "escape": 0.625, "signal": "STOP", "reason": "control_recovering", "user_forward": 2.0, "forward": 1.5, "turn": -0.544192301838746, "intervened": true}
REFLEXGUARD_DECISION={"t_ms": 4128, "left": 4.190112609562098e-05, "right": 0.44649965856540247, "left_area": 0.0, "right_area": 0.026302083333333334, "escape": 0.15625, "signal": "STOP", "reason": "avoid_left", "user_forward": 2.0, "forward": 0.65, "turn": 0.4, "intervened": true}
REFLEXGUARD_DECISION={"t_ms": 4640, "left": 0.06861663636142495, "right": 0.49654952064986196, "left_area": 0.000390625, "right_area": 0.03528645833333333, "escape": 0.3125, "signal": "STOP", "reason": "avoid_left", "user_forward": 2.0, "forward": 1.5, "turn": 0.4, "intervened": true}
REFLEXGUARD_DECISION={"t_ms": 5152, "left": 0.012837838172238759, "right": 0.9525819589713691, "left_area": 0.0, "right_area": 0.0640625, "escape": 0.625, "signal": "STOP", "reason": "avoid_left", "user_forward": 2.0, "forward": 1.5, "turn": 0.4, "intervened": true}
REFLEXGUARD_DECISION={"t_ms": 5664, "left": 0.0004227660120899412, "right": 0.9984384648070933, "left_area": 0.0, "right_area": 0.15651041666666668, "escape": 0.78125, "signal": "STOP", "reason": "avoid_passing", "user_forward": 2.0, "forward": 1.5, "turn": 0.0, "intervened": true}
REFLEXGUARD_DECISION={"t_ms": 6176, "left": 1.3922211713567955e-05, "right": 0.4360165000535011, "left_area": 0.0, "right_area": 0.22252604166666667, "escape": 0.15625, "signal": "STOP", "reason": "avoid_left", "user_forward": 2.0, "forward": 0.65, "turn": 0.4, "intervened": true}
REFLEXGUARD_DECISION={"t_ms": 6688, "left": 4.5847578436880806e-07, "right": 0.014596594587870746, "left_area": 0.0, "right_area": 0.09700520833333333, "escape": 0.0, "signal": "NONE", "reason": "avoid_passing", "user_forward": 2.0, "forward": 2.0, "turn": 0.0, "intervened": false}
REFLEXGUARD_DECISION={"t_ms": 7200, "left": 1.509817902336181e-08, "right": 0.00048068405297023594, "left_area": 0.0, "right_area": 0.009114583333333334, "escape": 0.0, "signal": "NONE", "reason": "avoid_left", "user_forward": 2.0, "forward": 0.65, "turn": 0.4, "intervened": true}
REFLEXGUARD_DECISION={"t_ms": 7712, "left": 4.972018536056651e-10, "right": 0.10823923562639672, "left_area": 0.0, "right_area": 0.009114583333333334, "escape": 0.0, "signal": "NONE", "reason": "remote_speed_limit", "user_forward": 2.0, "forward": 1.6860923430876829, "turn": -0.9809614278509917, "intervened": true}
REFLEXGUARD_DECISION={"t_ms": 8224, "left": 1.6373476751494014e-11, "right": 0.16618974155133964, "left_area": 0.0, "right_area": 0.0109375, "escape": 0.0, "signal": "NONE", "reason": "remote_speed_limit", "user_forward": 2.0, "forward": 1.7497129367367912, "turn": -0.7821470726975277, "intervened": true}
REFLEXGUARD_DECISION={"t_ms": 8736, "left": 0.7537590982242854, "right": 0.01225151567152797, "left_area": 0.0046875, "right_area": 0.005598958333333333, "escape": 0.46875, "signal": "STOP", "reason": "control_recovering", "user_forward": 2.0, "forward": 1.5, "turn": -0.49254711886412017, "intervened": true}
REFLEXGUARD_DECISION={"t_ms": 9248, "left": 0.9918909801899306, "right": 0.00040345768134932426, "left_area": 0.015755208333333333, "right_area": 0.0, "escape": 0.78125, "signal": "STOP", "reason": "control_recovering", "user_forward": 2.0, "forward": 1.5, "turn": -0.2538685395635066, "intervened": true}
REFLEXGUARD_DECISION={"t_ms": 9760, "left": 0.6046487884919856, "right": 1.3286364316381089e-05, "left_area": 0.019791666666666666, "right_area": 0.0, "escape": 0.3125, "signal": "STOP", "reason": "control_recovering", "user_forward": 2.0, "forward": 1.5, "turn": -0.12636206621822874, "intervened": true}
REFLEXGUARD_DECISION={"t_ms": 10272, "left": 0.7275647142038998, "right": 4.3753653705941605e-07, "left_area": 0.028385416666666666, "right_area": 0.0, "escape": 0.46875, "signal": "STOP", "reason": "control_recovering", "user_forward": 2.0, "forward": 1.5, "turn": -0.06825743696949271, "intervened": true}
REFLEXGUARD_DECISION={"t_ms": 10784, "left": 0.7130122085893738, "right": 1.4408623510791194e-08, "left_area": 0.040364583333333336, "right_area": 0.0, "escape": 0.625, "signal": "STOP", "reason": "control_recovering", "user_forward": 2.0, "forward": 1.5, "turn": 0.009354867879215856, "intervened": true}
REFLEXGUARD_DECISION={"t_ms": 11296, "left": 0.8620090469194547, "right": 4.744939311149053e-10, "left_area": 0.062239583333333334, "right_area": 0.0, "escape": 0.625, "signal": "STOP", "reason": "avoid_left", "user_forward": 2.0, "forward": 0.65, "turn": 0.4, "intervened": true}
REFLEXGUARD_DECISION={"t_ms": 11808, "left": 0.9864463284885983, "right": 1.5625676560724677e-11, "left_area": 0.112109375, "right_area": 0.0, "escape": 0.78125, "signal": "STOP", "reason": "control_recovering", "user_forward": 2.0, "forward": 1.5, "turn": 0.038753703825808825, "intervened": true}
REFLEXGUARD_DECISION={"t_ms": 12320, "left": 0.9822790398909048, "right": 5.14573004983816e-13, "left_area": 0.22434895833333332, "right_area": 0.0, "escape": 0.78125, "signal": "STOP", "reason": "avoid_left", "user_forward": 2.0, "forward": 0.65, "turn": 0.8, "intervened": true}
REFLEXGUARD_DECISION={"t_ms": 12832, "left": 0.3232225684565614, "right": 1.694553041777503e-14, "left_area": 0.259375, "right_area": 0.0, "escape": 0.0, "signal": "NONE", "reason": "avoid_passing", "user_forward": 2.0, "forward": 2.0, "turn": 0.0, "intervened": false}
REFLEXGUARD_DECISION={"t_ms": 13344, "left": 0.08591419259812041, "right": 0.6654858428198086, "left_area": 0.2630208333333333, "right_area": 0.003125, "escape": 0.46875, "signal": "STOP", "reason": "avoid_passing", "user_forward": 2.0, "forward": 1.5, "turn": 0.0, "intervened": true}
REFLEXGUARD_DECISION={"t_ms": 13856, "left": 0.08438961441356937, "right": 0.9462544028074594, "left_area": 0.27317708333333335, "right_area": 0.009375, "escape": 0.625, "signal": "STOP", "reason": "avoid_right", "user_forward": 2.0, "forward": 1.5, "turn": -0.4, "intervened": true}
REFLEXGUARD_DECISION={"t_ms": 14368, "left": 0.0038305948757035003, "right": 0.26691735208085215, "left_area": 0.24401041666666667, "right_area": 0.010416666666666666, "escape": 0.0, "signal": "NONE", "reason": "path_blocked", "user_forward": 2.0, "forward": 0.0, "turn": 0.0, "intervened": true}
REFLEXGUARD_DECISION={"t_ms": 14880, "left": 0.00012614626370936106, "right": 0.03294867263635785, "left_area": 0.22734375, "right_area": 0.008333333333333333, "escape": 0.0, "signal": "NONE", "reason": "avoid_passing", "user_forward": 2.0, "forward": 0.65, "turn": 0.0, "intervened": true}
REFLEXGUARD_DECISION={"t_ms": 15392, "left": 4.154153692619145e-06, "right": 0.04939225230062391, "left_area": 0.20963541666666666, "right_area": 0.0078125, "escape": 0.0, "signal": "NONE", "reason": "path_blocked", "user_forward": 2.0, "forward": 0.0, "turn": 0.0, "intervened": true}
REFLEXGUARD_DECISION={"t_ms": 15904, "left": 0.00013062587840410522, "right": 0.052203030094946694, "left_area": 0.1953125, "right_area": 0.006510416666666667, "escape": 0.0, "signal": "NONE", "reason": "avoid_passing", "user_forward": 2.0, "forward": 0.65, "turn": 0.0, "intervened": true}
REFLEXGUARD_DECISION={"t_ms": 16416, "left": 4.301672987907645e-06, "right": 0.052855925893329124, "left_area": 0.17955729166666667, "right_area": 0.005208333333333333, "escape": 0.0, "signal": "NONE", "reason": "avoid_passing", "user_forward": 2.0, "forward": 0.65, "turn": 0.0, "intervened": true}
REFLEXGUARD_DECISION={"t_ms": 16928, "left": 1.416594530958786e-07, "right": 0.21301124055957601, "left_area": 0.15989583333333332, "right_area": 0.005729166666666666, "escape": 0.0, "signal": "NONE", "reason": "avoid_passing", "user_forward": 2.0, "forward": 0.65, "turn": 0.0, "intervened": true}
REFLEXGUARD_DECISION={"t_ms": 17440, "left": 4.665022354752334e-09, "right": 0.024388570333814565, "left_area": 0.117578125, "right_area": 0.0037760416666666667, "escape": 0.0, "signal": "NONE", "reason": "path_blocked", "user_forward": 2.0, "forward": 0.0, "turn": 0.0, "intervened": true}
REFLEXGUARD_DECISION={"t_ms": 17952, "left": 1.5362500062462944e-10, "right": 0.00840850369967646, "left_area": 0.022005208333333335, "right_area": 0.00390625, "escape": 0.0, "signal": "NONE", "reason": "avoid_passing", "user_forward": 2.0, "forward": 0.65, "turn": 0.0, "intervened": true}
REFLEXGUARD_DECISION={"t_ms": 18464, "left": 0.06500764773051013, "right": 0.0408076410346885, "left_area": 0.011328125, "right_area": 0.004296875, "escape": 0.0, "signal": "NONE", "reason": "avoid_passing", "user_forward": 2.0, "forward": 0.65, "turn": 0.0, "intervened": true}
REFLEXGUARD_DECISION={"t_ms": 18976, "left": 0.11588135853449033, "right": 0.0020154722511053335, "left_area": 0.012239583333333333, "right_area": 0.004296875, "escape": 0.0, "signal": "NONE", "reason": "remote_speed_limit", "user_forward": 2.0, "forward": 1.9057566341386225, "turn": 0.29451051831680486, "intervened": true}
REFLEXGUARD_DECISION={"t_ms": 19488, "left": 0.0425555105030995, "right": 0.7993235430307126, "left_area": 0.008203125, "right_area": 0.0109375, "escape": 0.46875, "signal": "STOP", "reason": "control_recovering", "user_forward": 2.0, "forward": 1.5, "turn": 0.31669482945696836, "intervened": true}
REFLEXGUARD_DECISION={"t_ms": 20000, "left": 0.0014014060020441567, "right": 0.9824675576451914, "left_area": 0.0, "right_area": 0.026432291666666666, "escape": 0.78125, "signal": "STOP", "reason": "control_recovering", "user_forward": 2.0, "forward": 1.5, "turn": 0.19341568334198303, "intervened": true}
REFLEXGUARD_DECISION={"t_ms": 20512, "left": 4.615004635938615e-05, "right": 0.7222439916353465, "left_area": 0.0, "right_area": 0.0375, "escape": 0.46875, "signal": "STOP", "reason": "control_recovering", "user_forward": 2.0, "forward": 1.5, "turn": 0.08843084653053883, "intervened": true}
REFLEXGUARD_DECISION={"t_ms": 21024, "left": 1.5197785480202212e-06, "right": 0.9542057847968582, "left_area": 0.0, "right_area": 0.06549479166666666, "escape": 0.625, "signal": "STOP", "reason": "avoid_left", "user_forward": 2.0, "forward": 1.5, "turn": 0.4, "intervened": true}
REFLEXGUARD_DECISION={"t_ms": 21536, "left": 5.004820183788812e-08, "right": 0.9700306643928643, "left_area": 0.0, "right_area": 0.14427083333333332, "escape": 0.625, "signal": "STOP", "reason": "avoid_left", "user_forward": 2.0, "forward": 1.5, "turn": 0.4, "intervened": true}
REFLEXGUARD_DECISION={"t_ms": 22048, "left": 1.6481496665872533e-09, "right": 0.03684316664785983, "left_area": 0.0, "right_area": 0.07864583333333333, "escape": 0.0, "signal": "NONE", "reason": "avoid_passing", "user_forward": 2.0, "forward": 2.0, "turn": 0.0, "intervened": false}
REFLEXGUARD_DECISION={"t_ms": 22560, "left": 5.427562277402886e-11, "right": 0.0012132913990272362, "left_area": 0.0, "right_area": 0.002734375, "escape": 0.0, "signal": "NONE", "reason": "avoid_passing", "user_forward": 2.0, "forward": 2.0, "turn": 0.0, "intervened": false}
REFLEXGUARD_DECISION={"t_ms": 23072, "left": 1.7873639070707098e-12, "right": 0.5473953158345585, "left_area": 0.0, "right_area": 0.005729166666666666, "escape": 0.46875, "signal": "STOP", "reason": "avoid_passing", "user_forward": 2.0, "forward": 1.5, "turn": 0.0, "intervened": true}
REFLEXGUARD_DECISION={"t_ms": 23584, "left": 5.886012122974178e-14, "right": 0.6496952024830592, "left_area": 0.0, "right_area": 0.008723958333333334, "escape": 0.46875, "signal": "STOP", "reason": "avoid_passing", "user_forward": 2.0, "forward": 1.5, "turn": 0.0, "intervened": true}
REFLEXGUARD_DECISION={"t_ms": 24096, "left": 1.938337155335004e-15, "right": 0.742256840009822, "left_area": 0.0, "right_area": 0.013541666666666667, "escape": 0.46875, "signal": "STOP", "reason": "avoid_passing", "user_forward": 2.0, "forward": 1.5, "turn": 0.0, "intervened": true}
REFLEXGUARD_DECISION={"t_ms": 24608, "left": 6.383185846810189e-17, "right": 0.9734474754965406, "left_area": 0.0, "right_area": 0.028255208333333334, "escape": 0.625, "signal": "STOP", "reason": "control_recovering", "user_forward": 2.0, "forward": 1.5, "turn": -1.2, "intervened": true}
REFLEXGUARD_DECISION={"t_ms": 25120, "left": 2.1020626593661893e-18, "right": 0.6082261673197666, "left_area": 0.0, "right_area": 0.03671875, "escape": 0.46875, "signal": "STOP", "reason": "control_recovering", "user_forward": 2.0, "forward": 1.5, "turn": -1.091619410395823, "intervened": true}
REFLEXGUARD_DECISION={"t_ms": 25632, "left": 6.922354338327399e-20, "right": 0.6611408657196454, "left_area": 0.0, "right_area": 0.04791666666666667, "escape": 0.46875, "signal": "STOP", "reason": "avoid_passing", "user_forward": 2.0, "forward": 0.65, "turn": 0.0, "intervened": true}
REFLEXGUARD_DECISION={"t_ms": 26144, "left": 2.2796175638174646e-21, "right": 0.6655545301852168, "left_area": 0.0, "right_area": 0.06666666666666667, "escape": 0.46875, "signal": "STOP", "reason": "avoid_right", "user_forward": 2.0, "forward": 0.3, "turn": -0.4, "intervened": true}
REFLEXGUARD_DECISION={"t_ms": 26656, "left": 7.507064769124064e-23, "right": 0.16138314909902657, "left_area": 0.0, "right_area": 0.070703125, "escape": 0.0, "signal": "NONE", "reason": "avoid_left", "user_forward": 2.0, "forward": 0.3, "turn": 0.8, "intervened": true}
REFLEXGUARD_DECISION={"t_ms": 27168, "left": 0.6952037058001939, "right": 0.5997936035365533, "left_area": 0.007161458333333333, "right_area": 0.09401041666666667, "escape": 0.46875, "signal": "STOP", "reason": "avoid_left", "user_forward": 2.0, "forward": 0.3, "turn": 0.4, "intervened": true}
REFLEXGUARD_DECISION={"t_ms": 27680, "left": 0.9899626781339795, "right": 0.03873481443117041, "left_area": 0.06549479166666666, "right_area": 0.05546875, "escape": 0.625, "signal": "STOP", "reason": "avoid_right", "user_forward": 2.0, "forward": 0.3, "turn": -0.4, "intervened": true}
REFLEXGUARD_DECISION={"t_ms": 28192, "left": 0.9888467078300367, "right": 0.0012755857182809535, "left_area": 0.18671875, "right_area": 0.0, "escape": 0.625, "signal": "STOP", "reason": "avoid_passing", "user_forward": 2.0, "forward": 0.3, "turn": 0.0, "intervened": true}
REFLEXGUARD_DECISION={"t_ms": 28704, "left": 0.1732664437895562, "right": 4.200662759269529e-05, "left_area": 0.0, "right_area": 0.0, "escape": 0.0, "signal": "NONE", "reason": "avoid_left", "user_forward": 2.0, "forward": 0.65, "turn": 0.4, "intervened": true}
REFLEXGUARD_DECISION={"t_ms": 29216, "left": 0.00570587995324002, "right": 1.3833306036770306e-06, "left_area": 0.0, "right_area": 0.0, "escape": 0.0, "signal": "NONE", "reason": "remote_speed_limit", "user_forward": 2.0, "forward": 1.8380987840724967, "turn": -0.5059412997734477, "intervened": true}
REFLEXGUARD_DECISION={"t_ms": 29728, "left": 0.0001879017386674657, "right": 4.555480096198492e-08, "left_area": 0.0, "right_area": 0.0, "escape": 0.0, "signal": "NONE", "reason": "remote_speed_limit", "user_forward": 2.0, "forward": 1.9094791816022902, "turn": -0.2828775574928428, "intervened": true}
REFLEXGUARD_DECISION={"t_ms": 30240, "left": 6.187838454997265e-06, "right": 1.5001763751700917e-09, "left_area": 0.0, "right_area": 0.0, "escape": 0.0, "signal": "NONE", "reason": "remote_speed_limit", "user_forward": 2.0, "forward": 1.9527797879364015, "turn": -0.14756316269874548, "intervened": true}
REFLEXGUARD_DECISION={"t_ms": 30752, "left": 2.037732328432815e-07, "right": 4.940267785379028e-11, "left_area": 0.0, "right_area": 0.0, "escape": 0.0, "signal": "NONE", "reason": "remote_speed_limit", "user_forward": 2.0, "forward": 1.9759476505127014, "turn": -0.07516359214780853, "intervened": true}
REFLEXGUARD_DECISION={"t_ms": 31264, "left": 6.710506540433038e-09, "right": 1.6268917572099875e-12, "left_area": 0.0, "right_area": 0.0, "escape": 0.0, "signal": "NONE", "reason": "avoid_left", "user_forward": 2.0, "forward": 0.65, "turn": 0.4, "intervened": true}
REFLEXGUARD_DECISION={"t_ms": 31776, "left": 2.2098534435004565e-10, "right": 5.3575573322382877e-14, "left_area": 0.0, "right_area": 0.0, "escape": 0.0, "signal": "NONE", "reason": "avoid_left", "user_forward": 2.0, "forward": 0.65, "turn": 0.4, "intervened": true}
REFLEXGUARD_DECISION={"t_ms": 32288, "left": 7.277322825522035e-12, "right": 1.7643104060865553e-15, "left_area": 0.0, "right_area": 0.0, "escape": 0.0, "signal": "NONE", "reason": "avoid_passing", "user_forward": 2.0, "forward": 2.0, "turn": 0.0, "intervened": false}
REFLEXGUARD_DECISION={"t_ms": 32800, "left": 2.3965131109769485e-13, "right": 5.810094070845604e-17, "left_area": 0.0, "right_area": 0.0, "escape": 0.0, "signal": "NONE", "reason": "avoid_passing", "user_forward": 2.0, "forward": 2.0, "turn": 0.0, "intervened": false}
REFLEXGUARD_DECISION={"t_ms": 33312, "left": 7.892016375778166e-15, "right": 1.9133363945266634e-18, "left_area": 0.0, "right_area": 0.0, "escape": 0.0, "signal": "NONE", "reason": "remote_speed_limit", "user_forward": 2.0, "forward": 1.9927072035420712, "turn": -0.02278998893102744, "intervened": true}
REFLEXGUARD_DECISION={"t_ms": 33824, "left": 2.5989393586150844e-16, "right": 0.34208238698526383, "left_area": 0.0, "right_area": 0.001171875, "escape": 0.0, "signal": "NONE", "reason": "remote_speed_limit", "user_forward": 2.0, "forward": 1.9768144382214625, "turn": 0.07245488055793022, "intervened": true}
REFLEXGUARD_DECISION={"t_ms": 34336, "left": 8.558631239652723e-18, "right": 0.33570658198764813, "left_area": 0.0, "right_area": 0.001171875, "escape": 0.0, "signal": "NONE", "reason": "remote_speed_limit", "user_forward": 2.0, "forward": 1.9659747458522088, "turn": 0.10632891921184748, "intervened": true}
REFLEXGUARD_DECISION={"t_ms": 34848, "left": 2.818463941974886e-19, "right": 0.30106613957287937, "left_area": 0.0, "right_area": 0.001171875, "escape": 0.0, "signal": "NONE", "reason": "user", "user_forward": 2.0, "forward": 2.0, "turn": 0.0, "intervened": false}
REFLEXGUARD_DECISION={"t_ms": 35360, "left": 9.281553054194843e-21, "right": 0.6831393828159384, "left_area": 0.0, "right_area": 0.006119791666666667, "escape": 0.46875, "signal": "STOP", "reason": "risk_monitoring", "user_forward": 2.0, "forward": 1.5, "turn": 0.0, "intervened": true}
REFLEXGUARD_DECISION={"t_ms": 35872, "left": 3.056531105999199e-22, "right": 0.8488584433725246, "left_area": 0.0, "right_area": 0.011328125, "escape": 0.46875, "signal": "STOP", "reason": "risk_monitoring", "user_forward": 2.0, "forward": 1.5, "turn": 0.0, "intervened": true}
REFLEXGUARD_DECISION={"t_ms": 36384, "left": 1.0065537898011962e-23, "right": 0.9691609596312162, "left_area": 0.0, "right_area": 0.021223958333333334, "escape": 0.625, "signal": "STOP", "reason": "control_recovering", "user_forward": 2.0, "forward": 1.5, "turn": 0.288608918545301, "intervened": true}
REFLEXGUARD_DECISION={"t_ms": 36896, "left": 3.314707086653207e-25, "right": 0.26384388741199094, "left_area": 0.0, "right_area": 0.0033854166666666668, "escape": 0.0, "signal": "NONE", "reason": "remote_speed_limit", "user_forward": 2.0, "forward": 1.9508159732336958, "turn": 0.1537000836447007, "intervened": true}
REFLEXGUARD_DECISION={"t_ms": 37408, "left": 1.0915743581353044e-26, "right": 0.008688708067428687, "left_area": 0.0, "right_area": 0.0, "escape": 0.0, "signal": "NONE", "reason": "remote_speed_limit", "user_forward": 2.0, "forward": 1.9775598694010774, "turn": 0.07012540812163405, "intervened": true}
REFLEXGUARD_DECISION={"t_ms": 37920, "left": 3.594690415138822e-28, "right": 0.00028612998626387486, "left_area": 0.0, "right_area": 0.0, "escape": 0.0, "signal": "NONE", "reason": "remote_speed_limit", "user_forward": 2.0, "forward": 1.8796992481203008, "turn": 0.3759398496240602, "intervened": true}
REFLEXGUARD_DECISION={"t_ms": 38432, "left": 1.1837763579170867e-29, "right": 9.422617080008964e-06, "left_area": 0.0, "right_area": 0.0, "escape": 0.0, "signal": "NONE", "reason": "avoid_left", "user_forward": 2.0, "forward": 0.65, "turn": 0.4, "intervened": true}
REFLEXGUARD_DECISION={"t_ms": 38944, "left": 3.8983230924750597e-31, "right": 3.102985247921436e-07, "left_area": 0.0, "right_area": 0.0, "escape": 0.0, "signal": "NONE", "reason": "avoid_left", "user_forward": 2.0, "forward": 0.65, "turn": 0.4, "intervened": true}
REFLEXGUARD_DECISION={"t_ms": 39456, "left": 1.2837663830408012e-32, "right": 1.0218517177404915e-08, "left_area": 0.0, "right_area": 0.0, "escape": 0.0, "signal": "NONE", "reason": "remote_speed_limit", "user_forward": 2.0, "forward": 1.7823865535484016, "turn": -0.6800420201612454, "intervened": true}
REFLEXGUARD_DECISION={"t_ms": 39968, "left": 4.22760270796155e-34, "right": 3.365085070090641e-10, "left_area": 0.0, "right_area": 0.0, "escape": 0.0, "signal": "NONE", "reason": "avoid_left", "user_forward": 2.0, "forward": 0.65, "turn": 0.4, "intervened": true}
REFLEXGUARD_DECISION={"t_ms": 40480, "left": 1.392202264560763e-35, "right": 1.1081644559923043e-11, "left_area": 0.0, "right_area": 0.0, "escape": 0.0, "signal": "NONE", "reason": "avoid_passing", "user_forward": 2.0, "forward": 0.65, "turn": 0.0, "intervened": true}
REFLEXGUARD_DECISION={"t_ms": 40992, "left": 4.584695581252203e-37, "right": 3.649323675171285e-13, "left_area": 0.0, "right_area": 0.0, "escape": 0.0, "signal": "NONE", "reason": "remote_speed_limit", "user_forward": 2.0, "forward": 1.7269883793010432, "turn": -0.8531613146842395, "intervened": true}
REFLEXGUARD_DECISION={"t_ms": 41504, "left": 1.5097973985400078e-38, "right": 1.2017677713945859e-14, "left_area": 0.0, "right_area": 0.0, "escape": 0.0, "signal": "NONE", "reason": "remote_speed_limit", "user_forward": 2.0, "forward": 1.698016374835927, "turn": -0.9436988286377281, "intervened": true}
REFLEXGUARD_DECISION={"t_ms": 42016, "left": 4.971951014500261e-40, "right": 3.9575710595057663e-16, "left_area": 0.0, "right_area": 0.0, "escape": 0.0, "signal": "NONE", "reason": "avoid_passing", "user_forward": 2.0, "forward": 0.65, "turn": 0.0, "intervened": true}
REFLEXGUARD_DECISION={"t_ms": 42528, "left": 1.637325439459294e-41, "right": 1.3032774770505179e-17, "left_area": 0.0, "right_area": 0.0, "escape": 0.0, "signal": "NONE", "reason": "avoid_left", "user_forward": 2.0, "forward": 0.65, "turn": 0.4, "intervened": true}
REFLEXGUARD_DECISION={"t_ms": 43040, "left": 5.391916748339134e-43, "right": 4.2918551723977917e-19, "left_area": 0.0, "right_area": 0.0, "escape": 0.0, "signal": "NONE", "reason": "avoid_left", "user_forward": 2.0, "forward": 0.65, "turn": 0.4, "intervened": true}
REFLEXGUARD_DECISION={"t_ms": 43552, "left": 1.7756253900642362e-44, "right": 1.413361401942165e-20, "left_area": 0.0, "right_area": 0.0, "escape": 0.0, "signal": "NONE", "reason": "avoid_passing", "user_forward": 2.0, "forward": 0.3, "turn": 0.0, "intervened": true}
REFLEXGUARD_DECISION={"t_ms": 44064, "left": 5.8473557233834114e-46, "right": 4.654375257923486e-22, "left_area": 0.0, "right_area": 0.0, "escape": 0.0, "signal": "NONE", "reason": "avoid_passing", "user_forward": 2.0, "forward": 0.3, "turn": 0.0, "intervened": true}
REFLEXGUARD_DECISION={"t_ms": 44576, "left": 1.925607121136503e-47, "right": 1.5327437845551676e-23, "left_area": 0.0, "right_area": 0.0, "escape": 0.0, "signal": "NONE", "reason": "avoid_passing", "user_forward": 2.0, "forward": 0.3, "turn": 0.0, "intervened": true}
REFLEXGUARD_DECISION={"t_ms": 45088, "left": 6.341264257523398e-49, "right": 5.047516323685129e-25, "left_area": 0.0, "right_area": 0.0, "escape": 0.0, "signal": "NONE", "reason": "avoid_passing", "user_forward": 2.0, "forward": 0.3, "turn": 0.0, "intervened": true}
REFLEXGUARD_DECISION={"t_ms": 45600, "left": 2.0882573575034702e-50, "right": 1.6622100376196855e-26, "left_area": 0.0, "right_area": 0.0, "escape": 0.0, "signal": "NONE", "reason": "avoid_passing", "user_forward": 2.0, "forward": 0.3, "turn": 0.0, "intervened": true}
REFLEXGUARD_DECISION={"t_ms": 46112, "left": 6.876891758601004e-52, "right": 5.473864831696962e-28, "left_area": 0.0, "right_area": 0.0, "escape": 0.0, "signal": "NONE", "reason": "avoid_passing", "user_forward": 2.0, "forward": 0.3, "turn": 0.0, "intervened": true}
REFLEXGUARD_DECISION={"t_ms": 46624, "left": 2.264646169668089e-53, "right": 1.802611915314664e-29, "left_area": 0.0, "right_area": 0.0, "escape": 0.0, "signal": "NONE", "reason": "avoid_left", "user_forward": 2.0, "forward": 0.3, "turn": 0.4, "intervened": true}
REFLEXGUARD_DECISION={"t_ms": 47136, "left": 7.457762102155999e-55, "right": 5.936225714632865e-31, "left_area": 0.0, "right_area": 0.0, "escape": 0.0, "signal": "NONE", "reason": "avoid_passing", "user_forward": 2.0, "forward": 0.3, "turn": 0.0, "intervened": true}
REFLEXGUARD_DECISION={"t_ms": 47648, "left": 2.4559340137671815e-56, "right": 1.9548731169302848e-32, "left_area": 0.0, "right_area": 0.0, "escape": 0.0, "signal": "NONE", "reason": "avoid_left", "user_forward": 2.0, "forward": 0.3, "turn": 0.4, "intervened": true}
REFLEXGUARD_DECISION={"t_ms": 48160, "left": 8.087696814886162e-58, "right": 6.437640829385269e-34, "left_area": 0.0, "right_area": 0.0, "escape": 0.0, "signal": "NONE", "reason": "avoid_left", "user_forward": 2.0, "forward": 0.3, "turn": 0.4, "intervened": true}
REFLEXGUARD_DECISION={"t_ms": 48672, "left": 2.663379366173825e-59, "right": 2.1199953638549228e-35, "left_area": 0.0, "right_area": 0.0, "escape": 0.0, "signal": "NONE", "reason": "avoid_left", "user_forward": 2.0, "forward": 0.3, "turn": 0.4, "intervened": true}
REFLEXGUARD_DECISION={"t_ms": 49184, "left": 8.770840216344507e-61, "right": 6.981408969340612e-37, "left_area": 0.0, "right_area": 0.0, "escape": 0.0, "signal": "NONE", "reason": "avoid_passing", "user_forward": 2.0, "forward": 0.3, "turn": 0.0, "intervened": true}
REFLEXGUARD_DECISION={"t_ms": 49696, "left": 2.8883470029716156e-62, "right": 2.2990649898668816e-38, "left_area": 0.0, "right_area": 0.0, "escape": 0.0, "signal": "NONE", "reason": "avoid_right", "user_forward": 2.0, "forward": 0.0, "turn": -0.4, "intervened": true}
REFLEXGUARD_DECISION={"t_ms": 50208, "left": 9.511686684279955e-64, "right": 7.571107567031462e-40, "left_area": 0.0, "right_area": 0.0, "escape": 0.0, "signal": "NONE", "reason": "avoid_right", "user_forward": 2.0, "forward": 0.0, "turn": -0.4, "intervened": true}
REFLEXGUARD_DECISION={"t_ms": 50720, "left": 3.1323169787711857e-65, "right": 2.4932600880882477e-41, "left_area": 0.0, "right_area": 0.0, "escape": 0.0, "signal": "NONE", "reason": "avoid_left", "user_forward": 2.0, "forward": 0.3, "turn": 1.2, "intervened": true}
REFLEXGUARD_DECISION={"t_ms": 51232, "left": 1.0315110222999299e-66, "right": 8.210616229946353e-43, "left_area": 0.0, "right_area": 0.0, "escape": 0.0, "signal": "NONE", "reason": "avoid_right", "user_forward": 2.0, "forward": 0.0, "turn": -0.4, "intervened": true}
REFLEXGUARD_DECISION={"t_ms": 51744, "left": 3.396894363940338e-68, "right": 2.7038582616204137e-44, "left_area": 0.0, "right_area": 0.0, "escape": 0.0, "signal": "NONE", "reason": "avoid_right", "user_forward": 2.0, "forward": 0.0, "turn": -0.4, "intervened": true}
REFLEXGUARD_DECISION={"t_ms": 52256, "left": 1.1186396529279645e-69, "right": 8.904142264338583e-46, "left_area": 0.0, "right_area": 0.0, "escape": 0.0, "signal": "NONE", "reason": "avoid_left", "user_forward": 2.0, "forward": 0.3, "turn": 1.2, "intervened": true}
REFLEXGUARD_DECISION={"t_ms": 52768, "left": 3.683819804308684e-71, "right": 2.932245028852442e-47, "left_area": 0.0, "right_area": 0.0, "escape": 0.0, "signal": "NONE", "reason": "avoid_left", "user_forward": 2.0, "forward": 0.3, "turn": 1.2, "intervened": true}
REFLEXGUARD_DECISION={"t_ms": 53280, "left": 1.2131277766791942e-72, "right": 9.656248354954308e-49, "left_area": 0.0, "right_area": 0.0, "escape": 0.0, "signal": "NONE", "reason": "avoid_left", "user_forward": 2.0, "forward": 0.3, "turn": 1.2, "intervened": true}
REFLEXGUARD_DECISION={"t_ms": 53792, "left": 0.17149354062215375, "right": 3.179922938740532e-50, "left_area": 0.011979166666666667, "right_area": 0.0, "escape": 0.0, "signal": "NONE", "reason": "avoid_left", "user_forward": 2.0, "forward": 0.3, "turn": 1.2, "intervened": true}
REFLEXGUARD_DECISION={"t_ms": 54304, "left": 0.005647496042191415, "right": 0.818530315480142, "left_area": 0.0, "right_area": 0.013151041666666667, "escape": 0.46875, "signal": "STOP", "reason": "avoid_left", "user_forward": 2.0, "forward": 0.65, "turn": 1.2, "intervened": true}
REFLEXGUARD_DECISION={"t_ms": 54816, "left": 0.00018597908370694387, "right": 0.9736266502814211, "left_area": 0.0, "right_area": 0.027734375, "escape": 0.625, "signal": "STOP", "reason": "avoid_left", "user_forward": 2.0, "forward": 0.65, "turn": 1.2, "intervened": true}
REFLEXGUARD_DECISION={"t_ms": 55328, "left": 6.12452303075064e-06, "right": 0.2237541567566162, "left_area": 0.0, "right_area": 0.0020833333333333333, "escape": 0.0, "signal": "NONE", "reason": "avoid_left", "user_forward": 2.0, "forward": 0.65, "turn": 1.2, "intervened": true}
REFLEXGUARD_DECISION={"t_ms": 55840, "left": 2.0168817700651207e-07, "right": 0.007368503269117455, "left_area": 0.0, "right_area": 0.0, "escape": 0.0, "signal": "NONE", "reason": "avoid_left", "user_forward": 2.0, "forward": 0.65, "turn": 0.8, "intervened": true}
REFLEXGUARD_DECISION={"t_ms": 56352, "left": 6.641843052915178e-09, "right": 0.0002426539967525729, "left_area": 0.0, "right_area": 0.0, "escape": 0.0, "signal": "NONE", "reason": "avoid_left", "user_forward": 2.0, "forward": 0.65, "turn": 0.8, "intervened": true}
REFLEXGUARD_DECISION={"t_ms": 56864, "left": 2.187241701239297e-10, "right": 7.990898556939909e-06, "left_area": 0.0, "right_area": 0.0, "escape": 0.0, "signal": "NONE", "reason": "avoid_left", "user_forward": 2.0, "forward": 0.65, "turn": 0.8, "intervened": true}
REFLEXGUARD_DECISION={"t_ms": 57376, "left": 7.202859539929079e-12, "right": 2.631502493338892e-07, "left_area": 0.0, "right_area": 0.0, "escape": 0.0, "signal": "NONE", "reason": "avoid_left", "user_forward": 2.0, "forward": 0.3, "turn": 0.4, "intervened": true}
REFLEXGUARD_DECISION={"t_ms": 57888, "left": 2.3719914229209927e-13, "right": 8.66586570096648e-09, "left_area": 0.0, "right_area": 0.0, "escape": 0.0, "signal": "NONE", "reason": "avoid_left", "user_forward": 2.0, "forward": 0.3, "turn": 0.4, "intervened": true}
REFLEXGUARD_DECISION={"t_ms": 58400, "left": 7.811263400627346e-15, "right": 2.8537775866555486e-10, "left_area": 0.0, "right_area": 0.0, "escape": 0.0, "signal": "NONE", "reason": "avoid_left", "user_forward": 2.0, "forward": 0.3, "turn": 0.4, "intervened": true}
REFLEXGUARD_DECISION={"t_ms": 58912, "left": 2.57234639739305e-16, "right": 9.397845287620008e-12, "left_area": 0.0, "right_area": 0.0, "escape": 0.0, "signal": "NONE", "reason": "avoid_left", "user_forward": 2.0, "forward": 0.3, "turn": 0.4, "intervened": true}
REFLEXGUARD_DECISION={"t_ms": 59424, "left": 8.471057303802576e-18, "right": 3.094827587932197e-13, "left_area": 0.0, "right_area": 0.0, "escape": 0.0, "signal": "NONE", "reason": "avoid_left", "user_forward": 2.0, "forward": 0.3, "turn": 0.8, "intervened": true}
REFLEXGUARD_DECISION={"t_ms": 59936, "left": 2.7896247533781266e-19, "right": 1.0191652986289827e-14, "left_area": 0.0, "right_area": 0.0, "escape": 0.0, "signal": "NONE", "reason": "avoid_left", "user_forward": 2.0, "forward": 0.3, "turn": 0.8, "intervened": true}
REFLEXGUARD_RESULT={"min_pedestrian_travel_m":29.952000000000012,"world":"corridor_demo","drive":"forward","duration_s":60.0,"collision":false,"collision_events":0,"min_clearance_estimate_m":0.027681117301757818,"displacement_m":54.52751778263983,"yaw_change_rad":0.12485990180289448,"camera_frames":1874,"camera_pixel_range":191,"camera_width":160,"camera_height":120,"remote_stop_steps":0,"remote_interventions":274,"control_failures":0,"navigation_steps":1675,"recoveries":2,"passed_obstacles":7,"brain_steps":1874,"interventions":1675,"stop_steps":65,"brain_failures":0,"max_looming":0.9996492438049855,"final_forward":0.3}
INFO: wheelchair: Terminating.
INFO: pedestrian: Terminating.
INFO: pedestrian: Terminating.
INFO: scenario: Terminating.
{"min_pedestrian_travel_m":29.952000000000012,"world":"corridor_demo","drive":"forward","duration_s":60.0,"collision":false,"collision_events":0,"min_clearance_estimate_m":0.027681117301757818,"displacement_m":54.52751778263983,"yaw_change_rad":0.12485990180289448,"camera_frames":1874,"camera_pixel_range":191,"camera_width":160,"camera_height":120,"remote_stop_steps":0,"remote_interventions":274,"control_failures":0,"navigation_steps":1675,"recoveries":2,"passed_obstacles":7,"brain_steps":1874,"interventions":1675,"stop_steps":65,"brain_failures":0,"max_looming":0.9996492438049855,"final_forward":0.3}
