name of display: :0
display: :0  screen: 0
direct rendering: Yes
Extended renderer info (GLX_MESA_query_renderer):
    Vendor: VMware, Inc. (0x15ad)
    Device: SVGA3D; build: RELEASE;  LLVM; (0x405)
    Version: 23.2.1
    Accelerated: no
    Video memory: 1MB
    Unified memory: no
    Preferred profile: core (0x1)
    Max core profile version: 4.3
    Max compat profile version: 4.3
    Max GLES1 profile version: 1.1
    Max GLES[23] profile version: 3.1
OpenGL vendor string: VMware, Inc.
OpenGL renderer string: SVGA3D; build: RELEASE;  LLVM;
OpenGL core profile version string: 4.3 (Core Profile) Mesa 23.2.1-1ubuntu3.1~22.04.2
OpenGL core profile shading language version string: 4.30
OpenGL core profile context flags: (none)
OpenGL core profile profile mask: core profile

OpenGL version string: 4.3 (Compatibility Profile) Mesa 23.2.1-1ubuntu3.1~22.04.2
OpenGL shading language version string: 4.30
OpenGL context flags: (none)
OpenGL profile mask: compatibility profile

OpenGL ES profile version string: OpenGL ES 3.1 Mesa 23.2.1-1ubuntu3.1~22.04.2
OpenGL ES profile shading language version string: OpenGL ES GLSL ES 3.10
