INFO: wheelchair: Starting controller: /home/rg/work/reflexguard/.venv/bin/python -u wheelchair.py
INFO: pedestrian: Starting controller: python3 -u pedestrian.py "--trajectory=4 0, -4.8 0" --speed=0.5
INFO: scenario: Starting controller: /home/rg/work/reflexguard/.venv/bin/python -u scenario.py
REFLEXGUARD_DECISION={"t_ms": 32, "left": 0.0, "right": 0.0, "left_area": 0.0010416666666666667, "right_area": 0.0010416666666666667, "escape": 0.0, "signal": "NONE", "reason": "user", "user_forward": 0.6, "forward": 0.6, "turn": 0.0, "intervened": false}
REFLEXGUARD_DECISION={"t_ms": 544, "left": 0.09466794996501621, "right": 0.09783914622877662, "left_area": 0.0020833333333333333, "right_area": 0.0020833333333333333, "escape": 0.0, "signal": "NONE", "reason": "user", "user_forward": 0.6, "forward": 0.6, "turn": 0.0, "intervened": false}
REFLEXGUARD_DECISION={"t_ms": 1056, "left": 0.03717566737131526, "right": 0.043326351196658265, "left_area": 0.00234375, "right_area": 0.002734375, "escape": 0.0, "signal": "NONE", "reason": "user", "user_forward": 0.6, "forward": 0.6, "turn": 0.0, "intervened": false}
REFLEXGUARD_DECISION={"t_ms": 1568, "left": 0.10415046064598242, "right": 0.07260818642226649, "left_area": 0.0032552083333333335, "right_area": 0.0033854166666666668, "escape": 0.0, "signal": "NONE", "reason": "user", "user_forward": 0.6, "forward": 0.6, "turn": 0.0, "intervened": false}
REFLEXGUARD_DECISION={"t_ms": 2080, "left": 0.024641144942779282, "right": 0.02518543607279696, "left_area": 0.002864583333333333, "right_area": 0.003515625, "escape": 0.0, "signal": "NONE", "reason": "user", "user_forward": 0.6, "forward": 0.6, "turn": 0.0, "intervened": false}
REFLEXGUARD_DECISION={"t_ms": 2592, "left": 0.04339566760651958, "right": 0.03968334359126312, "left_area": 0.003125, "right_area": 0.003125, "escape": 0.0, "signal": "NONE", "reason": "user", "user_forward": 0.6, "forward": 0.6, "turn": 0.0, "intervened": false}
REFLEXGUARD_DECISION={"t_ms": 3104, "left": 0.13771165345681047, "right": 0.09701322501955785, "left_area": 0.004296875, "right_area": 0.004166666666666667, "escape": 0.0, "signal": "NONE", "reason": "user", "user_forward": 0.6, "forward": 0.6, "turn": 0.0, "intervened": false}
REFLEXGUARD_DECISION={"t_ms": 3616, "left": 0.13611014505089192, "right": 0.08292046009298565, "left_area": 0.00546875, "right_area": 0.00546875, "escape": 0.0, "signal": "NONE", "reason": "user", "user_forward": 0.6, "forward": 0.6, "turn": 0.0, "intervened": false}
REFLEXGUARD_DECISION={"t_ms": 3968, "left": 0.5763099213181266, "right": 0.5116714543220313, "left_area": 0.010286458333333333, "right_area": 0.010416666666666666, "escape": 0.3481691097201948, "signal": "STOP", "reason": "hazard_stop", "user_forward": 0.6, "forward": 0.536, "turn": 0.0, "intervened": true}
REFLEXGUARD_DECISION={"t_ms": 4480, "left": 0.3140139909559067, "right": 0.4684313081725492, "left_area": 0.012890625, "right_area": 0.014973958333333334, "escape": 0.18220201257315263, "signal": "STOP", "reason": "hazard_stop", "user_forward": 0.6, "forward": 0.0, "turn": 0.0, "intervened": true}
REFLEXGUARD_DECISION={"t_ms": 4992, "left": 0.27508584694343297, "right": 0.3464042214225996, "left_area": 0.015494791666666667, "right_area": 0.018359375, "escape": 0.0, "signal": "NONE", "reason": "hazard_stop", "user_forward": 0.6, "forward": 0.0, "turn": 0.0, "intervened": true}
REFLEXGUARD_DECISION={"t_ms": 5504, "left": 0.304799377821452, "right": 0.38766858887171307, "left_area": 0.020572916666666666, "right_area": 0.022265625, "escape": 0.05795167518725091, "signal": "NONE", "reason": "hazard_stop", "user_forward": 0.6, "forward": 0.0, "turn": 0.0, "intervened": true}
REFLEXGUARD_DECISION={"t_ms": 6016, "left": 0.41658023153667817, "right": 0.2289472155956525, "left_area": 0.024869791666666665, "right_area": 0.024739583333333332, "escape": 0.10243112544104337, "signal": "NONE", "reason": "hazard_stop", "user_forward": 0.6, "forward": 0.0, "turn": 0.0, "intervened": true}
REFLEXGUARD_DECISION={"t_ms": 6528, "left": 0.908371463915598, "right": 0.32741850510648474, "left_area": 0.03919270833333333, "right_area": 0.031119791666666667, "escape": 0.8590330214086123, "signal": "STOP", "reason": "hazard_stop", "user_forward": 0.6, "forward": 0.0, "turn": 0.0, "intervened": true}
REFLEXGUARD_DECISION={"t_ms": 7040, "left": 0.662310470736956, "right": 0.7540158375538699, "left_area": 0.052994791666666666, "right_area": 0.04609375, "escape": 0.6215628270059538, "signal": "STOP", "reason": "hazard_stop", "user_forward": 0.6, "forward": 0.0, "turn": 0.0, "intervened": true}
REFLEXGUARD_DECISION={"t_ms": 7552, "left": 0.4242029945430818, "right": 0.7228472921079654, "left_area": 0.06653645833333334, "right_area": 0.065625, "escape": 0.5736112186276391, "signal": "STOP", "reason": "hazard_stop", "user_forward": 0.6, "forward": 0.0, "turn": 0.0, "intervened": true}
REFLEXGUARD_DECISION={"t_ms": 8064, "left": 0.5584922952728085, "right": 0.8968508638261801, "left_area": 0.08997395833333334, "right_area": 0.108203125, "escape": 0.8413090212710462, "signal": "STOP", "reason": "hazard_stop", "user_forward": 0.6, "forward": 0.0, "turn": 0.0, "intervened": true}
REFLEXGUARD_DECISION={"t_ms": 8576, "left": 0.7798408171630168, "right": 0.7107419726233797, "left_area": 0.13125, "right_area": 0.16927083333333334, "escape": 0.6612935648661796, "signal": "STOP", "reason": "hazard_stop", "user_forward": 0.6, "forward": 0.0, "turn": 0.0, "intervened": true}
REFLEXGUARD_DECISION={"t_ms": 9088, "left": 0.9839483718264739, "right": 0.2744279253811561, "left_area": 0.22526041666666666, "right_area": 0.19544270833333333, "escape": 0.9753051874253444, "signal": "STOP", "reason": "hazard_stop", "user_forward": 0.6, "forward": 0.0, "turn": 0.0, "intervened": true}
REFLEXGUARD_DECISION={"t_ms": 9600, "left": 0.9994713998775007, "right": 0.5356687441239024, "left_area": 0.8188802083333333, "right_area": 0.24401041666666667, "escape": 0.9991867690423087, "signal": "STOP", "reason": "hazard_stop", "user_forward": 0.6, "forward": 0.0, "turn": 0.0, "intervened": true}
REFLEXGUARD_RESULT={"world":"corridor_basic","drive":"forward","duration_s":10.016,"collision":true,"collision_events":1,"min_clearance_estimate_m":0.0,"displacement_m":2.354375474949193,"yaw_change_rad":0.00045010197653296447,"camera_frames":312,"camera_pixel_range":190,"camera_width":160,"camera_height":120,"brain_steps":312,"interventions":189,"stop_steps":189,"brain_failures":0,"max_looming":0.999572950940283,"final_forward":0.0}
INFO: wheelchair: Terminating.
INFO: pedestrian: Terminating.
INFO: scenario: Terminating.
{"world":"corridor_basic","drive":"forward","duration_s":10.016,"collision":true,"collision_events":1,"min_clearance_estimate_m":0.0,"displacement_m":2.354375474949193,"yaw_change_rad":0.00045010197653296447,"camera_frames":312,"camera_pixel_range":190,"camera_width":160,"camera_height":120,"brain_steps":312,"interventions":189,"stop_steps":189,"brain_failures":0,"max_looming":0.999572950940283,"final_forward":0.0}
INFO: wheelchair: Starting controller: /home/rg/work/reflexguard/.venv/bin/python -u wheelchair.py
INFO: pedestrian: Starting controller: python3 -u pedestrian.py "--trajectory=-1.5 2.2, -1.5 -1.2" --speed=0.5
INFO: scenario: Starting controller: /home/rg/work/reflexguard/.venv/bin/python -u scenario.py
REFLEXGUARD_DECISION={"t_ms": 32, "left": 0.0, "right": 0.0, "left_area": 0.09440104166666667, "right_area": 0.0, "escape": 0.0, "signal": "NONE", "reason": "user", "user_forward": 0.6, "forward": 0.6, "turn": 0.0, "intervened": false}
REFLEXGUARD_DECISION={"t_ms": 320, "left": 0.38159709105242123, "right": 0.0, "left_area": 0.10703125, "right_area": 0.0, "escape": 0.048610909311417316, "signal": "RIGHT", "reason": "avoid_turn", "user_forward": 0.6, "forward": 0.6, "turn": -0.3, "intervened": true}
REFLEXGUARD_DECISION={"t_ms": 384, "left": 0.5219733848320782, "right": 0.0, "left_area": 0.1140625, "right_area": 0.0, "escape": 0.2645744382031973, "signal": "STOP", "reason": "hazard_stop", "user_forward": 0.6, "forward": 0.536, "turn": -0.172, "intervened": true}
REFLEXGUARD_DECISION={"t_ms": 896, "left": 0.06627758925514776, "right": 0.0, "left_area": 0.11184895833333333, "right_area": 0.0, "escape": 0.0, "signal": "NONE", "reason": "hazard_stop", "user_forward": 0.6, "forward": 0.0, "turn": 0.0, "intervened": true}
REFLEXGUARD_DECISION={"t_ms": 1408, "left": 0.002182603622541819, "right": 0.0, "left_area": 0.10494791666666667, "right_area": 0.0, "escape": 0.0, "signal": "NONE", "reason": "hazard_stop", "user_forward": 0.6, "forward": 0.0, "turn": 0.0, "intervened": true}
REFLEXGUARD_DECISION={"t_ms": 1920, "left": 7.187585768688275e-05, "right": 0.0, "left_area": 0.07421875, "right_area": 0.0, "escape": 0.0, "signal": "NONE", "reason": "hazard_stop", "user_forward": 0.6, "forward": 0.0, "turn": 0.0, "intervened": true}
REFLEXGUARD_DECISION={"t_ms": 2432, "left": 0.35761008888346574, "right": 0.0, "left_area": 0.08359375, "right_area": 0.0, "escape": 0.011707829051485784, "signal": "RIGHT", "reason": "hazard_stop", "user_forward": 0.6, "forward": 0.0, "turn": 0.0, "intervened": true}
REFLEXGUARD_DECISION={"t_ms": 2944, "left": 0.08062182012671901, "right": 0.0, "left_area": 0.08658854166666667, "right_area": 0.0, "escape": 0.0, "signal": "NONE", "reason": "hazard_stop", "user_forward": 0.6, "forward": 0.0, "turn": 0.0, "intervened": true}
REFLEXGUARD_DECISION={"t_ms": 3456, "left": 0.0026549770237882424, "right": 0.0, "left_area": 0.07252604166666667, "right_area": 0.0, "escape": 0.0, "signal": "NONE", "reason": "hazard_stop", "user_forward": 0.6, "forward": 0.0, "turn": 0.0, "intervened": true}
REFLEXGUARD_DECISION={"t_ms": 3968, "left": 8.743170255601045e-05, "right": 0.13468851348739125, "left_area": 0.06171875, "right_area": 0.0014322916666666666, "escape": 0.0, "signal": "NONE", "reason": "hazard_stop", "user_forward": 0.6, "forward": 0.0, "turn": 0.0, "intervened": true}
REFLEXGUARD_DECISION={"t_ms": 4480, "left": 2.879234940020477e-06, "right": 0.9670054163614276, "left_area": 0.04192708333333333, "right_area": 0.024088541666666668, "escape": 0.9492391020945039, "signal": "STOP", "reason": "hazard_stop", "user_forward": 0.6, "forward": 0.0, "turn": 0.0, "intervened": true}
REFLEXGUARD_DECISION={"t_ms": 4992, "left": 9.481679525254575e-08, "right": 0.9989134472363413, "left_area": 0.007291666666666667, "right_area": 0.06432291666666666, "escape": 0.998328380363602, "signal": "STOP", "reason": "hazard_stop", "user_forward": 0.6, "forward": 0.0, "turn": 0.0, "intervened": true}
REFLEXGUARD_DECISION={"t_ms": 5504, "left": 3.1224352472949767e-09, "right": 0.3438135056576403, "left_area": 0.0, "right_area": 0.071484375, "escape": 0.0, "signal": "NONE", "reason": "hazard_stop", "user_forward": 0.6, "forward": 0.0, "turn": 0.0, "intervened": true}
REFLEXGUARD_DECISION={"t_ms": 6016, "left": 1.0282568449589392e-10, "right": 0.04284962413459832, "left_area": 0.0, "right_area": 0.06640625, "escape": 0.0, "signal": "NONE", "reason": "hazard_stop", "user_forward": 0.6, "forward": 0.0, "turn": 0.0, "intervened": true}
REFLEXGUARD_DECISION={"t_ms": 6528, "left": 3.386177952355877e-12, "right": 0.12974318146745598, "left_area": 0.0, "right_area": 0.07096354166666667, "escape": 0.0, "signal": "NONE", "reason": "hazard_stop", "user_forward": 0.6, "forward": 0.0, "turn": 0.0, "intervened": true}
REFLEXGUARD_DECISION={"t_ms": 7040, "left": 1.1151106050238755e-13, "right": 0.15525646720381375, "left_area": 0.0, "right_area": 0.07356770833333333, "escape": 0.0, "signal": "NONE", "reason": "hazard_stop", "user_forward": 0.6, "forward": 0.0, "turn": 0.0, "intervened": true}
REFLEXGUARD_DECISION={"t_ms": 7552, "left": 3.672198209700081e-15, "right": 0.05492405941660475, "left_area": 0.0, "right_area": 0.062109375, "escape": 0.0, "signal": "NONE", "reason": "hazard_stop", "user_forward": 0.6, "forward": 0.0, "turn": 0.0, "intervened": true}
REFLEXGUARD_DECISION={"t_ms": 8064, "left": 1.2093006407230565e-16, "right": 0.29512897233423074, "left_area": 0.0, "right_area": 0.078125, "escape": 0.0, "signal": "NONE", "reason": "hazard_stop", "user_forward": 0.6, "forward": 0.0, "turn": 0.0, "intervened": true}
REFLEXGUARD_DECISION={"t_ms": 8576, "left": 0.2331835581426065, "right": 0.01264239347936267, "left_area": 0.0024739583333333332, "right_area": 0.06940104166666666, "escape": 0.0, "signal": "NONE", "reason": "hazard_stop", "user_forward": 0.6, "forward": 0.0, "turn": 0.0, "intervened": true}
REFLEXGUARD_DECISION={"t_ms": 9088, "left": 0.9299546260674553, "right": 0.0004163297747513177, "left_area": 0.026953125, "right_area": 0.031510416666666666, "escape": 0.8922378862576235, "signal": "STOP", "reason": "hazard_stop", "user_forward": 0.6, "forward": 0.0, "turn": 0.0, "intervened": true}
REFLEXGUARD_DECISION={"t_ms": 9600, "left": 0.9925433236833666, "right": 1.3710258395882559e-05, "left_area": 0.05963541666666667, "right_area": 0.006640625, "escape": 0.9885281902821025, "signal": "STOP", "reason": "hazard_stop", "user_forward": 0.6, "forward": 0.0, "turn": 0.0, "intervened": true}
REFLEXGUARD_RESULT={"world":"corridor_side","drive":"forward","duration_s":10.016,"collision":false,"collision_events":0,"min_clearance_estimate_m":0.8151863110338083,"displacement_m":0.25302696553751286,"yaw_change_rad":-0.01999997858270367,"camera_frames":312,"camera_pixel_range":190,"camera_width":160,"camera_height":120,"brain_steps":312,"interventions":303,"stop_steps":301,"brain_failures":0,"max_looming":0.9989134472363413,"final_forward":0.0}
INFO: wheelchair: Terminating.
INFO: pedestrian: Terminating.
INFO: scenario: Terminating.
{"world":"corridor_side","drive":"forward","duration_s":10.016,"collision":false,"collision_events":0,"min_clearance_estimate_m":0.8151863110338083,"displacement_m":0.25302696553751286,"yaw_change_rad":-0.01999997858270367,"camera_frames":312,"camera_pixel_range":190,"camera_width":160,"camera_height":120,"brain_steps":312,"interventions":303,"stop_steps":301,"brain_failures":0,"max_looming":0.9989134472363413,"final_forward":0.0}
INFO: wheelchair: Starting controller: /home/rg/work/reflexguard/.venv/bin/python -u wheelchair.py
INFO: scenario: Starting controller: /home/rg/work/reflexguard/.venv/bin/python -u scenario.py
REFLEXGUARD_DECISION={"t_ms": 32, "left": 0.0, "right": 0.0, "left_area": 0.012369791666666666, "right_area": 0.012369791666666666, "escape": 0.0, "signal": "NONE", "reason": "user", "user_forward": 0.6, "forward": 0.6, "turn": 0.0, "intervened": false}
REFLEXGUARD_DECISION={"t_ms": 544, "left": 0.14458812468101512, "right": 0.14458812468101512, "left_area": 0.013541666666666667, "right_area": 0.013541666666666667, "escape": 0.0, "signal": "NONE", "reason": "user", "user_forward": 0.6, "forward": 0.6, "turn": 0.0, "intervened": false}
REFLEXGUARD_DECISION={"t_ms": 1056, "left": 0.2776783129659281, "right": 0.2776783129659281, "left_area": 0.017447916666666667, "right_area": 0.017447916666666667, "escape": 0.0, "signal": "NONE", "reason": "user", "user_forward": 0.6, "forward": 0.6, "turn": 0.0, "intervened": false}
REFLEXGUARD_DECISION={"t_ms": 1344, "left": 0.5268885651608727, "right": 0.5268885651608727, "left_area": 0.020572916666666666, "right_area": 0.020572916666666666, "escape": 0.2721362540936503, "signal": "STOP", "reason": "hazard_stop", "user_forward": 0.6, "forward": 0.536, "turn": 0.0, "intervened": true}
REFLEXGUARD_DECISION={"t_ms": 1856, "left": 0.14454404769985996, "right": 0.14454404769985996, "left_area": 0.020703125, "right_area": 0.020703125, "escape": 0.0, "signal": "NONE", "reason": "hazard_stop", "user_forward": 0.6, "forward": 0.0, "turn": 0.0, "intervened": true}
REFLEXGUARD_DECISION={"t_ms": 2368, "left": 0.005939211524327897, "right": 0.005939211524327897, "left_area": 0.020572916666666666, "right_area": 0.020572916666666666, "escape": 0.0, "signal": "NONE", "reason": "hazard_stop", "user_forward": 0.6, "forward": 0.0, "turn": 0.0, "intervened": true}
REFLEXGUARD_DECISION={"t_ms": 2880, "left": 0.00019558563812779837, "right": 0.00019558563812779837, "left_area": 0.020572916666666666, "right_area": 0.020572916666666666, "escape": 0.0, "signal": "NONE", "reason": "hazard_stop", "user_forward": 0.6, "forward": 0.0, "turn": 0.0, "intervened": true}
REFLEXGUARD_DECISION={"t_ms": 3392, "left": 6.4408788414362815e-06, "right": 6.4408788414362815e-06, "left_area": 0.020572916666666666, "right_area": 0.020572916666666666, "escape": 0.0, "signal": "NONE", "reason": "hazard_stop", "user_forward": 0.6, "forward": 0.0, "turn": 0.0, "intervened": true}
REFLEXGUARD_DECISION={"t_ms": 3904, "left": 2.1210616815818942e-07, "right": 2.1210616815818942e-07, "left_area": 0.020572916666666666, "right_area": 0.020572916666666666, "escape": 0.0, "signal": "NONE", "reason": "hazard_stop", "user_forward": 0.6, "forward": 0.0, "turn": 0.0, "intervened": true}
REFLEXGUARD_DECISION={"t_ms": 4416, "left": 6.984920486521342e-09, "right": 6.984920486521342e-09, "left_area": 0.020572916666666666, "right_area": 0.020572916666666666, "escape": 0.0, "signal": "NONE", "reason": "hazard_stop", "user_forward": 0.6, "forward": 0.0, "turn": 0.0, "intervened": true}
REFLEXGUARD_DECISION={"t_ms": 4928, "left": 2.300221376242037e-10, "right": 2.300221376242037e-10, "left_area": 0.020572916666666666, "right_area": 0.020572916666666666, "escape": 0.0, "signal": "NONE", "reason": "hazard_stop", "user_forward": 0.6, "forward": 0.0, "turn": 0.0, "intervened": true}
REFLEXGUARD_DECISION={"t_ms": 5440, "left": 7.574915691496821e-12, "right": 7.574915691496821e-12, "left_area": 0.020572916666666666, "right_area": 0.020572916666666666, "escape": 0.0, "signal": "NONE", "reason": "hazard_stop", "user_forward": 0.6, "forward": 0.0, "turn": 0.0, "intervened": true}
REFLEXGUARD_DECISION={"t_ms": 5952, "left": 2.494514150939145e-13, "right": 2.494514150939145e-13, "left_area": 0.020572916666666666, "right_area": 0.020572916666666666, "escape": 0.0, "signal": "NONE", "reason": "hazard_stop", "user_forward": 0.6, "forward": 0.0, "turn": 0.0, "intervened": true}
REFLEXGUARD_DECISION={"t_ms": 6464, "left": 8.214746015220717e-15, "right": 8.214746015220717e-15, "left_area": 0.020572916666666666, "right_area": 0.020572916666666666, "escape": 0.0, "signal": "NONE", "reason": "hazard_stop", "user_forward": 0.6, "forward": 0.0, "turn": 0.0, "intervened": true}
REFLEXGUARD_DECISION={"t_ms": 6976, "left": 2.705218251384894e-16, "right": 2.705218251384894e-16, "left_area": 0.020572916666666666, "right_area": 0.020572916666666666, "escape": 0.0, "signal": "NONE", "reason": "hazard_stop", "user_forward": 0.6, "forward": 0.0, "turn": 0.0, "intervened": true}
REFLEXGUARD_DECISION={"t_ms": 7488, "left": 8.908620880142104e-18, "right": 8.908620880142104e-18, "left_area": 0.020572916666666666, "right_area": 0.020572916666666666, "escape": 0.0, "signal": "NONE", "reason": "hazard_stop", "user_forward": 0.6, "forward": 0.0, "turn": 0.0, "intervened": true}
REFLEXGUARD_DECISION={"t_ms": 8000, "left": 2.9337198928579962e-19, "right": 2.9337198928579962e-19, "left_area": 0.020572916666666666, "right_area": 0.020572916666666666, "escape": 0.0, "signal": "NONE", "reason": "hazard_stop", "user_forward": 0.6, "forward": 0.0, "turn": 0.0, "intervened": true}
REFLEXGUARD_DECISION={"t_ms": 8512, "left": 9.661105265951614e-21, "right": 9.661105265951614e-21, "left_area": 0.020572916666666666, "right_area": 0.020572916666666666, "escape": 0.0, "signal": "NONE", "reason": "hazard_stop", "user_forward": 0.6, "forward": 0.0, "turn": 0.0, "intervened": true}
REFLEXGUARD_DECISION={"t_ms": 9024, "left": 3.181522380068473e-22, "right": 3.181522380068473e-22, "left_area": 0.020572916666666666, "right_area": 0.020572916666666666, "escape": 0.0, "signal": "NONE", "reason": "hazard_stop", "user_forward": 0.6, "forward": 0.0, "turn": 0.0, "intervened": true}
REFLEXGUARD_DECISION={"t_ms": 9536, "left": 1.0477149742431191e-23, "right": 1.0477149742431191e-23, "left_area": 0.020572916666666666, "right_area": 0.020572916666666666, "escape": 0.0, "signal": "NONE", "reason": "hazard_stop", "user_forward": 0.6, "forward": 0.0, "turn": 0.0, "intervened": true}
REFLEXGUARD_RESULT={"world":"corridor_static","drive":"forward","duration_s":10.016,"collision":false,"collision_events":0,"min_clearance_estimate_m":0.8199999999995339,"displacement_m":0.829946731327071,"yaw_change_rad":-1.8082803418324515e-13,"camera_frames":312,"camera_pixel_range":187,"camera_width":160,"camera_height":120,"brain_steps":312,"interventions":271,"stop_steps":271,"brain_failures":0,"max_looming":0.5288062879851532,"final_forward":0.0}
INFO: wheelchair: Terminating.
INFO: scenario: Terminating.
{"world":"corridor_static","drive":"forward","duration_s":10.016,"collision":false,"collision_events":0,"min_clearance_estimate_m":0.8199999999995339,"displacement_m":0.829946731327071,"yaw_change_rad":-1.8082803418324515e-13,"camera_frames":312,"camera_pixel_range":187,"camera_width":160,"camera_height":120,"brain_steps":312,"interventions":271,"stop_steps":271,"brain_failures":0,"max_looming":0.5288062879851532,"final_forward":0.0}
INFO: wheelchair: Starting controller: /home/rg/work/reflexguard/.venv/bin/python -u wheelchair.py
INFO: scenario: Starting controller: /home/rg/work/reflexguard/.venv/bin/python -u scenario.py
REFLEXGUARD_DECISION={"t_ms": 32, "left": 0.0, "right": 0.0, "left_area": 0.012369791666666666, "right_area": 0.012369791666666666, "escape": 0.0, "signal": "NONE", "reason": "idle", "user_forward": 0.0, "forward": 0.0, "turn": 0.0, "intervened": false}
REFLEXGUARD_DECISION={"t_ms": 544, "left": 0.03055774202350318, "right": 0.03055774202350318, "left_area": 0.0125, "right_area": 0.0125, "escape": 0.0, "signal": "NONE", "reason": "idle", "user_forward": 0.0, "forward": 0.0, "turn": 0.0, "intervened": false}
REFLEXGUARD_DECISION={"t_ms": 1056, "left": 0.0016427675490008618, "right": 0.0016427675490008618, "left_area": 0.0125, "right_area": 0.0125, "escape": 0.0, "signal": "NONE", "reason": "idle", "user_forward": 0.0, "forward": 0.0, "turn": 0.0, "intervened": false}
REFLEXGUARD_DECISION={"t_ms": 1568, "left": 6.3026983275323e-05, "right": 6.3026983275323e-05, "left_area": 0.0125, "right_area": 0.0125, "escape": 0.0, "signal": "NONE", "reason": "idle", "user_forward": 0.0, "forward": 0.0, "turn": 0.0, "intervened": false}
REFLEXGUARD_DECISION={"t_ms": 2080, "left": 2.200811690318727e-06, "right": 2.200811690318727e-06, "left_area": 0.0125, "right_area": 0.0125, "escape": 0.0, "signal": "NONE", "reason": "idle", "user_forward": 0.0, "forward": 0.0, "turn": 0.0, "intervened": false}
REFLEXGUARD_DECISION={"t_ms": 2592, "left": 7.423260199437661e-08, "right": 7.423260199437661e-08, "left_area": 0.0125, "right_area": 0.0125, "escape": 0.0, "signal": "NONE", "reason": "idle", "user_forward": 0.0, "forward": 0.0, "turn": 0.0, "intervened": false}
REFLEXGUARD_RESULT={"world":"corridor_static","drive":"idle","duration_s":3.008,"collision":false,"collision_events":0,"min_clearance_estimate_m":0.8199999999999751,"displacement_m":0.0030705289374770572,"yaw_change_rad":2.756030723128697e-15,"camera_frames":93,"camera_pixel_range":187,"camera_width":160,"camera_height":120,"brain_steps":93,"interventions":0,"stop_steps":0,"brain_failures":0,"max_looming":0.06965540569599014,"final_forward":0.0}
INFO: wheelchair: Terminating.
INFO: scenario: Terminating.
{"world":"corridor_static","drive":"idle","duration_s":3.008,"collision":false,"collision_events":0,"min_clearance_estimate_m":0.8199999999999751,"displacement_m":0.0030705289374770572,"yaw_change_rad":2.756030723128697e-15,"camera_frames":93,"camera_pixel_range":187,"camera_width":160,"camera_height":120,"brain_steps":93,"interventions":0,"stop_steps":0,"brain_failures":0,"max_looming":0.06965540569599014,"final_forward":0.0}
INFO:     Started server process [24283]
INFO:     Waiting for application startup.
INFO:     Application startup complete.
INFO:     Uvicorn running on https://127.0.0.1:8443 (Press CTRL+C to quit)
INFO:     Shutting down
INFO:     Waiting for application shutdown.
INFO:     Application shutdown complete.
INFO:     Finished server process [24283]
