INFO: wheelchair: Starting controller: /home/rg/work/reflexguard/.venv/bin/python -u wheelchair.py
INFO: scenario: Starting controller: /home/rg/work/reflexguard/.venv/bin/python -u scenario.py
REFLEXGUARD_DECISION={"t_ms": 32, "left": 0.0, "right": 0.0, "left_area": 0.03984375, "right_area": 0.03984375, "escape": 0.0, "signal": "NONE", "reason": "user", "user_forward": 0.6, "forward": 0.6, "turn": 0.0, "intervened": false}
REFLEXGUARD_DECISION={"t_ms": 544, "left": 0.35780099348145983, "right": 0.35780099348145983, "left_area": 0.046875, "right_area": 0.046875, "escape": 0.012001528433015154, "signal": "NONE", "reason": "user", "user_forward": 0.6, "forward": 0.6, "turn": 0.0, "intervened": false}
REFLEXGUARD_DECISION={"t_ms": 1056, "left": 0.4240622966698997, "right": 0.4240622966698997, "left_area": 0.057291666666666664, "right_area": 0.057291666666666664, "escape": 0.11394199487676879, "signal": "NONE", "reason": "user", "user_forward": 0.6, "forward": 0.6, "turn": 0.0, "intervened": false}
REFLEXGUARD_DECISION={"t_ms": 1568, "left": 0.49343576273354856, "right": 0.49343576273354856, "left_area": 0.07369791666666667, "right_area": 0.07369791666666667, "escape": 0.22067040420545933, "signal": "NONE", "reason": "user", "user_forward": 0.6, "forward": 0.6, "turn": 0.0, "intervened": false}
REFLEXGUARD_DECISION={"t_ms": 2048, "left": 0.5666555053087559, "right": 0.5666555053087559, "left_area": 0.09700520833333333, "right_area": 0.09700520833333333, "escape": 0.3333161620134706, "signal": "STOP", "reason": "hazard_stop", "user_forward": 0.6, "forward": 0.536, "turn": 0.0, "intervened": true}
REFLEXGUARD_DECISION={"t_ms": 2560, "left": 0.11641998976635817, "right": 0.11641998976635817, "left_area": 0.1, "right_area": 0.1, "escape": 0.0, "signal": "NONE", "reason": "hazard_stop", "user_forward": 0.6, "forward": 0.0, "turn": 0.0, "intervened": true}
REFLEXGUARD_DECISION={"t_ms": 3072, "left": 0.003833855368850777, "right": 0.003833855368850777, "left_area": 0.09986979166666667, "right_area": 0.09986979166666667, "escape": 0.0, "signal": "NONE", "reason": "hazard_stop", "user_forward": 0.6, "forward": 0.0, "turn": 0.0, "intervened": true}
REFLEXGUARD_DECISION={"t_ms": 3584, "left": 0.00012625363581257872, "right": 0.00012625363581257872, "left_area": 0.09986979166666667, "right_area": 0.09986979166666667, "escape": 0.0, "signal": "NONE", "reason": "hazard_stop", "user_forward": 0.6, "forward": 0.0, "turn": 0.0, "intervened": true}
REFLEXGUARD_DECISION={"t_ms": 4096, "left": 4.157689589806661e-06, "right": 4.157689589806661e-06, "left_area": 0.09986979166666667, "right_area": 0.09986979166666667, "escape": 0.0, "signal": "NONE", "reason": "hazard_stop", "user_forward": 0.6, "forward": 0.0, "turn": 0.0, "intervened": true}
REFLEXGUARD_DECISION={"t_ms": 4608, "left": 1.3691790033554373e-07, "right": 1.3691790033554373e-07, "left_area": 0.09986979166666667, "right_area": 0.09986979166666667, "escape": 0.0, "signal": "NONE", "reason": "hazard_stop", "user_forward": 0.6, "forward": 0.0, "turn": 0.0, "intervened": true}
REFLEXGUARD_DECISION={"t_ms": 5120, "left": 4.508877112484396e-09, "right": 4.508877112484396e-09, "left_area": 0.09986979166666667, "right_area": 0.09986979166666667, "escape": 0.0, "signal": "NONE", "reason": "hazard_stop", "user_forward": 0.6, "forward": 0.0, "turn": 0.0, "intervened": true}
REFLEXGUARD_DECISION={"t_ms": 5632, "left": 1.4848294317735733e-10, "right": 1.4848294317735733e-10, "left_area": 0.09986979166666667, "right_area": 0.09986979166666667, "escape": 0.0, "signal": "NONE", "reason": "hazard_stop", "user_forward": 0.6, "forward": 0.0, "turn": 0.0, "intervened": true}
REFLEXGUARD_DECISION={"t_ms": 6144, "left": 4.8897283879316694e-12, "right": 4.8897283879316694e-12, "left_area": 0.09986979166666667, "right_area": 0.09986979166666667, "escape": 0.0, "signal": "NONE", "reason": "hazard_stop", "user_forward": 0.6, "forward": 0.0, "turn": 0.0, "intervened": true}
REFLEXGUARD_DECISION={"t_ms": 6656, "left": 1.610248503707655e-13, "right": 1.610248503707655e-13, "left_area": 0.09986979166666667, "right_area": 0.09986979166666667, "escape": 0.0, "signal": "NONE", "reason": "hazard_stop", "user_forward": 0.6, "forward": 0.0, "turn": 0.0, "intervened": true}
REFLEXGUARD_DECISION={"t_ms": 7168, "left": 5.3027490240404255e-15, "right": 5.3027490240404255e-15, "left_area": 0.09986979166666667, "right_area": 0.09986979166666667, "escape": 0.0, "signal": "NONE", "reason": "hazard_stop", "user_forward": 0.6, "forward": 0.0, "turn": 0.0, "intervened": true}
REFLEXGUARD_DECISION={"t_ms": 7680, "left": 1.7462613470663907e-16, "right": 1.7462613470663907e-16, "left_area": 0.09986979166666667, "right_area": 0.09986979166666667, "escape": 0.0, "signal": "NONE", "reason": "hazard_stop", "user_forward": 0.6, "forward": 0.0, "turn": 0.0, "intervened": true}
REFLEXGUARD_DECISION={"t_ms": 8192, "left": 5.75065626985796e-18, "right": 5.75065626985796e-18, "left_area": 0.09986979166666667, "right_area": 0.09986979166666667, "escape": 0.0, "signal": "NONE", "reason": "hazard_stop", "user_forward": 0.6, "forward": 0.0, "turn": 0.0, "intervened": true}
REFLEXGUARD_DECISION={"t_ms": 8704, "left": 1.8937627858288372e-19, "right": 1.8937627858288372e-19, "left_area": 0.09986979166666667, "right_area": 0.09986979166666667, "escape": 0.0, "signal": "NONE", "reason": "hazard_stop", "user_forward": 0.6, "forward": 0.0, "turn": 0.0, "intervened": true}
REFLEXGUARD_DECISION={"t_ms": 9216, "left": 6.236396892278138e-21, "right": 6.236396892278138e-21, "left_area": 0.09986979166666667, "right_area": 0.09986979166666667, "escape": 0.0, "signal": "NONE", "reason": "hazard_stop", "user_forward": 0.6, "forward": 0.0, "turn": 0.0, "intervened": true}
REFLEXGUARD_DECISION={"t_ms": 9728, "left": 2.0537232270616412e-22, "right": 2.0537232270616412e-22, "left_area": 0.09986979166666667, "right_area": 0.09986979166666667, "escape": 0.0, "signal": "NONE", "reason": "hazard_stop", "user_forward": 0.6, "forward": 0.0, "turn": 0.0, "intervened": true}
REFLEXGUARD_RESULT={"world":"corridor_static","drive":"forward","duration_s":10.016,"collision":false,"collision_events":0,"min_clearance_estimate_m":0.8199999999994657,"displacement_m":1.2523467313271088,"yaw_change_rad":-3.7765093237452987e-13,"camera_frames":312,"camera_pixel_range":187,"camera_width":160,"camera_height":120,"brain_steps":312,"interventions":249,"stop_steps":249,"brain_failures":0,"max_looming":0.5773818753945824,"final_forward":0.0}
INFO: wheelchair: Terminating.
INFO: scenario: Terminating.
{"world":"corridor_static","drive":"forward","duration_s":10.016,"collision":false,"collision_events":0,"min_clearance_estimate_m":0.8199999999994657,"displacement_m":1.2523467313271088,"yaw_change_rad":-3.7765093237452987e-13,"camera_frames":312,"camera_pixel_range":187,"camera_width":160,"camera_height":120,"brain_steps":312,"interventions":249,"stop_steps":249,"brain_failures":0,"max_looming":0.5773818753945824,"final_forward":0.0}
INFO:     Started server process [23333]
INFO:     Waiting for application startup.
INFO:     Application startup complete.
INFO:     Uvicorn running on https://127.0.0.1:8443 (Press CTRL+C to quit)
INFO:     Shutting down
INFO:     Waiting for application shutdown.
INFO:     Application shutdown complete.
INFO:     Finished server process [23333]
