INFO: wheelchair: Starting controller: /home/rg/work/reflexguard/.venv/bin/python -u wheelchair.py
INFO: pedestrian: Starting controller: python3 -u pedestrian.py "--trajectory=4 0, -4.8 0" --speed=0.5
INFO: scenario: Starting controller: /home/rg/work/reflexguard/.venv/bin/python -u scenario.py
REFLEXGUARD_DECISION={"t_ms": 32, "left": 0.0, "right": 0.0, "left_area": 0.0010416666666666667, "right_area": 0.0010416666666666667, "escape": 0.0, "signal": "NONE", "reason": "user", "user_forward": 0.6, "forward": 0.6, "turn": 0.0, "intervened": false}
REFLEXGUARD_DECISION={"t_ms": 544, "left": 0.23666987491254052, "right": 0.24459786557194163, "left_area": 0.0020833333333333333, "right_area": 0.0020833333333333333, "escape": 0.0, "signal": "NONE", "reason": "user", "user_forward": 0.6, "forward": 0.6, "turn": 0.0, "intervened": false}
REFLEXGUARD_DECISION={"t_ms": 1056, "left": 0.09293916842828814, "right": 0.10831587799164566, "left_area": 0.00234375, "right_area": 0.002734375, "escape": 0.0, "signal": "NONE", "reason": "user", "user_forward": 0.6, "forward": 0.6, "turn": 0.0, "intervened": false}
REFLEXGUARD_DECISION={"t_ms": 1568, "left": 0.2603761516149561, "right": 0.18152046605566624, "left_area": 0.0032552083333333335, "right_area": 0.0033854166666666668, "escape": 0.0, "signal": "NONE", "reason": "user", "user_forward": 0.6, "forward": 0.6, "turn": 0.0, "intervened": false}
REFLEXGUARD_DECISION={"t_ms": 2080, "left": 0.061602862356948215, "right": 0.06296359018199241, "left_area": 0.002864583333333333, "right_area": 0.003515625, "escape": 0.0, "signal": "NONE", "reason": "user", "user_forward": 0.6, "forward": 0.6, "turn": 0.0, "intervened": false}
REFLEXGUARD_DECISION={"t_ms": 2592, "left": 0.10848916901629896, "right": 0.0992083589781578, "left_area": 0.003125, "right_area": 0.003125, "escape": 0.0, "signal": "NONE", "reason": "user", "user_forward": 0.6, "forward": 0.6, "turn": 0.0, "intervened": false}
REFLEXGUARD_DECISION={"t_ms": 2720, "left": 0.14575575016711018, "right": 0.515674761413673, "left_area": 0.003125, "right_area": 0.0049479166666666664, "escape": 0.3125, "signal": "STOP", "reason": "hazard_stop", "user_forward": 0.6, "forward": 0.536, "turn": 0.0, "intervened": true}
REFLEXGUARD_DECISION={"t_ms": 3232, "left": 0.14372566850261892, "right": 0.10479759654148396, "left_area": 0.004036458333333334, "right_area": 0.004036458333333334, "escape": 0.0, "signal": "NONE", "reason": "hazard_stop", "user_forward": 0.6, "forward": 0.0, "turn": 0.0, "intervened": true}
REFLEXGUARD_DECISION={"t_ms": 3744, "left": 0.29247043135847667, "right": 0.5250818991445941, "left_area": 0.005078125, "right_area": 0.005729166666666666, "escape": 0.3125, "signal": "STOP", "reason": "hazard_stop", "user_forward": 0.6, "forward": 0.0, "turn": 0.0, "intervened": true}
REFLEXGUARD_DECISION={"t_ms": 4256, "left": 0.2874334954267369, "right": 0.22276557294329283, "left_area": 0.006119791666666667, "right_area": 0.00625, "escape": 0.0, "signal": "NONE", "reason": "hazard_stop", "user_forward": 0.6, "forward": 0.0, "turn": 0.0, "intervened": true}
REFLEXGUARD_DECISION={"t_ms": 4768, "left": 0.1846506601577017, "right": 0.5713516421922581, "left_area": 0.005989583333333334, "right_area": 0.007552083333333333, "escape": 0.3125, "signal": "STOP", "reason": "hazard_stop", "user_forward": 0.6, "forward": 0.0, "turn": 0.0, "intervened": true}
REFLEXGUARD_DECISION={"t_ms": 5280, "left": 0.7701918225990493, "right": 0.7411482570458034, "left_area": 0.009765625, "right_area": 0.010807291666666666, "escape": 0.625, "signal": "STOP", "reason": "hazard_stop", "user_forward": 0.6, "forward": 0.0, "turn": 0.0, "intervened": true}
REFLEXGUARD_DECISION={"t_ms": 5792, "left": 0.449777334814867, "right": 0.2666158689615171, "left_area": 0.0125, "right_area": 0.0125, "escape": 0.15625, "signal": "STOP", "reason": "hazard_stop", "user_forward": 0.6, "forward": 0.0, "turn": 0.0, "intervened": true}
REFLEXGUARD_DECISION={"t_ms": 6304, "left": 0.21205421239825134, "right": 0.2838307963784181, "left_area": 0.015494791666666667, "right_area": 0.015234375, "escape": 0.0, "signal": "NONE", "reason": "hazard_stop", "user_forward": 0.6, "forward": 0.0, "turn": 0.0, "intervened": true}
REFLEXGUARD_DECISION={"t_ms": 6816, "left": 0.5772543532566167, "right": 0.6315599259591875, "left_area": 0.022135416666666668, "right_area": 0.0203125, "escape": 0.46875, "signal": "STOP", "reason": "hazard_stop", "user_forward": 0.6, "forward": 0.0, "turn": 0.0, "intervened": true}
REFLEXGUARD_DECISION={"t_ms": 7328, "left": 0.3614075461404869, "right": 0.27928898989290085, "left_area": 0.026302083333333334, "right_area": 0.022135416666666668, "escape": 0.0, "signal": "NONE", "reason": "hazard_stop", "user_forward": 0.6, "forward": 0.0, "turn": 0.0, "intervened": true}
REFLEXGUARD_DECISION={"t_ms": 7840, "left": 0.5833831776124632, "right": 0.5432761294559296, "left_area": 0.034375, "right_area": 0.030208333333333334, "escape": 0.3125, "signal": "STOP", "reason": "hazard_stop", "user_forward": 0.6, "forward": 0.0, "turn": 0.0, "intervened": true}
REFLEXGUARD_DECISION={"t_ms": 8352, "left": 0.3058468119577259, "right": 0.7748480101006312, "left_area": 0.03893229166666667, "right_area": 0.045703125, "escape": 0.46875, "signal": "STOP", "reason": "hazard_stop", "user_forward": 0.6, "forward": 0.0, "turn": 0.0, "intervened": true}
REFLEXGUARD_DECISION={"t_ms": 8864, "left": 0.7209425261851348, "right": 0.603338403609572, "left_area": 0.056640625, "right_area": 0.063671875, "escape": 0.46875, "signal": "STOP", "reason": "hazard_stop", "user_forward": 0.6, "forward": 0.0, "turn": 0.0, "intervened": true}
REFLEXGUARD_DECISION={"t_ms": 9376, "left": 0.8305999326494171, "right": 0.5179149173995777, "left_area": 0.08606770833333334, "right_area": 0.08294270833333334, "escape": 0.46875, "signal": "STOP", "reason": "hazard_stop", "user_forward": 0.6, "forward": 0.0, "turn": 0.0, "intervened": true}
Brain request failed (TimeoutError)
Safety stop latched; restart required after correcting the fault
REFLEXGUARD_DECISION={"t_ms": 9504, "left": 0.878282704439068, "right": 0.5617685960662384, "left_area": 0.09752604166666666, "right_area": 0.09088541666666666, "escape": 0.0, "signal": "NONE", "reason": "brain_failure", "user_forward": 0.6, "forward": 0.0, "turn": 0.0, "intervened": true}
REFLEXGUARD_DECISION={"t_ms": 10016, "left": 0.878282704439068, "right": 0.5617685960662384, "left_area": 0.09752604166666666, "right_area": 0.09088541666666666, "escape": 0.0, "signal": "NONE", "reason": "brain_failure", "user_forward": 0.6, "forward": 0.0, "turn": 0.0, "intervened": true}
REFLEXGUARD_RESULT={"world":"corridor_basic","drive":"forward","duration_s":10.016,"collision":false,"collision_events":0,"min_clearance_estimate_m":0.27245326867288977,"displacement_m":1.6555467313271102,"yaw_change_rad":-5.673861698045556e-13,"camera_frames":312,"camera_pixel_range":190,"camera_width":160,"camera_height":120,"remote_stop_steps":0,"remote_interventions":0,"control_failures":0,"brain_steps":296,"interventions":228,"stop_steps":228,"brain_failures":1,"max_looming":0.878282704439068,"final_forward":0.0}
INFO: wheelchair: Terminating.
INFO: pedestrian: Terminating.
INFO: scenario: Terminating.
