INFO: wheelchair: Starting controller: /home/rg/work/reflexguard/.venv/bin/python -u wheelchair.py
INFO: pedestrian: Starting controller: python3 -u pedestrian.py "--trajectory=4 0, -4.8 0" --speed=0.5
INFO: scenario: Starting controller: /home/rg/work/reflexguard/.venv/bin/python -u scenario.py
REFLEXGUARD_DECISION={"t_ms": 32, "left": 0.0, "right": 0.0, "left_area": 0.00546875, "right_area": 0.00546875, "escape": 0.0, "signal": "NONE", "reason": "user", "user_forward": 0.6, "forward": 0.6, "turn": 0.0, "intervened": false}
REFLEXGUARD_DECISION={"t_ms": 544, "left": 0.14769779751783724, "right": 0.07275824961552609, "left_area": 0.005598958333333333, "right_area": 0.005598958333333333, "escape": 0.0, "signal": "NONE", "reason": "user", "user_forward": 0.6, "forward": 0.6, "turn": 0.0, "intervened": false}
REFLEXGUARD_DECISION={"t_ms": 1056, "left": 0.06726154138950192, "right": 0.3656630412765025, "left_area": 0.00546875, "right_area": 0.006640625, "escape": 0.024096986579234664, "signal": "LEFT", "reason": "avoid_turn", "user_forward": 0.6, "forward": 0.6, "turn": 0.5, "intervened": true}
REFLEXGUARD_DECISION={"t_ms": 1184, "left": 0.12995275469195278, "right": 0.6043885053822499, "left_area": 0.003125, "right_area": 0.013541666666666667, "escape": 0.3913669313573075, "signal": "STOP", "reason": "hazard_stop", "user_forward": 0.6, "forward": 0.536, "turn": 0.372, "intervened": true}
REFLEXGUARD_DECISION={"t_ms": 1696, "left": 0.004279506185085248, "right": 0.42958539274586965, "left_area": 0.0, "right_area": 0.022395833333333334, "escape": 0.12243906576287641, "signal": "STOP", "reason": "hazard_stop", "user_forward": 0.6, "forward": 0.0, "turn": 0.0, "intervened": true}
REFLEXGUARD_DECISION={"t_ms": 2208, "left": 0.0001409294726502399, "right": 0.06262406510263586, "left_area": 0.0, "right_area": 0.022526041666666666, "escape": 0.0, "signal": "NONE", "reason": "hazard_stop", "user_forward": 0.6, "forward": 0.0, "turn": 0.0, "intervened": true}
REFLEXGUARD_DECISION={"t_ms": 2720, "left": 4.640983188830016e-06, "right": 0.06319529721739776, "left_area": 0.0, "right_area": 0.022916666666666665, "escape": 0.0, "signal": "NONE", "reason": "hazard_stop", "user_forward": 0.6, "forward": 0.0, "turn": 0.0, "intervened": true}
REFLEXGUARD_DECISION={"t_ms": 3232, "left": 1.5283336092839744e-07, "right": 0.5125379074675028, "left_area": 0.0, "right_area": 0.030729166666666665, "escape": 0.2500583191807736, "signal": "STOP", "reason": "hazard_stop", "user_forward": 0.6, "forward": 0.0, "turn": 0.0, "intervened": true}
REFLEXGUARD_DECISION={"t_ms": 3744, "left": 5.032993066832963e-09, "right": 0.20084155852715574, "left_area": 0.0, "right_area": 0.03372395833333333, "escape": 0.0, "signal": "NONE", "reason": "hazard_stop", "user_forward": 0.6, "forward": 0.0, "turn": 0.0, "intervened": true}
REFLEXGUARD_DECISION={"t_ms": 4256, "left": 0.08724295150377082, "right": 0.1428913888585116, "left_area": 0.0, "right_area": 0.03658854166666667, "escape": 0.0, "signal": "NONE", "reason": "hazard_stop", "user_forward": 0.6, "forward": 0.0, "turn": 0.0, "intervened": true}
REFLEXGUARD_DECISION={"t_ms": 4768, "left": 0.050774450965010445, "right": 0.278450337585792, "left_area": 0.0005208333333333333, "right_area": 0.0421875, "escape": 0.0, "signal": "NONE", "reason": "hazard_stop", "user_forward": 0.6, "forward": 0.0, "turn": 0.0, "intervened": true}
REFLEXGUARD_DECISION={"t_ms": 5280, "left": 0.05902363461106421, "right": 0.36307324745872793, "left_area": 0.00078125, "right_area": 0.05, "escape": 0.020112688398043005, "signal": "LEFT", "reason": "hazard_stop", "user_forward": 0.6, "forward": 0.0, "turn": 0.0, "intervened": true}
REFLEXGUARD_DECISION={"t_ms": 5792, "left": 0.31547732354016805, "right": 0.17417940578146626, "left_area": 0.0024739583333333332, "right_area": 0.054296875, "escape": 0.0, "signal": "NONE", "reason": "hazard_stop", "user_forward": 0.6, "forward": 0.0, "turn": 0.0, "intervened": true}
REFLEXGUARD_DECISION={"t_ms": 6304, "left": 0.020829659212786133, "right": 0.2220839045568729, "left_area": 0.0013020833333333333, "right_area": 0.060546875, "escape": 0.0, "signal": "NONE", "reason": "hazard_stop", "user_forward": 0.6, "forward": 0.0, "turn": 0.0, "intervened": true}
REFLEXGUARD_DECISION={"t_ms": 6816, "left": 0.5961273472270929, "right": 0.3785556864862177, "left_area": 0.0037760416666666667, "right_area": 0.07291666666666667, "escape": 0.3786574572724507, "signal": "STOP", "reason": "hazard_stop", "user_forward": 0.6, "forward": 0.0, "turn": 0.0, "intervened": true}
REFLEXGUARD_DECISION={"t_ms": 7328, "left": 0.2584091638622782, "right": 0.3265585312894136, "left_area": 0.002734375, "right_area": 0.086328125, "escape": 0.0, "signal": "NONE", "reason": "hazard_stop", "user_forward": 0.6, "forward": 0.0, "turn": 0.0, "intervened": true}
REFLEXGUARD_DECISION={"t_ms": 7840, "left": 0.28496998886846675, "right": 0.24258295315172113, "left_area": 0.005989583333333334, "right_area": 0.09700520833333333, "escape": 0.0, "signal": "NONE", "reason": "hazard_stop", "user_forward": 0.6, "forward": 0.0, "turn": 0.0, "intervened": true}
REFLEXGUARD_DECISION={"t_ms": 8352, "left": 0.8163918843298045, "right": 0.3407646772517667, "left_area": 0.010026041666666667, "right_area": 0.11588541666666667, "escape": 0.7175259758920068, "signal": "STOP", "reason": "hazard_stop", "user_forward": 0.6, "forward": 0.0, "turn": 0.0, "intervened": true}
REFLEXGUARD_DECISION={"t_ms": 8864, "left": 0.9782308990244417, "right": 0.26287282328549355, "left_area": 0.019661458333333333, "right_area": 0.13463541666666667, "escape": 0.966509075422218, "signal": "STOP", "reason": "hazard_stop", "user_forward": 0.6, "forward": 0.0, "turn": 0.0, "intervened": true}
REFLEXGUARD_DECISION={"t_ms": 9376, "left": 0.9801001329314364, "right": 0.27202567031341945, "left_area": 0.034765625, "right_area": 0.15677083333333333, "escape": 0.9693848198945175, "signal": "STOP", "reason": "hazard_stop", "user_forward": 0.6, "forward": 0.0, "turn": 0.0, "intervened": true}
REFLEXGUARD_DECISION={"t_ms": 9888, "left": 0.9237978947726803, "right": 0.1996333197425647, "left_area": 0.05520833333333333, "right_area": 0.17552083333333332, "escape": 0.8827659919579697, "signal": "STOP", "reason": "hazard_stop", "user_forward": 0.6, "forward": 0.0, "turn": 0.0, "intervened": true}
REFLEXGUARD_RESULT={"world":"corridor_basic","drive":"forward","duration_s":10.016,"collision":false,"collision_events":0,"min_clearance_estimate_m":0.807850493067945,"displacement_m":0.7263924473102601,"yaw_change_rad":0.0502424342834079,"camera_frames":312,"camera_pixel_range":190,"camera_width":160,"camera_height":120,"brain_steps":312,"interventions":280,"stop_steps":276,"brain_failures":0,"max_looming":0.9960495681136845,"final_forward":0.0}
INFO: wheelchair: Terminating.
INFO: pedestrian: Terminating.
INFO: scenario: Terminating.
{"world":"corridor_basic","drive":"forward","duration_s":10.016,"collision":false,"collision_events":0,"min_clearance_estimate_m":0.807850493067945,"displacement_m":0.7263924473102601,"yaw_change_rad":0.0502424342834079,"camera_frames":312,"camera_pixel_range":190,"camera_width":160,"camera_height":120,"brain_steps":312,"interventions":280,"stop_steps":276,"brain_failures":0,"max_looming":0.9960495681136845,"final_forward":0.0}
INFO:     Started server process [23524]
INFO:     Waiting for application startup.
INFO:     Application startup complete.
INFO:     Uvicorn running on https://127.0.0.1:8443 (Press CTRL+C to quit)
INFO:     Shutting down
INFO:     Waiting for application shutdown.
INFO:     Application shutdown complete.
INFO:     Finished server process [23524]
