INFO: wheelchair: Starting controller: /home/rg/work/reflexguard/.venv/bin/python -u wheelchair.py
INFO: pedestrian: Starting controller: python3 -u pedestrian.py "--trajectory=4 0, -4.8 0" --speed=0.5
INFO: scenario: Starting controller: /home/rg/work/reflexguard/.venv/bin/python -u scenario.py
REFLEXGUARD_DECISION={"t_ms": 32, "left": 0.0, "right": 0.0, "left_area": 0.0010416666666666667, "right_area": 0.0010416666666666667, "escape": 0.0, "signal": "NONE", "reason": "user", "user_forward": 0.6, "forward": 0.6, "turn": 0.0, "intervened": false}
REFLEXGUARD_DECISION={"t_ms": 64, "left": 0.18297630497843814, "right": 0.16010426685613346, "left_area": 0.0020833333333333333, "right_area": 0.001953125, "escape": 0.46875, "signal": "STOP", "reason": "hazard_stop", "user_forward": 0.6, "forward": 0.536, "turn": 0.0, "intervened": true}
REFLEXGUARD_DECISION={"t_ms": 576, "left": 0.2824690869420745, "right": 0.34734291373807086, "left_area": 0.00234375, "right_area": 0.00234375, "escape": 0.78125, "signal": "STOP", "reason": "hazard_stop", "user_forward": 0.6, "forward": 0.0, "turn": 0.0, "intervened": true}
REFLEXGUARD_DECISION={"t_ms": 1088, "left": 0.14921381388232965, "right": 0.14955627040699293, "left_area": 0.002734375, "right_area": 0.002734375, "escape": 0.46875, "signal": "STOP", "reason": "hazard_stop", "user_forward": 0.6, "forward": 0.0, "turn": 0.0, "intervened": true}
REFLEXGUARD_DECISION={"t_ms": 1600, "left": 0.16516851932793664, "right": 0.19850738192541276, "left_area": 0.0037760416666666667, "right_area": 0.0037760416666666667, "escape": 0.46875, "signal": "STOP", "reason": "hazard_stop", "user_forward": 0.6, "forward": 0.0, "turn": 0.0, "intervened": true}
REFLEXGUARD_DECISION={"t_ms": 2112, "left": 0.012390566131315032, "right": 0.006628420497554503, "left_area": 0.002994791666666667, "right_area": 0.002994791666666667, "escape": 0.0, "signal": "NONE", "reason": "hazard_stop", "user_forward": 0.6, "forward": 0.0, "turn": 0.0, "intervened": true}
REFLEXGUARD_DECISION={"t_ms": 2624, "left": 0.00048465230204263506, "right": 0.001402766669584228, "left_area": 0.0024739583333333332, "right_area": 0.0024739583333333332, "escape": 0.0, "signal": "NONE", "reason": "hazard_stop", "user_forward": 0.6, "forward": 0.0, "turn": 0.0, "intervened": true}
REFLEXGUARD_DECISION={"t_ms": 3136, "left": 0.16494956528651822, "right": 0.17105344580668802, "left_area": 0.0032552083333333335, "right_area": 0.0032552083333333335, "escape": 0.46875, "signal": "STOP", "reason": "hazard_stop", "user_forward": 0.6, "forward": 0.0, "turn": 0.0, "intervened": true}
REFLEXGUARD_DECISION={"t_ms": 3648, "left": 0.03155920875431103, "right": 0.05704480493972183, "left_area": 0.0033854166666666668, "right_area": 0.0033854166666666668, "escape": 0.0, "signal": "NONE", "reason": "hazard_stop", "user_forward": 0.6, "forward": 0.0, "turn": 0.0, "intervened": true}
REFLEXGUARD_DECISION={"t_ms": 4160, "left": 0.0033773176109429897, "right": 0.012558225860631683, "left_area": 0.003125, "right_area": 0.003125, "escape": 0.0, "signal": "NONE", "reason": "hazard_stop", "user_forward": 0.6, "forward": 0.0, "turn": 0.0, "intervened": true}
REFLEXGUARD_DECISION={"t_ms": 4672, "left": 0.12251420792006137, "right": 0.05714359990318619, "left_area": 0.0026041666666666665, "right_area": 0.0026041666666666665, "escape": 0.15625, "signal": "STOP", "reason": "hazard_stop", "user_forward": 0.6, "forward": 0.0, "turn": 0.0, "intervened": true}
REFLEXGUARD_DECISION={"t_ms": 5184, "left": 0.040881386192240715, "right": 0.030810347460534616, "left_area": 0.002864583333333333, "right_area": 0.002864583333333333, "escape": 0.0, "signal": "NONE", "reason": "hazard_stop", "user_forward": 0.6, "forward": 0.0, "turn": 0.0, "intervened": true}
REFLEXGUARD_DECISION={"t_ms": 5696, "left": 0.09190288825327562, "right": 0.3435608687395389, "left_area": 0.0033854166666666668, "right_area": 0.004557291666666667, "escape": 0.78125, "signal": "STOP", "reason": "hazard_stop", "user_forward": 0.6, "forward": 0.0, "turn": 0.0, "intervened": true}
REFLEXGUARD_DECISION={"t_ms": 6208, "left": 0.270344797659696, "right": 0.22058817902348046, "left_area": 0.004036458333333334, "right_area": 0.004036458333333334, "escape": 0.78125, "signal": "STOP", "reason": "hazard_stop", "user_forward": 0.6, "forward": 0.0, "turn": 0.0, "intervened": true}
REFLEXGUARD_DECISION={"t_ms": 6720, "left": 0.13237232140846744, "right": 0.06425131545981703, "left_area": 0.004427083333333333, "right_area": 0.004166666666666667, "escape": 0.3125, "signal": "STOP", "reason": "hazard_stop", "user_forward": 0.6, "forward": 0.0, "turn": 0.0, "intervened": true}
REFLEXGUARD_DECISION={"t_ms": 7232, "left": 0.2902944480270745, "right": 0.23517283407364317, "left_area": 0.005598958333333333, "right_area": 0.005729166666666666, "escape": 0.78125, "signal": "STOP", "reason": "hazard_stop", "user_forward": 0.6, "forward": 0.0, "turn": 0.0, "intervened": true}
REFLEXGUARD_DECISION={"t_ms": 7744, "left": 0.060931956087251334, "right": 0.05247722391021896, "left_area": 0.005078125, "right_area": 0.005078125, "escape": 0.0, "signal": "NONE", "reason": "hazard_stop", "user_forward": 0.6, "forward": 0.0, "turn": 0.0, "intervened": true}
REFLEXGUARD_DECISION={"t_ms": 8256, "left": 0.17476584387324703, "right": 0.8522351597484952, "left_area": 0.006119791666666667, "right_area": 0.011067708333333334, "escape": 1.0, "signal": "STOP", "reason": "hazard_stop", "user_forward": 0.6, "forward": 0.0, "turn": 0.0, "intervened": true}
REFLEXGUARD_DECISION={"t_ms": 8768, "left": 0.7926472526928463, "right": 0.3619712673331975, "left_area": 0.011458333333333333, "right_area": 0.012890625, "escape": 1.0, "signal": "STOP", "reason": "hazard_stop", "user_forward": 0.6, "forward": 0.0, "turn": 0.0, "intervened": true}
REFLEXGUARD_DECISION={"t_ms": 9280, "left": 0.5540669474391324, "right": 0.3640143897362253, "left_area": 0.015104166666666667, "right_area": 0.015885416666666666, "escape": 1.0, "signal": "STOP", "reason": "hazard_stop", "user_forward": 0.6, "forward": 0.0, "turn": 0.0, "intervened": true}
REFLEXGUARD_DECISION={"t_ms": 9792, "left": 0.2607483105280214, "right": 0.16543258595644206, "left_area": 0.017057291666666665, "right_area": 0.016536458333333334, "escape": 0.625, "signal": "STOP", "reason": "hazard_stop", "user_forward": 0.6, "forward": 0.0, "turn": 0.0, "intervened": true}
REFLEXGUARD_RESULT={"world":"corridor_basic","drive":"forward","duration_s":10.016,"collision":false,"collision_events":0,"min_clearance_estimate_m":0.8199999999999238,"displacement_m":0.06896774330573896,"yaw_change_rad":-2.600455810810414e-13,"camera_frames":312,"camera_pixel_range":190,"camera_width":160,"camera_height":120,"remote_stop_steps":0,"remote_interventions":0,"control_failures":0,"brain_steps":312,"interventions":311,"stop_steps":311,"brain_failures":0,"max_looming":0.9370532733744945,"final_forward":0.0}
INFO: wheelchair: Terminating.
INFO: pedestrian: Terminating.
INFO: scenario: Terminating.
Scenario validation failed; inspect simulator log.
