[main]	INFO	profile include tests: None
[main]	INFO	profile exclude tests: None
[main]	INFO	cli include tests: None
[main]	INFO	cli exclude tests: None
[main]	INFO	running on Python 3.10.12
Run started:2026-09-24 12:11:43.425241+00:00

Test results:
	No issues identified.

Code scanned:
	Total lines of code: 754
	Total lines skipped (#nosec): 0
	Total potential issues skipped due to specifically being disabled (e.g., #nosec BXXX): 0

Run metrics:
	Total issues (by severity):
		Undefined: 0
		Low: 0
		Medium: 0
		High: 0
	Total issues (by confidence):
		Undefined: 0
		Low: 0
		Medium: 0
		High: 0
Files skipped (0):
               
               
┌─────────────┐
│ Scan Status │
└─────────────┘
  Scanning 82 files tracked by git with 151 Code rules:
  Scanning 22 files with 151 python rules.
                
                
┌──────────────┐
│ Scan Summary │
└──────────────┘
✅ Scan completed successfully.
 • Findings: 0 (0 blocking)
 • Rules run: 151
 • Targets scanned: 22
 • Parsed lines: ~100.0%
 • Scan skipped: 
   ◦ Files matching .semgrepignore patterns: 8
 • Scan was limited to files tracked by git
 • For a detailed list of skipped files and lines, run semgrep with the --verbose flag
Ran 151 rules on 22 files: 0 findings.
(need more rules? `semgrep login` for additional free Semgrep Registry rules)

If Semgrep missed a finding, please send us feedback to let us know!
See https://semgrep.dev/docs/reporting-false-negatives/
No known vulnerabilities found
============================= test session starts ==============================
platform linux -- Python 3.10.12, pytest-9.1.1, pluggy-1.6.0
rootdir: /home/rg/work/reflexguard
configfile: pyproject.toml
testpaths: tests
plugins: anyio-4.15.1
collected 124 items

tests/test_bootstrap.py ........                                         [  6%]
tests/test_brain_client.py ...................                           [ 21%]
tests/test_mock_brain.py .................                               [ 35%]
tests/test_mtls_integration.py .........                                 [ 42%]
tests/test_repository_safety.py ............                             [ 52%]
tests/test_schemas.py .......................                            [ 70%]
tests/test_simulation.py ....................................            [100%]

=============================== warnings summary ===============================
.venv/lib/python3.10/site-packages/fastapi/testclient.py:1
  /home/rg/work/reflexguard/.venv/lib/python3.10/site-packages/fastapi/testclient.py:1: StarletteDeprecationWarning: Using `httpx` with `starlette.testclient` is deprecated; install `httpx2` instead.
    from starlette.testclient import TestClient as TestClient  # noqa

-- Docs: https://docs.pytest.org/en/stable/how-to/capture-warnings.html
======================== 124 passed, 1 warning in 1.42s ========================
