INFO: wheelchair: Starting controller: /home/rg/work/reflexguard/.venv/bin/python -u wheelchair.py
INFO: pedestrian: Starting controller: python3 -u pedestrian.py "--trajectory=4 0, -4.8 0" --speed=0.5
INFO: scenario: Starting controller: /home/rg/work/reflexguard/.venv/bin/python -u scenario.py
REFLEXGUARD_DECISION={"t_ms": 32, "left": 0.0, "right": 0.0, "left_area": 0.0010416666666666667, "right_area": 0.0010416666666666667, "escape": 0.0, "signal": "NONE", "reason": "user", "user_forward": 0.6, "forward": 0.6, "turn": 0.0, "intervened": false}
REFLEXGUARD_DECISION={"t_ms": 544, "left": 0.23666987491254052, "right": 0.24459786557194163, "left_area": 0.0020833333333333333, "right_area": 0.0020833333333333333, "escape": 0.0, "signal": "NONE", "reason": "user", "user_forward": 0.6, "forward": 0.6, "turn": 0.0, "intervened": false}
REFLEXGUARD_DECISION={"t_ms": 1056, "left": 0.09293916842828814, "right": 0.10831587799164566, "left_area": 0.00234375, "right_area": 0.002734375, "escape": 0.0, "signal": "NONE", "reason": "user", "user_forward": 0.6, "forward": 0.6, "turn": 0.0, "intervened": false}
REFLEXGUARD_DECISION={"t_ms": 1568, "left": 0.2603761516149561, "right": 0.18152046605566624, "left_area": 0.0032552083333333335, "right_area": 0.0033854166666666668, "escape": 0.0, "signal": "NONE", "reason": "user", "user_forward": 0.6, "forward": 0.6, "turn": 0.0, "intervened": false}
REFLEXGUARD_DECISION={"t_ms": 2080, "left": 0.061602862356948215, "right": 0.06296359018199241, "left_area": 0.002864583333333333, "right_area": 0.003515625, "escape": 0.0, "signal": "NONE", "reason": "user", "user_forward": 0.6, "forward": 0.6, "turn": 0.0, "intervened": false}
REFLEXGUARD_DECISION={"t_ms": 2592, "left": 0.10848916901629896, "right": 0.0992083589781578, "left_area": 0.003125, "right_area": 0.003125, "escape": 0.0, "signal": "NONE", "reason": "user", "user_forward": 0.6, "forward": 0.6, "turn": 0.0, "intervened": false}
REFLEXGUARD_DECISION={"t_ms": 2720, "left": 0.14575575016711018, "right": 0.515674761413673, "left_area": 0.003125, "right_area": 0.0049479166666666664, "escape": 0.2548842483287277, "signal": "STOP", "reason": "hazard_stop", "user_forward": 0.6, "forward": 0.536, "turn": 0.0, "intervened": true}
REFLEXGUARD_DECISION={"t_ms": 3232, "left": 0.14372566850261892, "right": 0.10479759654148396, "left_area": 0.004036458333333334, "right_area": 0.004036458333333334, "escape": 0.0, "signal": "NONE", "reason": "hazard_stop", "user_forward": 0.6, "forward": 0.0, "turn": 0.0, "intervened": true}
REFLEXGUARD_DECISION={"t_ms": 3744, "left": 0.29247043135847667, "right": 0.5250818991445941, "left_area": 0.005078125, "right_area": 0.005729166666666666, "escape": 0.2693567679147602, "signal": "STOP", "reason": "hazard_stop", "user_forward": 0.6, "forward": 0.0, "turn": 0.0, "intervened": true}
REFLEXGUARD_DECISION={"t_ms": 4256, "left": 0.2874334954267369, "right": 0.22276557294329283, "left_area": 0.006119791666666667, "right_area": 0.00625, "escape": 0.0, "signal": "NONE", "reason": "hazard_stop", "user_forward": 0.6, "forward": 0.0, "turn": 0.0, "intervened": true}
REFLEXGUARD_DECISION={"t_ms": 4768, "left": 0.1846506601577017, "right": 0.5713516421922581, "left_area": 0.005989583333333334, "right_area": 0.007552083333333333, "escape": 0.3405409879880894, "signal": "STOP", "reason": "hazard_stop", "user_forward": 0.6, "forward": 0.0, "turn": 0.0, "intervened": true}
REFLEXGUARD_DECISION={"t_ms": 5280, "left": 0.7701918225990493, "right": 0.7411482570458034, "left_area": 0.009765625, "right_area": 0.010807291666666666, "escape": 0.6464489578446913, "signal": "STOP", "reason": "hazard_stop", "user_forward": 0.6, "forward": 0.0, "turn": 0.0, "intervened": true}
REFLEXGUARD_DECISION={"t_ms": 5792, "left": 0.449777334814867, "right": 0.2666158689615171, "left_area": 0.0125, "right_area": 0.0125, "escape": 0.1535035920228723, "signal": "STOP", "reason": "hazard_stop", "user_forward": 0.6, "forward": 0.0, "turn": 0.0, "intervened": true}
REFLEXGUARD_DECISION={"t_ms": 6304, "left": 0.21205421239825134, "right": 0.2838307963784181, "left_area": 0.015494791666666667, "right_area": 0.015234375, "escape": 0.0, "signal": "NONE", "reason": "hazard_stop", "user_forward": 0.6, "forward": 0.0, "turn": 0.0, "intervened": true}
REFLEXGUARD_DECISION={"t_ms": 6816, "left": 0.5772543532566167, "right": 0.6315599259591875, "left_area": 0.022135416666666668, "right_area": 0.0203125, "escape": 0.43316911686028853, "signal": "STOP", "reason": "hazard_stop", "user_forward": 0.6, "forward": 0.0, "turn": 0.0, "intervened": true}
REFLEXGUARD_DECISION={"t_ms": 7328, "left": 0.3614075461404869, "right": 0.27928898989290085, "left_area": 0.026302083333333334, "right_area": 0.022135416666666668, "escape": 0.01755007098536453, "signal": "NONE", "reason": "hazard_stop", "user_forward": 0.6, "forward": 0.0, "turn": 0.0, "intervened": true}
REFLEXGUARD_DECISION={"t_ms": 7840, "left": 0.5833831776124632, "right": 0.5432761294559296, "left_area": 0.034375, "right_area": 0.030208333333333334, "escape": 0.35905104248071257, "signal": "STOP", "reason": "hazard_stop", "user_forward": 0.6, "forward": 0.0, "turn": 0.0, "intervened": true}
REFLEXGUARD_DECISION={"t_ms": 8352, "left": 0.3058468119577259, "right": 0.7748480101006312, "left_area": 0.03893229166666667, "right_area": 0.045703125, "escape": 0.6536123232317403, "signal": "STOP", "reason": "hazard_stop", "user_forward": 0.6, "forward": 0.0, "turn": 0.0, "intervened": true}
REFLEXGUARD_DECISION={"t_ms": 8864, "left": 0.7209425261851348, "right": 0.603338403609572, "left_area": 0.056640625, "right_area": 0.063671875, "escape": 0.570680809515592, "signal": "STOP", "reason": "hazard_stop", "user_forward": 0.6, "forward": 0.0, "turn": 0.0, "intervened": true}
REFLEXGUARD_DECISION={"t_ms": 9376, "left": 0.8305999326494171, "right": 0.5179149173995777, "left_area": 0.08606770833333334, "right_area": 0.08294270833333334, "escape": 0.7393845117683341, "signal": "STOP", "reason": "hazard_stop", "user_forward": 0.6, "forward": 0.0, "turn": 0.0, "intervened": true}
REFLEXGUARD_DECISION={"t_ms": 9888, "left": 0.944138577413951, "right": 0.4182825236778117, "left_area": 0.154296875, "right_area": 0.1046875, "escape": 0.9140593498676169, "signal": "STOP", "reason": "hazard_stop", "user_forward": 0.6, "forward": 0.0, "turn": 0.0, "intervened": true}
REFLEXGUARD_RESULT={"world":"corridor_basic","drive":"forward","duration_s":10.016,"collision":false,"collision_events":0,"min_clearance_estimate_m":0.27245326867288977,"displacement_m":1.6555467313271102,"yaw_change_rad":-5.673861698045556e-13,"camera_frames":312,"camera_pixel_range":190,"camera_width":160,"camera_height":120,"brain_steps":312,"interventions":228,"stop_steps":228,"brain_failures":0,"max_looming":0.9705446950741091,"final_forward":0.0}
INFO: wheelchair: Terminating.
INFO: pedestrian: Terminating.
INFO: scenario: Terminating.
{"world":"corridor_basic","drive":"forward","duration_s":10.016,"collision":false,"collision_events":0,"min_clearance_estimate_m":0.27245326867288977,"displacement_m":1.6555467313271102,"yaw_change_rad":-5.673861698045556e-13,"camera_frames":312,"camera_pixel_range":190,"camera_width":160,"camera_height":120,"brain_steps":312,"interventions":228,"stop_steps":228,"brain_failures":0,"max_looming":0.9705446950741091,"final_forward":0.0}
INFO: wheelchair: Starting controller: /home/rg/work/reflexguard/.venv/bin/python -u wheelchair.py
INFO: pedestrian: Starting controller: python3 -u pedestrian.py "--trajectory=-1.5 2.2, -1.5 -1.2" --speed=0.5
INFO: scenario: Starting controller: /home/rg/work/reflexguard/.venv/bin/python -u scenario.py
REFLEXGUARD_DECISION={"t_ms": 32, "left": 0.0, "right": 0.0, "left_area": 0.09440104166666667, "right_area": 0.0, "escape": 0.0, "signal": "NONE", "reason": "user", "user_forward": 0.6, "forward": 0.6, "turn": 0.0, "intervened": false}
REFLEXGUARD_DECISION={"t_ms": 320, "left": 0.38159709105242123, "right": 0.0, "left_area": 0.10703125, "right_area": 0.0, "escape": 0.048610909311417316, "signal": "RIGHT", "reason": "avoid_turn", "user_forward": 0.6, "forward": 0.6, "turn": -0.3, "intervened": true}
REFLEXGUARD_DECISION={"t_ms": 384, "left": 0.5219733848320782, "right": 0.0, "left_area": 0.1140625, "right_area": 0.0, "escape": 0.2645744382031973, "signal": "STOP", "reason": "hazard_stop", "user_forward": 0.6, "forward": 0.536, "turn": -0.172, "intervened": true}
REFLEXGUARD_DECISION={"t_ms": 896, "left": 0.06627758925514776, "right": 0.0, "left_area": 0.11184895833333333, "right_area": 0.0, "escape": 0.0, "signal": "NONE", "reason": "hazard_stop", "user_forward": 0.6, "forward": 0.0, "turn": 0.0, "intervened": true}
REFLEXGUARD_DECISION={"t_ms": 1408, "left": 0.002182603622541819, "right": 0.0, "left_area": 0.10494791666666667, "right_area": 0.0, "escape": 0.0, "signal": "NONE", "reason": "hazard_stop", "user_forward": 0.6, "forward": 0.0, "turn": 0.0, "intervened": true}
REFLEXGUARD_DECISION={"t_ms": 1920, "left": 7.187585768688275e-05, "right": 0.0, "left_area": 0.07421875, "right_area": 0.0, "escape": 0.0, "signal": "NONE", "reason": "hazard_stop", "user_forward": 0.6, "forward": 0.0, "turn": 0.0, "intervened": true}
REFLEXGUARD_DECISION={"t_ms": 2432, "left": 0.35761008888346574, "right": 0.0, "left_area": 0.08359375, "right_area": 0.0, "escape": 0.011707829051485784, "signal": "RIGHT", "reason": "hazard_stop", "user_forward": 0.6, "forward": 0.0, "turn": 0.0, "intervened": true}
REFLEXGUARD_DECISION={"t_ms": 2944, "left": 0.08062182012671901, "right": 0.0, "left_area": 0.08658854166666667, "right_area": 0.0, "escape": 0.0, "signal": "NONE", "reason": "hazard_stop", "user_forward": 0.6, "forward": 0.0, "turn": 0.0, "intervened": true}
REFLEXGUARD_DECISION={"t_ms": 3456, "left": 0.0026549770237882424, "right": 0.0, "left_area": 0.07252604166666667, "right_area": 0.0, "escape": 0.0, "signal": "NONE", "reason": "hazard_stop", "user_forward": 0.6, "forward": 0.0, "turn": 0.0, "intervened": true}
REFLEXGUARD_DECISION={"t_ms": 3968, "left": 8.743170255601045e-05, "right": 0.3163121898557806, "left_area": 0.06171875, "right_area": 0.0014322916666666666, "escape": 0.0, "signal": "NONE", "reason": "hazard_stop", "user_forward": 0.6, "forward": 0.0, "turn": 0.0, "intervened": true}
REFLEXGUARD_DECISION={"t_ms": 4480, "left": 2.879234940020477e-06, "right": 0.9774853082636443, "left_area": 0.04192708333333333, "right_area": 0.024088541666666668, "escape": 0.9653620127132989, "signal": "STOP", "reason": "hazard_stop", "user_forward": 0.6, "forward": 0.0, "turn": 0.0, "intervened": true}
REFLEXGUARD_DECISION={"t_ms": 4992, "left": 9.481679525254575e-08, "right": 0.9992585631388159, "left_area": 0.007291666666666667, "right_area": 0.06432291666666666, "escape": 0.9988593279058706, "signal": "STOP", "reason": "hazard_stop", "user_forward": 0.6, "forward": 0.0, "turn": 0.0, "intervened": true}
REFLEXGUARD_DECISION={"t_ms": 5504, "left": 3.1224352472949767e-09, "right": 0.34382487075446116, "left_area": 0.0, "right_area": 0.071484375, "escape": 0.0, "signal": "NONE", "reason": "hazard_stop", "user_forward": 0.6, "forward": 0.0, "turn": 0.0, "intervened": true}
REFLEXGUARD_DECISION={"t_ms": 6016, "left": 1.0282568449589392e-10, "right": 0.04284999840140208, "left_area": 0.0, "right_area": 0.06640625, "escape": 0.0, "signal": "NONE", "reason": "hazard_stop", "user_forward": 0.6, "forward": 0.0, "turn": 0.0, "intervened": true}
REFLEXGUARD_DECISION={"t_ms": 6528, "left": 3.386177952355877e-12, "right": 0.1297431937925283, "left_area": 0.0, "right_area": 0.07096354166666667, "escape": 0.0, "signal": "NONE", "reason": "hazard_stop", "user_forward": 0.6, "forward": 0.0, "turn": 0.0, "intervened": true}
REFLEXGUARD_DECISION={"t_ms": 7040, "left": 1.1151106050238755e-13, "right": 0.15525646760969375, "left_area": 0.0, "right_area": 0.07356770833333333, "escape": 0.0, "signal": "NONE", "reason": "hazard_stop", "user_forward": 0.6, "forward": 0.0, "turn": 0.0, "intervened": true}
REFLEXGUARD_DECISION={"t_ms": 7552, "left": 3.672198209700081e-15, "right": 0.05492405942997088, "left_area": 0.0, "right_area": 0.062109375, "escape": 0.0, "signal": "NONE", "reason": "hazard_stop", "user_forward": 0.6, "forward": 0.0, "turn": 0.0, "intervened": true}
REFLEXGUARD_DECISION={"t_ms": 8064, "left": 1.2093006407230565e-16, "right": 0.29512897233467084, "left_area": 0.0, "right_area": 0.078125, "escape": 0.0, "signal": "NONE", "reason": "hazard_stop", "user_forward": 0.6, "forward": 0.0, "turn": 0.0, "intervened": true}
REFLEXGUARD_DECISION={"t_ms": 8576, "left": 0.5618785709315391, "right": 0.012642393479377166, "left_area": 0.0024739583333333332, "right_area": 0.06940104166666666, "escape": 0.32596703220236795, "signal": "STOP", "reason": "hazard_stop", "user_forward": 0.6, "forward": 0.0, "turn": 0.0, "intervened": true}
REFLEXGUARD_DECISION={"t_ms": 9088, "left": 0.9838342393428572, "right": 0.00041632977475179517, "left_area": 0.026953125, "right_area": 0.031510416666666666, "escape": 0.9751295989890111, "signal": "STOP", "reason": "hazard_stop", "user_forward": 0.6, "forward": 0.0, "turn": 0.0, "intervened": true}
REFLEXGUARD_DECISION={"t_ms": 9600, "left": 0.9943176465040614, "right": 1.3710258395898282e-05, "left_area": 0.05963541666666667, "right_area": 0.006640625, "escape": 0.991257917698556, "signal": "STOP", "reason": "hazard_stop", "user_forward": 0.6, "forward": 0.0, "turn": 0.0, "intervened": true}
REFLEXGUARD_RESULT={"world":"corridor_side","drive":"forward","duration_s":10.016,"collision":false,"collision_events":0,"min_clearance_estimate_m":0.8151863110338083,"displacement_m":0.25302696553751286,"yaw_change_rad":-0.01999997858270367,"camera_frames":312,"camera_pixel_range":190,"camera_width":160,"camera_height":120,"brain_steps":312,"interventions":303,"stop_steps":301,"brain_failures":0,"max_looming":0.9992585631388159,"final_forward":0.0}
INFO: wheelchair: Terminating.
INFO: pedestrian: Terminating.
INFO: scenario: Terminating.
{"world":"corridor_side","drive":"forward","duration_s":10.016,"collision":false,"collision_events":0,"min_clearance_estimate_m":0.8151863110338083,"displacement_m":0.25302696553751286,"yaw_change_rad":-0.01999997858270367,"camera_frames":312,"camera_pixel_range":190,"camera_width":160,"camera_height":120,"brain_steps":312,"interventions":303,"stop_steps":301,"brain_failures":0,"max_looming":0.9992585631388159,"final_forward":0.0}
INFO: wheelchair: Starting controller: /home/rg/work/reflexguard/.venv/bin/python -u wheelchair.py
INFO: scenario: Starting controller: /home/rg/work/reflexguard/.venv/bin/python -u scenario.py
REFLEXGUARD_DECISION={"t_ms": 32, "left": 0.0, "right": 0.0, "left_area": 0.012369791666666666, "right_area": 0.012369791666666666, "escape": 0.0, "signal": "NONE", "reason": "user", "user_forward": 0.6, "forward": 0.6, "turn": 0.0, "intervened": false}
REFLEXGUARD_DECISION={"t_ms": 544, "left": 0.22600744540737097, "right": 0.22600744540737097, "left_area": 0.013541666666666667, "right_area": 0.013541666666666667, "escape": 0.0, "signal": "NONE", "reason": "user", "user_forward": 0.6, "forward": 0.6, "turn": 0.0, "intervened": false}
REFLEXGUARD_DECISION={"t_ms": 768, "left": 0.5458353611036546, "right": 0.5458353611036546, "left_area": 0.016276041666666668, "right_area": 0.016276041666666668, "escape": 0.30128517092869944, "signal": "STOP", "reason": "hazard_stop", "user_forward": 0.6, "forward": 0.536, "turn": 0.0, "intervened": true}
REFLEXGUARD_DECISION={"t_ms": 1280, "left": 0.14827427524863648, "right": 0.14827427524863648, "left_area": 0.01640625, "right_area": 0.01640625, "escape": 0.0, "signal": "NONE", "reason": "hazard_stop", "user_forward": 0.6, "forward": 0.0, "turn": 0.0, "intervened": true}
REFLEXGUARD_DECISION={"t_ms": 1792, "left": 0.008302352716245763, "right": 0.008302352716245763, "left_area": 0.016276041666666668, "right_area": 0.016276041666666668, "escape": 0.0, "signal": "NONE", "reason": "hazard_stop", "user_forward": 0.6, "forward": 0.0, "turn": 0.0, "intervened": true}
REFLEXGUARD_DECISION={"t_ms": 2304, "left": 0.00027340682299621313, "right": 0.00027340682299621313, "left_area": 0.016276041666666668, "right_area": 0.016276041666666668, "escape": 0.0, "signal": "NONE", "reason": "hazard_stop", "user_forward": 0.6, "forward": 0.0, "turn": 0.0, "intervened": true}
REFLEXGUARD_DECISION={"t_ms": 2816, "left": 9.003627455457517e-06, "right": 9.003627455457517e-06, "left_area": 0.016276041666666668, "right_area": 0.016276041666666668, "escape": 0.0, "signal": "NONE", "reason": "hazard_stop", "user_forward": 0.6, "forward": 0.0, "turn": 0.0, "intervened": true}
REFLEXGUARD_DECISION={"t_ms": 3328, "left": 2.9650067422710663e-07, "right": 2.9650067422710663e-07, "left_area": 0.016276041666666668, "right_area": 0.016276041666666668, "escape": 0.0, "signal": "NONE", "reason": "hazard_stop", "user_forward": 0.6, "forward": 0.0, "turn": 0.0, "intervened": true}
REFLEXGUARD_DECISION={"t_ms": 3840, "left": 9.764136760660936e-09, "right": 9.764136760660936e-09, "left_area": 0.016276041666666668, "right_area": 0.016276041666666668, "escape": 0.0, "signal": "NONE", "reason": "hazard_stop", "user_forward": 0.6, "forward": 0.0, "turn": 0.0, "intervened": true}
REFLEXGUARD_DECISION={"t_ms": 4352, "left": 3.2154519354605305e-10, "right": 3.2154519354605305e-10, "left_area": 0.016276041666666668, "right_area": 0.016276041666666668, "escape": 0.0, "signal": "NONE", "reason": "hazard_stop", "user_forward": 0.6, "forward": 0.0, "turn": 0.0, "intervened": true}
REFLEXGUARD_DECISION={"t_ms": 4864, "left": 1.0588883997316126e-11, "right": 1.0588883997316126e-11, "left_area": 0.016276041666666668, "right_area": 0.016276041666666668, "escape": 0.0, "signal": "NONE", "reason": "hazard_stop", "user_forward": 0.6, "forward": 0.0, "turn": 0.0, "intervened": true}
REFLEXGUARD_DECISION={"t_ms": 5376, "left": 3.487051480138471e-13, "right": 3.487051480138471e-13, "left_area": 0.016276041666666668, "right_area": 0.016276041666666668, "escape": 0.0, "signal": "NONE", "reason": "hazard_stop", "user_forward": 0.6, "forward": 0.0, "turn": 0.0, "intervened": true}
REFLEXGUARD_DECISION={"t_ms": 5888, "left": 1.1483295150100686e-14, "right": 1.1483295150100686e-14, "left_area": 0.016276041666666668, "right_area": 0.016276041666666668, "escape": 0.0, "signal": "NONE", "reason": "hazard_stop", "user_forward": 0.6, "forward": 0.0, "turn": 0.0, "intervened": true}
REFLEXGUARD_DECISION={"t_ms": 6400, "left": 3.7815922206886815e-16, "right": 3.7815922206886815e-16, "left_area": 0.016276041666666668, "right_area": 0.016276041666666668, "escape": 0.0, "signal": "NONE", "reason": "hazard_stop", "user_forward": 0.6, "forward": 0.0, "turn": 0.0, "intervened": true}
REFLEXGUARD_DECISION={"t_ms": 6912, "left": 1.245325452028268e-17, "right": 1.245325452028268e-17, "left_area": 0.016276041666666668, "right_area": 0.016276041666666668, "escape": 0.0, "signal": "NONE", "reason": "hazard_stop", "user_forward": 0.6, "forward": 0.0, "turn": 0.0, "intervened": true}
REFLEXGUARD_DECISION={"t_ms": 7424, "left": 4.101011930860648e-19, "right": 4.101011930860648e-19, "left_area": 0.016276041666666668, "right_area": 0.016276041666666668, "escape": 0.0, "signal": "NONE", "reason": "hazard_stop", "user_forward": 0.6, "forward": 0.0, "turn": 0.0, "intervened": true}
REFLEXGUARD_DECISION={"t_ms": 7936, "left": 1.350514343834323e-20, "right": 1.350514343834323e-20, "left_area": 0.016276041666666668, "right_area": 0.016276041666666668, "escape": 0.0, "signal": "NONE", "reason": "hazard_stop", "user_forward": 0.6, "forward": 0.0, "turn": 0.0, "intervened": true}
REFLEXGUARD_DECISION={"t_ms": 8448, "left": 4.447412062318694e-22, "right": 4.447412062318694e-22, "left_area": 0.016276041666666668, "right_area": 0.016276041666666668, "escape": 0.0, "signal": "NONE", "reason": "hazard_stop", "user_forward": 0.6, "forward": 0.0, "turn": 0.0, "intervened": true}
REFLEXGUARD_DECISION={"t_ms": 8960, "left": 1.4645882246537846e-23, "right": 1.4645882246537846e-23, "left_area": 0.016276041666666668, "right_area": 0.016276041666666668, "escape": 0.0, "signal": "NONE", "reason": "hazard_stop", "user_forward": 0.6, "forward": 0.0, "turn": 0.0, "intervened": true}
REFLEXGUARD_DECISION={"t_ms": 9472, "left": 4.823071570022684e-25, "right": 4.823071570022684e-25, "left_area": 0.016276041666666668, "right_area": 0.016276041666666668, "escape": 0.0, "signal": "NONE", "reason": "hazard_stop", "user_forward": 0.6, "forward": 0.0, "turn": 0.0, "intervened": true}
REFLEXGUARD_DECISION={"t_ms": 9984, "left": 1.5882975827598235e-26, "right": 1.5882975827598235e-26, "left_area": 0.016276041666666668, "right_area": 0.016276041666666668, "escape": 0.0, "signal": "NONE", "reason": "hazard_stop", "user_forward": 0.6, "forward": 0.0, "turn": 0.0, "intervened": true}
REFLEXGUARD_RESULT={"world":"corridor_static","drive":"forward","duration_s":10.016,"collision":false,"collision_events":0,"min_clearance_estimate_m":0.8199999999997417,"displacement_m":0.4843467313633165,"yaw_change_rad":-1.434476311587609e-13,"camera_frames":312,"camera_pixel_range":187,"camera_width":160,"camera_height":120,"brain_steps":312,"interventions":289,"stop_steps":289,"brain_failures":0,"max_looming":0.5903657097775967,"final_forward":0.0}
INFO: wheelchair: Terminating.
INFO: scenario: Terminating.
{"world":"corridor_static","drive":"forward","duration_s":10.016,"collision":false,"collision_events":0,"min_clearance_estimate_m":0.8199999999997417,"displacement_m":0.4843467313633165,"yaw_change_rad":-1.434476311587609e-13,"camera_frames":312,"camera_pixel_range":187,"camera_width":160,"camera_height":120,"brain_steps":312,"interventions":289,"stop_steps":289,"brain_failures":0,"max_looming":0.5903657097775967,"final_forward":0.0}
INFO: wheelchair: Starting controller: /home/rg/work/reflexguard/.venv/bin/python -u wheelchair.py
INFO: scenario: Starting controller: /home/rg/work/reflexguard/.venv/bin/python -u scenario.py
REFLEXGUARD_DECISION={"t_ms": 32, "left": 0.0, "right": 0.0, "left_area": 0.012369791666666666, "right_area": 0.012369791666666666, "escape": 0.0, "signal": "NONE", "reason": "idle", "user_forward": 0.0, "forward": 0.0, "turn": 0.0, "intervened": false}
REFLEXGUARD_DECISION={"t_ms": 544, "left": 0.049666039845524756, "right": 0.049666039845524756, "left_area": 0.0125, "right_area": 0.0125, "escape": 0.0, "signal": "NONE", "reason": "idle", "user_forward": 0.0, "forward": 0.0, "turn": 0.0, "intervened": false}
REFLEXGUARD_DECISION={"t_ms": 1056, "left": 0.002654443931003117, "right": 0.002654443931003117, "left_area": 0.0125, "right_area": 0.0125, "escape": 0.0, "signal": "NONE", "reason": "idle", "user_forward": 0.0, "forward": 0.0, "turn": 0.0, "intervened": false}
REFLEXGUARD_DECISION={"t_ms": 1568, "left": 0.00010170001356571616, "right": 0.00010170001356571616, "left_area": 0.0125, "right_area": 0.0125, "escape": 0.0, "signal": "NONE", "reason": "idle", "user_forward": 0.0, "forward": 0.0, "turn": 0.0, "intervened": false}
REFLEXGUARD_DECISION={"t_ms": 2080, "left": 3.5495155452196047e-06, "right": 3.5495155452196047e-06, "left_area": 0.0125, "right_area": 0.0125, "escape": 0.0, "signal": "NONE", "reason": "idle", "user_forward": 0.0, "forward": 0.0, "turn": 0.0, "intervened": false}
REFLEXGUARD_DECISION={"t_ms": 2592, "left": 1.1970137892913428e-07, "right": 1.1970137892913428e-07, "left_area": 0.0125, "right_area": 0.0125, "escape": 0.0, "signal": "NONE", "reason": "idle", "user_forward": 0.0, "forward": 0.0, "turn": 0.0, "intervened": false}
REFLEXGUARD_RESULT={"world":"corridor_static","drive":"idle","duration_s":3.008,"collision":false,"collision_events":0,"min_clearance_estimate_m":0.8199999999999751,"displacement_m":0.0030705289374770572,"yaw_change_rad":2.756030723128697e-15,"camera_frames":93,"camera_pixel_range":187,"camera_width":160,"camera_height":120,"brain_steps":93,"interventions":0,"stop_steps":0,"brain_failures":0,"max_looming":0.11462113966646187,"final_forward":0.0}
INFO: wheelchair: Terminating.
INFO: scenario: Terminating.
{"world":"corridor_static","drive":"idle","duration_s":3.008,"collision":false,"collision_events":0,"min_clearance_estimate_m":0.8199999999999751,"displacement_m":0.0030705289374770572,"yaw_change_rad":2.756030723128697e-15,"camera_frames":93,"camera_pixel_range":187,"camera_width":160,"camera_height":120,"brain_steps":93,"interventions":0,"stop_steps":0,"brain_failures":0,"max_looming":0.11462113966646187,"final_forward":0.0}
INFO:     Started server process [24744]
INFO:     Waiting for application startup.
INFO:     Application startup complete.
INFO:     Uvicorn running on https://127.0.0.1:8443 (Press CTRL+C to quit)
INFO:     Shutting down
INFO:     Waiting for application shutdown.
INFO:     Application shutdown complete.
INFO:     Finished server process [24744]
