[main]	INFO	profile include tests: None
[main]	INFO	profile exclude tests: None
[main]	INFO	cli include tests: None
[main]	INFO	cli exclude tests: None
[main]	INFO	running on Python 3.10.12
Run started:2026-09-24 10:17:30.431683+00:00

Test results:
	No issues identified.

Code scanned:
	Total lines of code: 18
	Total lines skipped (#nosec): 0
	Total potential issues skipped due to specifically being disabled (e.g., #nosec BXXX): 0

Run metrics:
	Total issues (by severity):
		Undefined: 0
		Low: 0
		Medium: 0
		High: 0
	Total issues (by confidence):
		Undefined: 0
		Low: 0
		Medium: 0
		High: 0
Files skipped (0):


┌─────────────┐
│ Scan Status │
└─────────────┘
  Scanning 29 files tracked by git with 151 Code rules:
  Scanning 1 file with 151 python rules.


┌──────────────┐
│ Scan Summary │
└──────────────┘
✅ Scan completed successfully.
 • Findings: 0 (0 blocking)
 • Rules run: 151
 • Targets scanned: 1
 • Parsed lines: ~100.0%
 • Scan skipped:
   ◦ Files matching .semgrepignore patterns: 2
 • Scan was limited to files tracked by git
 • For a detailed list of skipped files and lines, run semgrep with the --verbose flag
Ran 151 rules on 1 file: 0 findings.
(need more rules? `semgrep login` for additional free Semgrep Registry rules)

If Semgrep missed a finding, please send us feedback to let us know!
See https://semgrep.dev/docs/reporting-false-negatives/
No known vulnerabilities found
============================= test session starts ==============================
platform linux -- Python 3.10.12, pytest-9.1.1, pluggy-1.6.0
rootdir: /home/rg/work/reflexguard
configfile: pyproject.toml
testpaths: tests
collected 20 items

tests/test_bootstrap.py ........                                         [ 40%]
tests/test_repository_safety.py ............                             [100%]

============================== 20 passed in 0.07s ==============================
