INFO: wheelchair: Starting controller: /tmp/reflexguard-settings/.venv/bin/python -u wheelchair.py
INFO: pedestrian: Starting controller: python3 -u pedestrian.py "--trajectory=8 2.5, 8 -2.5" --speed=0.4
INFO: scenario: Starting controller: /tmp/reflexguard-settings/.venv/bin/python -u scenario.py
REFLEXGUARD_CALIBRATION={"drive_speed":1.0,"dark_threshold":140,"area_floor":0.008,"area_tau_s":0.12,"looming_tau_s":0.15,"expansion_scale":1.0,"stop_on":0.25,"stop_off":0.12,"turn_on":0.35,"turn_off":0.1,"turn_gain":0.3,"max_turn":1.2,"deceleration":2.0,"release_ms":500}
REFLEXGUARD_DECISION={"t_ms": 32, "left": 0.0, "right": 0.0, "left_area": 0.0, "right_area": 0.0, "escape": 0.0, "signal": "NONE", "reason": "user", "user_forward": 1.0, "forward": 1.0, "turn": 0.0, "intervened": false}
REFLEXGUARD_DECISION={"t_ms": 544, "left": 0.0, "right": 0.0, "left_area": 0.0, "right_area": 0.0, "escape": 0.0, "signal": "NONE", "reason": "user", "user_forward": 1.0, "forward": 1.0, "turn": 0.0, "intervened": false}
REFLEXGUARD_DECISION={"t_ms": 1056, "left": 0.0, "right": 0.0, "left_area": 0.0, "right_area": 0.0, "escape": 0.0, "signal": "NONE", "reason": "user", "user_forward": 1.0, "forward": 1.0, "turn": 0.0, "intervened": false}
REFLEXGUARD_DECISION={"t_ms": 1568, "left": 0.0, "right": 0.0, "left_area": 0.0, "right_area": 0.0, "escape": 0.0, "signal": "NONE", "reason": "user", "user_forward": 1.0, "forward": 1.0, "turn": 0.0, "intervened": false}
REFLEXGUARD_DECISION={"t_ms": 2080, "left": 0.0, "right": 0.0, "left_area": 0.0, "right_area": 0.0, "escape": 0.0, "signal": "NONE", "reason": "user", "user_forward": 1.0, "forward": 1.0, "turn": 0.0, "intervened": false}
REFLEXGUARD_DECISION={"t_ms": 2592, "left": 0.0, "right": 0.0, "left_area": 0.0, "right_area": 0.0, "escape": 0.0, "signal": "NONE", "reason": "user", "user_forward": 1.0, "forward": 1.0, "turn": 0.0, "intervened": false}
REFLEXGUARD_DECISION={"t_ms": 3104, "left": 0.0, "right": 0.0, "left_area": 0.0, "right_area": 0.0, "escape": 0.0, "signal": "NONE", "reason": "user", "user_forward": 1.0, "forward": 1.0, "turn": 0.0, "intervened": false}
REFLEXGUARD_DECISION={"t_ms": 3616, "left": 0.0, "right": 0.0, "left_area": 0.0, "right_area": 0.0, "escape": 0.0, "signal": "NONE", "reason": "user", "user_forward": 1.0, "forward": 1.0, "turn": 0.0, "intervened": false}
REFLEXGUARD_DECISION={"t_ms": 4128, "left": 0.0, "right": 0.0, "left_area": 0.0, "right_area": 0.0, "escape": 0.0, "signal": "NONE", "reason": "user", "user_forward": 1.0, "forward": 1.0, "turn": 0.0, "intervened": false}
REFLEXGUARD_DECISION={"t_ms": 4640, "left": 0.0, "right": 0.0, "left_area": 0.0, "right_area": 0.0, "escape": 0.0, "signal": "NONE", "reason": "user", "user_forward": 1.0, "forward": 1.0, "turn": 0.0, "intervened": false}
REFLEXGUARD_DECISION={"t_ms": 5152, "left": 0.0, "right": 0.0, "left_area": 0.0, "right_area": 0.0, "escape": 0.0, "signal": "NONE", "reason": "user", "user_forward": 1.0, "forward": 1.0, "turn": 0.0, "intervened": false}
REFLEXGUARD_DECISION={"t_ms": 5664, "left": 0.0, "right": 0.0, "left_area": 0.0, "right_area": 0.0, "escape": 0.0, "signal": "NONE", "reason": "user", "user_forward": 1.0, "forward": 1.0, "turn": 0.0, "intervened": false}
REFLEXGUARD_DECISION={"t_ms": 6176, "left": 0.0, "right": 0.0, "left_area": 0.0, "right_area": 0.0, "escape": 0.0, "signal": "NONE", "reason": "user", "user_forward": 1.0, "forward": 1.0, "turn": 0.0, "intervened": false}
REFLEXGUARD_DECISION={"t_ms": 6688, "left": 0.0, "right": 0.0, "left_area": 0.0, "right_area": 0.0, "escape": 0.0, "signal": "NONE", "reason": "user", "user_forward": 1.0, "forward": 1.0, "turn": 0.0, "intervened": false}
REFLEXGUARD_DECISION={"t_ms": 7200, "left": 0.0, "right": 0.0, "left_area": 0.0, "right_area": 0.0, "escape": 0.0, "signal": "NONE", "reason": "user", "user_forward": 1.0, "forward": 1.0, "turn": 0.0, "intervened": false}
REFLEXGUARD_DECISION={"t_ms": 7712, "left": 0.0, "right": 0.0, "left_area": 0.0, "right_area": 0.0, "escape": 0.0, "signal": "NONE", "reason": "user", "user_forward": 1.0, "forward": 1.0, "turn": 0.0, "intervened": false}
REFLEXGUARD_DECISION={"t_ms": 8224, "left": 0.0, "right": 0.0, "left_area": 0.0, "right_area": 0.0, "escape": 0.0, "signal": "NONE", "reason": "user", "user_forward": 1.0, "forward": 1.0, "turn": 0.0, "intervened": false}
REFLEXGUARD_DECISION={"t_ms": 8736, "left": 0.0, "right": 0.0, "left_area": 0.0, "right_area": 0.0, "escape": 0.0, "signal": "NONE", "reason": "user", "user_forward": 1.0, "forward": 1.0, "turn": 0.0, "intervened": false}
REFLEXGUARD_DECISION={"t_ms": 9248, "left": 0.0, "right": 0.0, "left_area": 0.0, "right_area": 0.0, "escape": 0.0, "signal": "NONE", "reason": "user", "user_forward": 1.0, "forward": 1.0, "turn": 0.0, "intervened": false}
REFLEXGUARD_DECISION={"t_ms": 9760, "left": 0.0, "right": 0.0, "left_area": 0.0, "right_area": 0.0, "escape": 0.0, "signal": "NONE", "reason": "user", "user_forward": 1.0, "forward": 1.0, "turn": 0.0, "intervened": false}
REFLEXGUARD_DECISION={"t_ms": 10272, "left": 0.0, "right": 0.0, "left_area": 0.0, "right_area": 0.0, "escape": 0.0, "signal": "NONE", "reason": "user", "user_forward": 1.0, "forward": 1.0, "turn": 0.0, "intervened": false}
REFLEXGUARD_DECISION={"t_ms": 10784, "left": 0.0, "right": 0.0, "left_area": 0.0, "right_area": 0.0, "escape": 0.0, "signal": "NONE", "reason": "user", "user_forward": 1.0, "forward": 1.0, "turn": 0.0, "intervened": false}
REFLEXGUARD_DECISION={"t_ms": 11296, "left": 0.0, "right": 0.0, "left_area": 0.0, "right_area": 0.0, "escape": 0.0, "signal": "NONE", "reason": "user", "user_forward": 1.0, "forward": 1.0, "turn": 0.0, "intervened": false}
REFLEXGUARD_DECISION={"t_ms": 11808, "left": 0.0, "right": 0.0, "left_area": 0.0, "right_area": 0.0, "escape": 0.0, "signal": "NONE", "reason": "user", "user_forward": 1.0, "forward": 1.0, "turn": 0.0, "intervened": false}
REFLEXGUARD_DECISION={"t_ms": 12320, "left": 0.0, "right": 0.0, "left_area": 0.0, "right_area": 0.0, "escape": 0.0, "signal": "NONE", "reason": "user", "user_forward": 1.0, "forward": 1.0, "turn": 0.0, "intervened": false}
REFLEXGUARD_DECISION={"t_ms": 12832, "left": 0.0, "right": 0.0, "left_area": 0.0, "right_area": 0.0, "escape": 0.0, "signal": "NONE", "reason": "user", "user_forward": 1.0, "forward": 1.0, "turn": 0.0, "intervened": false}
REFLEXGUARD_DECISION={"t_ms": 13344, "left": 0.0, "right": 0.0818388005347183, "left_area": 0.0, "right_area": 0.0, "escape": 0.0, "signal": "NONE", "reason": "user", "user_forward": 1.0, "forward": 1.0, "turn": 0.0, "intervened": false}
REFLEXGUARD_DECISION={"t_ms": 13856, "left": 0.0, "right": 0.002695053705467719, "left_area": 0.0, "right_area": 0.0, "escape": 0.0, "signal": "NONE", "reason": "user", "user_forward": 1.0, "forward": 1.0, "turn": 0.0, "intervened": false}
REFLEXGUARD_DECISION={"t_ms": 14240, "left": 0.0, "right": 0.36349937021070977, "left_area": 0.0, "right_area": 0.001171875, "escape": 0.02076826186263045, "signal": "LEFT", "reason": "avoid_turn", "user_forward": 1.0, "forward": 1.0, "turn": 0.3, "intervened": true}
REFLEXGUARD_DECISION={"t_ms": 14336, "left": 0.0, "right": 0.3031729965120161, "left_area": 0.0, "right_area": 0.0, "escape": 0.0, "signal": "NONE", "reason": "user", "user_forward": 1.0, "forward": 1.0, "turn": 0.0, "intervened": false}
REFLEXGUARD_DECISION={"t_ms": 14368, "left": 0.0, "right": 0.43514270788068954, "left_area": 0.0, "right_area": 0.0015625, "escape": 0.13098878135490702, "signal": "LEFT", "reason": "avoid_turn", "user_forward": 1.0, "forward": 1.0, "turn": 0.3, "intervened": true}
REFLEXGUARD_DECISION={"t_ms": 14528, "left": 0.0, "right": 0.31723798535408865, "left_area": 0.0, "right_area": 0.001171875, "escape": 0.0, "signal": "NONE", "reason": "user", "user_forward": 1.0, "forward": 1.0, "turn": 0.0, "intervened": false}
REFLEXGUARD_DECISION={"t_ms": 14976, "left": 0.0, "right": 0.4544636595111132, "left_area": 0.0, "right_area": 0.00234375, "escape": 0.1607133223247896, "signal": "LEFT", "reason": "avoid_turn", "user_forward": 1.0, "forward": 1.0, "turn": 0.3, "intervened": true}
REFLEXGUARD_DECISION={"t_ms": 15040, "left": 0.0, "right": 0.5207644704609209, "left_area": 0.0, "right_area": 0.003515625, "escape": 0.2627145699398783, "signal": "STOP", "reason": "hazard_stop", "user_forward": 1.0, "forward": 0.9359999999999999, "turn": 0.172, "intervened": true}
REFLEXGUARD_DECISION={"t_ms": 15552, "left": 0.0, "right": 0.34541263887446794, "left_area": 0.0, "right_area": 0.00234375, "escape": 0.0, "signal": "NONE", "reason": "hazard_stop", "user_forward": 1.0, "forward": 0.0, "turn": 0.0, "intervened": true}
REFLEXGUARD_DECISION={"t_ms": 16064, "left": 0.0, "right": 0.05322267903138336, "left_area": 0.0, "right_area": 0.0, "escape": 0.0, "signal": "NONE", "reason": "hazard_stop", "user_forward": 1.0, "forward": 0.0, "turn": 0.0, "intervened": true}
REFLEXGUARD_DECISION={"t_ms": 16576, "left": 0.0, "right": 0.15180813139526195, "left_area": 0.0, "right_area": 0.0, "escape": 0.0, "signal": "NONE", "reason": "hazard_stop", "user_forward": 1.0, "forward": 0.0, "turn": 0.0, "intervened": true}
REFLEXGUARD_DECISION={"t_ms": 17088, "left": 0.0, "right": 0.23767985628669688, "left_area": 0.0, "right_area": 0.0, "escape": 0.0, "signal": "NONE", "reason": "hazard_stop", "user_forward": 1.0, "forward": 0.0, "turn": 0.0, "intervened": true}
REFLEXGUARD_DECISION={"t_ms": 17600, "left": 0.0, "right": 0.15680648488946913, "left_area": 0.0, "right_area": 0.0, "escape": 0.0, "signal": "NONE", "reason": "hazard_stop", "user_forward": 1.0, "forward": 0.0, "turn": 0.0, "intervened": true}
REFLEXGUARD_DECISION={"t_ms": 18112, "left": 0.0, "right": 0.16057249408565233, "left_area": 0.0, "right_area": 0.0, "escape": 0.0, "signal": "NONE", "reason": "hazard_stop", "user_forward": 1.0, "forward": 0.0, "turn": 0.0, "intervened": true}
REFLEXGUARD_DECISION={"t_ms": 18624, "left": 0.0, "right": 0.14431694795303524, "left_area": 0.0, "right_area": 0.0, "escape": 0.0, "signal": "NONE", "reason": "hazard_stop", "user_forward": 1.0, "forward": 0.0, "turn": 0.0, "intervened": true}
REFLEXGUARD_DECISION={"t_ms": 19136, "left": 0.0, "right": 0.2547962853968291, "left_area": 0.0, "right_area": 0.001171875, "escape": 0.0, "signal": "NONE", "reason": "hazard_stop", "user_forward": 1.0, "forward": 0.0, "turn": 0.0, "intervened": true}
REFLEXGUARD_DECISION={"t_ms": 19648, "left": 0.0, "right": 0.42930893349854526, "left_area": 0.0, "right_area": 0.00234375, "escape": 0.12201374384391582, "signal": "LEFT", "reason": "hazard_stop", "user_forward": 1.0, "forward": 0.0, "turn": 0.0, "intervened": true}
REFLEXGUARD_DECISION={"t_ms": 20160, "left": 0.0895688787572487, "right": 0.09793069717006106, "left_area": 0.0, "right_area": 0.0, "escape": 0.0, "signal": "NONE", "reason": "hazard_stop", "user_forward": 1.0, "forward": 0.0, "turn": 0.0, "intervened": true}
REFLEXGUARD_DECISION={"t_ms": 20672, "left": 0.07243140681791352, "right": 0.03628146664450872, "left_area": 0.0, "right_area": 0.0, "escape": 0.0, "signal": "NONE", "reason": "hazard_stop", "user_forward": 1.0, "forward": 0.0, "turn": 0.0, "intervened": true}
REFLEXGUARD_DECISION={"t_ms": 21184, "left": 0.24577113757979058, "right": 0.0011947939178141485, "left_area": 0.001171875, "right_area": 0.0, "escape": 0.0, "signal": "NONE", "reason": "hazard_stop", "user_forward": 1.0, "forward": 0.0, "turn": 0.0, "intervened": true}
REFLEXGUARD_DECISION={"t_ms": 21696, "left": 0.234917741789464, "right": 3.934605290444457e-05, "left_area": 0.001171875, "right_area": 0.0, "escape": 0.0, "signal": "NONE", "reason": "hazard_stop", "user_forward": 1.0, "forward": 0.0, "turn": 0.0, "intervened": true}
REFLEXGUARD_DECISION={"t_ms": 22208, "left": 0.4413452216220308, "right": 1.2957145630533433e-06, "left_area": 0.00234375, "right_area": 0.0, "escape": 0.14053111018773976, "signal": "RIGHT", "reason": "hazard_stop", "user_forward": 1.0, "forward": 0.0, "turn": 0.0, "intervened": true}
REFLEXGUARD_DECISION={"t_ms": 22720, "left": 0.0736965684613325, "right": 4.266949553963694e-08, "left_area": 0.0, "right_area": 0.0, "escape": 0.0, "signal": "NONE", "reason": "hazard_stop", "user_forward": 1.0, "forward": 0.0, "turn": 0.0, "intervened": true}
REFLEXGUARD_DECISION={"t_ms": 23232, "left": 0.1603058402108895, "right": 1.4051596713682543e-09, "left_area": 0.0, "right_area": 0.0, "escape": 0.0, "signal": "NONE", "reason": "hazard_stop", "user_forward": 1.0, "forward": 0.0, "turn": 0.0, "intervened": true}
REFLEXGUARD_DECISION={"t_ms": 23744, "left": 0.305145926345138, "right": 4.627365936880114e-11, "left_area": 0.001171875, "right_area": 0.0, "escape": 0.0, "signal": "NONE", "reason": "hazard_stop", "user_forward": 1.0, "forward": 0.0, "turn": 0.0, "intervened": true}
REFLEXGUARD_DECISION={"t_ms": 24256, "left": 0.2246680599019111, "right": 1.5238492784914793e-12, "left_area": 0.0, "right_area": 0.0, "escape": 0.0, "signal": "NONE", "reason": "hazard_stop", "user_forward": 1.0, "forward": 0.0, "turn": 0.0, "intervened": true}
REFLEXGUARD_DECISION={"t_ms": 24768, "left": 0.1844999838578821, "right": 5.018225606606401e-14, "left_area": 0.001171875, "right_area": 0.0, "escape": 0.0, "signal": "NONE", "reason": "hazard_stop", "user_forward": 1.0, "forward": 0.0, "turn": 0.0, "intervened": true}
REFLEXGUARD_DECISION={"t_ms": 25280, "left": 0.13733698113966541, "right": 1.6525642394062396e-15, "left_area": 0.001171875, "right_area": 0.0, "escape": 0.0, "signal": "NONE", "reason": "hazard_stop", "user_forward": 1.0, "forward": 0.0, "turn": 0.0, "intervened": true}
REFLEXGUARD_DECISION={"t_ms": 25792, "left": 0.2800556730441039, "right": 5.4421000159280486e-17, "left_area": 0.0, "right_area": 0.0, "escape": 0.0, "signal": "NONE", "reason": "hazard_stop", "user_forward": 1.0, "forward": 0.0, "turn": 0.0, "intervened": true}
REFLEXGUARD_DECISION={"t_ms": 26304, "left": 0.20334018882649807, "right": 1.7921513655653808e-18, "left_area": 0.0018229166666666667, "right_area": 0.0, "escape": 0.0, "signal": "NONE", "reason": "hazard_stop", "user_forward": 1.0, "forward": 0.0, "turn": 0.0, "intervened": true}
REFLEXGUARD_DECISION={"t_ms": 26816, "left": 0.29402851603203184, "right": 5.90177782050583e-20, "left_area": 0.001171875, "right_area": 0.0, "escape": 0.0, "signal": "NONE", "reason": "hazard_stop", "user_forward": 1.0, "forward": 0.0, "turn": 0.0, "intervened": true}
REFLEXGUARD_DECISION={"t_ms": 27328, "left": 0.12898812149472133, "right": 1.9435289960357905e-21, "left_area": 0.0, "right_area": 0.0, "escape": 0.0, "signal": "NONE", "reason": "hazard_stop", "user_forward": 1.0, "forward": 0.0, "turn": 0.0, "intervened": true}
REFLEXGUARD_DECISION={"t_ms": 27840, "left": 0.3206042231724694, "right": 6.40028322534877e-23, "left_area": 0.001171875, "right_area": 0.0, "escape": 0.0, "signal": "NONE", "reason": "hazard_stop", "user_forward": 1.0, "forward": 0.0, "turn": 0.0, "intervened": true}
REFLEXGUARD_DECISION={"t_ms": 28352, "left": 0.6055919180682957, "right": 2.107693039220624e-24, "left_area": 0.003125, "right_area": 0.0, "escape": 0.3932183354896857, "signal": "STOP", "reason": "hazard_stop", "user_forward": 1.0, "forward": 0.0, "turn": 0.0, "intervened": true}
REFLEXGUARD_DECISION={"t_ms": 28864, "left": 0.29997667461382005, "right": 6.940895880958447e-26, "left_area": 0.001171875, "right_area": 0.0, "escape": 0.0, "signal": "NONE", "reason": "hazard_stop", "user_forward": 1.0, "forward": 0.0, "turn": 0.0, "intervened": true}
REFLEXGUARD_DECISION={"t_ms": 29376, "left": 0.3854889525605393, "right": 2.2857235249076077e-27, "left_area": 0.001171875, "right_area": 0.0, "escape": 0.054598388554675845, "signal": "RIGHT", "reason": "hazard_stop", "user_forward": 1.0, "forward": 0.0, "turn": 0.0, "intervened": true}
REFLEXGUARD_DECISION={"t_ms": 29888, "left": 0.11861760248529513, "right": 0.2219148801449554, "left_area": 0.0, "right_area": 0.0, "escape": 0.0, "signal": "NONE", "reason": "hazard_stop", "user_forward": 1.0, "forward": 0.0, "turn": 0.0, "intervened": true}
REFLEXGUARD_DECISION={"t_ms": 30400, "left": 0.0039062254947892843, "right": 0.4303434309660603, "left_area": 0.0, "right_area": 0.00234375, "escape": 0.12360527840932359, "signal": "LEFT", "reason": "hazard_stop", "user_forward": 1.0, "forward": 0.0, "turn": 0.0, "intervened": true}
REFLEXGUARD_DECISION={"t_ms": 30912, "left": 0.00012863687426183966, "right": 0.3370380790473373, "left_area": 0.0, "right_area": 0.001171875, "escape": 0.0, "signal": "NONE", "reason": "hazard_stop", "user_forward": 1.0, "forward": 0.0, "turn": 0.0, "intervened": true}
REFLEXGUARD_DECISION={"t_ms": 31424, "left": 4.236172602408601e-06, "right": 0.19831883815670365, "left_area": 0.0, "right_area": 0.0, "escape": 0.0, "signal": "NONE", "reason": "hazard_stop", "user_forward": 1.0, "forward": 0.0, "turn": 0.0, "intervened": true}
REFLEXGUARD_DECISION={"t_ms": 31936, "left": 1.395024437617319e-07, "right": 0.5137252162028758, "left_area": 0.0, "right_area": 0.00234375, "escape": 0.25188494800442435, "signal": "STOP", "reason": "hazard_stop", "user_forward": 1.0, "forward": 0.0, "turn": 0.0, "intervened": true}
REFLEXGUARD_DECISION={"t_ms": 32448, "left": 4.593989348883019e-09, "right": 0.41158495254419264, "left_area": 0.0, "right_area": 0.001171875, "escape": 0.09474608083721947, "signal": "LEFT", "reason": "hazard_stop", "user_forward": 1.0, "forward": 0.0, "turn": 0.0, "intervened": true}
REFLEXGUARD_DECISION={"t_ms": 32960, "left": 1.512857952058331e-10, "right": 0.3237945406448461, "left_area": 0.0, "right_area": 0.00234375, "escape": 0.0, "signal": "NONE", "reason": "hazard_stop", "user_forward": 1.0, "forward": 0.0, "turn": 0.0, "intervened": true}
REFLEXGUARD_DECISION={"t_ms": 33472, "left": 4.982029798703408e-12, "right": 0.31348899775872585, "left_area": 0.0, "right_area": 0.00234375, "escape": 0.0, "signal": "NONE", "reason": "hazard_stop", "user_forward": 1.0, "forward": 0.0, "turn": 0.0, "intervened": true}
REFLEXGUARD_DECISION={"t_ms": 33984, "left": 1.6406445087193299e-13, "right": 0.237156455670713, "left_area": 0.0, "right_area": 0.001171875, "escape": 0.0, "signal": "NONE", "reason": "hazard_stop", "user_forward": 1.0, "forward": 0.0, "turn": 0.0, "intervened": true}
REFLEXGUARD_DECISION={"t_ms": 34496, "left": 5.402846857101137e-15, "right": 0.340410005820283, "left_area": 0.0, "right_area": 0.001171875, "escape": 0.0, "signal": "NONE", "reason": "hazard_stop", "user_forward": 1.0, "forward": 0.0, "turn": 0.0, "intervened": true}
REFLEXGUARD_DECISION={"t_ms": 35008, "left": 1.77922481111241e-16, "right": 0.42133678166824046, "left_area": 0.0, "right_area": 0.00234375, "escape": 0.10974889487421612, "signal": "LEFT", "reason": "hazard_stop", "user_forward": 1.0, "forward": 0.0, "turn": 0.0, "intervened": true}
REFLEXGUARD_RESULT={"world":"corridor_demo","drive":"forward","duration_s":35.008,"collision":false,"collision_events":0,"min_clearance_estimate_m":2.152848087474465,"displacement_m":15.116604758985085,"yaw_change_rad":0.08059467511855621,"camera_frames":1093,"camera_pixel_range":190,"camera_width":160,"camera_height":120,"remote_stop_steps":0,"remote_interventions":0,"control_failures":0,"brain_steps":1093,"interventions":634,"stop_steps":624,"brain_failures":0,"max_looming":0.7701789603431595,"final_forward":0.0}
INFO: wheelchair: Terminating.
INFO: pedestrian: Terminating.
INFO: scenario: Terminating.
INFO:     Started server process [146046]
INFO:     Waiting for application startup.
INFO:     Application startup complete.
INFO:     Uvicorn running on https://127.0.0.1:8443 (Press CTRL+C to quit)
INFO:     Shutting down
INFO:     Waiting for application shutdown.
INFO:     Application shutdown complete.
INFO:     Finished server process [146046]
