INFO: wheelchair: Starting controller: /tmp/reflexguard-settings/.venv/bin/python -u wheelchair.py
INFO: pedestrian: Starting controller: python3 -u pedestrian.py "--trajectory=8 2.5, 8 -2.5" --speed=0.4
INFO: scenario: Starting controller: /tmp/reflexguard-settings/.venv/bin/python -u scenario.py
REFLEXGUARD_CALIBRATION={"drive_speed":1.0,"dark_threshold":140,"area_floor":0.008,"area_tau_s":0.12,"looming_tau_s":0.15,"expansion_scale":1.0,"stop_on":0.25,"stop_off":0.12,"turn_on":0.35,"turn_off":0.1,"turn_gain":0.3,"max_turn":1.2,"deceleration":2.0,"release_ms":500}
REFLEXGUARD_DECISION={"t_ms": 32, "left": 0.0, "right": 0.0, "left_area": 0.0, "right_area": 0.0, "escape": 0.0, "signal": "NONE", "reason": "user", "user_forward": 1.0, "forward": 1.0, "turn": 0.0, "intervened": false}
REFLEXGUARD_DECISION={"t_ms": 544, "left": 0.0, "right": 0.0, "left_area": 0.0, "right_area": 0.0, "escape": 0.0, "signal": "NONE", "reason": "user", "user_forward": 1.0, "forward": 1.0, "turn": 0.0, "intervened": false}
REFLEXGUARD_DECISION={"t_ms": 1056, "left": 0.0, "right": 0.0, "left_area": 0.0, "right_area": 0.0, "escape": 0.0, "signal": "NONE", "reason": "user", "user_forward": 1.0, "forward": 1.0, "turn": 0.0, "intervened": false}
REFLEXGUARD_DECISION={"t_ms": 1568, "left": 0.0, "right": 0.0, "left_area": 0.0, "right_area": 0.0, "escape": 0.0, "signal": "NONE", "reason": "user", "user_forward": 1.0, "forward": 1.0, "turn": 0.0, "intervened": false}
REFLEXGUARD_DECISION={"t_ms": 2080, "left": 0.0, "right": 0.0, "left_area": 0.0, "right_area": 0.0, "escape": 0.0, "signal": "NONE", "reason": "user", "user_forward": 1.0, "forward": 1.0, "turn": 0.0, "intervened": false}
REFLEXGUARD_DECISION={"t_ms": 2592, "left": 0.0, "right": 0.0, "left_area": 0.0, "right_area": 0.0, "escape": 0.0, "signal": "NONE", "reason": "user", "user_forward": 1.0, "forward": 1.0, "turn": 0.0, "intervened": false}
REFLEXGUARD_DECISION={"t_ms": 3104, "left": 0.0, "right": 0.0, "left_area": 0.0, "right_area": 0.0, "escape": 0.0, "signal": "NONE", "reason": "user", "user_forward": 1.0, "forward": 1.0, "turn": 0.0, "intervened": false}
REFLEXGUARD_DECISION={"t_ms": 3616, "left": 0.0, "right": 0.0, "left_area": 0.0, "right_area": 0.0, "escape": 0.0, "signal": "NONE", "reason": "user", "user_forward": 1.0, "forward": 1.0, "turn": 0.0, "intervened": false}
REFLEXGUARD_DECISION={"t_ms": 4128, "left": 0.0, "right": 0.0, "left_area": 0.0, "right_area": 0.0, "escape": 0.0, "signal": "NONE", "reason": "user", "user_forward": 1.0, "forward": 1.0, "turn": 0.0, "intervened": false}
REFLEXGUARD_DECISION={"t_ms": 4640, "left": 0.0, "right": 0.0, "left_area": 0.0, "right_area": 0.0, "escape": 0.0, "signal": "NONE", "reason": "user", "user_forward": 1.0, "forward": 1.0, "turn": 0.0, "intervened": false}
REFLEXGUARD_DECISION={"t_ms": 5152, "left": 0.0, "right": 0.0, "left_area": 0.0, "right_area": 0.0, "escape": 0.0, "signal": "NONE", "reason": "user", "user_forward": 1.0, "forward": 1.0, "turn": 0.0, "intervened": false}
REFLEXGUARD_DECISION={"t_ms": 5664, "left": 0.0, "right": 0.0, "left_area": 0.0, "right_area": 0.0, "escape": 0.0, "signal": "NONE", "reason": "user", "user_forward": 1.0, "forward": 1.0, "turn": 0.0, "intervened": false}
REFLEXGUARD_DECISION={"t_ms": 6176, "left": 0.0, "right": 0.0, "left_area": 0.0, "right_area": 0.0, "escape": 0.0, "signal": "NONE", "reason": "user", "user_forward": 1.0, "forward": 1.0, "turn": 0.0, "intervened": false}
REFLEXGUARD_DECISION={"t_ms": 6688, "left": 0.0, "right": 0.0, "left_area": 0.0, "right_area": 0.0, "escape": 0.0, "signal": "NONE", "reason": "user", "user_forward": 1.0, "forward": 1.0, "turn": 0.0, "intervened": false}
REFLEXGUARD_DECISION={"t_ms": 7200, "left": 0.0, "right": 0.0, "left_area": 0.0, "right_area": 0.0, "escape": 0.0, "signal": "NONE", "reason": "user", "user_forward": 1.0, "forward": 1.0, "turn": 0.0, "intervened": false}
REFLEXGUARD_DECISION={"t_ms": 7712, "left": 0.0, "right": 0.0, "left_area": 0.0, "right_area": 0.0, "escape": 0.0, "signal": "NONE", "reason": "user", "user_forward": 1.0, "forward": 1.0, "turn": 0.0, "intervened": false}
REFLEXGUARD_DECISION={"t_ms": 8224, "left": 0.0, "right": 0.0, "left_area": 0.0, "right_area": 0.0, "escape": 0.0, "signal": "NONE", "reason": "user", "user_forward": 1.0, "forward": 1.0, "turn": 0.0, "intervened": false}
REFLEXGUARD_DECISION={"t_ms": 8736, "left": 0.0, "right": 0.0, "left_area": 0.0, "right_area": 0.0, "escape": 0.0, "signal": "NONE", "reason": "user", "user_forward": 1.0, "forward": 1.0, "turn": 0.0, "intervened": false}
REFLEXGUARD_DECISION={"t_ms": 9248, "left": 0.0, "right": 0.0, "left_area": 0.0, "right_area": 0.0, "escape": 0.0, "signal": "NONE", "reason": "user", "user_forward": 1.0, "forward": 1.0, "turn": 0.0, "intervened": false}
REFLEXGUARD_DECISION={"t_ms": 9760, "left": 0.0, "right": 0.0, "left_area": 0.0, "right_area": 0.0, "escape": 0.0, "signal": "NONE", "reason": "user", "user_forward": 1.0, "forward": 1.0, "turn": 0.0, "intervened": false}
REFLEXGUARD_DECISION={"t_ms": 10272, "left": 0.0, "right": 0.0, "left_area": 0.0, "right_area": 0.0, "escape": 0.0, "signal": "NONE", "reason": "user", "user_forward": 1.0, "forward": 1.0, "turn": 0.0, "intervened": false}
REFLEXGUARD_DECISION={"t_ms": 10784, "left": 0.0, "right": 0.0, "left_area": 0.0, "right_area": 0.0, "escape": 0.0, "signal": "NONE", "reason": "user", "user_forward": 1.0, "forward": 1.0, "turn": 0.0, "intervened": false}
REFLEXGUARD_DECISION={"t_ms": 11296, "left": 0.0, "right": 0.0, "left_area": 0.0, "right_area": 0.0, "escape": 0.0, "signal": "NONE", "reason": "user", "user_forward": 1.0, "forward": 1.0, "turn": 0.0, "intervened": false}
REFLEXGUARD_DECISION={"t_ms": 11808, "left": 0.0, "right": 0.0, "left_area": 0.0, "right_area": 0.0, "escape": 0.0, "signal": "NONE", "reason": "user", "user_forward": 1.0, "forward": 1.0, "turn": 0.0, "intervened": false}
REFLEXGUARD_DECISION={"t_ms": 12320, "left": 0.0, "right": 0.0, "left_area": 0.0, "right_area": 0.0, "escape": 0.0, "signal": "NONE", "reason": "user", "user_forward": 1.0, "forward": 1.0, "turn": 0.0, "intervened": false}
REFLEXGUARD_DECISION={"t_ms": 12832, "left": 0.0, "right": 0.0, "left_area": 0.0, "right_area": 0.0, "escape": 0.0, "signal": "NONE", "reason": "user", "user_forward": 1.0, "forward": 1.0, "turn": 0.0, "intervened": false}
REFLEXGUARD_DECISION={"t_ms": 13344, "left": 0.0, "right": 0.0818388005347183, "left_area": 0.0, "right_area": 0.0, "escape": 0.0, "signal": "NONE", "reason": "user", "user_forward": 1.0, "forward": 1.0, "turn": 0.0, "intervened": false}
REFLEXGUARD_DECISION={"t_ms": 13856, "left": 0.0, "right": 0.002695053705467719, "left_area": 0.0, "right_area": 0.0, "escape": 0.0, "signal": "NONE", "reason": "user", "user_forward": 1.0, "forward": 1.0, "turn": 0.0, "intervened": false}
REFLEXGUARD_DECISION={"t_ms": 14368, "left": 0.0, "right": 0.3082972609465599, "left_area": 0.0, "right_area": 0.0, "escape": 0.0, "signal": "NONE", "reason": "user", "user_forward": 1.0, "forward": 1.0, "turn": 0.0, "intervened": false}
REFLEXGUARD_DECISION={"t_ms": 14816, "left": 0.0, "right": 0.4352956709467587, "left_area": 0.0, "right_area": 0.0015625, "escape": 0.3125, "signal": "STOP", "reason": "hazard_stop", "user_forward": 1.0, "forward": 0.9359999999999999, "turn": 0.0, "intervened": true}
REFLEXGUARD_DECISION={"t_ms": 15328, "left": 0.0, "right": 0.2603899424449867, "left_area": 0.0, "right_area": 0.001171875, "escape": 0.0, "signal": "NONE", "reason": "hazard_stop", "user_forward": 1.0, "forward": 0.0, "turn": 0.0, "intervened": true}
REFLEXGUARD_DECISION={"t_ms": 15840, "left": 0.0, "right": 0.13491834876566458, "left_area": 0.0, "right_area": 0.0, "escape": 0.0, "signal": "NONE", "reason": "hazard_stop", "user_forward": 1.0, "forward": 0.0, "turn": 0.0, "intervened": true}
REFLEXGUARD_DECISION={"t_ms": 16352, "left": 0.0, "right": 0.22135482550104957, "left_area": 0.0, "right_area": 0.0, "escape": 0.0, "signal": "NONE", "reason": "hazard_stop", "user_forward": 1.0, "forward": 0.0, "turn": 0.0, "intervened": true}
REFLEXGUARD_DECISION={"t_ms": 16864, "left": 0.0, "right": 0.4229490965159258, "left_area": 0.0, "right_area": 0.001171875, "escape": 0.15625, "signal": "STOP", "reason": "hazard_stop", "user_forward": 1.0, "forward": 0.0, "turn": 0.0, "intervened": true}
REFLEXGUARD_DECISION={"t_ms": 17376, "left": 0.0, "right": 0.4707905580054094, "left_area": 0.0, "right_area": 0.0015625, "escape": 0.3125, "signal": "STOP", "reason": "hazard_stop", "user_forward": 1.0, "forward": 0.0, "turn": 0.0, "intervened": true}
REFLEXGUARD_DECISION={"t_ms": 17888, "left": 0.0, "right": 0.05727919833258169, "left_area": 0.0, "right_area": 0.0, "escape": 0.0, "signal": "NONE", "reason": "hazard_stop", "user_forward": 1.0, "forward": 0.0, "turn": 0.0, "intervened": true}
REFLEXGUARD_DECISION={"t_ms": 18400, "left": 0.0, "right": 0.22216461178042485, "left_area": 0.0, "right_area": 0.001171875, "escape": 0.0, "signal": "NONE", "reason": "hazard_stop", "user_forward": 1.0, "forward": 0.0, "turn": 0.0, "intervened": true}
REFLEXGUARD_DECISION={"t_ms": 18912, "left": 0.14720031460059593, "right": 0.09341640162232384, "left_area": 0.00078125, "right_area": 0.000390625, "escape": 0.0, "signal": "NONE", "reason": "hazard_stop", "user_forward": 1.0, "forward": 0.0, "turn": 0.0, "intervened": true}
REFLEXGUARD_DECISION={"t_ms": 19424, "left": 0.2990509820262163, "right": 0.0030763185396015186, "left_area": 0.00234375, "right_area": 0.0, "escape": 0.0, "signal": "NONE", "reason": "hazard_stop", "user_forward": 1.0, "forward": 0.0, "turn": 0.0, "intervened": true}
REFLEXGUARD_DECISION={"t_ms": 19936, "left": 0.07805093902049569, "right": 0.00010130700383169604, "left_area": 0.0, "right_area": 0.0, "escape": 0.0, "signal": "NONE", "reason": "hazard_stop", "user_forward": 1.0, "forward": 0.0, "turn": 0.0, "intervened": true}
REFLEXGUARD_DECISION={"t_ms": 20448, "left": 0.10532040408397081, "right": 3.3361659052006636e-06, "left_area": 0.0, "right_area": 0.0, "escape": 0.0, "signal": "NONE", "reason": "hazard_stop", "user_forward": 1.0, "forward": 0.0, "turn": 0.0, "intervened": true}
REFLEXGUARD_DECISION={"t_ms": 20960, "left": 0.2175619778016154, "right": 1.0986410145456397e-07, "left_area": 0.0, "right_area": 0.0, "escape": 0.0, "signal": "NONE", "reason": "hazard_stop", "user_forward": 1.0, "forward": 0.0, "turn": 0.0, "intervened": true}
REFLEXGUARD_DECISION={"t_ms": 21472, "left": 0.1882052064835547, "right": 3.6179617954859256e-09, "left_area": 0.0, "right_area": 0.0, "escape": 0.0, "signal": "NONE", "reason": "hazard_stop", "user_forward": 1.0, "forward": 0.0, "turn": 0.0, "intervened": true}
REFLEXGUARD_DECISION={"t_ms": 21984, "left": 0.17020912798780063, "right": 1.1914399135198112e-10, "left_area": 0.001171875, "right_area": 0.0, "escape": 0.0, "signal": "NONE", "reason": "hazard_stop", "user_forward": 1.0, "forward": 0.0, "turn": 0.0, "intervened": true}
REFLEXGUARD_DECISION={"t_ms": 22496, "left": 0.3134758894868862, "right": 3.923560136260199e-12, "left_area": 0.0, "right_area": 0.0, "escape": 0.0, "signal": "NONE", "reason": "hazard_stop", "user_forward": 1.0, "forward": 0.0, "turn": 0.0, "intervened": true}
REFLEXGUARD_DECISION={"t_ms": 23008, "left": 0.034850681484915734, "right": 1.2920772561136943e-13, "left_area": 0.0, "right_area": 0.0, "escape": 0.0, "signal": "NONE", "reason": "hazard_stop", "user_forward": 1.0, "forward": 0.0, "turn": 0.0, "intervened": true}
REFLEXGUARD_DECISION={"t_ms": 23520, "left": 0.28648856398128236, "right": 4.254971448857588e-15, "left_area": 0.0, "right_area": 0.0, "escape": 0.0, "signal": "NONE", "reason": "hazard_stop", "user_forward": 1.0, "forward": 0.0, "turn": 0.0, "intervened": true}
REFLEXGUARD_DECISION={"t_ms": 24032, "left": 0.440639109102417, "right": 1.4012151320617425e-16, "left_area": 0.001171875, "right_area": 0.0, "escape": 0.15625, "signal": "STOP", "reason": "hazard_stop", "user_forward": 1.0, "forward": 0.0, "turn": 0.0, "intervened": true}
REFLEXGUARD_DECISION={"t_ms": 24544, "left": 0.06554991070926305, "right": 4.614376077296496e-18, "left_area": 0.001171875, "right_area": 0.0, "escape": 0.0, "signal": "NONE", "reason": "hazard_stop", "user_forward": 1.0, "forward": 0.0, "turn": 0.0, "intervened": true}
REFLEXGUARD_DECISION={"t_ms": 25056, "left": 0.28535038402733726, "right": 1.519571555825018e-19, "left_area": 0.001171875, "right_area": 0.0, "escape": 0.0, "signal": "NONE", "reason": "hazard_stop", "user_forward": 1.0, "forward": 0.0, "turn": 0.0, "intervened": true}
REFLEXGUARD_DECISION={"t_ms": 25568, "left": 0.3115948196688232, "right": 5.004138532690505e-21, "left_area": 0.002734375, "right_area": 0.0, "escape": 0.0, "signal": "NONE", "reason": "hazard_stop", "user_forward": 1.0, "forward": 0.0, "turn": 0.0, "intervened": true}
REFLEXGUARD_DECISION={"t_ms": 26080, "left": 0.33169213456024177, "right": 1.647925190384483e-22, "left_area": 0.002734375, "right_area": 0.0, "escape": 0.0, "signal": "NONE", "reason": "hazard_stop", "user_forward": 1.0, "forward": 0.0, "turn": 0.0, "intervened": true}
REFLEXGUARD_DECISION={"t_ms": 26592, "left": 0.12502947205650158, "right": 5.426823049288456e-24, "left_area": 0.0015625, "right_area": 0.0, "escape": 0.0, "signal": "NONE", "reason": "hazard_stop", "user_forward": 1.0, "forward": 0.0, "turn": 0.0, "intervened": true}
REFLEXGUARD_DECISION={"t_ms": 27104, "left": 0.06628873639266568, "right": 1.7871204700388914e-25, "left_area": 0.001171875, "right_area": 0.0, "escape": 0.0, "signal": "NONE", "reason": "hazard_stop", "user_forward": 1.0, "forward": 0.0, "turn": 0.0, "intervened": true}
REFLEXGUARD_DECISION={"t_ms": 27616, "left": 0.13762142829226123, "right": 5.885210454486414e-27, "left_area": 0.0, "right_area": 0.0, "escape": 0.0, "signal": "NONE", "reason": "hazard_stop", "user_forward": 1.0, "forward": 0.0, "turn": 0.0, "intervened": true}
REFLEXGUARD_DECISION={"t_ms": 28128, "left": 0.2935719429014767, "right": 1.9380731559099904e-28, "left_area": 0.0, "right_area": 0.0, "escape": 0.0, "signal": "NONE", "reason": "hazard_stop", "user_forward": 1.0, "forward": 0.0, "turn": 0.0, "intervened": true}
REFLEXGUARD_DECISION={"t_ms": 28640, "left": 0.29935745010294323, "right": 6.38231646379874e-30, "left_area": 0.0, "right_area": 0.0, "escape": 0.0, "signal": "NONE", "reason": "hazard_stop", "user_forward": 1.0, "forward": 0.0, "turn": 0.0, "intervened": true}
REFLEXGUARD_DECISION={"t_ms": 29152, "left": 0.18855872080851196, "right": 2.1017763607045306e-31, "left_area": 0.0, "right_area": 0.0, "escape": 0.0, "signal": "NONE", "reason": "hazard_stop", "user_forward": 1.0, "forward": 0.0, "turn": 0.0, "intervened": true}
REFLEXGUARD_DECISION={"t_ms": 29664, "left": 0.19002419596095066, "right": 6.921411521150297e-33, "left_area": 0.0, "right_area": 0.0, "escape": 0.0, "signal": "NONE", "reason": "hazard_stop", "user_forward": 1.0, "forward": 0.0, "turn": 0.0, "intervened": true}
REFLEXGUARD_DECISION={"t_ms": 30176, "left": 0.4241695552871527, "right": 2.279307082369774e-34, "left_area": 0.001171875, "right_area": 0.0, "escape": 0.15625, "signal": "STOP", "reason": "hazard_stop", "user_forward": 1.0, "forward": 0.0, "turn": 0.0, "intervened": true}
REFLEXGUARD_DECISION={"t_ms": 30688, "left": 0.2528114857119835, "right": 7.506042315018417e-36, "left_area": 0.0, "right_area": 0.0, "escape": 0.0, "signal": "NONE", "reason": "hazard_stop", "user_forward": 1.0, "forward": 0.0, "turn": 0.0, "intervened": true}
REFLEXGUARD_DECISION={"t_ms": 31200, "left": 0.2131063987799004, "right": 0.3028470981120175, "left_area": 0.000390625, "right_area": 0.00078125, "escape": 0.0, "signal": "NONE", "reason": "hazard_stop", "user_forward": 1.0, "forward": 0.0, "turn": 0.0, "intervened": true}
REFLEXGUARD_DECISION={"t_ms": 31712, "left": 0.009766102661961307, "right": 0.31848954354605086, "left_area": 0.0, "right_area": 0.001171875, "escape": 0.0, "signal": "NONE", "reason": "hazard_stop", "user_forward": 1.0, "forward": 0.0, "turn": 0.0, "intervened": true}
REFLEXGUARD_DECISION={"t_ms": 32224, "left": 0.00032160993312617316, "right": 0.4047721768186576, "left_area": 0.0, "right_area": 0.002734375, "escape": 0.0, "signal": "NONE", "reason": "hazard_stop", "user_forward": 1.0, "forward": 0.0, "turn": 0.0, "intervened": true}
REFLEXGUARD_DECISION={"t_ms": 32736, "left": 1.059101595238088e-05, "right": 0.3189524172551053, "left_area": 0.0, "right_area": 0.001171875, "escape": 0.0, "signal": "NONE", "reason": "hazard_stop", "user_forward": 1.0, "forward": 0.0, "turn": 0.0, "intervened": true}
REFLEXGUARD_DECISION={"t_ms": 33248, "left": 3.487753559513977e-07, "right": 0.4366616584391244, "left_area": 0.0, "right_area": 0.002734375, "escape": 0.15625, "signal": "NONE", "reason": "hazard_stop", "user_forward": 1.0, "forward": 0.0, "turn": 0.0, "intervened": true}
REFLEXGUARD_DECISION={"t_ms": 33760, "left": 1.1485607184991382e-08, "right": 0.19639534118718116, "left_area": 0.0, "right_area": 0.001171875, "escape": 0.0, "signal": "NONE", "reason": "hazard_stop", "user_forward": 1.0, "forward": 0.0, "turn": 0.0, "intervened": true}
REFLEXGUARD_DECISION={"t_ms": 34272, "left": 3.782353602595385e-10, "right": 0.25675988176168957, "left_area": 0.0, "right_area": 0.001171875, "escape": 0.0, "signal": "NONE", "reason": "hazard_stop", "user_forward": 1.0, "forward": 0.0, "turn": 0.0, "intervened": true}
REFLEXGUARD_DECISION={"t_ms": 34784, "left": 1.245576184580007e-11, "right": 0.2220070492365659, "left_area": 0.0, "right_area": 0.0, "escape": 0.0, "signal": "NONE", "reason": "hazard_stop", "user_forward": 1.0, "forward": 0.0, "turn": 0.0, "intervened": true}
REFLEXGUARD_RESULT={"world":"corridor_demo","drive":"forward","duration_s":35.008,"collision":false,"collision_events":0,"min_clearance_estimate_m":2.2199999999788895,"displacement_m":14.915808638007876,"yaw_change_rad":-1.4730958333952633e-12,"camera_frames":1093,"camera_pixel_range":190,"camera_width":160,"camera_height":120,"remote_stop_steps":0,"remote_interventions":0,"control_failures":0,"brain_steps":1093,"interventions":631,"stop_steps":631,"brain_failures":0,"max_looming":0.6523389930225945,"final_forward":0.0}
INFO: wheelchair: Terminating.
INFO: pedestrian: Terminating.
INFO: scenario: Terminating.
