[main]	INFO	profile include tests: None
[main]	INFO	profile exclude tests: None
[main]	INFO	cli include tests: None
[main]	INFO	cli exclude tests: None
[main]	INFO	running on Python 3.10.12
[manager]	WARNING	Test in comment: fixed is not a test name or id, ignoring
[manager]	WARNING	Test in comment: local is not a test name or id, ignoring
[manager]	WARNING	Test in comment: integration is not a test name or id, ignoring
[manager]	WARNING	Test in comment: commands is not a test name or id, ignoring
[manager]	WARNING	Test in comment: no is not a test name or id, ignoring
[manager]	WARNING	Test in comment: shell is not a test name or id, ignoring
[manager]	WARNING	Test in comment: or is not a test name or id, ignoring
[manager]	WARNING	Test in comment: request is not a test name or id, ignoring
[manager]	WARNING	Test in comment: input is not a test name or id, ignoring
[manager]	WARNING	Test in comment: fixed is not a test name or id, ignoring
[manager]	WARNING	Test in comment: certificate is not a test name or id, ignoring
[manager]	WARNING	Test in comment: script is not a test name or id, ignoring
[manager]	WARNING	Test in comment: temporary is not a test name or id, ignoring
[manager]	WARNING	Test in comment: directory is not a test name or id, ignoring
[manager]	WARNING	Test in comment: created is not a test name or id, ignoring
[manager]	WARNING	Test in comment: here is not a test name or id, ignoring
[manager]	WARNING	Test in comment: module is not a test name or id, ignoring
[manager]	WARNING	Test in comment: names is not a test name or id, ignoring
[manager]	WARNING	Test in comment: from is not a test name or id, ignoring
[manager]	WARNING	Test in comment: literal is not a test name or id, ignoring
[manager]	WARNING	Test in comment: tuple is not a test name or id, ignoring
[manager]	WARNING	Test in comment: current is not a test name or id, ignoring
[manager]	WARNING	Test in comment: venv is not a test name or id, ignoring
[manager]	WARNING	Test in comment: interpreter is not a test name or id, ignoring
[manager]	WARNING	Test in comment: fixed is not a test name or id, ignoring
[manager]	WARNING	Test in comment: repository is not a test name or id, ignoring
[manager]	WARNING	Test in comment: configuration is not a test name or id, ignoring
[manager]	WARNING	Test in comment: script is not a test name or id, ignoring
[manager]	WARNING	Test in comment: fixed is not a test name or id, ignoring
[manager]	WARNING	Test in comment: Webots is not a test name or id, ignoring
[manager]	WARNING	Test in comment: executable is not a test name or id, ignoring
[manager]	WARNING	Test in comment: flags is not a test name or id, ignoring
[manager]	WARNING	Test in comment: and is not a test name or id, ignoring
[manager]	WARNING	Test in comment: world is not a test name or id, ignoring
[tester]	WARNING	nosec encountered (B603), but no failed test on file scripts/check_control.py:37
[tester]	WARNING	nosec encountered (B603), but no failed test on file scripts/check_control.py:37
[tester]	WARNING	nosec encountered (B603), but no failed test on file scripts/check_control.py:74
[tester]	WARNING	nosec encountered (B603), but no failed test on file scripts/check_control.py:95
[tester]	WARNING	nosec encountered (B603), but no failed test on file scripts/check_control.py:98
Working... ━━━━━━━━━━━━━━━━━━━━━━━━━━━━━━━━━━━━━━━━ 100% 0:00:00
Run started:2026-09-25 00:16:05.067350+00:00

Test results:
	No issues identified.

Code scanned:
	Total lines of code: 2945
	Total lines skipped (#nosec): 0
	Total potential issues skipped due to specifically being disabled (e.g., #nosec BXXX): 5

Run metrics:
	Total issues (by severity):
		Undefined: 0
		Low: 0
		Medium: 0
		High: 0
	Total issues (by confidence):
		Undefined: 0
		Low: 0
		Medium: 0
		High: 0
Files skipped (0):
               
               
┌─────────────┐
│ Scan Status │
└─────────────┘
  Scanning 193 files tracked by git with 151 Code rules:
  Scanning 61 files with 151 python rules.
                
                
┌──────────────┐
│ Scan Summary │
└──────────────┘
✅ Scan completed successfully.
 • Findings: 0 (0 blocking)
 • Rules run: 151
 • Targets scanned: 61
 • Parsed lines: ~100.0%
 • Scan skipped: 
   ◦ Files matching .semgrepignore patterns: 18
 • Scan was limited to files tracked by git
 • For a detailed list of skipped files and lines, run semgrep with the --verbose flag
Ran 151 rules on 61 files: 0 findings.
(need more rules? `semgrep login` for additional free Semgrep Registry rules)

If Semgrep missed a finding, please send us feedback to let us know!
See https://semgrep.dev/docs/reporting-false-negatives/
No known vulnerabilities found
No known vulnerabilities found
============================= test session starts ==============================
platform linux -- Python 3.10.12, pytest-9.1.1, pluggy-1.6.0
rootdir: /home/rg/work/reflexguard
configfile: pyproject.toml
testpaths: tests
plugins: anyio-4.15.1
collected 280 items

tests/test_bootstrap.py ........                                         [  2%]
tests/test_brain_client.py ...................                           [  9%]
tests/test_brain_model.py .........................                      [ 18%]
tests/test_connectome_plan.py .........                                  [ 21%]
tests/test_control_device.py ........                                    [ 24%]
tests/test_control_server.py .....................................       [ 37%]
tests/test_gpu_environment.py .                                          [ 38%]
tests/test_gpu_inventory.py ..                                           [ 38%]
tests/test_mock_brain.py .................                               [ 45%]
tests/test_mtls_integration.py .........                                 [ 48%]
tests/test_pipeline.py .................................                 [ 60%]
tests/test_pipeline_tls.py .                                             [ 60%]
tests/test_repository_safety.py ............                             [ 64%]
tests/test_schemas.py .......................                            [ 72%]
tests/test_security_docs.py ...............................              [ 83%]
tests/test_security_evidence.py .........                                [ 87%]
tests/test_simulation.py ....................................            [100%]

=============================== warnings summary ===============================
.venv/lib/python3.10/site-packages/fastapi/testclient.py:1
  /home/rg/work/reflexguard/.venv/lib/python3.10/site-packages/fastapi/testclient.py:1: StarletteDeprecationWarning: Using `httpx` with `starlette.testclient` is deprecated; install `httpx2` instead.
    from starlette.testclient import TestClient as TestClient  # noqa

-- Docs: https://docs.pytest.org/en/stable/how-to/capture-warnings.html
======================= 280 passed, 1 warning in 24.58s ========================
