INFO: wheelchair: Starting controller: /home/rg/work/reflexguard/.venv/bin/python -u wheelchair.py
INFO: pedestrian: Starting controller: python3 -u pedestrian.py "--trajectory=4 0, -4.8 0" --speed=0.5
INFO: scenario: Starting controller: /home/rg/work/reflexguard/.venv/bin/python -u scenario.py
REFLEXGUARD_CALIBRATION={"drive_speed":2.0,"dark_threshold":140,"area_floor":0.008,"area_tau_s":0.12,"looming_tau_s":0.15,"expansion_scale":1.0,"stop_on":0.25,"stop_off":0.12,"turn_on":0.35,"turn_off":0.1,"turn_gain":0.3,"max_turn":1.2,"deceleration":2.0,"release_ms":500}
REFLEXGUARD_DECISION={"t_ms": 32, "left": 0.0, "right": 0.0, "left_area": 0.0010416666666666667, "right_area": 0.0010416666666666667, "escape": 0.0, "signal": "NONE", "reason": "user", "user_forward": 0.6, "forward": 0.6, "turn": 0.0, "intervened": false}
REFLEXGUARD_DECISION={"t_ms": 544, "left": 0.23666987491254052, "right": 0.24459786557194163, "left_area": 0.0020833333333333333, "right_area": 0.0020833333333333333, "escape": 0.0, "signal": "NONE", "reason": "user", "user_forward": 0.6, "forward": 0.6, "turn": 0.0, "intervened": false}
REFLEXGUARD_DECISION={"t_ms": 832, "left": 0.3440295900678521, "right": 0.3513863567097203, "left_area": 0.0032552083333333335, "right_area": 0.0032552083333333335, "escape": 0.002132856476492793, "signal": "NONE", "reason": "remote_stop", "user_forward": 0.6, "forward": 0.0, "turn": 0.0, "intervened": true}
REFLEXGUARD_DECISION={"t_ms": 1344, "left": 0.08523311569761806, "right": 0.031149607091845125, "left_area": 0.002734375, "right_area": 0.002734375, "escape": 0.0, "signal": "NONE", "reason": "remote_stop", "user_forward": 0.6, "forward": 0.0, "turn": 0.0, "intervened": true}
REFLEXGUARD_DECISION={"t_ms": 1856, "left": 0.07985641796716736, "right": 0.06746145099122539, "left_area": 0.0032552083333333335, "right_area": 0.0032552083333333335, "escape": 0.0, "signal": "NONE", "reason": "remote_stop", "user_forward": 0.6, "forward": 0.0, "turn": 0.0, "intervened": true}
REFLEXGUARD_DECISION={"t_ms": 2368, "left": 0.026725076352689822, "right": 0.020871030373697093, "left_area": 0.002994791666666667, "right_area": 0.002994791666666667, "escape": 0.0, "signal": "NONE", "reason": "remote_stop", "user_forward": 0.6, "forward": 0.0, "turn": 0.0, "intervened": true}
REFLEXGUARD_DECISION={"t_ms": 2880, "left": 0.09042945366914988, "right": 0.11093933983643572, "left_area": 0.003125, "right_area": 0.0032552083333333335, "escape": 0.0, "signal": "NONE", "reason": "remote_stop", "user_forward": 0.6, "forward": 0.0, "turn": 0.0, "intervened": true}
REFLEXGUARD_DECISION={"t_ms": 3392, "left": 0.1238658497518425, "right": 0.03350670701927341, "left_area": 0.0036458333333333334, "right_area": 0.003125, "escape": 0.0, "signal": "NONE", "reason": "remote_stop", "user_forward": 0.6, "forward": 0.0, "turn": 0.0, "intervened": true}
REFLEXGUARD_DECISION={"t_ms": 3904, "left": 0.10472630888893875, "right": 0.11987328740365401, "left_area": 0.003515625, "right_area": 0.003515625, "escape": 0.0, "signal": "NONE", "reason": "remote_stop", "user_forward": 0.6, "forward": 0.0, "turn": 0.0, "intervened": true}
REFLEXGUARD_DECISION={"t_ms": 4416, "left": 0.1015454188822483, "right": 0.09020632997838035, "left_area": 0.002734375, "right_area": 0.002734375, "escape": 0.0, "signal": "NONE", "reason": "remote_stop", "user_forward": 0.6, "forward": 0.0, "turn": 0.0, "intervened": true}
REFLEXGUARD_DECISION={"t_ms": 4928, "left": 0.6445392497749789, "right": 0.12601361051299506, "left_area": 0.0049479166666666664, "right_area": 0.003125, "escape": 0.4531373073461214, "signal": "STOP", "reason": "remote_stop", "user_forward": 0.6, "forward": 0.0, "turn": 0.0, "intervened": true}
REFLEXGUARD_DECISION={"t_ms": 5440, "left": 0.3060200180207157, "right": 0.30297257258661275, "left_area": 0.004036458333333334, "right_area": 0.004036458333333334, "escape": 0.0, "signal": "NONE", "reason": "remote_stop", "user_forward": 0.6, "forward": 0.0, "turn": 0.0, "intervened": true}
REFLEXGUARD_DECISION={"t_ms": 5952, "left": 0.1981568595356052, "right": 0.20009945141806815, "left_area": 0.0046875, "right_area": 0.0046875, "escape": 0.0, "signal": "NONE", "reason": "remote_stop", "user_forward": 0.6, "forward": 0.0, "turn": 0.0, "intervened": true}
REFLEXGUARD_RESULT={"min_pedestrian_travel_m":0.0,"world":"corridor_basic","drive":"forward","duration_s":6.016,"collision":false,"collision_events":0,"min_clearance_estimate_m":0.8199999999997417,"displacement_m":0.4647444827366045,"yaw_change_rad":-2.7653733822335957e-14,"camera_frames":187,"camera_pixel_range":190,"camera_width":160,"camera_height":120,"remote_stop_steps":162,"remote_interventions":136,"control_failures":0,"navigation_steps":0,"recoveries":0,"passed_obstacles":0,"brain_steps":187,"interventions":35,"stop_steps":35,"brain_failures":0,"max_looming":0.6445392497749789,"final_forward":0.0}
INFO: wheelchair: Terminating.
INFO: pedestrian: Terminating.
INFO: scenario: Terminating.

