INFO: wheelchair: Starting controller: /home/rg/work/reflexguard/.venv/bin/python -u wheelchair.py
INFO: pedestrian: Starting controller: python3 -u pedestrian.py "--trajectory=4 0, -4.8 0" --speed=0.5
INFO: scenario: Starting controller: /home/rg/work/reflexguard/.venv/bin/python -u scenario.py
REFLEXGUARD_CALIBRATION={"drive_speed":2.0,"dark_threshold":140,"area_floor":0.008,"area_tau_s":0.12,"looming_tau_s":0.15,"expansion_scale":1.0,"stop_on":0.25,"stop_off":0.12,"turn_on":0.35,"turn_off":0.1,"turn_gain":0.3,"max_turn":1.2,"deceleration":2.0,"release_ms":500}
REFLEXGUARD_DECISION={"t_ms": 32, "left": 0.0, "right": 0.0, "left_area": 0.0010416666666666667, "right_area": 0.0010416666666666667, "escape": 0.0, "signal": "NONE", "reason": "user", "user_forward": 0.6, "forward": 0.6, "turn": 0.0, "intervened": false}
REFLEXGUARD_DECISION={"t_ms": 544, "left": 0.23666987491254052, "right": 0.24459786557194163, "left_area": 0.0020833333333333333, "right_area": 0.0020833333333333333, "escape": 0.0, "signal": "NONE", "reason": "user", "user_forward": 0.6, "forward": 0.6, "turn": 0.0, "intervened": false}
REFLEXGUARD_DECISION={"t_ms": 576, "left": 0.250752824913637, "right": 0.25928877653568044, "left_area": 0.0024739583333333332, "right_area": 0.0024739583333333332, "escape": 0.0, "signal": "NONE", "reason": "remote_stop", "user_forward": 0.6, "forward": 0.0, "turn": 0.0, "intervened": true}
REFLEXGUARD_DECISION={"t_ms": 1088, "left": 0.16180811099376077, "right": 0.17267320526403124, "left_area": 0.0032552083333333335, "right_area": 0.0032552083333333335, "escape": 0.0, "signal": "NONE", "reason": "remote_stop", "user_forward": 0.6, "forward": 0.0, "turn": 0.0, "intervened": true}
REFLEXGUARD_DECISION={"t_ms": 1600, "left": 0.0317863588479636, "right": 0.02539203481542992, "left_area": 0.002994791666666667, "right_area": 0.002994791666666667, "escape": 0.0, "signal": "NONE", "reason": "remote_stop", "user_forward": 0.6, "forward": 0.0, "turn": 0.0, "intervened": true}
REFLEXGUARD_DECISION={"t_ms": 2112, "left": 0.07677623542757143, "right": 0.07000767536946553, "left_area": 0.003125, "right_area": 0.003125, "escape": 0.0, "signal": "NONE", "reason": "remote_stop", "user_forward": 0.6, "forward": 0.0, "turn": 0.0, "intervened": true}
REFLEXGUARD_DECISION={"t_ms": 2624, "left": 0.04496145388608504, "right": 0.045186604563042264, "left_area": 0.002864583333333333, "right_area": 0.002864583333333333, "escape": 0.0, "signal": "NONE", "reason": "remote_stop", "user_forward": 0.6, "forward": 0.0, "turn": 0.0, "intervened": true}
REFLEXGUARD_DECISION={"t_ms": 3136, "left": 0.18791437961723104, "right": 0.18652306627951976, "left_area": 0.0033854166666666668, "right_area": 0.0033854166666666668, "escape": 0.0, "signal": "NONE", "reason": "remote_stop", "user_forward": 0.6, "forward": 0.0, "turn": 0.0, "intervened": true}
REFLEXGUARD_DECISION={"t_ms": 3648, "left": 0.13192156096554608, "right": 0.124042108198131, "left_area": 0.0037760416666666667, "right_area": 0.0036458333333333334, "escape": 0.0, "signal": "NONE", "reason": "remote_stop", "user_forward": 0.6, "forward": 0.0, "turn": 0.0, "intervened": true}
REFLEXGUARD_DECISION={"t_ms": 4160, "left": 0.031084421889461332, "right": 0.09527987411446538, "left_area": 0.002864583333333333, "right_area": 0.002864583333333333, "escape": 0.0, "signal": "NONE", "reason": "remote_stop", "user_forward": 0.6, "forward": 0.0, "turn": 0.0, "intervened": true}
REFLEXGUARD_DECISION={"t_ms": 4672, "left": 0.19870984015015053, "right": 0.13333870998392106, "left_area": 0.0033854166666666668, "right_area": 0.002994791666666667, "escape": 0.0, "signal": "NONE", "reason": "remote_stop", "user_forward": 0.6, "forward": 0.0, "turn": 0.0, "intervened": true}
REFLEXGUARD_DECISION={"t_ms": 5184, "left": 0.25460316299162933, "right": 0.09078239453972443, "left_area": 0.003125, "right_area": 0.003125, "escape": 0.0, "signal": "NONE", "reason": "remote_stop", "user_forward": 0.6, "forward": 0.0, "turn": 0.0, "intervened": true}
REFLEXGUARD_DECISION={"t_ms": 5696, "left": 0.20580466197113706, "right": 0.2181696765898009, "left_area": 0.0033854166666666668, "right_area": 0.0033854166666666668, "escape": 0.0, "signal": "NONE", "reason": "remote_stop", "user_forward": 0.6, "forward": 0.0, "turn": 0.0, "intervened": true}
REFLEXGUARD_RESULT={"min_pedestrian_travel_m":0.0,"world":"corridor_basic","drive":"forward","duration_s":6.016,"collision":false,"collision_events":0,"min_clearance_estimate_m":0.8199999999997417,"displacement_m":0.31150229854842415,"yaw_change_rad":-7.381392945608148e-14,"camera_frames":187,"camera_pixel_range":190,"camera_width":160,"camera_height":120,"remote_stop_steps":170,"remote_interventions":170,"control_failures":0,"navigation_steps":0,"recoveries":0,"passed_obstacles":0,"brain_steps":187,"interventions":0,"stop_steps":0,"brain_failures":0,"max_looming":0.4238997158698768,"final_forward":0.0}
INFO: wheelchair: Terminating.
INFO: pedestrian: Terminating.
INFO: scenario: Terminating.

